2024-12-13 17:09:13,068 - INFO - Services module initialized.
2024-12-13 17:09:13,073 - INFO - LogManager initialized successfully.
2024-12-13 17:09:13,096 - DEBUG - Building SSL context
2024-12-13 17:09:13,139 - DEBUG - Switching to SSL
2024-12-13 17:09:13,143 - DEBUG - SSL has been enabled
2024-12-13 17:09:13,144 - DEBUG - Starting authorization phase
2024-12-13 17:09:13,144 - DEBUG - The provided initial strategy is caching_sha2_password
2024-12-13 17:09:13,145 - INFO - package: mysql.connector.plugins
2024-12-13 17:09:13,145 - INFO - plugin_name: caching_sha2_password
2024-12-13 17:09:13,146 - INFO - AUTHENTICATION_PLUGIN_CLASS: MySQLCachingSHA2PasswordAuthPlugin
2024-12-13 17:09:13,146 - DEBUG - Exchanging further packets
2024-12-13 17:09:13,146 - DEBUG - caching_sha2_password completed succesfully
2024-12-13 17:09:13,160 - INFO - Starting Flask app.
2024-12-13 17:09:13,167 - WARNING -  * Debugger is active!
2024-12-13 17:09:13,169 - INFO -  * Debugger PIN: 599-719-174
2024-12-13 17:09:14,206 - INFO - Request received: {'PrivateKey': 'fdbdc989a2df252b6757a4c7c961d79e6e6a895d5a59ce0ffdd321f1b76e0512', 'PhraseKey': None, 'Password': 'NEWTHING1111', 'WalletName': 'AAAAAAAAAAAAAAAAAAAAAAAAA'}
2024-12-13 17:09:14,247 - ERROR - Error in import_wallet: (mysql.connector.errors.IntegrityError) 1062 (23000): Duplicate entry 'imported_address_example' for key 'wallets.Wallet_Address'
[SQL: INSERT INTO `Wallets` (`WalletID`, `UserID`, `WalletName`, `WalletAddress`, `IsMultiSig`, `RequiredSignatures`, `CreatedAt`, `UpdatedAt`) VALUES (%(WalletID)s, %(UserID)s, %(WalletName)s, %(WalletAddress)s, %(IsMultiSig)s, %(RequiredSignatures)s, %(CreatedAt)s, %(UpdatedAt)s)]
[parameters: {'WalletID': 'b32a4768-b5a0-4cb4-9b34-24eb03fb73e6', 'UserID': '6e03cda5-f230-4605-bab6-7240552d1712', 'WalletName': 'AAAAAAAAAAAAAAAAAAAAAAAAA', 'WalletAddress': 'imported_address_example', 'IsMultiSig': 0, 'RequiredSignatures': '1', 'CreatedAt': datetime.datetime(2024, 12, 13, 14, 9, 14, 242339), 'UpdatedAt': datetime.datetime(2024, 12, 13, 14, 9, 14, 242339)}]
(Background on this error at: https://sqlalche.me/e/20/gkpj)
2024-12-13 17:09:14,248 - INFO - Database session closed.
2024-12-13 17:09:14,249 - INFO - 127.0.0.1 - - [13/Dec/2024 17:09:14] "[35m[1mPOST /import-wallet HTTP/1.1[0m" 500 -
2024-12-13 17:09:57,570 - INFO - Request received: {'PrivateKey': 'fdbdc989a2df252b6757a4c7c961d79e6e6a895d5a59ce0ffdd321f1b76e0512', 'PhraseKey': None, 'Password': 'NEWTHING1111', 'WalletName': '123456'}
2024-12-13 17:09:57,596 - ERROR - Error in import_wallet: (mysql.connector.errors.IntegrityError) 1062 (23000): Duplicate entry 'imported_address_example' for key 'wallets.Wallet_Address'
[SQL: INSERT INTO `Wallets` (`WalletID`, `UserID`, `WalletName`, `WalletAddress`, `IsMultiSig`, `RequiredSignatures`, `CreatedAt`, `UpdatedAt`) VALUES (%(WalletID)s, %(UserID)s, %(WalletName)s, %(WalletAddress)s, %(IsMultiSig)s, %(RequiredSignatures)s, %(CreatedAt)s, %(UpdatedAt)s)]
[parameters: {'WalletID': 'f5a21681-6fa2-4ac7-accc-b485b7a25474', 'UserID': '29118fff-eeea-473e-8624-be3769b200ce', 'WalletName': '123456', 'WalletAddress': 'imported_address_example', 'IsMultiSig': 0, 'RequiredSignatures': '1', 'CreatedAt': datetime.datetime(2024, 12, 13, 14, 9, 57, 591956), 'UpdatedAt': datetime.datetime(2024, 12, 13, 14, 9, 57, 592962)}]
(Background on this error at: https://sqlalche.me/e/20/gkpj)
2024-12-13 17:09:57,597 - INFO - Database session closed.
2024-12-13 17:09:57,598 - INFO - 127.0.0.1 - - [13/Dec/2024 17:09:57] "[35m[1mPOST /import-wallet HTTP/1.1[0m" 500 -
