2024-12-11 10:35:35,088 - DEBUG - Building SSL context
2024-12-11 10:35:35,139 - DEBUG - Switching to SSL
2024-12-11 10:35:35,143 - DEBUG - SSL has been enabled
2024-12-11 10:35:35,144 - DEBUG - Starting authorization phase
2024-12-11 10:35:35,144 - DEBUG - The provided initial strategy is caching_sha2_password
2024-12-11 10:35:35,145 - INFO - package: mysql.connector.plugins
2024-12-11 10:35:35,145 - INFO - plugin_name: caching_sha2_password
2024-12-11 10:35:35,145 - INFO - AUTHENTICATION_PLUGIN_CLASS: MySQLCachingSHA2PasswordAuthPlugin
2024-12-11 10:35:35,146 - DEBUG - Exchanging further packets
2024-12-11 10:35:35,146 - DEBUG - caching_sha2_password completed succesfully
2024-12-11 10:35:35,162 - INFO - Starting Flask app.
2024-12-11 10:35:35,169 - WARNING -  * Debugger is active!
2024-12-11 10:35:35,171 - INFO -  * Debugger PIN: 599-719-174
2024-12-11 10:35:39,104 - INFO - Attempting to identify blockchain for address: 0x9203471f56E035c4C642aab0d3467E883b2074D3
2024-12-11 10:35:39,106 - DEBUG - Starting new HTTPS connection (1): api.etherscan.io:443
2024-12-11 10:35:39,727 - DEBUG - https://api.etherscan.io:443 "GET /api?module=account&action=balance&address=0x9203471f56E035c4C642aab0d3467E883b2074D3&tag=latest&apikey=YOUR_ETHERSCAN_API_KEY HTTP/1.1" 200 184
2024-12-11 10:35:39,728 - INFO - Response from Etherscan: {'status': '0', 'message': 'NOTOK'}
2024-12-11 10:35:39,730 - DEBUG - Starting new HTTPS connection (1): api.bscscan.com:443
2024-12-11 10:35:40,353 - DEBUG - https://api.bscscan.com:443 "GET /api?module=account&action=balance&address=0x9203471f56E035c4C642aab0d3467E883b2074D3&tag=latest&apikey=YOUR_BSCSCAN_API_KEY HTTP/1.1" 200 187
2024-12-11 10:35:40,354 - INFO - Response from BscScan: {'status': '0', 'message': 'NOTOK'}
2024-12-11 10:35:40,355 - INFO - Unknown Blockchain format
2024-12-11 10:35:40,355 - INFO - Attempting to identify blockchain for address: TPHFap8CjSGriZfNinmcqhqsJ53qYoh45o
2024-12-11 10:35:40,356 - DEBUG - Starting new HTTPS connection (1): api.tronscan.org:443
2024-12-11 10:35:40,912 - DEBUG - https://api.tronscan.org:443 "GET /api/account?address=TPHFap8CjSGriZfNinmcqhqsJ53qYoh45o HTTP/1.1" 301 162
2024-12-11 10:35:40,913 - DEBUG - Starting new HTTPS connection (1): apilist.tronscan.org:443
2024-12-11 10:35:41,409 - DEBUG - https://apilist.tronscan.org:443 "GET /api/account?address=TPHFap8CjSGriZfNinmcqhqsJ53qYoh45o HTTP/1.1" 200 None
2024-12-11 10:35:41,410 - INFO - Blockchain identified as Tron
2024-12-11 10:35:41,410 - ERROR - Error importing Ethereum wallet: 'TronscanService' object has no attribute '_get_ethereum_address_from_private_key'
2024-12-11 10:35:41,412 - INFO - 127.0.0.1 - - [11/Dec/2024 10:35:41] "[31m[1mPOST /import-wallet HTTP/1.1[0m" 400 -
