2024-12-20 09:07:53,262 - INFO - Services module initialized.
2024-12-20 09:07:53,265 - INFO - LogManager initialized successfully.
2024-12-20 09:07:53,308 - DEBUG - Building SSL context
2024-12-20 09:07:53,359 - DEBUG - Switching to SSL
2024-12-20 09:07:53,364 - DEBUG - SSL has been enabled
2024-12-20 09:07:53,365 - DEBUG - Starting authorization phase
2024-12-20 09:07:53,365 - DEBUG - The provided initial strategy is caching_sha2_password
2024-12-20 09:07:53,366 - INFO - package: mysql.connector.plugins
2024-12-20 09:07:53,366 - INFO - plugin_name: caching_sha2_password
2024-12-20 09:07:53,367 - INFO - AUTHENTICATION_PLUGIN_CLASS: MySQLCachingSHA2PasswordAuthPlugin
2024-12-20 09:07:53,367 - DEBUG - Exchanging further packets
2024-12-20 09:07:53,367 - DEBUG - caching_sha2_password completed succesfully
2024-12-20 09:07:53,376 - INFO - Starting Flask app.
2024-12-20 09:07:53,386 - WARNING -  * Debugger is active!
2024-12-20 09:07:53,388 - INFO -  * Debugger PIN: 599-719-174
2024-12-20 09:07:58,810 - INFO - Attempting to fetch all currencies from the database.
2024-12-20 09:07:58,828 - INFO - Fetched symbols from database: ['1INCH', 'AAVE', 'ACX', 'AEVO', 'ALT', 'AMP', 'ANKR', 'APE', 'ARKM', 'AXL', 'AXS', 'BAT', 'BEAM', 'BGB', 'BLUR', 'BNB', 'BONK', 'CAKE', 'CHEX', 'CHZ', 'COMP', 'CRV', 'CVX', 'DAI', 'DEXE', 'EIGEN', 'ENA', 'ENS', 'ETH', 'ETHDYDX', 'ETHFI', 'FDUSD', 'FLOKI', 'FLZ', 'FRAX', 'GALA', 'GLM', 'GMT', 'GNO', 'GRT', 'GT', 'HOT', 'ID', 'IMX', 'INJ', 'JASMY', 'KAVA', 'KCS', 'LDO', 'LEO', 'LINK', 'LPT', 'MANA', 'MEME', 'MKR', 'MNT', 'MOG', 'NEIRO', 'NEXO', 'NFT', 'OKB', 'OM', 'ONDO', 'PAXG', 'PENDLE', 'PEPE', 'POL', 'PRIME', 'PYUSD', 'QNT', 'RENDER', 'ROSE', 'RSR', 'SAFE', 'SAND', 'SHIB', 'SKL', 'SNX', 'SPX', 'STRK', 'SUPER', 'SUSHI', 'TEL', 'TRAC', 'TRX', 'TURBO', 'TUSD', 'UNI', 'USDC', 'USDD', 'USDe', 'USDT', 'VIRTUAL', 'W', 'WLD', 'WOO', 'XAUt', 'YFI', 'ZBU', 'ZETA', 'ZRO', 'ZRX']
2024-12-20 09:07:58,829 - INFO - Fetching latest prices from CurrencyPriceService.
2024-12-20 09:07:58,829 - INFO - Fetching latest prices for symbols: ['1INCH', 'AAVE', 'ACX', 'AEVO', 'ALT', 'AMP', 'ANKR', 'APE', 'ARKM', 'AXL', 'AXS', 'BAT', 'BEAM', 'BGB', 'BLUR', 'BNB', 'BONK', 'CAKE', 'CHEX', 'CHZ', 'COMP', 'CRV', 'CVX', 'DAI', 'DEXE', 'EIGEN', 'ENA', 'ENS', 'ETH', 'ETHDYDX', 'ETHFI', 'FDUSD', 'FLOKI', 'FLZ', 'FRAX', 'GALA', 'GLM', 'GMT', 'GNO', 'GRT', 'GT', 'HOT', 'ID', 'IMX', 'INJ', 'JASMY', 'KAVA', 'KCS', 'LDO', 'LEO', 'LINK', 'LPT', 'MANA', 'MEME', 'MKR', 'MNT', 'MOG', 'NEIRO', 'NEXO', 'NFT', 'OKB', 'OM', 'ONDO', 'PAXG', 'PENDLE', 'PEPE', 'POL', 'PRIME', 'PYUSD', 'QNT', 'RENDER', 'ROSE', 'RSR', 'SAFE', 'SAND', 'SHIB', 'SKL', 'SNX', 'SPX', 'STRK', 'SUPER', 'SUSHI', 'TEL', 'TRAC', 'TRX', 'TURBO', 'TUSD', 'UNI', 'USDC', 'USDD', 'USDe', 'USDT', 'VIRTUAL', 'W', 'WLD', 'WOO', 'XAUt', 'YFI', 'ZBU', 'ZETA', 'ZRO', 'ZRX'], convert: USD
2024-12-20 09:07:58,832 - DEBUG - Starting new HTTPS connection (1): pro-api.coinmarketcap.com:443
2024-12-20 09:07:59,108 - DEBUG - https://pro-api.coinmarketcap.com:443 "GET /v1/cryptocurrency/quotes/latest?symbol=1INCH%2CAAVE%2CACX%2CAEVO%2CALT%2CAMP%2CANKR%2CAPE%2CARKM%2CAXL%2CAXS%2CBAT%2CBEAM%2CBGB%2CBLUR%2CBNB%2CBONK%2CCAKE%2CCHEX%2CCHZ%2CCOMP%2CCRV%2CCVX%2CDAI%2CDEXE%2CEIGEN%2CENA%2CENS%2CETH%2CETHDYDX%2CETHFI%2CFDUSD%2CFLOKI%2CFLZ%2CFRAX%2CGALA%2CGLM%2CGMT%2CGNO%2CGRT%2CGT%2CHOT%2CID%2CIMX%2CINJ%2CJASMY%2CKAVA%2CKCS%2CLDO%2CLEO%2CLINK%2CLPT%2CMANA%2CMEME%2CMKR%2CMNT%2CMOG%2CNEIRO%2CNEXO%2CNFT%2COKB%2COM%2CONDO%2CPAXG%2CPENDLE%2CPEPE%2CPOL%2CPRIME%2CPYUSD%2CQNT%2CRENDER%2CROSE%2CRSR%2CSAFE%2CSAND%2CSHIB%2CSKL%2CSNX%2CSPX%2CSTRK%2CSUPER%2CSUSHI%2CTEL%2CTRAC%2CTRX%2CTURBO%2CTUSD%2CUNI%2CUSDC%2CUSDD%2CUSDe%2CUSDT%2CVIRTUAL%2CW%2CWLD%2CWOO%2CXAUt%2CYFI%2CZBU%2CZETA%2CZRO%2CZRX&convert=USD HTTP/1.1" 200 None
2024-12-20 09:07:59,114 - INFO - Prices fetched successfully: {'1INCH': 0.3846415500930026, 'AAVE': 308.3201497330902, 'ACX': 0.5715689641985119, 'AEVO': 0.3669276977551936, 'ALT': 0.12394247953524941, 'AMP': 0.008408496824027986, 'ANKR': 0.03532354456418572, 'APE': 1.1707561742892096, 'ARKM': 1.534722749010744, 'AXL': 0.7340824724642333, 'AXS': 6.0503398990717105, 'BAT': 0.22903493668581337, 'BEAM': 0.02492070911074738, 'BGB': 4.252168507872942, 'BLUR': 0.2703559828818394, 'BNB': 671.6819804388041, 'BONK': 2.9369646786363145e-05, 'CAKE': 2.3499517482970713, 'CHEX': 0.6445132885762083, 'CHZ': 0.08598009555966415, 'COMP': 82.01785294162613, 'CRV': 0.8244081698740505, 'CVX': 4.125544416400247, 'DAI': 0.9997204700193963, 'DEXE': 7.976575836400595, 'EIGEN': 4.09706068913633, 'ENA': 0.9483464666107218, 'ENS': 35.64183146696633, 'ETH': 3361.227135325923, 'ETHDYDX': 1.500726183399193, 'ETHFI': 2.062617076959103, 'FDUSD': 0.9967609123017834, 'FLOKI': 0.00017143239877205103, 'FLZ': 2.0932590885714206, 'FRAX': 0.9940979251834641, 'GALA': 0.035783243512948426, 'GLM': 0.35629086188502973, 'GMT': 0.14347137450264955, 'GNO': 248.01258806214216, 'GRT': 0.2098418033461282, 'GT': 12.695790189759201, 'HOT': 0.0023653628019874202, 'ID': 0.4063483710261726, 'IMX': 1.4028354851013969, 'INJ': 21.826779150828436, 'JASMY': 0.03403057100075098, 'KAVA': 0.42669476243621973, 'KCS': 11.101773334979452, 'LDO': 1.5808331947352514, 'LEO': 9.059971061054544, 'LINK': 22.705731480714658, 'LPT': 12.495475853794296, 'MANA': 0.4881016770467717, 'MEME': 0.010507719327863258, 'MKR': 1663.3626256450061, 'MNT': 1.1558588247939536, 'MOG': 2.3159965404319293e-06, 'NEIRO': 0.0009830659311224617, 'NEXO': 1.3501699299970835, 'NFT': 5.23269983376931e-07, 'OKB': 45.799961583772756, 'OM': 3.9530174937726654, 'ONDO': 1.693718241879552, 'PAXG': 2617.7567338207396, 'PENDLE': 4.765055570317292, 'PEPE': 1.6763567368066322e-05, 'POL': 0.47692229083964127, 'PRIME': 10.746637436749268, 'PYUSD': 1.000038053668712, 'QNT': 108.12109104590657, 'RENDER': 7.169595593268483, 'ROSE': 0.0832465673234252, 'RSR': 0.01080560872683283, 'SAFE': 1.0291192260314386, 'SAND': 0.5498653141011792, 'SHIB': 2.1851101010167293e-05, 'SKL': 0.04861436389123357, 'SNX': 2.1467442707744793, 'SPX': 0.6010263613712458, 'STRK': 0.4880537232213861, 'SUPER': 1.5221567757829804, 'SUSHI': 1.4990320808485538, 'TEL': 0.005623895921687739, 'TRAC': 0.8359826841488079, 'TRX': 0.24965703798520686, 'TURBO': 0.00825277910714115, 'TUSD': 1.0014912241587428, 'UNI': 12.799328421898355, 'USDC': 1.0000534295109371, 'USDD': 0.9973055540733478, 'USDe': 0.9974127292523098, 'USDT': 0.999187030355938, 'VIRTUAL': 2.135357038999797, 'W': 0.27182440855634904, 'WLD': 2.2645437480594133, 'WOO': 0.21199269153102085, 'XAUt': 2606.2030463167694, 'YFI': 8530.926759957876, 'ZBU': 4.499431015551218, 'ZETA': 0.5780386269606818, 'ZRO': 5.442656668940275, 'ZRX': 0.4614533686765777}
2024-12-20 09:07:59,116 - INFO - Prices fetched successfully.
2024-12-20 09:07:59,118 - INFO - 127.0.0.1 - - [20/Dec/2024 09:07:59] "GET /prices HTTP/1.1" 200 -
2024-12-20 09:09:59,699 - INFO -  * Detected change in 'c:\\Users\\kozmos teknoloji\\Desktop\\CC\\CU\\CurrencyUpdate.py', reloading
