2024-12-11 04:27:49,563 - INFO - Services module initialized.
2024-12-11 04:27:49,567 - INFO - LogManager initialized successfully.
2024-12-11 04:27:49,593 - DEBUG - Building SSL context
2024-12-11 04:27:49,637 - DEBUG - Switching to SSL
2024-12-11 04:27:49,640 - DEBUG - SSL has been enabled
2024-12-11 04:27:49,641 - DEBUG - Starting authorization phase
2024-12-11 04:27:49,641 - DEBUG - The provided initial strategy is caching_sha2_password
2024-12-11 04:27:49,642 - INFO - package: mysql.connector.plugins
2024-12-11 04:27:49,642 - INFO - plugin_name: caching_sha2_password
2024-12-11 04:27:49,645 - INFO - AUTHENTICATION_PLUGIN_CLASS: MySQLCachingSHA2PasswordAuthPlugin
2024-12-11 04:27:49,646 - DEBUG - Exchanging further packets
2024-12-11 04:27:49,647 - DEBUG - caching_sha2_password completed succesfully
2024-12-11 04:27:49,659 - INFO - Starting Flask app.
2024-12-11 04:27:49,668 - WARNING -  * Debugger is active!
2024-12-11 04:27:49,670 - INFO -  * Debugger PIN: 599-719-174
2024-12-11 04:27:52,577 - INFO - Request received: {'PrivateKey': '5aa7cb8abb7d33d72b08a3d6c8ddc2aa136c451a83bb8b3a2f185da155994385', 'PhraseKey': None, 'Password': 'NEWTHING1111', 'WalletName': 'sanaz'}
2024-12-11 04:27:52,577 - INFO - Checking if the user already exists.
2024-12-11 04:27:52,587 - ERROR - Error in import_wallet: Strings are not accepted for attribute names in loader options; please use class-bound attributes directly.
2024-12-11 04:27:52,588 - INFO - Database session closed.
2024-12-11 04:27:52,589 - INFO - 127.0.0.1 - - [11/Dec/2024 04:27:52] "[35m[1mPOST /import-wallet HTTP/1.1[0m" 500 -
