2024-12-29 16:20:32,911 - INFO - Services module initialized.
2024-12-29 16:20:32,915 - INFO - LogManager initialized successfully.
2024-12-29 16:20:32,956 - DEBUG - Building SSL context
2024-12-29 16:20:32,999 - DEBUG - Switching to SSL
2024-12-29 16:20:33,003 - DEBUG - SSL has been enabled
2024-12-29 16:20:33,003 - DEBUG - Starting authorization phase
2024-12-29 16:20:33,004 - DEBUG - The provided initial strategy is caching_sha2_password
2024-12-29 16:20:33,004 - INFO - package: mysql.connector.plugins
2024-12-29 16:20:33,004 - INFO - plugin_name: caching_sha2_password
2024-12-29 16:20:33,005 - INFO - AUTHENTICATION_PLUGIN_CLASS: MySQLCachingSHA2PasswordAuthPlugin
2024-12-29 16:20:33,006 - DEBUG - Exchanging further packets
2024-12-29 16:20:33,006 - DEBUG - caching_sha2_password completed succesfully
2024-12-29 16:20:33,021 - INFO - Starting Flask app with Keep-Alive enabled.
2024-12-29 16:20:33,030 - WARNING -  * Debugger is active!
2024-12-29 16:20:33,032 - INFO -  * Debugger PIN: 599-719-174
2024-12-29 16:20:35,284 - INFO - Attempting to identify blockchain for address: 0x16ded1fee9b00b3e836d0da338ebd1793f8985c2
2024-12-29 16:20:35,286 - DEBUG - Starting new HTTPS connection (1): api.etherscan.io:443
2024-12-29 16:20:35,900 - DEBUG - https://api.etherscan.io:443 "GET /api?module=account&action=balance&address=0x16ded1fee9b00b3e836d0da338ebd1793f8985c2&tag=latest&apikey=YOUR_ETHERSCAN_API_KEY HTTP/1.1" 200 184
2024-12-29 16:20:35,902 - INFO - Response from Etherscan: {'status': '0', 'message': 'NOTOK'}
2024-12-29 16:20:35,904 - DEBUG - Starting new HTTPS connection (1): api.bscscan.com:443
2024-12-29 16:20:36,534 - DEBUG - https://api.bscscan.com:443 "GET /api?module=account&action=balance&address=0x16ded1fee9b00b3e836d0da338ebd1793f8985c2&tag=latest&apikey=YOUR_BSCSCAN_API_KEY HTTP/1.1" 200 187
2024-12-29 16:20:36,534 - INFO - Response from BscScan: {'status': '0', 'message': 'NOTOK'}
2024-12-29 16:20:36,535 - INFO - Unknown Blockchain format
2024-12-29 16:20:36,536 - INFO - Attempting to identify blockchain for address: T264f6580256c4fd1de85f993091384daf
2024-12-29 16:20:36,538 - DEBUG - Starting new HTTPS connection (1): api.tronscan.org:443
2024-12-29 16:20:37,143 - DEBUG - https://api.tronscan.org:443 "GET /api/account?address=T264f6580256c4fd1de85f993091384daf HTTP/1.1" 301 162
2024-12-29 16:20:37,145 - DEBUG - Starting new HTTPS connection (1): apilist.tronscan.org:443
2024-12-29 16:20:37,582 - DEBUG - https://apilist.tronscan.org:443 "GET /api/account?address=T264f6580256c4fd1de85f993091384daf HTTP/1.1" 200 3
2024-12-29 16:20:37,583 - INFO - Unknown Blockchain format
2024-12-29 16:20:37,586 - INFO - Attempting to identify blockchain for address: 0xeb018209fc383b6fd0e59cf3ea547c41002f3a8d
2024-12-29 16:20:37,587 - DEBUG - Starting new HTTPS connection (1): api.etherscan.io:443
2024-12-29 16:20:38,181 - DEBUG - https://api.etherscan.io:443 "GET /api?module=account&action=balance&address=0xeb018209fc383b6fd0e59cf3ea547c41002f3a8d&tag=latest&apikey=YOUR_ETHERSCAN_API_KEY HTTP/1.1" 200 184
2024-12-29 16:20:38,182 - INFO - Response from Etherscan: {'status': '0', 'message': 'NOTOK'}
2024-12-29 16:20:38,183 - DEBUG - Starting new HTTPS connection (1): api.bscscan.com:443
2024-12-29 16:20:38,816 - DEBUG - https://api.bscscan.com:443 "GET /api?module=account&action=balance&address=0xeb018209fc383b6fd0e59cf3ea547c41002f3a8d&tag=latest&apikey=YOUR_BSCSCAN_API_KEY HTTP/1.1" 200 187
2024-12-29 16:20:38,817 - INFO - Response from BscScan: {'status': '0', 'message': 'NOTOK'}
2024-12-29 16:20:38,817 - INFO - Unknown Blockchain format
2024-12-29 16:20:38,819 - INFO - Attempting to identify blockchain for address: d83a0a4c-ad33-4ae4-8f5c-cac583055d26
2024-12-29 16:20:38,820 - INFO - Unknown Blockchain format
2024-12-29 16:20:38,820 - INFO - Attempting to identify blockchain for address: b537f807-c78f-4265-b26e-23c2ef3e0b79
2024-12-29 16:20:38,820 - INFO - Unknown Blockchain format
2024-12-29 16:20:38,820 - INFO - Attempting to identify blockchain for address: 2992b402-c22c-4725-8086-8875978cc5c5
2024-12-29 16:20:38,821 - INFO - Unknown Blockchain format
2024-12-29 16:20:38,822 - INFO - Attempting to identify blockchain for address: 2f9ce0ef-aa56-489f-b63a-0fbe9575a3c8
2024-12-29 16:20:38,823 - INFO - Unknown Blockchain format
2024-12-29 16:20:38,823 - INFO - Attempting to identify blockchain for address: e1342c06-48e9-4bd5-a2c2-87380e1852dc
2024-12-29 16:20:38,823 - INFO - Unknown Blockchain format
2024-12-29 16:20:38,825 - INFO - Attempting to identify blockchain for address: 658c76d0-41a8-421d-a7d3-1bb074a6a649
2024-12-29 16:20:38,825 - INFO - Unknown Blockchain format
2024-12-29 16:20:38,826 - INFO - Attempting to identify blockchain for address: 0x4bdd0dfa1d0e7df0675ca536720a7a44a91cad1d
2024-12-29 16:20:38,828 - DEBUG - Starting new HTTPS connection (1): api.etherscan.io:443
2024-12-29 16:20:39,418 - DEBUG - https://api.etherscan.io:443 "GET /api?module=account&action=balance&address=0x4bdd0dfa1d0e7df0675ca536720a7a44a91cad1d&tag=latest&apikey=YOUR_ETHERSCAN_API_KEY HTTP/1.1" 200 184
2024-12-29 16:20:39,419 - INFO - Response from Etherscan: {'status': '0', 'message': 'NOTOK'}
2024-12-29 16:20:39,420 - DEBUG - Starting new HTTPS connection (1): api.bscscan.com:443
2024-12-29 16:20:40,039 - DEBUG - https://api.bscscan.com:443 "GET /api?module=account&action=balance&address=0x4bdd0dfa1d0e7df0675ca536720a7a44a91cad1d&tag=latest&apikey=YOUR_BSCSCAN_API_KEY HTTP/1.1" 200 205
2024-12-29 16:20:40,040 - INFO - Response from BscScan: {'status': '0', 'message': 'NOTOK'}
2024-12-29 16:20:40,040 - INFO - Unknown Blockchain format
2024-12-29 16:20:40,040 - INFO - Attempting to identify blockchain for address: T31acd76c33ea4720ed50e6ac60cc062d1
2024-12-29 16:20:40,042 - DEBUG - Starting new HTTPS connection (1): api.tronscan.org:443
2024-12-29 16:20:40,621 - DEBUG - https://api.tronscan.org:443 "GET /api/account?address=T31acd76c33ea4720ed50e6ac60cc062d1 HTTP/1.1" 301 162
2024-12-29 16:20:40,623 - DEBUG - Starting new HTTPS connection (1): apilist.tronscan.org:443
2024-12-29 16:20:41,095 - DEBUG - https://apilist.tronscan.org:443 "GET /api/account?address=T31acd76c33ea4720ed50e6ac60cc062d1 HTTP/1.1" 200 3
2024-12-29 16:20:41,097 - INFO - Unknown Blockchain format
2024-12-29 16:20:41,098 - INFO - Attempting to identify blockchain for address: 0x2c68d39e4d5fe13d8b04617701d75cd9aca16f72
2024-12-29 16:20:41,099 - DEBUG - Starting new HTTPS connection (1): api.etherscan.io:443
2024-12-29 16:20:41,807 - DEBUG - https://api.etherscan.io:443 "GET /api?module=account&action=balance&address=0x2c68d39e4d5fe13d8b04617701d75cd9aca16f72&tag=latest&apikey=YOUR_ETHERSCAN_API_KEY HTTP/1.1" 200 205
2024-12-29 16:20:41,809 - INFO - Response from Etherscan: {'status': '0', 'message': 'NOTOK'}
2024-12-29 16:20:41,811 - DEBUG - Starting new HTTPS connection (1): api.bscscan.com:443
2024-12-29 16:20:42,468 - DEBUG - https://api.bscscan.com:443 "GET /api?module=account&action=balance&address=0x2c68d39e4d5fe13d8b04617701d75cd9aca16f72&tag=latest&apikey=YOUR_BSCSCAN_API_KEY HTTP/1.1" 200 205
2024-12-29 16:20:42,469 - INFO - Response from BscScan: {'status': '0', 'message': 'NOTOK'}
2024-12-29 16:20:42,470 - INFO - Unknown Blockchain format
2024-12-29 16:20:42,471 - INFO - 127.0.0.1 - - [29/Dec/2024 16:20:42] "GET /assets HTTP/1.1" 200 -
