2024-12-20 08:49:55,865 - INFO - Services module initialized.
2024-12-20 08:49:55,870 - INFO - LogManager initialized successfully.
2024-12-20 08:49:55,926 - DEBUG - Building SSL context
2024-12-20 08:49:55,970 - DEBUG - Switching to SSL
2024-12-20 08:49:55,992 - DEBUG - SSL has been enabled
2024-12-20 08:49:55,992 - DEBUG - Starting authorization phase
2024-12-20 08:49:55,992 - DEBUG - The provided initial strategy is caching_sha2_password
2024-12-20 08:49:55,993 - INFO - package: mysql.connector.plugins
2024-12-20 08:49:55,993 - INFO - plugin_name: caching_sha2_password
2024-12-20 08:49:55,993 - INFO - AUTHENTICATION_PLUGIN_CLASS: MySQLCachingSHA2PasswordAuthPlugin
2024-12-20 08:49:55,993 - DEBUG - Exchanging further packets
2024-12-20 08:49:55,993 - DEBUG - caching_sha2_password completed succesfully
2024-12-20 08:49:56,012 - INFO - Starting Flask app.
2024-12-20 08:49:56,041 - INFO - [31m[1mWARNING: This is a development server. Do not use it in a production deployment. Use a production WSGI server instead.[0m
 * Running on all addresses (0.0.0.0)
 * Running on http://127.0.0.1:5000
 * Running on http://192.168.1.38:5000
2024-12-20 08:49:56,041 - INFO - [33mPress CTRL+C to quit[0m
2024-12-20 08:49:56,043 - INFO -  * Restarting with stat
2024-12-20 09:04:53,289 - INFO -  * Restarting with stat
2024-12-20 09:06:18,159 - INFO -  * Restarting with stat
2024-12-20 09:07:51,828 - INFO -  * Restarting with stat
2024-12-20 09:09:59,873 - INFO -  * Restarting with stat
