2024-12-30 02:57:35,028 - INFO - Services module initialized.
2024-12-30 02:57:35,031 - INFO - LogManager initialized successfully.
2024-12-30 02:57:35,070 - DEBUG - Building SSL context
2024-12-30 02:57:35,115 - DEBUG - Switching to SSL
2024-12-30 02:57:35,118 - DEBUG - SSL has been enabled
2024-12-30 02:57:35,119 - DEBUG - Starting authorization phase
2024-12-30 02:57:35,119 - DEBUG - The provided initial strategy is caching_sha2_password
2024-12-30 02:57:35,119 - INFO - package: mysql.connector.plugins
2024-12-30 02:57:35,120 - INFO - plugin_name: caching_sha2_password
2024-12-30 02:57:35,120 - INFO - AUTHENTICATION_PLUGIN_CLASS: MySQLCachingSHA2PasswordAuthPlugin
2024-12-30 02:57:35,121 - DEBUG - Exchanging further packets
2024-12-30 02:57:35,121 - DEBUG - caching_sha2_password completed succesfully
2024-12-30 02:57:35,136 - INFO - Starting Flask app with Keep-Alive enabled.
2024-12-30 02:57:35,145 - WARNING -  * Debugger is active!
2024-12-30 02:57:35,147 - INFO -  * Debugger PIN: 599-719-174
2024-12-30 02:57:37,278 - INFO - Attempting to identify blockchain for address: 0x16ded1fee9b00b3e836d0da338ebd1793f8985c2
2024-12-30 02:57:37,280 - DEBUG - Starting new HTTPS connection (1): api.etherscan.io:443
2024-12-30 02:57:37,929 - DEBUG - https://api.etherscan.io:443 "GET /api?module=account&action=balance&address=0x16ded1fee9b00b3e836d0da338ebd1793f8985c2&tag=latest&apikey=YOUR_ETHERSCAN_API_KEY HTTP/1.1" 200 185
2024-12-30 02:57:37,931 - INFO - Response from Etherscan: {'status': '0', 'message': 'NOTOK'}
2024-12-30 02:57:37,932 - DEBUG - Starting new HTTPS connection (1): api.bscscan.com:443
2024-12-30 02:57:38,594 - DEBUG - https://api.bscscan.com:443 "GET /api?module=account&action=balance&address=0x16ded1fee9b00b3e836d0da338ebd1793f8985c2&tag=latest&apikey=YOUR_BSCSCAN_API_KEY HTTP/1.1" 200 187
2024-12-30 02:57:38,595 - INFO - Response from BscScan: {'status': '0', 'message': 'NOTOK'}
2024-12-30 02:57:38,595 - INFO - Unknown Blockchain format
2024-12-30 02:57:39,597 - INFO - Attempting to identify blockchain for address: T264f6580256c4fd1de85f993091384daf
2024-12-30 02:57:39,598 - DEBUG - Starting new HTTPS connection (1): api.tronscan.org:443
2024-12-30 02:57:40,209 - DEBUG - https://api.tronscan.org:443 "GET /api/account?address=T264f6580256c4fd1de85f993091384daf HTTP/1.1" 301 162
2024-12-30 02:57:40,210 - DEBUG - Starting new HTTPS connection (1): apilist.tronscan.org:443
2024-12-30 02:57:40,714 - DEBUG - https://apilist.tronscan.org:443 "GET /api/account?address=T264f6580256c4fd1de85f993091384daf HTTP/1.1" 200 3
2024-12-30 02:57:40,714 - INFO - Unknown Blockchain format
2024-12-30 02:57:41,717 - INFO - Attempting to identify blockchain for address: 0xeb018209fc383b6fd0e59cf3ea547c41002f3a8d
2024-12-30 02:57:41,719 - DEBUG - Starting new HTTPS connection (1): api.etherscan.io:443
2024-12-30 02:57:42,360 - DEBUG - https://api.etherscan.io:443 "GET /api?module=account&action=balance&address=0xeb018209fc383b6fd0e59cf3ea547c41002f3a8d&tag=latest&apikey=YOUR_ETHERSCAN_API_KEY HTTP/1.1" 200 185
2024-12-30 02:57:42,361 - INFO - Response from Etherscan: {'status': '0', 'message': 'NOTOK'}
2024-12-30 02:57:42,363 - DEBUG - Starting new HTTPS connection (1): api.bscscan.com:443
2024-12-30 02:57:43,029 - DEBUG - https://api.bscscan.com:443 "GET /api?module=account&action=balance&address=0xeb018209fc383b6fd0e59cf3ea547c41002f3a8d&tag=latest&apikey=YOUR_BSCSCAN_API_KEY HTTP/1.1" 200 187
2024-12-30 02:57:43,030 - INFO - Response from BscScan: {'status': '0', 'message': 'NOTOK'}
2024-12-30 02:57:43,030 - INFO - Unknown Blockchain format
2024-12-30 02:57:44,034 - INFO - Attempting to identify blockchain for address: d83a0a4c-ad33-4ae4-8f5c-cac583055d26
2024-12-30 02:57:44,035 - INFO - Unknown Blockchain format
2024-12-30 02:57:44,036 - INFO - Attempting to identify blockchain for address: b537f807-c78f-4265-b26e-23c2ef3e0b79
2024-12-30 02:57:44,036 - INFO - Unknown Blockchain format
2024-12-30 02:57:44,037 - INFO - Attempting to identify blockchain for address: 2992b402-c22c-4725-8086-8875978cc5c5
2024-12-30 02:57:44,037 - INFO - Unknown Blockchain format
2024-12-30 02:57:45,041 - INFO - Attempting to identify blockchain for address: 2f9ce0ef-aa56-489f-b63a-0fbe9575a3c8
2024-12-30 02:57:45,042 - INFO - Unknown Blockchain format
2024-12-30 02:57:45,042 - INFO - Attempting to identify blockchain for address: e1342c06-48e9-4bd5-a2c2-87380e1852dc
2024-12-30 02:57:45,043 - INFO - Unknown Blockchain format
2024-12-30 02:57:45,043 - INFO - Attempting to identify blockchain for address: 658c76d0-41a8-421d-a7d3-1bb074a6a649
2024-12-30 02:57:45,044 - INFO - Unknown Blockchain format
2024-12-30 02:57:46,047 - INFO - Attempting to identify blockchain for address: 0x4bdd0dfa1d0e7df0675ca536720a7a44a91cad1d
2024-12-30 02:57:46,049 - DEBUG - Starting new HTTPS connection (1): api.etherscan.io:443
2024-12-30 02:57:46,695 - DEBUG - https://api.etherscan.io:443 "GET /api?module=account&action=balance&address=0x4bdd0dfa1d0e7df0675ca536720a7a44a91cad1d&tag=latest&apikey=YOUR_ETHERSCAN_API_KEY HTTP/1.1" 200 185
2024-12-30 02:57:46,696 - INFO - Response from Etherscan: {'status': '0', 'message': 'NOTOK'}
2024-12-30 02:57:46,697 - DEBUG - Starting new HTTPS connection (1): api.bscscan.com:443
2024-12-30 02:57:47,325 - DEBUG - https://api.bscscan.com:443 "GET /api?module=account&action=balance&address=0x4bdd0dfa1d0e7df0675ca536720a7a44a91cad1d&tag=latest&apikey=YOUR_BSCSCAN_API_KEY HTTP/1.1" 200 205
2024-12-30 02:57:47,327 - INFO - Response from BscScan: {'status': '0', 'message': 'NOTOK'}
2024-12-30 02:57:47,327 - INFO - Unknown Blockchain format
2024-12-30 02:57:47,328 - INFO - Attempting to identify blockchain for address: T31acd76c33ea4720ed50e6ac60cc062d1
2024-12-30 02:57:47,329 - DEBUG - Starting new HTTPS connection (1): api.tronscan.org:443
2024-12-30 02:57:47,914 - DEBUG - https://api.tronscan.org:443 "GET /api/account?address=T31acd76c33ea4720ed50e6ac60cc062d1 HTTP/1.1" 301 162
2024-12-30 02:57:47,915 - DEBUG - Starting new HTTPS connection (1): apilist.tronscan.org:443
2024-12-30 02:57:48,350 - DEBUG - https://apilist.tronscan.org:443 "GET /api/account?address=T31acd76c33ea4720ed50e6ac60cc062d1 HTTP/1.1" 200 3
2024-12-30 02:57:48,351 - INFO - Unknown Blockchain format
2024-12-30 02:57:48,352 - INFO - Attempting to identify blockchain for address: 0x2c68d39e4d5fe13d8b04617701d75cd9aca16f72
2024-12-30 02:57:48,354 - DEBUG - Starting new HTTPS connection (1): api.etherscan.io:443
2024-12-30 02:57:48,968 - DEBUG - https://api.etherscan.io:443 "GET /api?module=account&action=balance&address=0x2c68d39e4d5fe13d8b04617701d75cd9aca16f72&tag=latest&apikey=YOUR_ETHERSCAN_API_KEY HTTP/1.1" 200 205
2024-12-30 02:57:48,969 - INFO - Response from Etherscan: {'status': '0', 'message': 'NOTOK'}
2024-12-30 02:57:48,970 - DEBUG - Starting new HTTPS connection (1): api.bscscan.com:443
2024-12-30 02:57:49,624 - DEBUG - https://api.bscscan.com:443 "GET /api?module=account&action=balance&address=0x2c68d39e4d5fe13d8b04617701d75cd9aca16f72&tag=latest&apikey=YOUR_BSCSCAN_API_KEY HTTP/1.1" 200 205
2024-12-30 02:57:49,625 - INFO - Response from BscScan: {'status': '0', 'message': 'NOTOK'}
2024-12-30 02:57:49,626 - INFO - Unknown Blockchain format
2024-12-30 02:57:50,628 - INFO - 127.0.0.1 - - [30/Dec/2024 02:57:50] "GET /assets HTTP/1.1" 200 -
