2024-12-11 10:34:23,504 - DEBUG - Building SSL context
2024-12-11 10:34:23,556 - DEBUG - Switching to SSL
2024-12-11 10:34:23,559 - DEBUG - SSL has been enabled
2024-12-11 10:34:23,559 - DEBUG - Starting authorization phase
2024-12-11 10:34:23,560 - DEBUG - The provided initial strategy is caching_sha2_password
2024-12-11 10:34:23,560 - INFO - package: mysql.connector.plugins
2024-12-11 10:34:23,560 - INFO - plugin_name: caching_sha2_password
2024-12-11 10:34:23,560 - INFO - AUTHENTICATION_PLUGIN_CLASS: MySQLCachingSHA2PasswordAuthPlugin
2024-12-11 10:34:23,561 - DEBUG - Exchanging further packets
2024-12-11 10:34:23,564 - DEBUG - caching_sha2_password completed succesfully
2024-12-11 10:34:23,578 - INFO - Starting Flask app.
2024-12-11 10:34:23,587 - WARNING -  * Debugger is active!
2024-12-11 10:34:23,589 - INFO -  * Debugger PIN: 599-719-174
2024-12-11 10:34:26,101 - INFO - Attempting to identify blockchain for address: 0x9203471f56E035c4C642aab0d3467E883b2074D3
2024-12-11 10:34:26,103 - DEBUG - Starting new HTTPS connection (1): api.etherscan.io:443
2024-12-11 10:34:26,722 - DEBUG - https://api.etherscan.io:443 "GET /api?module=account&action=balance&address=0x9203471f56E035c4C642aab0d3467E883b2074D3&tag=latest&apikey=YOUR_ETHERSCAN_API_KEY HTTP/1.1" 200 184
2024-12-11 10:34:26,723 - INFO - Response from Etherscan: {'status': '0', 'message': 'NOTOK'}
2024-12-11 10:34:26,724 - DEBUG - Starting new HTTPS connection (1): api.bscscan.com:443
2024-12-11 10:34:27,354 - DEBUG - https://api.bscscan.com:443 "GET /api?module=account&action=balance&address=0x9203471f56E035c4C642aab0d3467E883b2074D3&tag=latest&apikey=YOUR_BSCSCAN_API_KEY HTTP/1.1" 200 187
2024-12-11 10:34:27,355 - INFO - Response from BscScan: {'status': '0', 'message': 'NOTOK'}
2024-12-11 10:34:27,355 - INFO - Unknown Blockchain format
2024-12-11 10:34:27,356 - INFO - Attempting to identify blockchain for address: TPHFap8CjSGriZfNinmcqhqsJ53qYoh45o
2024-12-11 10:34:27,357 - DEBUG - Starting new HTTPS connection (1): api.tronscan.org:443
2024-12-11 10:34:27,939 - DEBUG - https://api.tronscan.org:443 "GET /api/account?address=TPHFap8CjSGriZfNinmcqhqsJ53qYoh45o HTTP/1.1" 301 162
2024-12-11 10:34:27,941 - DEBUG - Starting new HTTPS connection (1): apilist.tronscan.org:443
2024-12-11 10:34:28,520 - DEBUG - https://apilist.tronscan.org:443 "GET /api/account?address=TPHFap8CjSGriZfNinmcqhqsJ53qYoh45o HTTP/1.1" 200 None
2024-12-11 10:34:28,521 - INFO - Blockchain identified as Tron
2024-12-11 10:34:28,521 - ERROR - Error importing Ethereum wallet: 'TronscanService' object has no attribute '_get_ethereum_address_from_private_key'
2024-12-11 10:34:28,524 - INFO - 127.0.0.1 - - [11/Dec/2024 10:34:28] "[31m[1mPOST /import-wallet HTTP/1.1[0m" 400 -
