2024-12-29 16:32:47,597 - INFO - Services module initialized.
2024-12-29 16:32:47,600 - INFO - LogManager initialized successfully.
2024-12-29 16:32:47,638 - DEBUG - Building SSL context
2024-12-29 16:32:47,686 - DEBUG - Switching to SSL
2024-12-29 16:32:47,689 - DEBUG - SSL has been enabled
2024-12-29 16:32:47,690 - DEBUG - Starting authorization phase
2024-12-29 16:32:47,690 - DEBUG - The provided initial strategy is caching_sha2_password
2024-12-29 16:32:47,691 - INFO - package: mysql.connector.plugins
2024-12-29 16:32:47,691 - INFO - plugin_name: caching_sha2_password
2024-12-29 16:32:47,692 - INFO - AUTHENTICATION_PLUGIN_CLASS: MySQLCachingSHA2PasswordAuthPlugin
2024-12-29 16:32:47,693 - DEBUG - Exchanging further packets
2024-12-29 16:32:47,693 - DEBUG - caching_sha2_password completed succesfully
2024-12-29 16:32:47,709 - INFO - Starting Flask app with Keep-Alive enabled.
2024-12-29 16:32:47,716 - WARNING -  * Debugger is active!
2024-12-29 16:32:47,720 - INFO -  * Debugger PIN: 599-719-174
2024-12-29 16:32:48,555 - INFO - Attempting to identify blockchain for address: 0x16ded1fee9b00b3e836d0da338ebd1793f8985c2
2024-12-29 16:32:48,557 - DEBUG - Starting new HTTPS connection (1): api.etherscan.io:443
2024-12-29 16:32:49,195 - DEBUG - https://api.etherscan.io:443 "GET /api?module=account&action=balance&address=0x16ded1fee9b00b3e836d0da338ebd1793f8985c2&tag=latest&apikey=YOUR_ETHERSCAN_API_KEY HTTP/1.1" 200 185
2024-12-29 16:32:49,201 - INFO - Response from Etherscan: {'status': '0', 'message': 'NOTOK'}
2024-12-29 16:32:49,203 - DEBUG - Starting new HTTPS connection (1): api.bscscan.com:443
2024-12-29 16:32:49,860 - DEBUG - https://api.bscscan.com:443 "GET /api?module=account&action=balance&address=0x16ded1fee9b00b3e836d0da338ebd1793f8985c2&tag=latest&apikey=YOUR_BSCSCAN_API_KEY HTTP/1.1" 200 187
2024-12-29 16:32:49,860 - INFO - Response from BscScan: {'status': '0', 'message': 'NOTOK'}
2024-12-29 16:32:49,861 - INFO - Unknown Blockchain format
2024-12-29 16:32:49,862 - INFO - Attempting to identify blockchain for address: T264f6580256c4fd1de85f993091384daf
2024-12-29 16:32:49,863 - DEBUG - Starting new HTTPS connection (1): api.tronscan.org:443
2024-12-29 16:32:50,432 - DEBUG - https://api.tronscan.org:443 "GET /api/account?address=T264f6580256c4fd1de85f993091384daf HTTP/1.1" 301 162
2024-12-29 16:32:50,434 - DEBUG - Starting new HTTPS connection (1): apilist.tronscan.org:443
2024-12-29 16:32:50,877 - DEBUG - https://apilist.tronscan.org:443 "GET /api/account?address=T264f6580256c4fd1de85f993091384daf HTTP/1.1" 200 3
2024-12-29 16:32:50,878 - INFO - Unknown Blockchain format
2024-12-29 16:32:50,880 - INFO - Attempting to identify blockchain for address: 0xeb018209fc383b6fd0e59cf3ea547c41002f3a8d
2024-12-29 16:32:50,881 - DEBUG - Starting new HTTPS connection (1): api.etherscan.io:443
2024-12-29 16:32:51,502 - DEBUG - https://api.etherscan.io:443 "GET /api?module=account&action=balance&address=0xeb018209fc383b6fd0e59cf3ea547c41002f3a8d&tag=latest&apikey=YOUR_ETHERSCAN_API_KEY HTTP/1.1" 200 185
2024-12-29 16:32:51,504 - INFO - Response from Etherscan: {'status': '0', 'message': 'NOTOK'}
2024-12-29 16:32:51,506 - DEBUG - Starting new HTTPS connection (1): api.bscscan.com:443
2024-12-29 16:32:52,161 - DEBUG - https://api.bscscan.com:443 "GET /api?module=account&action=balance&address=0xeb018209fc383b6fd0e59cf3ea547c41002f3a8d&tag=latest&apikey=YOUR_BSCSCAN_API_KEY HTTP/1.1" 200 187
2024-12-29 16:32:52,163 - INFO - Response from BscScan: {'status': '0', 'message': 'NOTOK'}
2024-12-29 16:32:52,164 - INFO - Unknown Blockchain format
2024-12-29 16:32:52,167 - INFO - Attempting to identify blockchain for address: d83a0a4c-ad33-4ae4-8f5c-cac583055d26
2024-12-29 16:32:52,167 - INFO - Unknown Blockchain format
2024-12-29 16:32:52,168 - INFO - Attempting to identify blockchain for address: b537f807-c78f-4265-b26e-23c2ef3e0b79
2024-12-29 16:32:52,168 - INFO - Unknown Blockchain format
2024-12-29 16:32:52,169 - INFO - Attempting to identify blockchain for address: 2992b402-c22c-4725-8086-8875978cc5c5
2024-12-29 16:32:52,170 - INFO - Unknown Blockchain format
2024-12-29 16:32:52,171 - INFO - Attempting to identify blockchain for address: 2f9ce0ef-aa56-489f-b63a-0fbe9575a3c8
2024-12-29 16:32:52,172 - INFO - Unknown Blockchain format
2024-12-29 16:32:52,172 - INFO - Attempting to identify blockchain for address: e1342c06-48e9-4bd5-a2c2-87380e1852dc
2024-12-29 16:32:52,172 - INFO - Unknown Blockchain format
2024-12-29 16:32:52,173 - INFO - Attempting to identify blockchain for address: 658c76d0-41a8-421d-a7d3-1bb074a6a649
2024-12-29 16:32:52,173 - INFO - Unknown Blockchain format
2024-12-29 16:32:52,175 - INFO - Attempting to identify blockchain for address: 0x4bdd0dfa1d0e7df0675ca536720a7a44a91cad1d
2024-12-29 16:32:52,176 - DEBUG - Starting new HTTPS connection (1): api.etherscan.io:443
2024-12-29 16:32:52,786 - DEBUG - https://api.etherscan.io:443 "GET /api?module=account&action=balance&address=0x4bdd0dfa1d0e7df0675ca536720a7a44a91cad1d&tag=latest&apikey=YOUR_ETHERSCAN_API_KEY HTTP/1.1" 200 185
2024-12-29 16:32:52,787 - INFO - Response from Etherscan: {'status': '0', 'message': 'NOTOK'}
2024-12-29 16:32:52,789 - DEBUG - Starting new HTTPS connection (1): api.bscscan.com:443
2024-12-29 16:32:53,439 - DEBUG - https://api.bscscan.com:443 "GET /api?module=account&action=balance&address=0x4bdd0dfa1d0e7df0675ca536720a7a44a91cad1d&tag=latest&apikey=YOUR_BSCSCAN_API_KEY HTTP/1.1" 200 205
2024-12-29 16:32:53,440 - INFO - Response from BscScan: {'status': '0', 'message': 'NOTOK'}
2024-12-29 16:32:53,440 - INFO - Unknown Blockchain format
2024-12-29 16:32:53,441 - INFO - Attempting to identify blockchain for address: T31acd76c33ea4720ed50e6ac60cc062d1
2024-12-29 16:32:53,443 - DEBUG - Starting new HTTPS connection (1): api.tronscan.org:443
2024-12-29 16:32:54,017 - DEBUG - https://api.tronscan.org:443 "GET /api/account?address=T31acd76c33ea4720ed50e6ac60cc062d1 HTTP/1.1" 301 162
2024-12-29 16:32:54,019 - DEBUG - Starting new HTTPS connection (1): apilist.tronscan.org:443
2024-12-29 16:32:54,463 - DEBUG - https://apilist.tronscan.org:443 "GET /api/account?address=T31acd76c33ea4720ed50e6ac60cc062d1 HTTP/1.1" 200 3
2024-12-29 16:32:54,464 - INFO - Unknown Blockchain format
2024-12-29 16:32:54,465 - INFO - Attempting to identify blockchain for address: 0x2c68d39e4d5fe13d8b04617701d75cd9aca16f72
2024-12-29 16:32:54,466 - DEBUG - Starting new HTTPS connection (1): api.etherscan.io:443
2024-12-29 16:32:55,080 - DEBUG - https://api.etherscan.io:443 "GET /api?module=account&action=balance&address=0x2c68d39e4d5fe13d8b04617701d75cd9aca16f72&tag=latest&apikey=YOUR_ETHERSCAN_API_KEY HTTP/1.1" 200 205
2024-12-29 16:32:55,082 - INFO - Response from Etherscan: {'status': '0', 'message': 'NOTOK'}
2024-12-29 16:32:55,084 - DEBUG - Starting new HTTPS connection (1): api.bscscan.com:443
2024-12-29 16:32:55,702 - DEBUG - https://api.bscscan.com:443 "GET /api?module=account&action=balance&address=0x2c68d39e4d5fe13d8b04617701d75cd9aca16f72&tag=latest&apikey=YOUR_BSCSCAN_API_KEY HTTP/1.1" 200 205
2024-12-29 16:32:55,703 - INFO - Response from BscScan: {'status': '0', 'message': 'NOTOK'}
2024-12-29 16:32:55,704 - INFO - Unknown Blockchain format
2024-12-29 16:32:55,709 - INFO - 127.0.0.1 - - [29/Dec/2024 16:32:55] "GET /assets HTTP/1.1" 200 -
