2024-12-17 19:41:48,034 - INFO - Services module initialized.
2024-12-17 19:41:48,038 - INFO - LogManager initialized successfully.
2024-12-17 19:41:48,073 - DEBUG - Building SSL context
2024-12-17 19:41:48,125 - DEBUG - Switching to SSL
2024-12-17 19:41:48,128 - DEBUG - SSL has been enabled
2024-12-17 19:41:48,129 - DEBUG - Starting authorization phase
2024-12-17 19:41:48,129 - DEBUG - The provided initial strategy is caching_sha2_password
2024-12-17 19:41:48,130 - INFO - package: mysql.connector.plugins
2024-12-17 19:41:48,130 - INFO - plugin_name: caching_sha2_password
2024-12-17 19:41:48,131 - INFO - AUTHENTICATION_PLUGIN_CLASS: MySQLCachingSHA2PasswordAuthPlugin
2024-12-17 19:41:48,131 - DEBUG - Exchanging further packets
2024-12-17 19:41:48,132 - DEBUG - caching_sha2_password completed succesfully
2024-12-17 19:41:48,150 - INFO - Starting Flask app.
2024-12-17 19:41:48,158 - WARNING -  * Debugger is active!
2024-12-17 19:41:48,161 - INFO -  * Debugger PIN: 599-719-174
2024-12-17 19:42:05,872 - INFO - Request received: {'PrivateKey': '112348ba8f14de04d417dc7f4fe7faab858f7989dadf9356b3b61329ab1dc8f6', 'PhraseKey': None, 'Password': 'New12345678', 'WalletName': 'HJ'}
2024-12-17 19:42:05,919 - INFO - Imported Ethereum Wallet - Address: 0x7AA048b352C1cff52854F9CbeeC4922032Ae3c34
2024-12-17 19:42:06,086 - INFO - Wallet import completed successfully for user bb03e921-0a05-4a30-a52c-6e2a982ff48f.
2024-12-17 19:42:06,086 - INFO - Database session closed.
2024-12-17 19:42:06,087 - INFO - 127.0.0.1 - - [17/Dec/2024 19:42:06] "[35m[1mPOST /import-wallet HTTP/1.1[0m" 201 -
