2024-12-28 08:44:55,866 - INFO - Services module initialized.
2024-12-28 08:44:55,871 - INFO - LogManager initialized successfully.
2024-12-28 08:44:55,911 - DEBUG - Building SSL context
2024-12-28 08:44:55,954 - DEBUG - Switching to SSL
2024-12-28 08:44:55,958 - DEBUG - SSL has been enabled
2024-12-28 08:44:55,958 - DEBUG - Starting authorization phase
2024-12-28 08:44:55,959 - DEBUG - The provided initial strategy is caching_sha2_password
2024-12-28 08:44:55,959 - INFO - package: mysql.connector.plugins
2024-12-28 08:44:55,959 - INFO - plugin_name: caching_sha2_password
2024-12-28 08:44:55,960 - INFO - AUTHENTICATION_PLUGIN_CLASS: MySQLCachingSHA2PasswordAuthPlugin
2024-12-28 08:44:55,960 - DEBUG - Exchanging further packets
2024-12-28 08:44:55,961 - DEBUG - caching_sha2_password completed succesfully
2024-12-28 08:44:55,977 - INFO - Starting Flask app with Keep-Alive enabled.
2024-12-28 08:44:55,986 - WARNING -  * Debugger is active!
2024-12-28 08:44:55,988 - INFO -  * Debugger PIN: 599-719-174
2024-12-28 08:44:58,352 - INFO - Attempting to identify blockchain for address: 0xeb018209fc383b6fd0e59cf3ea547c41002f3a8d
2024-12-28 08:44:58,354 - DEBUG - Starting new HTTPS connection (1): api.etherscan.io:443
2024-12-28 08:44:58,971 - DEBUG - https://api.etherscan.io:443 "GET /api?module=account&action=balance&address=0xeb018209fc383b6fd0e59cf3ea547c41002f3a8d&tag=latest&apikey=YOUR_ETHERSCAN_API_KEY HTTP/1.1" 200 185
2024-12-28 08:44:58,972 - INFO - Response from Etherscan: {'status': '0', 'message': 'NOTOK'}
2024-12-28 08:44:58,973 - DEBUG - Starting new HTTPS connection (1): api.bscscan.com:443
2024-12-28 08:44:59,656 - DEBUG - https://api.bscscan.com:443 "GET /api?module=account&action=balance&address=0xeb018209fc383b6fd0e59cf3ea547c41002f3a8d&tag=latest&apikey=YOUR_BSCSCAN_API_KEY HTTP/1.1" 200 187
2024-12-28 08:44:59,657 - INFO - Response from BscScan: {'status': '0', 'message': 'NOTOK'}
2024-12-28 08:44:59,658 - INFO - Unknown Blockchain format
2024-12-28 08:44:59,658 - INFO - Attempting to identify blockchain for address: T264f6580256c4fd1de85f993091384daf
2024-12-28 08:44:59,659 - DEBUG - Starting new HTTPS connection (1): api.tronscan.org:443
2024-12-28 08:45:00,263 - DEBUG - https://api.tronscan.org:443 "GET /api/account?address=T264f6580256c4fd1de85f993091384daf HTTP/1.1" 301 162
2024-12-28 08:45:00,265 - DEBUG - Starting new HTTPS connection (1): apilist.tronscan.org:443
2024-12-28 08:45:00,756 - DEBUG - https://apilist.tronscan.org:443 "GET /api/account?address=T264f6580256c4fd1de85f993091384daf HTTP/1.1" 200 3
2024-12-28 08:45:00,757 - INFO - Unknown Blockchain format
2024-12-28 08:45:00,757 - INFO - Attempting to identify blockchain for address: 0x16ded1fee9b00b3e836d0da338ebd1793f8985c2
2024-12-28 08:45:00,758 - DEBUG - Starting new HTTPS connection (1): api.etherscan.io:443
2024-12-28 08:45:01,374 - DEBUG - https://api.etherscan.io:443 "GET /api?module=account&action=balance&address=0x16ded1fee9b00b3e836d0da338ebd1793f8985c2&tag=latest&apikey=YOUR_ETHERSCAN_API_KEY HTTP/1.1" 200 185
2024-12-28 08:45:01,374 - INFO - Response from Etherscan: {'status': '0', 'message': 'NOTOK'}
2024-12-28 08:45:01,375 - DEBUG - Starting new HTTPS connection (1): api.bscscan.com:443
2024-12-28 08:45:02,034 - DEBUG - https://api.bscscan.com:443 "GET /api?module=account&action=balance&address=0x16ded1fee9b00b3e836d0da338ebd1793f8985c2&tag=latest&apikey=YOUR_BSCSCAN_API_KEY HTTP/1.1" 200 187
2024-12-28 08:45:02,035 - INFO - Response from BscScan: {'status': '0', 'message': 'NOTOK'}
2024-12-28 08:45:02,036 - INFO - Unknown Blockchain format
2024-12-28 08:45:02,036 - INFO - Attempting to identify blockchain for address: 0x4bdd0dfa1d0e7df0675ca536720a7a44a91cad1d
2024-12-28 08:45:02,037 - DEBUG - Starting new HTTPS connection (1): api.etherscan.io:443
2024-12-28 08:45:02,685 - DEBUG - https://api.etherscan.io:443 "GET /api?module=account&action=balance&address=0x4bdd0dfa1d0e7df0675ca536720a7a44a91cad1d&tag=latest&apikey=YOUR_ETHERSCAN_API_KEY HTTP/1.1" 200 185
2024-12-28 08:45:02,686 - INFO - Response from Etherscan: {'status': '0', 'message': 'NOTOK'}
2024-12-28 08:45:02,686 - DEBUG - Starting new HTTPS connection (1): api.bscscan.com:443
2024-12-28 08:45:03,333 - DEBUG - https://api.bscscan.com:443 "GET /api?module=account&action=balance&address=0x4bdd0dfa1d0e7df0675ca536720a7a44a91cad1d&tag=latest&apikey=YOUR_BSCSCAN_API_KEY HTTP/1.1" 200 205
2024-12-28 08:45:03,334 - INFO - Response from BscScan: {'status': '0', 'message': 'NOTOK'}
2024-12-28 08:45:03,334 - INFO - Unknown Blockchain format
2024-12-28 08:45:03,334 - INFO - Attempting to identify blockchain for address: T31acd76c33ea4720ed50e6ac60cc062d1
2024-12-28 08:45:03,335 - DEBUG - Starting new HTTPS connection (1): api.tronscan.org:443
2024-12-28 08:45:03,899 - DEBUG - https://api.tronscan.org:443 "GET /api/account?address=T31acd76c33ea4720ed50e6ac60cc062d1 HTTP/1.1" 301 162
2024-12-28 08:45:03,900 - DEBUG - Starting new HTTPS connection (1): apilist.tronscan.org:443
2024-12-28 08:45:04,327 - DEBUG - https://apilist.tronscan.org:443 "GET /api/account?address=T31acd76c33ea4720ed50e6ac60cc062d1 HTTP/1.1" 200 3
2024-12-28 08:45:04,329 - INFO - Unknown Blockchain format
2024-12-28 08:45:04,329 - INFO - Attempting to identify blockchain for address: 0x2c68d39e4d5fe13d8b04617701d75cd9aca16f72
2024-12-28 08:45:04,331 - DEBUG - Starting new HTTPS connection (1): api.etherscan.io:443
2024-12-28 08:45:04,946 - DEBUG - https://api.etherscan.io:443 "GET /api?module=account&action=balance&address=0x2c68d39e4d5fe13d8b04617701d75cd9aca16f72&tag=latest&apikey=YOUR_ETHERSCAN_API_KEY HTTP/1.1" 200 205
2024-12-28 08:45:04,948 - INFO - Response from Etherscan: {'status': '0', 'message': 'NOTOK'}
2024-12-28 08:45:04,950 - DEBUG - Starting new HTTPS connection (1): api.bscscan.com:443
2024-12-28 08:45:05,565 - DEBUG - https://api.bscscan.com:443 "GET /api?module=account&action=balance&address=0x2c68d39e4d5fe13d8b04617701d75cd9aca16f72&tag=latest&apikey=YOUR_BSCSCAN_API_KEY HTTP/1.1" 200 205
2024-12-28 08:45:05,566 - INFO - Response from BscScan: {'status': '0', 'message': 'NOTOK'}
2024-12-28 08:45:05,567 - INFO - Unknown Blockchain format
2024-12-28 08:45:05,567 - INFO - Attempting to identify blockchain for address: 2f9ce0ef-aa56-489f-b63a-0fbe9575a3c8
2024-12-28 08:45:05,568 - INFO - Unknown Blockchain format
2024-12-28 08:45:05,569 - INFO - Attempting to identify blockchain for address: e1342c06-48e9-4bd5-a2c2-87380e1852dc
2024-12-28 08:45:05,569 - INFO - Unknown Blockchain format
2024-12-28 08:45:05,569 - INFO - Attempting to identify blockchain for address: 658c76d0-41a8-421d-a7d3-1bb074a6a649
2024-12-28 08:45:05,570 - INFO - Unknown Blockchain format
2024-12-28 08:45:05,570 - INFO - Attempting to identify blockchain for address: d83a0a4c-ad33-4ae4-8f5c-cac583055d26
2024-12-28 08:45:05,570 - INFO - Unknown Blockchain format
2024-12-28 08:45:05,571 - INFO - Attempting to identify blockchain for address: b537f807-c78f-4265-b26e-23c2ef3e0b79
2024-12-28 08:45:05,571 - INFO - Unknown Blockchain format
2024-12-28 08:45:05,571 - INFO - Attempting to identify blockchain for address: 2992b402-c22c-4725-8086-8875978cc5c5
2024-12-28 08:45:05,572 - INFO - Unknown Blockchain format
2024-12-28 08:45:05,573 - INFO - 127.0.0.1 - - [28/Dec/2024 08:45:05] "GET /update_asset HTTP/1.1" 200 -
