2024-12-11 10:12:21,184 - DEBUG - Building SSL context
2024-12-11 10:12:21,226 - DEBUG - Switching to SSL
2024-12-11 10:12:21,230 - DEBUG - SSL has been enabled
2024-12-11 10:12:21,231 - DEBUG - Starting authorization phase
2024-12-11 10:12:21,231 - DEBUG - The provided initial strategy is caching_sha2_password
2024-12-11 10:12:21,233 - INFO - package: mysql.connector.plugins
2024-12-11 10:12:21,233 - INFO - plugin_name: caching_sha2_password
2024-12-11 10:12:21,233 - INFO - AUTHENTICATION_PLUGIN_CLASS: MySQLCachingSHA2PasswordAuthPlugin
2024-12-11 10:12:21,234 - DEBUG - Exchanging further packets
2024-12-11 10:12:21,235 - DEBUG - caching_sha2_password completed succesfully
2024-12-11 10:12:21,251 - INFO - Starting Flask app.
2024-12-11 10:12:21,258 - WARNING -  * Debugger is active!
2024-12-11 10:12:21,260 - INFO -  * Debugger PIN: 599-719-174
2024-12-11 10:12:23,732 - INFO - 127.0.0.1 - - [11/Dec/2024 10:12:23] "[31m[1mPOST /import-wallet HTTP/1.1[0m" 400 -
2024-12-11 10:12:37,847 - INFO - Attempting to identify blockchain for address: 0xaf5ebe5392e8cd5b73069af4bf759258f83c12b0
2024-12-11 10:12:37,848 - DEBUG - Starting new HTTPS connection (1): api.etherscan.io:443
2024-12-11 10:12:38,489 - DEBUG - https://api.etherscan.io:443 "GET /api?module=account&action=balance&address=0xaf5ebe5392e8cd5b73069af4bf759258f83c12b0&tag=latest&apikey=YOUR_ETHERSCAN_API_KEY HTTP/1.1" 200 185
2024-12-11 10:12:38,491 - INFO - Response from Etherscan: {'status': '0', 'message': 'NOTOK'}
2024-12-11 10:12:38,493 - DEBUG - Starting new HTTPS connection (1): api.bscscan.com:443
2024-12-11 10:12:39,121 - DEBUG - https://api.bscscan.com:443 "GET /api?module=account&action=balance&address=0xaf5ebe5392e8cd5b73069af4bf759258f83c12b0&tag=latest&apikey=YOUR_BSCSCAN_API_KEY HTTP/1.1" 200 187
2024-12-11 10:12:39,122 - INFO - Response from BscScan: {'status': '0', 'message': 'NOTOK'}
2024-12-11 10:12:39,124 - INFO - Unknown Blockchain format
2024-12-11 10:12:39,124 - INFO - Attempting to identify blockchain for address: Taf5ebe5392e8cd5b73069af4bf759258f
2024-12-11 10:12:39,125 - DEBUG - Starting new HTTPS connection (1): api.tronscan.org:443
2024-12-11 10:12:39,732 - DEBUG - https://api.tronscan.org:443 "GET /api/account?address=Taf5ebe5392e8cd5b73069af4bf759258f HTTP/1.1" 301 162
2024-12-11 10:12:39,733 - DEBUG - Starting new HTTPS connection (1): apilist.tronscan.org:443
2024-12-11 10:12:40,191 - DEBUG - https://apilist.tronscan.org:443 "GET /api/account?address=Taf5ebe5392e8cd5b73069af4bf759258f HTTP/1.1" 200 3
2024-12-11 10:12:40,192 - INFO - Unknown Blockchain format
2024-12-11 10:12:40,195 - INFO - 127.0.0.1 - - [11/Dec/2024 10:12:40] "[31m[1mPOST /import-wallet HTTP/1.1[0m" 400 -
2024-12-11 10:13:26,953 - INFO - 127.0.0.1 - - [11/Dec/2024 10:13:26] "[31m[1mPOST /import-wallet HTTP/1.1[0m" 400 -
2024-12-11 10:13:56,856 - INFO - Attempting to identify blockchain for address: 0x349246972d1ac19c39e045957b0d5857fdd2727c
2024-12-11 10:13:56,857 - DEBUG - Starting new HTTPS connection (1): api.etherscan.io:443
2024-12-11 10:13:58,494 - DEBUG - https://api.etherscan.io:443 "GET /api?module=account&action=balance&address=0x349246972d1ac19c39e045957b0d5857fdd2727c&tag=latest&apikey=YOUR_ETHERSCAN_API_KEY HTTP/1.1" 200 185
2024-12-11 10:13:58,495 - INFO - Response from Etherscan: {'status': '0', 'message': 'NOTOK'}
2024-12-11 10:13:58,497 - DEBUG - Starting new HTTPS connection (1): api.bscscan.com:443
2024-12-11 10:13:59,091 - DEBUG - https://api.bscscan.com:443 "GET /api?module=account&action=balance&address=0x349246972d1ac19c39e045957b0d5857fdd2727c&tag=latest&apikey=YOUR_BSCSCAN_API_KEY HTTP/1.1" 200 187
2024-12-11 10:13:59,092 - INFO - Response from BscScan: {'status': '0', 'message': 'NOTOK'}
2024-12-11 10:13:59,092 - INFO - Unknown Blockchain format
2024-12-11 10:13:59,093 - INFO - Attempting to identify blockchain for address: T349246972d1ac19c39e045957b0d5857f
2024-12-11 10:13:59,094 - DEBUG - Starting new HTTPS connection (1): api.tronscan.org:443
2024-12-11 10:13:59,671 - DEBUG - https://api.tronscan.org:443 "GET /api/account?address=T349246972d1ac19c39e045957b0d5857f HTTP/1.1" 301 162
2024-12-11 10:13:59,672 - DEBUG - Starting new HTTPS connection (1): apilist.tronscan.org:443
2024-12-11 10:14:00,122 - DEBUG - https://apilist.tronscan.org:443 "GET /api/account?address=T349246972d1ac19c39e045957b0d5857f HTTP/1.1" 200 3
2024-12-11 10:14:00,123 - INFO - Unknown Blockchain format
2024-12-11 10:14:00,124 - INFO - 127.0.0.1 - - [11/Dec/2024 10:14:00] "[31m[1mPOST /import-wallet HTTP/1.1[0m" 400 -
