2024-12-19 08:31:36,709 - INFO - Services module initialized.
2024-12-19 08:31:36,712 - INFO - LogManager initialized successfully.
2024-12-19 08:31:36,747 - DEBUG - Building SSL context
2024-12-19 08:31:36,790 - DEBUG - Switching to SSL
2024-12-19 08:31:36,793 - DEBUG - SSL has been enabled
2024-12-19 08:31:36,794 - DEBUG - Starting authorization phase
2024-12-19 08:31:36,794 - DEBUG - The provided initial strategy is caching_sha2_password
2024-12-19 08:31:36,795 - INFO - package: mysql.connector.plugins
2024-12-19 08:31:36,795 - INFO - plugin_name: caching_sha2_password
2024-12-19 08:31:36,798 - INFO - AUTHENTICATION_PLUGIN_CLASS: MySQLCachingSHA2PasswordAuthPlugin
2024-12-19 08:31:36,799 - DEBUG - Exchanging further packets
2024-12-19 08:31:36,800 - DEBUG - caching_sha2_password completed succesfully
2024-12-19 08:31:36,818 - INFO - Starting Flask app.
2024-12-19 08:31:36,825 - WARNING -  * Debugger is active!
2024-12-19 08:31:36,827 - INFO -  * Debugger PIN: 599-719-174
2024-12-19 08:31:53,468 - INFO - Attempting to fetch all currencies from the database.
2024-12-19 08:31:53,486 - INFO - Fetched symbols from database: ['1INCH', 'AAVE', 'ACX', 'AEVO', 'ALT', 'AMP', 'ANKR', 'APE', 'ARKM', 'AXL', 'AXS', 'BAT', 'BEAM', 'BGB', 'BLUR', 'BNB', 'BONK', 'CAKE', 'CHEX', 'CHZ', 'COMP', 'CRV', 'CVX', 'DAI', 'DEXE', 'EIGEN', 'ENA', 'ENS', 'ETH', 'ETHDYDX', 'ETHFI', 'FDUSD', 'FLOKI', 'FLZ', 'FRAX', 'GALA', 'GLM', 'GMT', 'GNO', 'GRT', 'GT', 'HOT', 'ID', 'IMX', 'INJ', 'JASMY', 'KAVA', 'KCS', 'LDO', 'LEO', 'LINK', 'LPT', 'MANA', 'MEME', 'MKR', 'MNT', 'MOG', 'NEIRO', 'NEXO', 'NFT', 'OKB', 'OM', 'ONDO', 'PAXG', 'PENDLE', 'PEPE', 'POL', 'PRIME', 'PYUSD', 'QNT', 'RENDER', 'ROSE', 'RSR', 'SAFE', 'SAND', 'SHIB', 'SKL', 'SNX', 'SPX', 'STRK', 'SUPER', 'SUSHI', 'TEL', 'TRAC', 'TRX', 'TURBO', 'TUSD', 'UNI', 'USDC', 'USDD', 'USDe', 'USDT', 'VIRTUAL', 'W', 'WLD', 'WOO', 'XAUt', 'YFI', 'ZBU', 'ZETA', 'ZRO', 'ZRX']
2024-12-19 08:31:53,487 - INFO - Fetching latest prices from CurrencyPriceService.
2024-12-19 08:31:53,487 - INFO - Fetching latest prices for symbols: ['1INCH', 'AAVE', 'ACX', 'AEVO', 'ALT', 'AMP', 'ANKR', 'APE', 'ARKM', 'AXL', 'AXS', 'BAT', 'BEAM', 'BGB', 'BLUR', 'BNB', 'BONK', 'CAKE', 'CHEX', 'CHZ', 'COMP', 'CRV', 'CVX', 'DAI', 'DEXE', 'EIGEN', 'ENA', 'ENS', 'ETH', 'ETHDYDX', 'ETHFI', 'FDUSD', 'FLOKI', 'FLZ', 'FRAX', 'GALA', 'GLM', 'GMT', 'GNO', 'GRT', 'GT', 'HOT', 'ID', 'IMX', 'INJ', 'JASMY', 'KAVA', 'KCS', 'LDO', 'LEO', 'LINK', 'LPT', 'MANA', 'MEME', 'MKR', 'MNT', 'MOG', 'NEIRO', 'NEXO', 'NFT', 'OKB', 'OM', 'ONDO', 'PAXG', 'PENDLE', 'PEPE', 'POL', 'PRIME', 'PYUSD', 'QNT', 'RENDER', 'ROSE', 'RSR', 'SAFE', 'SAND', 'SHIB', 'SKL', 'SNX', 'SPX', 'STRK', 'SUPER', 'SUSHI', 'TEL', 'TRAC', 'TRX', 'TURBO', 'TUSD', 'UNI', 'USDC', 'USDD', 'USDe', 'USDT', 'VIRTUAL', 'W', 'WLD', 'WOO', 'XAUt', 'YFI', 'ZBU', 'ZETA', 'ZRO', 'ZRX'], convert: USD
2024-12-19 08:31:53,489 - DEBUG - Starting new HTTPS connection (1): pro-api.coinmarketcap.com:443
2024-12-19 08:31:53,826 - DEBUG - https://pro-api.coinmarketcap.com:443 "GET /v1/cryptocurrency/quotes/latest?symbol=1INCH%2CAAVE%2CACX%2CAEVO%2CALT%2CAMP%2CANKR%2CAPE%2CARKM%2CAXL%2CAXS%2CBAT%2CBEAM%2CBGB%2CBLUR%2CBNB%2CBONK%2CCAKE%2CCHEX%2CCHZ%2CCOMP%2CCRV%2CCVX%2CDAI%2CDEXE%2CEIGEN%2CENA%2CENS%2CETH%2CETHDYDX%2CETHFI%2CFDUSD%2CFLOKI%2CFLZ%2CFRAX%2CGALA%2CGLM%2CGMT%2CGNO%2CGRT%2CGT%2CHOT%2CID%2CIMX%2CINJ%2CJASMY%2CKAVA%2CKCS%2CLDO%2CLEO%2CLINK%2CLPT%2CMANA%2CMEME%2CMKR%2CMNT%2CMOG%2CNEIRO%2CNEXO%2CNFT%2COKB%2COM%2CONDO%2CPAXG%2CPENDLE%2CPEPE%2CPOL%2CPRIME%2CPYUSD%2CQNT%2CRENDER%2CROSE%2CRSR%2CSAFE%2CSAND%2CSHIB%2CSKL%2CSNX%2CSPX%2CSTRK%2CSUPER%2CSUSHI%2CTEL%2CTRAC%2CTRX%2CTURBO%2CTUSD%2CUNI%2CUSDC%2CUSDD%2CUSDe%2CUSDT%2CVIRTUAL%2CW%2CWLD%2CWOO%2CXAUt%2CYFI%2CZBU%2CZETA%2CZRO%2CZRX&convert=USD HTTP/1.1" 200 None
2024-12-19 08:31:53,966 - INFO - Prices fetched successfully: {'1INCH': 0.4221999924511885, 'AAVE': 336.16127014483806, 'ACX': 0.6301455340704608, 'AEVO': 0.4044428450619247, 'ALT': 0.13693119906672901, 'AMP': 0.008916750592545595, 'ANKR': 0.03857953454155324, 'APE': 1.3118247409247652, 'ARKM': 1.5908513745355644, 'AXL': 0.7917778053487178, 'AXS': 6.602296971191861, 'BAT': 0.24100145370418682, 'BEAM': 0.02916376107864891, 'BGB': 4.398044594162164, 'BLUR': 0.29462984622575067, 'BNB': 701.3440499074877, 'BONK': 3.067576296065985e-05, 'CAKE': 2.7708034316786554, 'CHEX': 0.7073834816664122, 'CHZ': 0.09412295857542892, 'COMP': 89.64932350227396, 'CRV': 0.9329262476943356, 'CVX': 5.027435987578286, 'DAI': 0.9998818463960077, 'DEXE': 8.128111115999022, 'EIGEN': 4.883695942956925, 'ENA': 1.161188961885163, 'ENS': 39.99028713407158, 'ETH': 3659.008260891392, 'ETHDYDX': 1.6810427779119577, 'ETHFI': 2.391129789405638, 'FDUSD': 0.9977805985856621, 'FLOKI': 0.00018784804682764369, 'FLZ': 2.1292366154782787, 'FRAX': 0.9953563111883016, 'GALA': 0.03966770378863633, 'GLM': 0.371311444566593, 'GMT': 0.1522334767641781, 'GNO': 262.3442577912411, 'GRT': 0.23451501627829544, 'GT': 13.16305437883489, 'HOT': 0.0025801731255153913, 'ID': 0.4319336179194739, 'IMX': 1.565773823666016, 'INJ': 24.318195955052982, 'JASMY': 0.037914376652430436, 'KAVA': 0.4653240095430107, 'KCS': 11.549420016583793, 'LDO': 1.8281142228222307, 'LEO': 9.261889117645705, 'LINK': 24.531324425648812, 'LPT': 13.604485948835098, 'MANA': 0.5219448977347723, 'MEME': 0.011092172544466365, 'MKR': 1730.008462984368, 'MNT': 1.138641056567537, 'MOG': 2.524150564646969e-06, 'NEIRO': 0.0011533059849281168, 'NEXO': 1.383246173457555, 'NFT': 5.374138718525832e-07, 'OKB': 48.423893632426974, 'OM': 4.069492838590665, 'ONDO': 1.9194871687434965, 'PAXG': 2627.288057185781, 'PENDLE': 5.793992133157142, 'PEPE': 1.9256860688277352e-05, 'POL': 0.5164695102806093, 'PRIME': 12.030928163768678, 'PYUSD': 0.9996806896068948, 'QNT': 113.74211302270487, 'RENDER': 7.870127611580808, 'ROSE': 0.09232822396909385, 'RSR': 0.011841593513941793, 'SAFE': 1.0941791864551036, 'SAND': 0.6106235516636294, 'SHIB': 2.4169527785017264e-05, 'SKL': 0.0529903660560221, 'SNX': 2.382014943165459, 'SPX': 0.6541402693796139, 'STRK': 0.5240802536879872, 'SUPER': 1.7109377034238022, 'SUSHI': 1.6936990736299862, 'TEL': 0.0062203455114426915, 'TRAC': 0.9047860584360586, 'TRX': 0.26260017680903036, 'TURBO': 0.009037920844858056, 'TUSD': 1.001555493280342, 'UNI': 14.516172687613764, 'USDC': 1.0000492598457755, 'USDD': 0.9998556285295856, 'USDe': 1.000165662886118, 'USDT': 0.9993793507965861, 'VIRTUAL': 2.5773416327803695, 'W': 0.29652801392238415, 'WLD': 2.409737394495177, 'WOO': 0.2308162147130409, 'XAUt': 2616.498530713214, 'YFI': 9449.636969922123, 'ZBU': 4.360049546100954, 'ZETA': 0.612561825809505, 'ZRO': 6.243191187271249, 'ZRX': 0.49778138717335724}
2024-12-19 08:31:53,967 - INFO - Prices fetched successfully.
2024-12-19 08:31:53,969 - INFO - 127.0.0.1 - - [19/Dec/2024 08:31:53] "GET /prices HTTP/1.1" 200 -
