2024-12-20 09:04:54,708 - INFO - Services module initialized.
2024-12-20 09:04:54,711 - INFO - LogManager initialized successfully.
2024-12-20 09:04:54,760 - DEBUG - Building SSL context
2024-12-20 09:04:54,805 - DEBUG - Switching to SSL
2024-12-20 09:04:54,811 - DEBUG - SSL has been enabled
2024-12-20 09:04:54,812 - DEBUG - Starting authorization phase
2024-12-20 09:04:54,812 - DEBUG - The provided initial strategy is caching_sha2_password
2024-12-20 09:04:54,812 - INFO - package: mysql.connector.plugins
2024-12-20 09:04:54,812 - INFO - plugin_name: caching_sha2_password
2024-12-20 09:04:54,813 - INFO - AUTHENTICATION_PLUGIN_CLASS: MySQLCachingSHA2PasswordAuthPlugin
2024-12-20 09:04:54,813 - DEBUG - Exchanging further packets
2024-12-20 09:04:54,813 - DEBUG - caching_sha2_password completed succesfully
2024-12-20 09:04:54,828 - INFO - Starting Flask app.
2024-12-20 09:04:54,837 - WARNING -  * Debugger is active!
2024-12-20 09:04:54,839 - INFO -  * Debugger PIN: 599-719-174
2024-12-20 09:04:59,736 - INFO - Attempting to fetch all currencies from the database.
2024-12-20 09:04:59,766 - INFO - Fetched symbols from database: ['1INCH', 'AAVE', 'ACX', 'AEVO', 'ALT', 'AMP', 'ANKR', 'APE', 'ARKM', 'AXL', 'AXS', 'BAT', 'BEAM', 'BGB', 'BLUR', 'BNB', 'BONK', 'CAKE', 'CHEX', 'CHZ', 'COMP', 'CRV', 'CVX', 'DAI', 'DEXE', 'EIGEN', 'ENA', 'ENS', 'ETH', 'ETHDYDX', 'ETHFI', 'FDUSD', 'FLOKI', 'FLZ', 'FRAX', 'GALA', 'GLM', 'GMT', 'GNO', 'GRT', 'GT', 'HOT', 'ID', 'IMX', 'INJ', 'JASMY', 'KAVA', 'KCS', 'LDO', 'LEO', 'LINK', 'LPT', 'MANA', 'MEME', 'MKR', 'MNT', 'MOG', 'NEIRO', 'NEXO', 'NFT', 'OKB', 'OM', 'ONDO', 'PAXG', 'PENDLE', 'PEPE', 'POL', 'PRIME', 'PYUSD', 'QNT', 'RENDER', 'ROSE', 'RSR', 'SAFE', 'SAND', 'SHIB', 'SKL', 'SNX', 'SPX', 'STRK', 'SUPER', 'SUSHI', 'TEL', 'TRAC', 'TRX', 'TURBO', 'TUSD', 'UNI', 'USDC', 'USDD', 'USDe', 'USDT', 'VIRTUAL', 'W', 'WLD', 'WOO', 'XAUt', 'YFI', 'ZBU', 'ZETA', 'ZRO', 'ZRX']
2024-12-20 09:04:59,767 - INFO - Fetching latest prices from CurrencyPriceService.
2024-12-20 09:04:59,767 - INFO - Fetching latest prices for symbols: ['1INCH', 'AAVE', 'ACX', 'AEVO', 'ALT', 'AMP', 'ANKR', 'APE', 'ARKM', 'AXL', 'AXS', 'BAT', 'BEAM', 'BGB', 'BLUR', 'BNB', 'BONK', 'CAKE', 'CHEX', 'CHZ', 'COMP', 'CRV', 'CVX', 'DAI', 'DEXE', 'EIGEN', 'ENA', 'ENS', 'ETH', 'ETHDYDX', 'ETHFI', 'FDUSD', 'FLOKI', 'FLZ', 'FRAX', 'GALA', 'GLM', 'GMT', 'GNO', 'GRT', 'GT', 'HOT', 'ID', 'IMX', 'INJ', 'JASMY', 'KAVA', 'KCS', 'LDO', 'LEO', 'LINK', 'LPT', 'MANA', 'MEME', 'MKR', 'MNT', 'MOG', 'NEIRO', 'NEXO', 'NFT', 'OKB', 'OM', 'ONDO', 'PAXG', 'PENDLE', 'PEPE', 'POL', 'PRIME', 'PYUSD', 'QNT', 'RENDER', 'ROSE', 'RSR', 'SAFE', 'SAND', 'SHIB', 'SKL', 'SNX', 'SPX', 'STRK', 'SUPER', 'SUSHI', 'TEL', 'TRAC', 'TRX', 'TURBO', 'TUSD', 'UNI', 'USDC', 'USDD', 'USDe', 'USDT', 'VIRTUAL', 'W', 'WLD', 'WOO', 'XAUt', 'YFI', 'ZBU', 'ZETA', 'ZRO', 'ZRX'], convert: USD
2024-12-20 09:04:59,769 - DEBUG - Starting new HTTPS connection (1): pro-api.coinmarketcap.com:443
2024-12-20 09:05:00,428 - DEBUG - https://pro-api.coinmarketcap.com:443 "GET /v1/cryptocurrency/quotes/latest?symbol=1INCH%2CAAVE%2CACX%2CAEVO%2CALT%2CAMP%2CANKR%2CAPE%2CARKM%2CAXL%2CAXS%2CBAT%2CBEAM%2CBGB%2CBLUR%2CBNB%2CBONK%2CCAKE%2CCHEX%2CCHZ%2CCOMP%2CCRV%2CCVX%2CDAI%2CDEXE%2CEIGEN%2CENA%2CENS%2CETH%2CETHDYDX%2CETHFI%2CFDUSD%2CFLOKI%2CFLZ%2CFRAX%2CGALA%2CGLM%2CGMT%2CGNO%2CGRT%2CGT%2CHOT%2CID%2CIMX%2CINJ%2CJASMY%2CKAVA%2CKCS%2CLDO%2CLEO%2CLINK%2CLPT%2CMANA%2CMEME%2CMKR%2CMNT%2CMOG%2CNEIRO%2CNEXO%2CNFT%2COKB%2COM%2CONDO%2CPAXG%2CPENDLE%2CPEPE%2CPOL%2CPRIME%2CPYUSD%2CQNT%2CRENDER%2CROSE%2CRSR%2CSAFE%2CSAND%2CSHIB%2CSKL%2CSNX%2CSPX%2CSTRK%2CSUPER%2CSUSHI%2CTEL%2CTRAC%2CTRX%2CTURBO%2CTUSD%2CUNI%2CUSDC%2CUSDD%2CUSDe%2CUSDT%2CVIRTUAL%2CW%2CWLD%2CWOO%2CXAUt%2CYFI%2CZBU%2CZETA%2CZRO%2CZRX&convert=USD HTTP/1.1" 200 None
2024-12-20 09:05:00,557 - INFO - Prices fetched successfully: {'1INCH': 0.38436259574112136, 'AAVE': 307.4977266453978, 'ACX': 0.5689521497240297, 'AEVO': 0.3664780524717922, 'ALT': 0.12343844868351615, 'AMP': 0.008389698571403339, 'ANKR': 0.03521131762307592, 'APE': 1.1669893260902335, 'ARKM': 1.530096148986614, 'AXL': 0.7321256792650961, 'AXS': 6.0373200058746335, 'BAT': 0.22836863653756298, 'BEAM': 0.024893162433930693, 'BGB': 4.211716918043553, 'BLUR': 0.2698396325539991, 'BNB': 670.5586338710143, 'BONK': 2.9285261836408066e-05, 'CAKE': 2.34418973869658, 'CHEX': 0.6443673250449173, 'CHZ': 0.08581296365093394, 'COMP': 81.8250074504649, 'CRV': 0.8209355295960447, 'CVX': 4.117512904295303, 'DAI': 0.9996520033017765, 'DEXE': 7.974126927273722, 'EIGEN': 4.085501695513449, 'ENA': 0.9426321248656899, 'ENS': 35.50667346712795, 'ETH': 3363.6405388870303, 'ETHDYDX': 1.4925187323664229, 'ETHFI': 2.056039223648906, 'FDUSD': 0.9978449367849732, 'FLOKI': 0.0001708790206146218, 'FLZ': 2.087831441068826, 'FRAX': 0.994098464561978, 'GALA': 0.0356089339289208, 'GLM': 0.35525207288026067, 'GMT': 0.14314403442426424, 'GNO': 247.60053821007727, 'GRT': 0.20950801992103954, 'GT': 12.679648754221779, 'HOT': 0.0023557360083553336, 'ID': 0.4050466651659657, 'IMX': 1.400078024435542, 'INJ': 21.762899296508806, 'JASMY': 0.033938409956297225, 'KAVA': 0.425743590561261, 'KCS': 11.081879268337252, 'LDO': 1.5765854960342482, 'LEO': 9.07350170530609, 'LINK': 22.683314023422547, 'LPT': 12.45855154907522, 'MANA': 0.4867091751998393, 'MEME': 0.01048277496482822, 'MKR': 1658.2438875064859, 'MNT': 1.1549635682406623, 'MOG': 2.3154037312872665e-06, 'NEIRO': 0.0009814087263931646, 'NEXO': 1.3487455975184341, 'NFT': 5.259250528397205e-07, 'OKB': 45.823954740542845, 'OM': 3.9571726616941802, 'ONDO': 1.684756305229184, 'PAXG': 2618.704878935019, 'PENDLE': 4.758225017642141, 'PEPE': 1.6728183541408874e-05, 'POL': 0.4749269843598777, 'PRIME': 10.734914006397064, 'PYUSD': 0.9999730267033942, 'QNT': 107.8725394839363, 'RENDER': 7.153115219466813, 'ROSE': 0.08304527456837833, 'RSR': 0.01077851594953796, 'SAFE': 1.0260469255761828, 'SAND': 0.5485271027645958, 'SHIB': 2.183996830023175e-05, 'SKL': 0.04845312807716365, 'SNX': 2.138791332351157, 'SPX': 0.6002071314983503, 'STRK': 0.48663892432520583, 'SUPER': 1.5159499449352698, 'SUSHI': 1.4935743974531073, 'TEL': 0.005627081143010695, 'TRAC': 0.8376829614352235, 'TRX': 0.2496825684266976, 'TURBO': 0.008197496157101199, 'TUSD': 1.0014447466815717, 'UNI': 12.78825281499632, 'USDC': 0.9999627841063892, 'USDD': 0.9971105295524895, 'USDe': 0.9976493394902064, 'USDT': 0.9991124379985638, 'VIRTUAL': 2.140669385377737, 'W': 0.2713069828921764, 'WLD': 2.255317607779033, 'WOO': 0.21167735531213414, 'XAUt': 2604.672354234726, 'YFI': 8505.219271492719, 'ZBU': 4.499337589444857, 'ZETA': 0.5766284375799103, 'ZRO': 5.422436671333591, 'ZRX': 0.4597254651594654}
2024-12-20 09:05:00,560 - INFO - Prices fetched successfully.
2024-12-20 09:05:00,562 - INFO - 127.0.0.1 - - [20/Dec/2024 09:05:00] "GET /prices HTTP/1.1" 200 -
2024-12-20 09:06:18,000 - INFO -  * Detected change in 'c:\\Users\\kozmos teknoloji\\Desktop\\CC\\CU\\CurrencyUpdate.py', reloading
