2024-12-11 10:47:39,697 - DEBUG - Building SSL context
2024-12-11 10:47:39,739 - DEBUG - Switching to SSL
2024-12-11 10:47:39,743 - DEBUG - SSL has been enabled
2024-12-11 10:47:39,744 - DEBUG - Starting authorization phase
2024-12-11 10:47:39,744 - DEBUG - The provided initial strategy is caching_sha2_password
2024-12-11 10:47:39,745 - INFO - package: mysql.connector.plugins
2024-12-11 10:47:39,745 - INFO - plugin_name: caching_sha2_password
2024-12-11 10:47:39,745 - INFO - AUTHENTICATION_PLUGIN_CLASS: MySQLCachingSHA2PasswordAuthPlugin
2024-12-11 10:47:39,746 - DEBUG - Exchanging further packets
2024-12-11 10:47:39,747 - DEBUG - caching_sha2_password completed succesfully
2024-12-11 10:47:39,759 - INFO - Starting Flask app.
2024-12-11 10:47:39,769 - WARNING -  * Debugger is active!
2024-12-11 10:47:39,771 - INFO -  * Debugger PIN: 599-719-174
2024-12-11 10:47:40,959 - INFO - Attempting to identify blockchain for address: 0x9203471f56E035c4C642aab0d3467E883b2074D3
2024-12-11 10:47:40,960 - DEBUG - Starting new HTTPS connection (1): api.etherscan.io:443
2024-12-11 10:47:41,591 - DEBUG - https://api.etherscan.io:443 "GET /api?module=account&action=balance&address=0x9203471f56E035c4C642aab0d3467E883b2074D3&tag=latest&apikey=YOUR_ETHERSCAN_API_KEY HTTP/1.1" 200 185
2024-12-11 10:47:41,593 - INFO - Response from Etherscan: {'status': '0', 'message': 'NOTOK'}
2024-12-11 10:47:41,595 - DEBUG - Starting new HTTPS connection (1): api.bscscan.com:443
2024-12-11 10:47:42,229 - DEBUG - https://api.bscscan.com:443 "GET /api?module=account&action=balance&address=0x9203471f56E035c4C642aab0d3467E883b2074D3&tag=latest&apikey=YOUR_BSCSCAN_API_KEY HTTP/1.1" 200 187
2024-12-11 10:47:42,229 - INFO - Response from BscScan: {'status': '0', 'message': 'NOTOK'}
2024-12-11 10:47:42,230 - INFO - Unknown Blockchain format
2024-12-11 10:47:42,230 - ERROR - Error importing Tron wallet: 'str' object is not callable
2024-12-11 10:47:42,232 - INFO - 127.0.0.1 - - [11/Dec/2024 10:47:42] "[31m[1mPOST /import-wallet HTTP/1.1[0m" 400 -
