2024-12-19 11:28:59,317 - INFO - Services module initialized.
2024-12-19 11:28:59,321 - INFO - LogManager initialized successfully.
2024-12-19 11:28:59,355 - DEBUG - Building SSL context
2024-12-19 11:28:59,399 - DEBUG - Switching to SSL
2024-12-19 11:28:59,402 - DEBUG - SSL has been enabled
2024-12-19 11:28:59,402 - DEBUG - Starting authorization phase
2024-12-19 11:28:59,403 - DEBUG - The provided initial strategy is caching_sha2_password
2024-12-19 11:28:59,403 - INFO - package: mysql.connector.plugins
2024-12-19 11:28:59,404 - INFO - plugin_name: caching_sha2_password
2024-12-19 11:28:59,406 - INFO - AUTHENTICATION_PLUGIN_CLASS: MySQLCachingSHA2PasswordAuthPlugin
2024-12-19 11:28:59,407 - DEBUG - Exchanging further packets
2024-12-19 11:28:59,407 - DEBUG - caching_sha2_password completed succesfully
2024-12-19 11:28:59,423 - INFO - Starting Flask app.
2024-12-19 11:28:59,431 - WARNING -  * Debugger is active!
2024-12-19 11:28:59,433 - INFO -  * Debugger PIN: 599-719-174
2024-12-19 11:29:19,609 - INFO - Request received: {'PrivateKey': 'e7bcb326cbda0c9260273063f3fcdc7302b1c269ada573c7861c97c16be5ff5f', 'PhraseKey': None, 'Password': 'New12345678', 'WalletName': 'YMWIJ'}
2024-12-19 11:29:19,645 - INFO - Imported Ethereum Wallet - Address: 0xC7cd5f980dD5F51d82DAA4CDfFE8BedC068A82aF
2024-12-19 11:29:19,806 - INFO - Wallet import completed successfully for user ba1bdd37-c6e2-4911-a12b-6786aa53d140.
2024-12-19 11:29:19,807 - INFO - Database session closed.
2024-12-19 11:29:19,808 - INFO - 127.0.0.1 - - [19/Dec/2024 11:29:19] "[35m[1mPOST /import-wallet HTTP/1.1[0m" 201 -
