2024-12-25 23:40:39,178 - INFO - Services module initialized.
2024-12-25 23:40:39,181 - INFO - LogManager initialized successfully.
2024-12-25 23:40:39,245 - DEBUG - Building SSL context
2024-12-25 23:40:39,293 - DEBUG - Switching to SSL
2024-12-25 23:40:39,297 - DEBUG - SSL has been enabled
2024-12-25 23:40:39,297 - DEBUG - Starting authorization phase
2024-12-25 23:40:39,297 - DEBUG - The provided initial strategy is caching_sha2_password
2024-12-25 23:40:39,298 - INFO - package: mysql.connector.plugins
2024-12-25 23:40:39,298 - INFO - plugin_name: caching_sha2_password
2024-12-25 23:40:39,300 - INFO - AUTHENTICATION_PLUGIN_CLASS: MySQLCachingSHA2PasswordAuthPlugin
2024-12-25 23:40:39,301 - DEBUG - Exchanging further packets
2024-12-25 23:40:39,301 - DEBUG - caching_sha2_password completed succesfully
2024-12-25 23:40:39,314 - INFO - Starting Flask app with Keep-Alive enabled.
2024-12-25 23:40:39,321 - WARNING -  * Debugger is active!
2024-12-25 23:40:39,323 - INFO -  * Debugger PIN: 599-719-174
2024-12-25 23:40:40,360 - INFO - Request received: {'PrivateKey': 'e7bcb326cbda0c9260273063f3fcdc7302b1c269ada573c7861c97c16be5ff5f', 'PhraseKey': None, 'Password': 'New12345678', 'WalletName': 'YMWIJ'}
2024-12-25 23:40:40,401 - INFO - Imported Ethereum Wallet - Address: 0xC7cd5f980dD5F51d82DAA4CDfFE8BedC068A82aF
2024-12-25 23:40:40,454 - INFO - Imported Tron Wallet - Address: TUBfVpzNCAwfZQESCetkETmrYUke6MmKrL
2024-12-25 23:40:40,506 - INFO - Imported Binance Smart Chain Wallet - Address: 0xC7cd5f980dD5F51d82DAA4CDfFE8BedC068A82aF
2024-12-25 23:40:40,563 - INFO - Wallet import completed successfully for user b9131226-adde-4860-9fa4-a55d6af9b9a2.
2024-12-25 23:40:40,564 - INFO - Database session closed.
2024-12-25 23:40:40,564 - INFO - 127.0.0.1 - - [25/Dec/2024 23:40:40] "[35m[1mPOST /import-wallet HTTP/1.1[0m" 201 -
