2024-12-11 10:51:01,753 - DEBUG - Building SSL context
2024-12-11 10:51:01,797 - DEBUG - Switching to SSL
2024-12-11 10:51:01,801 - DEBUG - SSL has been enabled
2024-12-11 10:51:01,801 - DEBUG - Starting authorization phase
2024-12-11 10:51:01,802 - DEBUG - The provided initial strategy is caching_sha2_password
2024-12-11 10:51:01,802 - INFO - package: mysql.connector.plugins
2024-12-11 10:51:01,803 - INFO - plugin_name: caching_sha2_password
2024-12-11 10:51:01,803 - INFO - AUTHENTICATION_PLUGIN_CLASS: MySQLCachingSHA2PasswordAuthPlugin
2024-12-11 10:51:01,803 - DEBUG - Exchanging further packets
2024-12-11 10:51:01,806 - DEBUG - caching_sha2_password completed succesfully
2024-12-11 10:51:01,822 - INFO - Starting Flask app.
2024-12-11 10:51:01,831 - WARNING -  * Debugger is active!
2024-12-11 10:51:01,833 - INFO -  * Debugger PIN: 599-719-174
2024-12-11 10:51:04,306 - INFO - Imported Tron Wallet - Address: TPHFap8CjSGriZfNinmcqhqsJ53qYoh45o
2024-12-11 10:51:04,313 - ERROR - Error importing wallet: 'Wallet_Name' is an invalid keyword argument for Wallets
Traceback (most recent call last):
  File "c:\Users\kozmos teknoloji\Desktop\CC\WI\import_wallet.py", line 53, in import_wallet
    new_wallet = Wallets(
                 ^^^^^^^^
  File "<string>", line 4, in __init__
  File "C:\Users\kozmos teknoloji\AppData\Roaming\Python\Python312\site-packages\sqlalchemy\orm\state.py", line 571, in _initialize_instance
    with util.safe_reraise():
  File "C:\Users\kozmos teknoloji\AppData\Roaming\Python\Python312\site-packages\sqlalchemy\util\langhelpers.py", line 146, in __exit__
    raise exc_value.with_traceback(exc_tb)
  File "C:\Users\kozmos teknoloji\AppData\Roaming\Python\Python312\site-packages\sqlalchemy\orm\state.py", line 569, in _initialize_instance
    manager.original_init(*mixed[1:], **kwargs)
  File "C:\Users\kozmos teknoloji\AppData\Roaming\Python\Python312\site-packages\sqlalchemy\orm\decl_base.py", line 2167, in _declarative_constructor
    raise TypeError(
TypeError: 'Wallet_Name' is an invalid keyword argument for Wallets
2024-12-11 10:51:04,360 - INFO - 127.0.0.1 - - [11/Dec/2024 10:51:04] "[35m[1mPOST /import-wallet HTTP/1.1[0m" 500 -
2024-12-11 10:52:38,991 - INFO -  * Detected change in 'c:\\Users\\kozmos teknoloji\\Desktop\\CC\\WI\\import_wallet.py', reloading
