2024-12-20 09:10:10,413 - INFO - Services module initialized.
2024-12-20 09:10:10,417 - INFO - LogManager initialized successfully.
2024-12-20 09:10:10,457 - DEBUG - Building SSL context
2024-12-20 09:10:10,512 - DEBUG - Switching to SSL
2024-12-20 09:10:10,515 - DEBUG - SSL has been enabled
2024-12-20 09:10:10,516 - DEBUG - Starting authorization phase
2024-12-20 09:10:10,516 - DEBUG - The provided initial strategy is caching_sha2_password
2024-12-20 09:10:10,517 - INFO - package: mysql.connector.plugins
2024-12-20 09:10:10,517 - INFO - plugin_name: caching_sha2_password
2024-12-20 09:10:10,517 - INFO - AUTHENTICATION_PLUGIN_CLASS: MySQLCachingSHA2PasswordAuthPlugin
2024-12-20 09:10:10,518 - DEBUG - Exchanging further packets
2024-12-20 09:10:10,518 - DEBUG - caching_sha2_password completed succesfully
2024-12-20 09:10:10,530 - INFO - Starting Flask app.
2024-12-20 09:10:10,540 - WARNING -  * Debugger is active!
2024-12-20 09:10:10,543 - INFO -  * Debugger PIN: 599-719-174
2024-12-20 09:10:13,471 - INFO - Attempting to fetch all currencies from the database.
2024-12-20 09:10:13,488 - INFO - Fetched symbols from database: ['1INCH', 'AAVE', 'ACX', 'AEVO', 'ALT', 'AMP', 'ANKR', 'APE', 'ARKM', 'AXL', 'AXS', 'BAT', 'BEAM', 'BGB', 'BLUR', 'BNB', 'BONK', 'CAKE', 'CHEX', 'CHZ', 'COMP', 'CRV', 'CVX', 'DAI', 'DEXE', 'EIGEN', 'ENA', 'ENS', 'ETH', 'ETHDYDX', 'ETHFI', 'FDUSD', 'FLOKI', 'FLZ', 'FRAX', 'GALA', 'GLM', 'GMT', 'GNO', 'GRT', 'GT', 'HOT', 'ID', 'IMX', 'INJ', 'JASMY', 'KAVA', 'KCS', 'LDO', 'LEO', 'LINK', 'LPT', 'MANA', 'MEME', 'MKR', 'MNT', 'MOG', 'NEIRO', 'NEXO', 'NFT', 'OKB', 'OM', 'ONDO', 'PAXG', 'PENDLE', 'PEPE', 'POL', 'PRIME', 'PYUSD', 'QNT', 'RENDER', 'ROSE', 'RSR', 'SAFE', 'SAND', 'SHIB', 'SKL', 'SNX', 'SPX', 'STRK', 'SUPER', 'SUSHI', 'TEL', 'TRAC', 'TRX', 'TURBO', 'TUSD', 'UNI', 'USDC', 'USDD', 'USDe', 'USDT', 'VIRTUAL', 'W', 'WLD', 'WOO', 'XAUt', 'YFI', 'ZBU', 'ZETA', 'ZRO', 'ZRX']
2024-12-20 09:10:13,489 - INFO - Fetching latest prices from CurrencyPriceService.
2024-12-20 09:10:13,489 - INFO - Fetching latest prices for symbols: ['1INCH', 'AAVE', 'ACX', 'AEVO', 'ALT', 'AMP', 'ANKR', 'APE', 'ARKM', 'AXL', 'AXS', 'BAT', 'BEAM', 'BGB', 'BLUR', 'BNB', 'BONK', 'CAKE', 'CHEX', 'CHZ', 'COMP', 'CRV', 'CVX', 'DAI', 'DEXE', 'EIGEN', 'ENA', 'ENS', 'ETH', 'ETHDYDX', 'ETHFI', 'FDUSD', 'FLOKI', 'FLZ', 'FRAX', 'GALA', 'GLM', 'GMT', 'GNO', 'GRT', 'GT', 'HOT', 'ID', 'IMX', 'INJ', 'JASMY', 'KAVA', 'KCS', 'LDO', 'LEO', 'LINK', 'LPT', 'MANA', 'MEME', 'MKR', 'MNT', 'MOG', 'NEIRO', 'NEXO', 'NFT', 'OKB', 'OM', 'ONDO', 'PAXG', 'PENDLE', 'PEPE', 'POL', 'PRIME', 'PYUSD', 'QNT', 'RENDER', 'ROSE', 'RSR', 'SAFE', 'SAND', 'SHIB', 'SKL', 'SNX', 'SPX', 'STRK', 'SUPER', 'SUSHI', 'TEL', 'TRAC', 'TRX', 'TURBO', 'TUSD', 'UNI', 'USDC', 'USDD', 'USDe', 'USDT', 'VIRTUAL', 'W', 'WLD', 'WOO', 'XAUt', 'YFI', 'ZBU', 'ZETA', 'ZRO', 'ZRX'], convert: USD
2024-12-20 09:10:13,491 - DEBUG - Starting new HTTPS connection (1): pro-api.coinmarketcap.com:443
2024-12-20 09:10:14,225 - DEBUG - https://pro-api.coinmarketcap.com:443 "GET /v1/cryptocurrency/quotes/latest?symbol=1INCH%2CAAVE%2CACX%2CAEVO%2CALT%2CAMP%2CANKR%2CAPE%2CARKM%2CAXL%2CAXS%2CBAT%2CBEAM%2CBGB%2CBLUR%2CBNB%2CBONK%2CCAKE%2CCHEX%2CCHZ%2CCOMP%2CCRV%2CCVX%2CDAI%2CDEXE%2CEIGEN%2CENA%2CENS%2CETH%2CETHDYDX%2CETHFI%2CFDUSD%2CFLOKI%2CFLZ%2CFRAX%2CGALA%2CGLM%2CGMT%2CGNO%2CGRT%2CGT%2CHOT%2CID%2CIMX%2CINJ%2CJASMY%2CKAVA%2CKCS%2CLDO%2CLEO%2CLINK%2CLPT%2CMANA%2CMEME%2CMKR%2CMNT%2CMOG%2CNEIRO%2CNEXO%2CNFT%2COKB%2COM%2CONDO%2CPAXG%2CPENDLE%2CPEPE%2CPOL%2CPRIME%2CPYUSD%2CQNT%2CRENDER%2CROSE%2CRSR%2CSAFE%2CSAND%2CSHIB%2CSKL%2CSNX%2CSPX%2CSTRK%2CSUPER%2CSUSHI%2CTEL%2CTRAC%2CTRX%2CTURBO%2CTUSD%2CUNI%2CUSDC%2CUSDD%2CUSDe%2CUSDT%2CVIRTUAL%2CW%2CWLD%2CWOO%2CXAUt%2CYFI%2CZBU%2CZETA%2CZRO%2CZRX&convert=USD HTTP/1.1" 200 None
2024-12-20 09:10:14,228 - INFO - Prices fetched successfully: {'1INCH': 0.38582291413286973, 'AAVE': 308.4141248665858, 'ACX': 0.5720121041304179, 'AEVO': 0.36770224297008774, 'ALT': 0.12398547539982176, 'AMP': 0.008415822343695239, 'ANKR': 0.03533082710739421, 'APE': 1.1716698003902675, 'ARKM': 1.5352331872841924, 'AXL': 0.734700456415221, 'AXS': 6.057068008879691, 'BAT': 0.2290372013896848, 'BEAM': 0.025034070212416583, 'BGB': 4.252168487306518, 'BLUR': 0.2710427327778292, 'BNB': 672.007853928981, 'BONK': 2.9387826025150286e-05, 'CAKE': 2.3509984902225782, 'CHEX': 0.6451998548161998, 'CHZ': 0.08600642842376868, 'COMP': 82.04050321825204, 'CRV': 0.8245889559231565, 'CVX': 4.12778898913472, 'DAI': 0.9997275569017162, 'DEXE': 7.966362636074387, 'EIGEN': 4.101432318341709, 'ENA': 0.9485304695881663, 'ENS': 35.67528234563674, 'ETH': 3367.90805527601, 'ETHDYDX': 1.5007233082620632, 'ETHFI': 2.063987919124934, 'FDUSD': 0.9972580440406658, 'FLOKI': 0.00017147413663034988, 'FLZ': 2.092672902243412, 'FRAX': 0.994130239869033, 'GALA': 0.035810926114305995, 'GLM': 0.35650048359906855, 'GMT': 0.1435154802073027, 'GNO': 248.02688799101648, 'GRT': 0.20991507114150848, 'GT': 12.682668846804173, 'HOT': 0.002365627978767758, 'ID': 0.40649273626953825, 'IMX': 1.4032435041733757, 'INJ': 21.83244045301933, 'JASMY': 0.034039320297231404, 'KAVA': 0.42703310626670576, 'KCS': 11.103969981836517, 'LDO': 1.5815951954811358, 'LEO': 9.059503793809201, 'LINK': 22.71895454490147, 'LPT': 12.501672673549933, 'MANA': 0.48836093964152716, 'MEME': 0.010514311398861019, 'MKR': 1664.5762620454018, 'MNT': 1.157743096374764, 'MOG': 2.315542835860946e-06, 'NEIRO': 0.000985491949460642, 'NEXO': 1.3503527336954066, 'NFT': 5.226375982083956e-07, 'OKB': 45.82373007035337, 'OM': 3.9516082268584203, 'ONDO': 1.6957319538669235, 'PAXG': 2619.5109570820805, 'PENDLE': 4.782993472937371, 'PEPE': 1.677962872209815e-05, 'POL': 0.4770500287795943, 'PRIME': 10.748454427275956, 'PYUSD': 1.0000112754536241, 'QNT': 108.12975507975257, 'RENDER': 7.175040452111853, 'ROSE': 0.08333607840334464, 'RSR': 0.01080867434743917, 'SAFE': 1.0301956265654644, 'SAND': 0.5503264392650399, 'SHIB': 2.1862959116837436e-05, 'SKL': 0.04860906140949164, 'SNX': 2.1470380035692336, 'SPX': 0.6008475141247613, 'STRK': 0.48812739392372134, 'SUPER': 1.5232601187891488, 'SUSHI': 1.4992922151626635, 'TEL': 0.005629131254648067, 'TRAC': 0.8359958170037607, 'TRX': 0.2497330294258398, 'TURBO': 0.008259970718201459, 'TUSD': 1.001572561589012, 'UNI': 12.812792878644784, 'USDC': 0.9999742096101922, 'USDD': 0.9972316739772253, 'USDe': 0.9974095452779652, 'USDT': 0.9990760510160897, 'VIRTUAL': 2.1342643727405086, 'W': 0.2720601004937468, 'WLD': 2.266125075606416, 'WOO': 0.2127720549420617, 'XAUt': 2606.138428579196, 'YFI': 8537.457769355431, 'ZBU': 4.499218907857474, 'ZETA': 0.5786145361540724, 'ZRO': 5.447736990894347, 'ZRX': 0.4617550622989342}
2024-12-20 09:10:14,230 - INFO - Prices fetched successfully.
2024-12-20 09:10:14,231 - INFO - 127.0.0.1 - - [20/Dec/2024 09:10:14] "GET /prices HTTP/1.1" 200 -
2024-12-20 09:14:02,191 - INFO -  * Detected change in 'c:\\Users\\kozmos teknoloji\\Desktop\\CC\\CU\\CurrencyUpdate.py', reloading
