2024-12-11 10:35:10,218 - DEBUG - Building SSL context
2024-12-11 10:35:10,261 - DEBUG - Switching to SSL
2024-12-11 10:35:10,265 - DEBUG - SSL has been enabled
2024-12-11 10:35:10,266 - DEBUG - Starting authorization phase
2024-12-11 10:35:10,266 - DEBUG - The provided initial strategy is caching_sha2_password
2024-12-11 10:35:10,266 - INFO - package: mysql.connector.plugins
2024-12-11 10:35:10,266 - INFO - plugin_name: caching_sha2_password
2024-12-11 10:35:10,266 - INFO - AUTHENTICATION_PLUGIN_CLASS: MySQLCachingSHA2PasswordAuthPlugin
2024-12-11 10:35:10,267 - DEBUG - Exchanging further packets
2024-12-11 10:35:10,267 - DEBUG - caching_sha2_password completed succesfully
2024-12-11 10:35:10,280 - INFO - Starting Flask app.
2024-12-11 10:35:10,286 - WARNING -  * Debugger is active!
2024-12-11 10:35:10,289 - INFO -  * Debugger PIN: 599-719-174
2024-12-11 10:35:11,233 - ERROR - Error importing wallet: non-hexadecimal number found in fromhex() arg at position 1
Traceback (most recent call last):
  File "c:\Users\kozmos teknoloji\Desktop\CC\WI\import_wallet.py", line 31, in import_wallet
    eth_priv_key = eth_keys.PrivateKey(bytes.fromhex(private_key))
                                       ^^^^^^^^^^^^^^^^^^^^^^^^^^
ValueError: non-hexadecimal number found in fromhex() arg at position 1
2024-12-11 10:35:11,236 - INFO - 127.0.0.1 - - [11/Dec/2024 10:35:11] "[35m[1mPOST /import-wallet HTTP/1.1[0m" 500 -
