2025-01-31 06:19:48,489 - DEBUG - Building SSL context
2025-01-31 06:19:48,526 - DEBUG - Switching to SSL
2025-01-31 06:19:48,529 - DEBUG - SSL has been enabled
2025-01-31 06:19:48,530 - DEBUG - Starting authorization phase
2025-01-31 06:19:48,530 - DEBUG - The provided initial strategy is caching_sha2_password
2025-01-31 06:19:48,531 - INFO - package: mysql.connector.plugins
2025-01-31 06:19:48,531 - INFO - plugin_name: caching_sha2_password
2025-01-31 06:19:48,531 - INFO - AUTHENTICATION_PLUGIN_CLASS: MySQLCachingSHA2PasswordAuthPlugin
2025-01-31 06:19:48,532 - DEBUG - Exchanging further packets
2025-01-31 06:19:48,533 - DEBUG - caching_sha2_password completed succesfully
2025-01-31 06:19:48,549 - INFO - Starting Flask app with Keep-Alive enabled.
2025-01-31 06:19:48,555 - WARNING -  * Debugger is active!
2025-01-31 06:19:48,558 - INFO -  * Debugger PIN: 117-061-111
2025-01-31 06:19:49,333 - INFO - New user created: <User(UserID=8b487589-fb21-4653-a2aa-1436ca5dba33, ID=None, Email='None')>
2025-01-31 06:19:49,334 - INFO - Wallet created (wallet name not stored): <Wallet(WalletID=8eba69e6-f85a-41ce-8a70-dbe9717ede3b, UserID=8b487589-fb21-4653-a2aa-1436ca5dba33, IsMultiSig=False, RequiredSignatures='1')>
2025-01-31 06:19:49,335 - INFO - Generated Mnemonic: chaos taxi laugh bulb film occur dune repair sell rotate crime fiscal
2025-01-31 06:19:49,346 - ERROR - Error in generate_wallet: type object 'Bip44' has no attribute 'FromSeedAndPath'
Traceback (most recent call last):
  File "c:\Users\kozmos teknoloji\Desktop\CC\generate\generate.py", line 151, in generate_wallet
    solana_ctx = Bip44.FromSeedAndPath(seed_bytes, "m/44'/501'/0'/0'")
                ^^^^^^^^^^^^^^^^^^^^^
AttributeError: type object 'Bip44' has no attribute 'FromSeedAndPath'
2025-01-31 06:19:49,348 - DEBUG - Database session closed.
2025-01-31 06:19:49,349 - INFO - 127.0.0.1 - - [31/Jan/2025 06:19:49] "[35m[1mPOST /generate-wallet HTTP/1.1[0m" 500 -
