2025-01-03 09:26:59,821 - INFO - Services module initialized.
2025-01-03 09:26:59,826 - INFO - LogManager initialized successfully.
2025-01-03 09:26:59,867 - DEBUG - Building SSL context
2025-01-03 09:26:59,905 - DEBUG - Switching to SSL
2025-01-03 09:26:59,908 - DEBUG - SSL has been enabled
2025-01-03 09:26:59,908 - DEBUG - Starting authorization phase
2025-01-03 09:26:59,908 - DEBUG - The provided initial strategy is caching_sha2_password
2025-01-03 09:26:59,908 - INFO - package: mysql.connector.plugins
2025-01-03 09:26:59,909 - INFO - plugin_name: caching_sha2_password
2025-01-03 09:26:59,911 - INFO - AUTHENTICATION_PLUGIN_CLASS: MySQLCachingSHA2PasswordAuthPlugin
2025-01-03 09:26:59,912 - DEBUG - Exchanging further packets
2025-01-03 09:26:59,912 - DEBUG - caching_sha2_password completed succesfully
2025-01-03 09:26:59,928 - INFO - Starting Flask app with Keep-Alive enabled.
2025-01-03 09:26:59,944 - INFO - [31m[1mWARNING: This is a development server. Do not use it in a production deployment. Use a production WSGI server instead.[0m
 * Running on all addresses (0.0.0.0)
 * Running on http://127.0.0.1:5000
 * Running on http://192.168.1.35:5000
2025-01-03 09:26:59,945 - INFO - [33mPress CTRL+C to quit[0m
2025-01-03 09:26:59,947 - INFO -  * Restarting with stat
2025-01-03 09:27:20,091 - INFO -  * Restarting with stat
