2025-03-02 15:15:56,359 - DEBUG - Consider installing rusty-rlp to improve pyrlp performance with a rust basedbackend. Not currently functional for Python 3.11
2025-03-02 15:15:56,989 - INFO - Initializing wallet generation module
2025-03-02 15:15:56,990 - INFO - Initializing wallet import module
2025-03-02 15:15:56,992 - INFO - Initializing currency update module
2025-03-02 15:15:56,995 - INFO - Initializing currency post module
2025-03-02 15:15:56,997 - INFO - Initializing phrase key module
2025-03-02 15:15:56,998 - INFO - Initializing receive transaction module
2025-03-02 15:15:57,001 - INFO - Initializing gas fee module
2025-03-02 15:15:57,005 - INFO - Starting IronWallet application
2025-03-02 15:15:57,057 - DEBUG - Building SSL context
2025-03-02 15:15:57,096 - DEBUG - Switching to SSL
2025-03-02 15:15:57,099 - DEBUG - SSL has been enabled
2025-03-02 15:15:57,099 - DEBUG - Starting authorization phase
2025-03-02 15:15:57,100 - DEBUG - The provided initial strategy is caching_sha2_password
2025-03-02 15:15:57,100 - INFO - package: mysql.connector.plugins
2025-03-02 15:15:57,100 - INFO - plugin_name: caching_sha2_password
2025-03-02 15:15:57,101 - INFO - AUTHENTICATION_PLUGIN_CLASS: MySQLCachingSHA2PasswordAuthPlugin
2025-03-02 15:15:57,102 - DEBUG - Exchanging further packets
2025-03-02 15:15:57,102 - DEBUG - caching_sha2_password completed succesfully
2025-03-02 15:15:57,139 - WARNING -  * Debugger is active!
2025-03-02 15:15:57,141 - INFO -  * Debugger PIN: 102-041-039
2025-03-02 15:16:21,426 - INFO -  * Detected change in 'c:\\Users\\kozmos teknoloji\\Desktop\\CC\\security\\validators.py', reloading
