2025-01-31 06:12:22,601 - DEBUG - Building SSL context
2025-01-31 06:12:22,644 - DEBUG - Switching to SSL
2025-01-31 06:12:22,647 - DEBUG - SSL has been enabled
2025-01-31 06:12:22,647 - DEBUG - Starting authorization phase
2025-01-31 06:12:22,648 - DEBUG - The provided initial strategy is caching_sha2_password
2025-01-31 06:12:22,648 - INFO - package: mysql.connector.plugins
2025-01-31 06:12:22,648 - INFO - plugin_name: caching_sha2_password
2025-01-31 06:12:22,648 - INFO - AUTHENTICATION_PLUGIN_CLASS: MySQLCachingSHA2PasswordAuthPlugin
2025-01-31 06:12:22,649 - DEBUG - Exchanging further packets
2025-01-31 06:12:22,649 - DEBUG - caching_sha2_password completed succesfully
2025-01-31 06:12:22,663 - INFO - Starting Flask app with Keep-Alive enabled.
2025-01-31 06:12:22,669 - WARNING -  * Debugger is active!
2025-01-31 06:12:22,672 - INFO -  * Debugger PIN: 117-061-111
2025-01-31 06:12:23,315 - INFO - New user created: <User(UserID=e44fc183-c568-42a4-a156-2318e06cc50e, ID=None, Email='None')>
2025-01-31 06:12:23,316 - INFO - Wallet created (wallet name not stored): <Wallet(WalletID=dbf02815-35d2-4349-a845-cff150df3774, UserID=e44fc183-c568-42a4-a156-2318e06cc50e, IsMultiSig=False, RequiredSignatures='1')>
2025-01-31 06:12:23,328 - INFO - Generated Mnemonic: dragon hobby reduce resist glow load history physical search enlist mercy payment
2025-01-31 06:12:23,367 - ERROR - Error in generate_wallet: Change index is not an enumerative of Bip44Changes
Traceback (most recent call last):
  File "c:\Users\kozmos teknoloji\Desktop\CC\generate\generate.py", line 152, in generate_wallet
    solana_acc = bip44_solana.Purpose().Coin().Account(0).Change(0).AddressIndex(0)
                 ^^^^^^^^^^^^^^^^^^^^^^^^^^^^^^^^^^^^^^^^^^^^^^^^^^
  File "C:\Users\kozmos teknoloji\AppData\Roaming\Python\Python312\site-packages\bip_utils\bip\bip44\bip44.py", line 220, in Change
    return self._ChangeGeneric(change_type)
           ^^^^^^^^^^^^^^^^^^^^^^^^^^^^^^^^
  File "C:\Users\kozmos teknoloji\AppData\Roaming\Python\Python312\site-packages\bip_utils\bip\bip44_base\bip44_base.py", line 399, in _ChangeGeneric
    raise TypeError("Change index is not an enumerative of Bip44Changes")
TypeError: Change index is not an enumerative of Bip44Changes
2025-01-31 06:12:23,369 - DEBUG - Database session closed.
2025-01-31 06:12:23,370 - INFO - 127.0.0.1 - - [31/Jan/2025 06:12:23] "[35m[1mPOST /generate-wallet HTTP/1.1[0m" 500 -
