2025-01-31 12:44:17,795 - DEBUG - Building SSL context
2025-01-31 12:44:17,833 - DEBUG - Switching to SSL
2025-01-31 12:44:17,836 - DEBUG - SSL has been enabled
2025-01-31 12:44:17,837 - DEBUG - Starting authorization phase
2025-01-31 12:44:17,837 - DEBUG - The provided initial strategy is caching_sha2_password
2025-01-31 12:44:17,838 - INFO - package: mysql.connector.plugins
2025-01-31 12:44:17,838 - INFO - plugin_name: caching_sha2_password
2025-01-31 12:44:17,838 - INFO - AUTHENTICATION_PLUGIN_CLASS: MySQLCachingSHA2PasswordAuthPlugin
2025-01-31 12:44:17,839 - DEBUG - Exchanging further packets
2025-01-31 12:44:17,840 - DEBUG - caching_sha2_password completed succesfully
2025-01-31 12:44:17,851 - INFO - Starting Flask app with Keep-Alive enabled.
2025-01-31 12:44:17,858 - WARNING -  * Debugger is active!
2025-01-31 12:44:17,861 - INFO -  * Debugger PIN: 117-061-111
2025-01-31 12:44:20,616 - INFO - New user created: <User(UserID=1de17ece-4db5-4820-95b4-7316f628e937, ID=None, Email='None')>
2025-01-31 12:44:20,617 - INFO - Wallet created (wallet name not stored): <Wallet(WalletID=121ef6a8-f114-469f-98e8-c96a5822f401, UserID=1de17ece-4db5-4820-95b4-7316f628e937, IsMultiSig=False, RequiredSignatures='1')>
2025-01-31 12:44:20,618 - INFO - Generated Mnemonic: entry sleep arch short task around wage taste design bitter prevent bacon
2025-01-31 12:44:20,633 - INFO - Address created for Ethereum: <Address(AddressID=None, PublicAddress='0x7609a9238bD59286Ba7E178f17125bFdfAc581D2')>
2025-01-31 12:44:20,634 - INFO - Address created for Tron: <Address(AddressID=None, PublicAddress='TWsXemn39GqYXp9ZKPoQw1UVAR57wz9R3i')>
2025-01-31 12:44:20,635 - INFO - Address created for Binance Smart Chain: <Address(AddressID=None, PublicAddress='0x7609a9238bD59286Ba7E178f17125bFdfAc581D2')>
2025-01-31 12:44:20,637 - INFO - Address created for Bitcoin: <Address(AddressID=None, PublicAddress='bc1qasvn7kghhmxncvd30d08rder4klqrz0lhlnj8n')>
2025-01-31 12:44:20,637 - INFO - Address created for Polygon: <Address(AddressID=None, PublicAddress='0x7609a9238bD59286Ba7E178f17125bFdfAc581D2')>
2025-01-31 12:44:20,637 - INFO - Address created for Arbitrum: <Address(AddressID=None, PublicAddress='0x7609a9238bD59286Ba7E178f17125bFdfAc581D2')>
2025-01-31 12:44:20,637 - INFO - Address created for XRP: <Address(AddressID=None, PublicAddress='rUghskTaB44Pt7siZK7GEWfNdNaRCxWQKs')>
2025-01-31 12:44:20,638 - INFO - Address created for Solana: <Address(AddressID=None, PublicAddress='HVu6BCdAXZyCC1375LRuX2Vd55DrabUngJS1BnDjtNQx')>
2025-01-31 12:44:20,638 - INFO - Address created for Avalanche: <Address(AddressID=None, PublicAddress='0x7609a9238bD59286Ba7E178f17125bFdfAc581D2')>
2025-01-31 12:44:20,639 - INFO - Address created for Polkadot: <Address(AddressID=None, PublicAddress='14gHCKckL3E2bSeG6hXjxsZPnDVkALgLd5mAF6vJpMb8yrJY')>
2025-01-31 12:44:20,659 - DEBUG - Database session closed.
2025-01-31 12:44:20,660 - INFO - 127.0.0.1 - - [31/Jan/2025 12:44:20] "[35m[1mPOST /generate-wallet HTTP/1.1[0m" 201 -
