2025-02-02 02:20:37,795 - DEBUG - Building SSL context
2025-02-02 02:20:37,837 - DEBUG - Switching to SSL
2025-02-02 02:20:37,841 - DEBUG - SSL has been enabled
2025-02-02 02:20:37,841 - DEBUG - Starting authorization phase
2025-02-02 02:20:37,842 - DEBUG - The provided initial strategy is caching_sha2_password
2025-02-02 02:20:37,842 - INFO - package: mysql.connector.plugins
2025-02-02 02:20:37,842 - INFO - plugin_name: caching_sha2_password
2025-02-02 02:20:37,843 - INFO - AUTHENTICATION_PLUGIN_CLASS: MySQLCachingSHA2PasswordAuthPlugin
2025-02-02 02:20:37,843 - DEBUG - Exchanging further packets
2025-02-02 02:20:37,844 - DEBUG - caching_sha2_password completed succesfully
2025-02-02 02:20:37,856 - INFO - Starting Flask app with Keep-Alive enabled.
2025-02-02 02:20:37,864 - WARNING -  * Debugger is active!
2025-02-02 02:20:37,866 - INFO -  * Debugger PIN: 117-061-111
2025-02-02 02:20:39,159 - INFO - Fetching balance for user 8a4365bc-1346-4846-acfe-92c3bbd49b24
2025-02-02 02:20:39,167 - INFO - Processing wallet 038cce73-7511-4b04-b249-26f3ac5edbe4 for user 8a4365bc-1346-4846-acfe-92c3bbd49b24
2025-02-02 02:20:39,171 - INFO - Processing address bc1qec4k5vxnra0w7yjnv39jsxfp2xm46czef8mygt on blockchain 4
2025-02-02 02:20:39,180 - INFO - Processing address 0x330C898e12e8929bc83D26b02c91F0FBC9e5a6c9 on blockchain 1
2025-02-02 02:20:39,213 - INFO - Processing currency MoonBag ($MBAG)
2025-02-02 02:20:39,215 - DEBUG - Starting new HTTP connection (1): localhost:3000
2025-02-02 02:20:43,308 - ERROR - Error fetching balance: HTTPConnectionPool(host='localhost', port=3000): Max retries exceeded with url: /api/blockchain (Caused by NewConnectionError('<urllib3.connection.HTTPConnection object at 0x0000019AD42D7D10>: Failed to establish a new connection: [WinError 10061] No connection could be made because the target machine actively refused it'))
2025-02-02 02:20:43,316 - INFO - 127.0.0.1 - - [02/Feb/2025 02:20:43] "[35m[1mGET /balance HTTP/1.1[0m" 500 -
