2025-01-11 11:14:03,655 - INFO - Services module initialized.
2025-01-11 11:14:03,658 - INFO - LogManager initialized successfully.
2025-01-11 11:14:03,716 - DEBUG - Building SSL context
2025-01-11 11:14:03,760 - DEBUG - Switching to SSL
2025-01-11 11:14:03,763 - DEBUG - SSL has been enabled
2025-01-11 11:14:03,764 - DEBUG - Starting authorization phase
2025-01-11 11:14:03,764 - DEBUG - The provided initial strategy is caching_sha2_password
2025-01-11 11:14:03,765 - INFO - package: mysql.connector.plugins
2025-01-11 11:14:03,765 - INFO - plugin_name: caching_sha2_password
2025-01-11 11:14:03,767 - INFO - AUTHENTICATION_PLUGIN_CLASS: MySQLCachingSHA2PasswordAuthPlugin
2025-01-11 11:14:03,767 - DEBUG - Exchanging further packets
2025-01-11 11:14:03,768 - DEBUG - caching_sha2_password completed succesfully
2025-01-11 11:14:03,780 - INFO - Starting Flask app with Keep-Alive enabled.
2025-01-11 11:14:03,787 - WARNING -  * Debugger is active!
2025-01-11 11:14:03,789 - INFO -  * Debugger PIN: 599-719-174
2025-01-11 11:14:05,425 - INFO - Received a request to fetch currency prices based on UserID and CurrencyID list.
2025-01-11 11:14:05,426 - INFO - Fetching price for these symbols ['ETH', 'SHIB'], requested by UserID: ec99e22a-653c-44b8-a1a8-9347464666d7
2025-01-11 11:14:05,443 - INFO - Fetched these symbols from database: ['ETH', 'SHIB']
2025-01-11 11:14:05,443 - INFO - Fetching latest prices for symbols: ['ETH', 'SHIB'], convert: USD
2025-01-11 11:14:05,445 - DEBUG - Starting new HTTPS connection (1): pro-api.coinmarketcap.com:443
2025-01-11 11:14:05,753 - DEBUG - https://pro-api.coinmarketcap.com:443 "GET /v1/cryptocurrency/quotes/latest?symbol=ETH%2CSHIB&convert=USD HTTP/1.1" 200 None
2025-01-11 11:14:05,754 - INFO - Prices fetched successfully: {'ETH': 3234.9479712392513, 'SHIB': 2.160738198664934e-05}
2025-01-11 11:14:05,757 - INFO - Fetching latest prices for symbols: ['ETH', 'SHIB'], convert: CAD
2025-01-11 11:14:05,758 - DEBUG - Starting new HTTPS connection (1): pro-api.coinmarketcap.com:443
2025-01-11 11:14:05,938 - DEBUG - https://pro-api.coinmarketcap.com:443 "GET /v1/cryptocurrency/quotes/latest?symbol=ETH%2CSHIB&convert=CAD HTTP/1.1" 200 None
2025-01-11 11:14:05,938 - INFO - Prices fetched successfully: {'ETH': 4666.250701114028, 'SHIB': 3.116756814664214e-05}
2025-01-11 11:14:05,939 - INFO - Fetching latest prices for symbols: ['ETH', 'SHIB'], convert: AUD
2025-01-11 11:14:05,939 - DEBUG - Starting new HTTPS connection (1): pro-api.coinmarketcap.com:443
2025-01-11 11:14:06,114 - DEBUG - https://pro-api.coinmarketcap.com:443 "GET /v1/cryptocurrency/quotes/latest?symbol=ETH%2CSHIB&convert=AUD HTTP/1.1" 200 None
2025-01-11 11:14:06,115 - INFO - Prices fetched successfully: {'ETH': 5265.214257780859, 'SHIB': 3.516826135099821e-05}
2025-01-11 11:14:06,116 - INFO - Fetching latest prices for symbols: ['ETH', 'SHIB'], convert: GBP
2025-01-11 11:14:06,117 - DEBUG - Starting new HTTPS connection (1): pro-api.coinmarketcap.com:443
2025-01-11 11:14:06,289 - DEBUG - https://pro-api.coinmarketcap.com:443 "GET /v1/cryptocurrency/quotes/latest?symbol=ETH%2CSHIB&convert=GBP HTTP/1.1" 200 None
2025-01-11 11:14:06,290 - INFO - Prices fetched successfully: {'ETH': 2649.636218505846, 'SHIB': 1.769787409501513e-05}
2025-01-11 11:14:06,290 - INFO - Fetching latest prices for symbols: ['ETH', 'SHIB'], convert: EUR
2025-01-11 11:14:06,291 - DEBUG - Starting new HTTPS connection (1): pro-api.coinmarketcap.com:443
2025-01-11 11:14:06,470 - DEBUG - https://pro-api.coinmarketcap.com:443 "GET /v1/cryptocurrency/quotes/latest?symbol=ETH%2CSHIB&convert=EUR HTTP/1.1" 200 None
2025-01-11 11:14:06,471 - INFO - Prices fetched successfully: {'ETH': 3154.0451574265276, 'SHIB': 2.106700297054522e-05}
2025-01-11 11:14:06,471 - INFO - Fetching latest prices for symbols: ['ETH', 'SHIB'], convert: KWD
2025-01-11 11:14:06,472 - DEBUG - Starting new HTTPS connection (1): pro-api.coinmarketcap.com:443
2025-01-11 11:14:06,667 - DEBUG - https://pro-api.coinmarketcap.com:443 "GET /v1/cryptocurrency/quotes/latest?symbol=ETH%2CSHIB&convert=KWD HTTP/1.1" 200 None
2025-01-11 11:14:06,669 - INFO - Prices fetched successfully: {'ETH': 996.9009765049151, 'SHIB': 6.658660477297781e-06}
2025-01-11 11:14:06,669 - INFO - Fetching latest prices for symbols: ['ETH', 'SHIB'], convert: TRY
2025-01-11 11:14:06,669 - DEBUG - Starting new HTTPS connection (1): pro-api.coinmarketcap.com:443
2025-01-11 11:14:06,840 - DEBUG - https://pro-api.coinmarketcap.com:443 "GET /v1/cryptocurrency/quotes/latest?symbol=ETH%2CSHIB&convert=TRY HTTP/1.1" 200 None
2025-01-11 11:14:06,841 - INFO - Prices fetched successfully: {'ETH': 114521.3636142167, 'SHIB': 0.0007649294119238665}
2025-01-11 11:14:06,842 - INFO - Fetching latest prices for symbols: ['ETH', 'SHIB'], convert: IRR
2025-01-11 11:14:06,844 - DEBUG - Starting new HTTPS connection (1): pro-api.coinmarketcap.com:443
2025-01-11 11:14:07,028 - DEBUG - https://pro-api.coinmarketcap.com:443 "GET /v1/cryptocurrency/quotes/latest?symbol=ETH%2CSHIB&convert=IRR HTTP/1.1" 200 None
2025-01-11 11:14:07,030 - INFO - Prices fetched successfully: {'ETH': 136150872.73966813, 'SHIB': 0.9094006893640135}
2025-01-11 11:14:07,030 - INFO - Fetching latest prices for symbols: ['ETH', 'SHIB'], convert: SAR
2025-01-11 11:14:07,031 - DEBUG - Starting new HTTPS connection (1): pro-api.coinmarketcap.com:443
2025-01-11 11:14:07,203 - DEBUG - https://pro-api.coinmarketcap.com:443 "GET /v1/cryptocurrency/quotes/latest?symbol=ETH%2CSHIB&convert=SAR HTTP/1.1" 200 None
2025-01-11 11:14:07,204 - INFO - Prices fetched successfully: {'ETH': 12131.054892147042, 'SHIB': 8.102768244993402e-05}
2025-01-11 11:14:07,205 - INFO - Fetching latest prices for symbols: ['ETH', 'SHIB'], convert: CNY
2025-01-11 11:14:07,206 - DEBUG - Starting new HTTPS connection (1): pro-api.coinmarketcap.com:443
2025-01-11 11:14:07,375 - DEBUG - https://pro-api.coinmarketcap.com:443 "GET /v1/cryptocurrency/quotes/latest?symbol=ETH%2CSHIB&convert=CNY HTTP/1.1" 200 None
2025-01-11 11:14:07,376 - INFO - Prices fetched successfully: {'ETH': 23720.90298870619, 'SHIB': 0.0001584404498935045}
2025-01-11 11:14:07,377 - INFO - Fetching latest prices for symbols: ['ETH', 'SHIB'], convert: KRW
2025-01-11 11:14:07,378 - DEBUG - Starting new HTTPS connection (1): pro-api.coinmarketcap.com:443
2025-01-11 11:14:07,552 - DEBUG - https://pro-api.coinmarketcap.com:443 "GET /v1/cryptocurrency/quotes/latest?symbol=ETH%2CSHIB&convert=KRW HTTP/1.1" 200 None
2025-01-11 11:14:07,553 - INFO - Prices fetched successfully: {'ETH': 4768717.678106578, 'SHIB': 0.03185198197109295}
2025-01-11 11:14:07,554 - INFO - Fetching latest prices for symbols: ['ETH', 'SHIB'], convert: JPY
2025-01-11 11:14:07,555 - DEBUG - Starting new HTTPS connection (1): pro-api.coinmarketcap.com:443
2025-01-11 11:14:07,744 - DEBUG - https://pro-api.coinmarketcap.com:443 "GET /v1/cryptocurrency/quotes/latest?symbol=ETH%2CSHIB&convert=JPY HTTP/1.1" 200 None
2025-01-11 11:14:07,747 - INFO - Prices fetched successfully: {'ETH': 510102.7708447079, 'SHIB': 0.0034071600285637766}
2025-01-11 11:14:07,749 - INFO - 127.0.0.1 - - [11/Jan/2025 11:14:07] "POST /prices HTTP/1.1" 200 -
