2025-01-29 03:51:12,987 - DEBUG - Building SSL context
2025-01-29 03:51:13,027 - DEBUG - Switching to SSL
2025-01-29 03:51:13,030 - DEBUG - SSL has been enabled
2025-01-29 03:51:13,031 - DEBUG - Starting authorization phase
2025-01-29 03:51:13,031 - DEBUG - The provided initial strategy is caching_sha2_password
2025-01-29 03:51:13,031 - INFO - package: mysql.connector.plugins
2025-01-29 03:51:13,032 - INFO - plugin_name: caching_sha2_password
2025-01-29 03:51:13,032 - INFO - AUTHENTICATION_PLUGIN_CLASS: MySQLCachingSHA2PasswordAuthPlugin
2025-01-29 03:51:13,033 - DEBUG - Exchanging further packets
2025-01-29 03:51:13,033 - DEBUG - caching_sha2_password completed succesfully
2025-01-29 03:51:13,048 - INFO - Starting Flask app with Keep-Alive enabled.
2025-01-29 03:51:13,053 - WARNING -  * Debugger is active!
2025-01-29 03:51:13,056 - INFO -  * Debugger PIN: 117-061-111
2025-01-29 03:51:14,558 - INFO - New user created: <User(UserID=9417b938-e0ad-49e0-a3f5-31be877d48e2, ID=None, Email='None')>
2025-01-29 03:51:14,558 - INFO - Wallet created (wallet name not stored): <Wallet(WalletID=b6678347-3335-4041-8ef4-5d2403517a25, UserID=9417b938-e0ad-49e0-a3f5-31be877d48e2, IsMultiSig=False, RequiredSignatures='1')>
2025-01-29 03:51:14,560 - INFO - Generated Mnemonic: list ivory prevent buddy rate balance harbor riot left autumn cross file
2025-01-29 03:51:14,578 - INFO - Address created for Ethereum: <Address(AddressID=None, PublicAddress='0x8b1f55A04F1BDF13FDf94A9CB9F58269109a73aD')>
2025-01-29 03:51:14,579 - INFO - Address created for Tron: <Address(AddressID=None, PublicAddress='TQafB6pRd7PkQjAYjF49fP5FvxaZ9DSS53')>
2025-01-29 03:51:14,580 - INFO - Address created for Binance Smart Chain: <Address(AddressID=None, PublicAddress='0x8b1f55A04F1BDF13FDf94A9CB9F58269109a73aD')>
2025-01-29 03:51:14,580 - INFO - Address created for Bitcoin: <Address(AddressID=None, PublicAddress='bc1qatltgmh00y929xx4mhu66h9q4jm7cn97hcdel9')>
2025-01-29 03:51:14,581 - INFO - Address created for Polygon: <Address(AddressID=None, PublicAddress='0x8b1f55A04F1BDF13FDf94A9CB9F58269109a73aD')>
2025-01-29 03:51:14,581 - INFO - Address created for Arbitrum: <Address(AddressID=None, PublicAddress='0x8b1f55A04F1BDF13FDf94A9CB9F58269109a73aD')>
2025-01-29 03:51:14,581 - WARNING - Skipping blockchain: Solana (not recognized).
2025-01-29 03:51:14,582 - ERROR - Error in generate_wallet: Unsupported blockchain in DB
Traceback (most recent call last):
  File "c:\Users\kozmos teknoloji\Desktop\CC\generate\generate.py", line 180, in generate_wallet
    raise ValueError("Unsupported blockchain in DB")
ValueError: Unsupported blockchain in DB
2025-01-29 03:51:14,583 - DEBUG - Database session closed.
2025-01-29 03:51:14,584 - INFO - 127.0.0.1 - - [29/Jan/2025 03:51:14] "[35m[1mPOST /generate-wallet HTTP/1.1[0m" 500 -
