2025-01-03 05:58:16,242 - INFO - Services module initialized.
2025-01-03 05:58:16,245 - INFO - LogManager initialized successfully.
2025-01-03 05:58:16,289 - DEBUG - Building SSL context
2025-01-03 05:58:16,339 - DEBUG - Switching to SSL
2025-01-03 05:58:16,343 - DEBUG - SSL has been enabled
2025-01-03 05:58:16,343 - DEBUG - Starting authorization phase
2025-01-03 05:58:16,344 - DEBUG - The provided initial strategy is caching_sha2_password
2025-01-03 05:58:16,344 - INFO - package: mysql.connector.plugins
2025-01-03 05:58:16,344 - INFO - plugin_name: caching_sha2_password
2025-01-03 05:58:16,347 - INFO - AUTHENTICATION_PLUGIN_CLASS: MySQLCachingSHA2PasswordAuthPlugin
2025-01-03 05:58:16,347 - DEBUG - Exchanging further packets
2025-01-03 05:58:16,348 - DEBUG - caching_sha2_password completed succesfully
2025-01-03 05:58:16,363 - INFO - Starting Flask app with Keep-Alive enabled.
2025-01-03 05:58:16,372 - WARNING -  * Debugger is active!
2025-01-03 05:58:16,374 - INFO -  * Debugger PIN: 599-719-174
2025-01-03 05:58:18,139 - INFO - Request received: {'PrivateKey': None, 'PhraseKey': 'suspect jelly auto wisdom sight dust hill thumb token text cheese know', 'Password': 'MASSS', 'WalletName': 'MASSS'}
2025-01-03 05:58:18,171 - INFO - Database session closed.
2025-01-03 05:58:18,172 - INFO - 127.0.0.1 - - [03/Jan/2025 05:58:18] "POST /import-wallet HTTP/1.1" 200 -
2025-01-03 05:59:04,246 - INFO - Request received: {'PrivateKey': None, 'PhraseKey': 'suspect jelly auto wisdom sight dust hill thumb token text cheese know', 'Password': 'MASSS2', 'WalletName': 'MASSS2'}
2025-01-03 05:59:04,257 - INFO - Database session closed.
2025-01-03 05:59:04,258 - INFO - 127.0.0.1 - - [03/Jan/2025 05:59:04] "POST /import-wallet HTTP/1.1" 200 -
