2025-01-04 06:52:49,654 - INFO - Services module initialized.
2025-01-04 06:52:49,658 - INFO - LogManager initialized successfully.
2025-01-04 06:52:49,699 - DEBUG - Building SSL context
2025-01-04 06:52:49,741 - DEBUG - Switching to SSL
2025-01-04 06:52:49,744 - DEBUG - SSL has been enabled
2025-01-04 06:52:49,745 - DEBUG - Starting authorization phase
2025-01-04 06:52:49,745 - DEBUG - The provided initial strategy is caching_sha2_password
2025-01-04 06:52:49,746 - INFO - package: mysql.connector.plugins
2025-01-04 06:52:49,746 - INFO - plugin_name: caching_sha2_password
2025-01-04 06:52:49,749 - INFO - AUTHENTICATION_PLUGIN_CLASS: MySQLCachingSHA2PasswordAuthPlugin
2025-01-04 06:52:49,749 - DEBUG - Exchanging further packets
2025-01-04 06:52:49,750 - DEBUG - caching_sha2_password completed succesfully
2025-01-04 06:52:49,761 - INFO - Starting Flask app with Keep-Alive enabled.
2025-01-04 06:52:49,767 - WARNING -  * Debugger is active!
2025-01-04 06:52:49,771 - INFO -  * Debugger PIN: 599-719-174
2025-01-04 06:52:53,874 - DEBUG - Request data: {'WalletName': 'Sandman222', 'Password': '12345123451'}
2025-01-04 06:52:53,875 - DEBUG - Detected Device: PostmanRuntime/7.43.0, IP: 127.0.0.1
2025-01-04 06:52:53,889 - INFO - New user created: <User(UserID=8402fcc5-11d2-4d0c-896c-0c2487d4a890, ID=None, Email='None')>
2025-01-04 06:52:53,899 - INFO - Generated BIP39 Mnemonic: random parrot fork exhaust obey holiday any shield drip budget peanut egg
2025-01-04 06:52:53,900 - INFO - Wallet created: <Wallet(WalletID=2d39df5a-412f-4239-83db-b3943720a093, UserID=8402fcc5-11d2-4d0c-896c-0c2487d4a890, WalletName='Sandman222', IsMultiSig=False, RequiredSignatures='1')>
2025-01-04 06:52:53,904 - INFO - Generating wallet for blockchain: Ethereum
2025-01-04 06:52:53,933 - DEBUG - Derived PrivateKey=4b3f58c55b442a74592dddb87b867be94aa476760335419b3b1d7c7cae3cc065, PublicAddress=0xC1Fde0becfB754e64a8B10f882d0c8d7092E08A8
2025-01-04 06:52:53,934 - INFO - Address created for Ethereum: <Address(AddressID=None, PublicAddress='0xC1Fde0becfB754e64a8B10f882d0c8d7092E08A8')>
2025-01-04 06:52:53,935 - INFO - Generating wallet for blockchain: Tron
2025-01-04 06:52:53,939 - DEBUG - Derived PrivateKey=93f5b391cef6d964108330c7022fdb5f37ce33633ddf86488c7e0c6de4c41503, PublicAddress=TMTzCSZhpY4NirQCXkXFFPm6hHDY1Da3VH
2025-01-04 06:52:53,939 - INFO - Address created for Tron: <Address(AddressID=None, PublicAddress='TMTzCSZhpY4NirQCXkXFFPm6hHDY1Da3VH')>
2025-01-04 06:52:53,939 - INFO - Generating wallet for blockchain: BNB
2025-01-04 06:52:53,942 - DEBUG - Derived PrivateKey=ca5685e5101432ff1a639142a9fd81fca17d75a25faa3a7ec8d0df7a421bb5ed, PublicAddress=bnb193ha5rd8vl7yncwfqrg45w9mg6tpfsls7pzhdv
2025-01-04 06:52:53,943 - INFO - Address created for BNB: <Address(AddressID=None, PublicAddress='bnb193ha5rd8vl7yncwfqrg45w9mg6tpfsls7pzhdv')>
2025-01-04 06:52:53,958 - DEBUG - Database session closed.
2025-01-04 06:52:53,959 - INFO - 127.0.0.1 - - [04/Jan/2025 06:52:53] "[35m[1mPOST /generate-wallet HTTP/1.1[0m" 201 -
