2025-02-19 19:38:10,945 - DEBUG - Building SSL context
2025-02-19 19:38:10,983 - DEBUG - Switching to SSL
2025-02-19 19:38:10,987 - DEBUG - SSL has been enabled
2025-02-19 19:38:10,988 - DEBUG - Starting authorization phase
2025-02-19 19:38:10,988 - DEBUG - The provided initial strategy is caching_sha2_password
2025-02-19 19:38:10,988 - INFO - package: mysql.connector.plugins
2025-02-19 19:38:10,989 - INFO - plugin_name: caching_sha2_password
2025-02-19 19:38:10,989 - INFO - AUTHENTICATION_PLUGIN_CLASS: MySQLCachingSHA2PasswordAuthPlugin
2025-02-19 19:38:10,990 - DEBUG - Exchanging further packets
2025-02-19 19:38:10,990 - DEBUG - caching_sha2_password completed succesfully
2025-02-19 19:38:11,007 - INFO - Starting Flask app with Keep-Alive enabled.
2025-02-19 19:38:11,013 - WARNING -  * Debugger is active!
2025-02-19 19:38:11,015 - INFO -  * Debugger PIN: 117-061-111
2025-02-19 19:38:15,115 - INFO - Received a request to fetch currency prices.
2025-02-19 19:38:15,115 - INFO - Final fiat currencies to fetch: ['USD', 'EUR', 'IRR']
2025-02-19 19:38:15,134 - INFO - Fetching latest prices for symbols: ['ETH', 'SHIB'], convert: USD
2025-02-19 19:38:15,135 - DEBUG - Starting new HTTPS connection (1): pro-api.coinmarketcap.com:443
2025-02-19 19:38:15,704 - DEBUG - https://pro-api.coinmarketcap.com:443 "GET /v1/cryptocurrency/quotes/latest?symbol=ETH%2CSHIB&convert=USD HTTP/1.1" 200 None
2025-02-19 19:38:15,707 - INFO - Prices fetched successfully: {'ETH': 2709.584777148744, 'SHIB': 1.5419145573786792e-05}
2025-02-19 19:38:15,709 - INFO - Fetching 24h changes for symbols: ['ETH', 'SHIB'], convert: USD
2025-02-19 19:38:15,710 - DEBUG - Starting new HTTPS connection (1): pro-api.coinmarketcap.com:443
2025-02-19 19:38:15,910 - DEBUG - https://pro-api.coinmarketcap.com:443 "GET /v1/cryptocurrency/quotes/latest?symbol=ETH%2CSHIB&convert=USD HTTP/1.1" 200 None
2025-02-19 19:38:15,911 - INFO - 24h changes fetched successfully: {'ETH': 2.32136405, 'SHIB': 2.88417038}
2025-02-19 19:38:15,912 - INFO - Fetching latest prices for symbols: ['ETH', 'SHIB'], convert: EUR
2025-02-19 19:38:15,914 - DEBUG - Starting new HTTPS connection (1): pro-api.coinmarketcap.com:443
2025-02-19 19:38:16,343 - DEBUG - https://pro-api.coinmarketcap.com:443 "GET /v1/cryptocurrency/quotes/latest?symbol=ETH%2CSHIB&convert=EUR HTTP/1.1" 200 None
2025-02-19 19:38:16,345 - INFO - Prices fetched successfully: {'ETH': 2602.5588880361433, 'SHIB': 1.4810104742767776e-05}
2025-02-19 19:38:16,345 - INFO - Fetching 24h changes for symbols: ['ETH', 'SHIB'], convert: EUR
2025-02-19 19:38:16,348 - DEBUG - Starting new HTTPS connection (1): pro-api.coinmarketcap.com:443
2025-02-19 19:38:16,518 - DEBUG - https://pro-api.coinmarketcap.com:443 "GET /v1/cryptocurrency/quotes/latest?symbol=ETH%2CSHIB&convert=EUR HTTP/1.1" 200 None
2025-02-19 19:38:16,519 - INFO - 24h changes fetched successfully: {'ETH': 2.32136405, 'SHIB': 2.88417038}
2025-02-19 19:38:16,520 - INFO - Fetching latest prices for symbols: ['ETH', 'SHIB'], convert: IRR
2025-02-19 19:38:16,521 - DEBUG - Starting new HTTPS connection (1): pro-api.coinmarketcap.com:443
2025-02-19 19:38:16,702 - DEBUG - https://pro-api.coinmarketcap.com:443 "GET /v1/cryptocurrency/quotes/latest?symbol=ETH%2CSHIB&convert=IRR HTTP/1.1" 200 None
2025-02-19 19:38:16,703 - INFO - Prices fetched successfully: {'ETH': 114073519.12343764, 'SHIB': 0.649146028687583}
2025-02-19 19:38:16,703 - INFO - Fetching 24h changes for symbols: ['ETH', 'SHIB'], convert: IRR
2025-02-19 19:38:16,704 - DEBUG - Starting new HTTPS connection (1): pro-api.coinmarketcap.com:443
2025-02-19 19:38:16,882 - DEBUG - https://pro-api.coinmarketcap.com:443 "GET /v1/cryptocurrency/quotes/latest?symbol=ETH%2CSHIB&convert=IRR HTTP/1.1" 200 None
2025-02-19 19:38:16,883 - INFO - 24h changes fetched successfully: {'ETH': 2.32136405, 'SHIB': 2.88417038}
2025-02-19 19:38:16,884 - INFO - 127.0.0.1 - - [19/Feb/2025 19:38:16] "POST /prices HTTP/1.1" 200 -
2025-02-19 19:52:46,847 - INFO - Received a request to fetch currency prices.
2025-02-19 19:52:46,848 - INFO - Final fiat currencies to fetch: ['USD', 'EUR', 'IRR']
2025-02-19 19:52:46,851 - INFO - Fetching latest prices for symbols: ['ETH', 'SHIB'], convert: USD
2025-02-19 19:52:46,852 - DEBUG - Starting new HTTPS connection (1): pro-api.coinmarketcap.com:443
2025-02-19 19:52:47,152 - DEBUG - https://pro-api.coinmarketcap.com:443 "GET /v1/cryptocurrency/quotes/latest?symbol=ETH%2CSHIB&convert=USD HTTP/1.1" 200 None
2025-02-19 19:52:47,153 - INFO - Prices fetched successfully: {'ETH': 2710.7619301849086, 'SHIB': 1.5382393341447337e-05}
2025-02-19 19:52:47,154 - INFO - Fetching 24h changes for symbols: ['ETH', 'SHIB'], convert: USD
2025-02-19 19:52:47,155 - DEBUG - Starting new HTTPS connection (1): pro-api.coinmarketcap.com:443
2025-02-19 19:52:47,333 - DEBUG - https://pro-api.coinmarketcap.com:443 "GET /v1/cryptocurrency/quotes/latest?symbol=ETH%2CSHIB&convert=USD HTTP/1.1" 200 None
2025-02-19 19:52:47,334 - INFO - 24h changes fetched successfully: {'ETH': 2.53653686, 'SHIB': 2.84483804}
2025-02-19 19:52:47,334 - INFO - Fetching latest prices for symbols: ['ETH', 'SHIB'], convert: EUR
2025-02-19 19:52:47,335 - DEBUG - Starting new HTTPS connection (1): pro-api.coinmarketcap.com:443
2025-02-19 19:52:47,514 - DEBUG - https://pro-api.coinmarketcap.com:443 "GET /v1/cryptocurrency/quotes/latest?symbol=ETH%2CSHIB&convert=EUR HTTP/1.1" 200 None
2025-02-19 19:52:47,515 - INFO - Prices fetched successfully: {'ETH': 2603.8603227061267, 'SHIB': 1.4775773277633964e-05}
2025-02-19 19:52:47,515 - INFO - Fetching 24h changes for symbols: ['ETH', 'SHIB'], convert: EUR
2025-02-19 19:52:47,516 - DEBUG - Starting new HTTPS connection (1): pro-api.coinmarketcap.com:443
2025-02-19 19:52:47,694 - DEBUG - https://pro-api.coinmarketcap.com:443 "GET /v1/cryptocurrency/quotes/latest?symbol=ETH%2CSHIB&convert=EUR HTTP/1.1" 200 None
2025-02-19 19:52:47,695 - INFO - 24h changes fetched successfully: {'ETH': 2.53653686, 'SHIB': 2.84483804}
2025-02-19 19:52:47,696 - INFO - Fetching latest prices for symbols: ['ETH', 'SHIB'], convert: IRR
2025-02-19 19:52:47,698 - DEBUG - Starting new HTTPS connection (1): pro-api.coinmarketcap.com:443
2025-02-19 19:52:47,884 - DEBUG - https://pro-api.coinmarketcap.com:443 "GET /v1/cryptocurrency/quotes/latest?symbol=ETH%2CSHIB&convert=IRR HTTP/1.1" 200 None
2025-02-19 19:52:47,885 - INFO - Prices fetched successfully: {'ETH': 114123077.26626256, 'SHIB': 0.6475987597060177}
2025-02-19 19:52:47,885 - INFO - Fetching 24h changes for symbols: ['ETH', 'SHIB'], convert: IRR
2025-02-19 19:52:47,885 - DEBUG - Starting new HTTPS connection (1): pro-api.coinmarketcap.com:443
2025-02-19 19:52:48,082 - DEBUG - https://pro-api.coinmarketcap.com:443 "GET /v1/cryptocurrency/quotes/latest?symbol=ETH%2CSHIB&convert=IRR HTTP/1.1" 200 None
2025-02-19 19:52:48,083 - INFO - 24h changes fetched successfully: {'ETH': 2.53653686, 'SHIB': 2.84483804}
2025-02-19 19:52:48,085 - INFO - 127.0.0.1 - - [19/Feb/2025 19:52:48] "POST /prices HTTP/1.1" 200 -
2025-02-19 20:08:03,984 - INFO -  * Detected change in 'c:\\Users\\kozmos teknoloji\\Desktop\\CC\\balance\\Balance.py', reloading
