2025-01-09 13:58:46,701 - INFO - Services module initialized.
2025-01-09 13:58:46,705 - INFO - LogManager initialized successfully.
2025-01-09 13:58:46,754 - DEBUG - Building SSL context
2025-01-09 13:58:46,796 - DEBUG - Switching to SSL
2025-01-09 13:58:46,799 - DEBUG - SSL has been enabled
2025-01-09 13:58:46,800 - DEBUG - Starting authorization phase
2025-01-09 13:58:46,800 - DEBUG - The provided initial strategy is caching_sha2_password
2025-01-09 13:58:46,800 - INFO - package: mysql.connector.plugins
2025-01-09 13:58:46,801 - INFO - plugin_name: caching_sha2_password
2025-01-09 13:58:46,801 - INFO - AUTHENTICATION_PLUGIN_CLASS: MySQLCachingSHA2PasswordAuthPlugin
2025-01-09 13:58:46,802 - DEBUG - Exchanging further packets
2025-01-09 13:58:46,802 - DEBUG - caching_sha2_password completed succesfully
2025-01-09 13:58:46,815 - INFO - Starting Flask app with Keep-Alive enabled.
2025-01-09 13:58:46,821 - WARNING -  * Debugger is active!
2025-01-09 13:58:46,824 - INFO -  * Debugger PIN: 599-719-174
2025-01-09 13:59:08,460 - INFO - New user created: <User(UserID=61205bc3-2d41-46c5-b545-4df9dc1a615c, ID=None, Email='None')>
2025-01-09 13:59:08,461 - ERROR - Error in generate_wallet: 'Wallets' object has no attribute 'WalletName'
Traceback (most recent call last):
  File "c:\Users\kozmos teknoloji\Desktop\CC\generate\generate.py", line 110, in generate_wallet
    logging.info(f"Wallet created (wallet name not stored): {new_wallet}")
                                                            ^^^^^^^^^^^^
  File "c:\Users\kozmos teknoloji\Desktop\CC\database\wallets.py", line 21, in __repr__
    return f"<Wallet(WalletID={self.WalletID}, UserID={self.UserID}, WalletName='{self.WalletName}', IsMultiSig={self.IsMultiSig}, RequiredSignatures='{self.RequiredSignatures}')>"
                                                                                  ^^^^^^^^^^^^^^^
AttributeError: 'Wallets' object has no attribute 'WalletName'
2025-01-09 13:59:08,464 - DEBUG - Database session closed.
2025-01-09 13:59:08,465 - INFO - 127.0.0.1 - - [09/Jan/2025 13:59:08] "[35m[1mPOST /generate-wallet HTTP/1.1[0m" 500 -
