2025-03-02 14:34:42,234 - DEBUG - Consider installing rusty-rlp to improve pyrlp performance with a rust basedbackend. Not currently functional for Python 3.11
2025-03-02 14:34:42,927 - INFO - Initializing wallet generation module
2025-03-02 14:34:42,932 - INFO - Initializing wallet import module
2025-03-02 14:34:42,936 - INFO - Initializing currency update module
2025-03-02 14:34:42,937 - INFO - Initializing currency post module
2025-03-02 14:34:42,940 - INFO - Initializing phrase key module
2025-03-02 14:34:42,942 - INFO - Initializing receive transaction module
2025-03-02 14:34:42,946 - INFO - Initializing gas fee module
2025-03-02 14:34:42,947 - INFO - Starting IronWallet application
2025-03-02 14:34:43,012 - DEBUG - Building SSL context
2025-03-02 14:34:43,049 - DEBUG - Switching to SSL
2025-03-02 14:34:43,062 - DEBUG - SSL has been enabled
2025-03-02 14:34:43,063 - DEBUG - Starting authorization phase
2025-03-02 14:34:43,063 - DEBUG - The provided initial strategy is caching_sha2_password
2025-03-02 14:34:43,063 - INFO - package: mysql.connector.plugins
2025-03-02 14:34:43,063 - INFO - plugin_name: caching_sha2_password
2025-03-02 14:34:43,063 - INFO - AUTHENTICATION_PLUGIN_CLASS: MySQLCachingSHA2PasswordAuthPlugin
2025-03-02 14:34:43,064 - DEBUG - Exchanging further packets
2025-03-02 14:34:43,064 - DEBUG - caching_sha2_password completed succesfully
2025-03-02 14:34:43,126 - INFO - [31m[1mWARNING: This is a development server. Do not use it in a production deployment. Use a production WSGI server instead.[0m
 * Running on all addresses (0.0.0.0)
 * Running on http://127.0.0.1:3000
 * Running on http://192.168.1.32:3000
2025-03-02 14:34:43,126 - INFO - [33mPress CTRL+C to quit[0m
2025-03-02 14:34:43,128 - INFO -  * Restarting with stat
