2025-01-03 08:48:03,468 - INFO - Services module initialized.
2025-01-03 08:48:03,471 - INFO - LogManager initialized successfully.
2025-01-03 08:48:03,525 - DEBUG - Building SSL context
2025-01-03 08:48:03,574 - DEBUG - Switching to SSL
2025-01-03 08:48:03,578 - DEBUG - SSL has been enabled
2025-01-03 08:48:03,578 - DEBUG - Starting authorization phase
2025-01-03 08:48:03,579 - DEBUG - The provided initial strategy is caching_sha2_password
2025-01-03 08:48:03,579 - INFO - package: mysql.connector.plugins
2025-01-03 08:48:03,579 - INFO - plugin_name: caching_sha2_password
2025-01-03 08:48:03,582 - INFO - AUTHENTICATION_PLUGIN_CLASS: MySQLCachingSHA2PasswordAuthPlugin
2025-01-03 08:48:03,582 - DEBUG - Exchanging further packets
2025-01-03 08:48:03,583 - DEBUG - caching_sha2_password completed succesfully
2025-01-03 08:48:03,596 - INFO - Starting Flask app with Keep-Alive enabled.
2025-01-03 08:48:03,614 - INFO - [31m[1mWARNING: This is a development server. Do not use it in a production deployment. Use a production WSGI server instead.[0m
 * Running on all addresses (0.0.0.0)
 * Running on http://127.0.0.1:5000
 * Running on http://192.168.1.35:5000
2025-01-03 08:48:03,615 - INFO - [33mPress CTRL+C to quit[0m
2025-01-03 08:48:03,617 - INFO -  * Restarting with stat
2025-01-03 08:52:31,155 - INFO -  * Restarting with stat
