2025-01-20 16:49:04,942 - DEBUG - Building SSL context
2025-01-20 16:49:04,981 - DEBUG - Switching to SSL
2025-01-20 16:49:04,984 - DEBUG - SSL has been enabled
2025-01-20 16:49:04,984 - DEBUG - Starting authorization phase
2025-01-20 16:49:04,984 - DEBUG - The provided initial strategy is caching_sha2_password
2025-01-20 16:49:04,984 - INFO - package: mysql.connector.plugins
2025-01-20 16:49:04,985 - INFO - plugin_name: caching_sha2_password
2025-01-20 16:49:04,985 - INFO - AUTHENTICATION_PLUGIN_CLASS: MySQLCachingSHA2PasswordAuthPlugin
2025-01-20 16:49:04,985 - DEBUG - Exchanging further packets
2025-01-20 16:49:04,987 - DEBUG - caching_sha2_password completed succesfully
2025-01-20 16:49:04,998 - INFO - Starting Flask app with Keep-Alive enabled.
2025-01-20 16:49:05,005 - WARNING -  * Debugger is active!
2025-01-20 16:49:05,008 - INFO -  * Debugger PIN: 117-061-111
2025-01-20 16:49:09,107 - DEBUG - Starting new HTTPS connection (1): blockchain.info:443
2025-01-20 16:49:09,198 - DEBUG - https://blockchain.info:443 "GET /q/addressbalance/bc1q5h3jdvup20amrjwqdqysa0hjnczxtuwvtkj5jd HTTP/1.1" 200 21
2025-01-20 16:49:09,204 - DEBUG - Starting new HTTPS connection (1): api.etherscan.io:443
2025-01-20 16:49:09,822 - DEBUG - https://api.etherscan.io:443 "GET /api?module=account&action=balance&address=0x1731660B26E7B3FBA47F4d3b1B39bDA886f7c42b&tag=latest&apikey=YOUR-ETHERSCAN-API HTTP/1.1" 200 184
2025-01-20 16:49:09,823 - ERROR - Error in get_balance_and_tokens: invalid literal for int() with base 10: 'Invalid API Key (#err2)|5'
2025-01-20 16:49:09,829 - DEBUG - Starting new HTTPS connection (1): apilist.tronscanapi.com:443
2025-01-20 16:49:10,147 - DEBUG - https://apilist.tronscanapi.com:443 "GET /api/account?address=THM1hSeR5oAtg8sX81np3KFtTpr72DFZDr HTTP/1.1" 200 None
2025-01-20 16:49:10,159 - DEBUG - Starting new HTTPS connection (1): polygon-mainnet.infura.io:443
2025-01-20 16:49:10,731 - DEBUG - https://polygon-mainnet.infura.io:443 "POST /v3/YOUR-POLYGONSCAN-API HTTP/1.1" 401 19
2025-01-20 16:49:10,733 - ERROR - Error in get_balance_and_tokens: Expecting value: line 1 column 1 (char 0)
2025-01-20 16:49:10,745 - DEBUG - Database session closed.
2025-01-20 16:49:10,745 - INFO - 127.0.0.1 - - [20/Jan/2025 16:49:10] "POST /import_wallet HTTP/1.1" 200 -
