2025-02-11 08:19:06,235 - DEBUG - Building SSL context
2025-02-11 08:19:06,273 - DEBUG - Switching to SSL
2025-02-11 08:19:06,277 - DEBUG - SSL has been enabled
2025-02-11 08:19:06,277 - DEBUG - Starting authorization phase
2025-02-11 08:19:06,277 - DEBUG - The provided initial strategy is caching_sha2_password
2025-02-11 08:19:06,278 - INFO - package: mysql.connector.plugins
2025-02-11 08:19:06,278 - INFO - plugin_name: caching_sha2_password
2025-02-11 08:19:06,279 - INFO - AUTHENTICATION_PLUGIN_CLASS: MySQLCachingSHA2PasswordAuthPlugin
2025-02-11 08:19:06,280 - DEBUG - Exchanging further packets
2025-02-11 08:19:06,281 - DEBUG - caching_sha2_password completed succesfully
2025-02-11 08:19:06,300 - INFO - Starting Flask app with Keep-Alive enabled.
2025-02-11 08:19:06,308 - WARNING -  * Debugger is active!
2025-02-11 08:19:06,311 - INFO -  * Debugger PIN: 117-061-111
2025-02-11 08:19:09,351 - INFO - Received a request to fetch currency prices.
2025-02-11 08:19:09,351 - INFO - Final fiat currencies to fetch: ['USD', 'EUR', 'IRR']
2025-02-11 08:19:09,370 - INFO - Fetching latest prices for symbols: ['ETH', 'SHIB'], convert: USD
2025-02-11 08:19:09,371 - DEBUG - Starting new HTTPS connection (1): pro-api.coinmarketcap.com:443
2025-02-11 08:19:09,696 - DEBUG - https://pro-api.coinmarketcap.com:443 "GET /v1/cryptocurrency/quotes/latest?symbol=ETH%2CSHIB&convert=USD HTTP/1.1" 200 None
2025-02-11 08:19:09,698 - INFO - Prices fetched successfully: {'ETH': 2696.923221403145, 'SHIB': 1.6145379396524873e-05}
2025-02-11 08:19:09,831 - INFO - 127.0.0.1 - - [11/Feb/2025 08:19:09] "[35m[1mPOST /prices HTTP/1.1[0m" 500 -
