2025-01-20 16:46:26,424 - DEBUG - Building SSL context
2025-01-20 16:46:26,461 - DEBUG - Switching to SSL
2025-01-20 16:46:26,464 - DEBUG - SSL has been enabled
2025-01-20 16:46:26,465 - DEBUG - Starting authorization phase
2025-01-20 16:46:26,465 - DEBUG - The provided initial strategy is caching_sha2_password
2025-01-20 16:46:26,465 - INFO - package: mysql.connector.plugins
2025-01-20 16:46:26,465 - INFO - plugin_name: caching_sha2_password
2025-01-20 16:46:26,467 - INFO - AUTHENTICATION_PLUGIN_CLASS: MySQLCachingSHA2PasswordAuthPlugin
2025-01-20 16:46:26,467 - DEBUG - Exchanging further packets
2025-01-20 16:46:26,469 - DEBUG - caching_sha2_password completed succesfully
2025-01-20 16:46:26,484 - INFO - Starting Flask app with Keep-Alive enabled.
2025-01-20 16:46:26,493 - WARNING -  * Debugger is active!
2025-01-20 16:46:26,496 - INFO -  * Debugger PIN: 117-061-111
2025-01-20 16:46:38,303 - DEBUG - Starting new HTTPS connection (1): blockchain.info:443
2025-01-20 16:46:38,411 - DEBUG - https://blockchain.info:443 "GET /q/addressbalance/bc1q5h3jdvup20amrjwqdqysa0hjnczxtuwvtkj5jd HTTP/1.1" 200 21
2025-01-20 16:46:38,416 - DEBUG - Starting new HTTPS connection (1): api.etherscan.io:443
2025-01-20 16:46:39,026 - DEBUG - https://api.etherscan.io:443 "GET /api?module=account&action=balance&address=0x1731660B26E7B3FBA47F4d3b1B39bDA886f7c42b&tag=latest&apikey=77D1W3AMVN6ZGUXQ7116ECFQC2M9M3WFKY HTTP/1.1" 200 157
2025-01-20 16:46:39,060 - DEBUG - Starting new HTTPS connection (1): api.etherscan.io:443
2025-01-20 16:46:39,659 - DEBUG - https://api.etherscan.io:443 "GET /api?module=account&action=tokenbalance&contractaddress=0xa7F4195F10F1a62B102bD683eAB131d657A6c6e4&address=0x1731660B26E7B3FBA47F4d3b1B39bDA886f7c42b&tag=latest&apikey=77D1W3AMVN6ZGUXQ7116ECFQC2M9M3WFKY HTTP/1.1" 200 157
2025-01-20 16:46:39,660 - DEBUG - Starting new HTTPS connection (1): api.etherscan.io:443
2025-01-20 16:46:40,274 - DEBUG - https://api.etherscan.io:443 "GET /api?module=account&action=tokenbalance&contractaddress=0x8CEDb0680531d26e62ABdBd0F4c5428b7fDC26d5&address=0x1731660B26E7B3FBA47F4d3b1B39bDA886f7c42b&tag=latest&apikey=77D1W3AMVN6ZGUXQ7116ECFQC2M9M3WFKY HTTP/1.1" 200 157
2025-01-20 16:46:40,276 - DEBUG - Starting new HTTPS connection (1): api.etherscan.io:443
2025-01-20 16:46:40,875 - DEBUG - https://api.etherscan.io:443 "GET /api?module=account&action=tokenbalance&contractaddress=0x1ce270557C1f68Cfb577b856766310Bf8B47FD9C&address=0x1731660B26E7B3FBA47F4d3b1B39bDA886f7c42b&tag=latest&apikey=77D1W3AMVN6ZGUXQ7116ECFQC2M9M3WFKY HTTP/1.1" 200 157
2025-01-20 16:46:40,877 - DEBUG - Starting new HTTPS connection (1): api.etherscan.io:443
2025-01-20 16:46:41,499 - DEBUG - https://api.etherscan.io:443 "GET /api?module=account&action=tokenbalance&contractaddress=0x63696fc66795b51d02c1590b536484a41fbddf9a&address=0x1731660B26E7B3FBA47F4d3b1B39bDA886f7c42b&tag=latest&apikey=77D1W3AMVN6ZGUXQ7116ECFQC2M9M3WFKY HTTP/1.1" 200 157
2025-01-20 16:46:41,502 - DEBUG - Starting new HTTPS connection (1): api.etherscan.io:443
2025-01-20 16:46:42,114 - DEBUG - https://api.etherscan.io:443 "GET /api?module=account&action=tokenbalance&contractaddress=0x881ba05de1e78f549cc63a8f6cabb1d4ad32250d&address=0x1731660B26E7B3FBA47F4d3b1B39bDA886f7c42b&tag=latest&apikey=77D1W3AMVN6ZGUXQ7116ECFQC2M9M3WFKY HTTP/1.1" 200 157
2025-01-20 16:46:42,115 - DEBUG - Starting new HTTPS connection (1): api.etherscan.io:443
2025-01-20 16:46:42,732 - DEBUG - https://api.etherscan.io:443 "GET /api?module=account&action=tokenbalance&contractaddress=0x5a3e6a77ba2f983ec0d371ea3b475f8bc0811ad5&address=0x1731660B26E7B3FBA47F4d3b1B39bDA886f7c42b&tag=latest&apikey=77D1W3AMVN6ZGUXQ7116ECFQC2M9M3WFKY HTTP/1.1" 200 157
2025-01-20 16:46:42,736 - DEBUG - Starting new HTTPS connection (1): api.etherscan.io:443
2025-01-20 16:46:43,349 - DEBUG - https://api.etherscan.io:443 "GET /api?module=account&action=tokenbalance&contractaddress=0xb6ed7644c69416d67b522e20bc294a9a9b405b31&address=0x1731660B26E7B3FBA47F4d3b1B39bDA886f7c42b&tag=latest&apikey=77D1W3AMVN6ZGUXQ7116ECFQC2M9M3WFKY HTTP/1.1" 200 157
2025-01-20 16:46:43,353 - DEBUG - Starting new HTTPS connection (1): api.etherscan.io:443
2025-01-20 16:46:43,966 - DEBUG - https://api.etherscan.io:443 "GET /api?module=account&action=tokenbalance&contractaddress=0xf7498c98789957f4ee53b3e37ff5b7ef8a6cfc7b&address=0x1731660B26E7B3FBA47F4d3b1B39bDA886f7c42b&tag=latest&apikey=77D1W3AMVN6ZGUXQ7116ECFQC2M9M3WFKY HTTP/1.1" 200 157
2025-01-20 16:46:43,969 - DEBUG - Starting new HTTPS connection (1): api.etherscan.io:443
2025-01-20 16:46:44,580 - DEBUG - https://api.etherscan.io:443 "GET /api?module=account&action=tokenbalance&contractaddress=0xD3c325848D7c6E29b574Cb0789998b2ff901f17E&address=0x1731660B26E7B3FBA47F4d3b1B39bDA886f7c42b&tag=latest&apikey=77D1W3AMVN6ZGUXQ7116ECFQC2M9M3WFKY HTTP/1.1" 200 157
2025-01-20 16:46:44,583 - DEBUG - Starting new HTTPS connection (1): api.etherscan.io:443
2025-01-20 16:46:45,195 - DEBUG - https://api.etherscan.io:443 "GET /api?module=account&action=tokenbalance&contractaddress=0x508e00d5cef397b02d260d035e5ee80775e4c821&address=0x1731660B26E7B3FBA47F4d3b1B39bDA886f7c42b&tag=latest&apikey=77D1W3AMVN6ZGUXQ7116ECFQC2M9M3WFKY HTTP/1.1" 200 157
2025-01-20 16:46:45,198 - DEBUG - Starting new HTTPS connection (1): api.etherscan.io:443
2025-01-20 16:46:45,804 - DEBUG - https://api.etherscan.io:443 "GET /api?module=account&action=tokenbalance&contractaddress=0x9e04f519b094f5f8210441e285f603f4d2b50084&address=0x1731660B26E7B3FBA47F4d3b1B39bDA886f7c42b&tag=latest&apikey=77D1W3AMVN6ZGUXQ7116ECFQC2M9M3WFKY HTTP/1.1" 200 157
2025-01-20 16:46:45,806 - DEBUG - Starting new HTTPS connection (1): api.etherscan.io:443
2025-01-20 16:46:46,425 - DEBUG - https://api.etherscan.io:443 "GET /api?module=account&action=tokenbalance&contractaddress=0x111111111117dc0aa78b770fa6a738034120c302&address=0x1731660B26E7B3FBA47F4d3b1B39bDA886f7c42b&tag=latest&apikey=77D1W3AMVN6ZGUXQ7116ECFQC2M9M3WFKY HTTP/1.1" 200 157
2025-01-20 16:46:46,426 - DEBUG - Starting new HTTPS connection (1): api.etherscan.io:443
2025-01-20 16:46:47,038 - DEBUG - https://api.etherscan.io:443 "GET /api?module=account&action=tokenbalance&contractaddress=0x07597255910a51509ca469568b048f2597e72504&address=0x1731660B26E7B3FBA47F4d3b1B39bDA886f7c42b&tag=latest&apikey=77D1W3AMVN6ZGUXQ7116ECFQC2M9M3WFKY HTTP/1.1" 200 157
2025-01-20 16:46:47,040 - DEBUG - Starting new HTTPS connection (1): api.etherscan.io:443
2025-01-20 16:46:47,659 - DEBUG - https://api.etherscan.io:443 "GET /api?module=account&action=tokenbalance&contractaddress=0x3bd7d4F524D09F4e331577247A048D56e4b67a7F&address=0x1731660B26E7B3FBA47F4d3b1B39bDA886f7c42b&tag=latest&apikey=77D1W3AMVN6ZGUXQ7116ECFQC2M9M3WFKY HTTP/1.1" 200 157
2025-01-20 16:46:47,661 - DEBUG - Starting new HTTPS connection (1): api.etherscan.io:443
2025-01-20 16:46:48,291 - DEBUG - https://api.etherscan.io:443 "GET /api?module=account&action=tokenbalance&contractaddress=0x06DDb3a8BC0aBc14f85e974CF1A93a6f8d4909d9&address=0x1731660B26E7B3FBA47F4d3b1B39bDA886f7c42b&tag=latest&apikey=77D1W3AMVN6ZGUXQ7116ECFQC2M9M3WFKY HTTP/1.1" 200 157
2025-01-20 16:46:48,293 - DEBUG - Starting new HTTPS connection (1): api.etherscan.io:443
2025-01-20 16:46:48,895 - DEBUG - https://api.etherscan.io:443 "GET /api?module=account&action=tokenbalance&contractaddress=0xffc63b9146967a1ba33066fb057ee3722221acf0&address=0x1731660B26E7B3FBA47F4d3b1B39bDA886f7c42b&tag=latest&apikey=77D1W3AMVN6ZGUXQ7116ECFQC2M9M3WFKY HTTP/1.1" 200 157
2025-01-20 16:46:48,897 - DEBUG - Starting new HTTPS connection (1): api.etherscan.io:443
2025-01-20 16:46:49,511 - DEBUG - https://api.etherscan.io:443 "GET /api?module=account&action=tokenbalance&contractaddress=0x3E5A19c91266aD8cE2477B91585d1856B84062dF&address=0x1731660B26E7B3FBA47F4d3b1B39bDA886f7c42b&tag=latest&apikey=77D1W3AMVN6ZGUXQ7116ECFQC2M9M3WFKY HTTP/1.1" 200 157
2025-01-20 16:46:49,513 - DEBUG - Starting new HTTPS connection (1): api.etherscan.io:443
2025-01-20 16:46:50,107 - DEBUG - https://api.etherscan.io:443 "GET /api?module=account&action=tokenbalance&contractaddress=0x7Fc66500c84A76Ad7e9c93437bFc5Ac33E2DDaE9&address=0x1731660B26E7B3FBA47F4d3b1B39bDA886f7c42b&tag=latest&apikey=77D1W3AMVN6ZGUXQ7116ECFQC2M9M3WFKY HTTP/1.1" 200 157
2025-01-20 16:46:50,109 - DEBUG - Starting new HTTPS connection (1): api.etherscan.io:443
2025-01-20 16:46:50,727 - DEBUG - https://api.etherscan.io:443 "GET /api?module=account&action=tokenbalance&contractaddress=0xB56AaAc80C931161548a49181c9E000a19489C44&address=0x1731660B26E7B3FBA47F4d3b1B39bDA886f7c42b&tag=latest&apikey=77D1W3AMVN6ZGUXQ7116ECFQC2M9M3WFKY HTTP/1.1" 200 157
2025-01-20 16:46:50,729 - DEBUG - Starting new HTTPS connection (1): api.etherscan.io:443
2025-01-20 16:46:51,345 - DEBUG - https://api.etherscan.io:443 "GET /api?module=account&action=tokenbalance&contractaddress=0xe6828d65bf5023ae1851d90d8783cc821ba7eee1&address=0x1731660B26E7B3FBA47F4d3b1B39bDA886f7c42b&tag=latest&apikey=77D1W3AMVN6ZGUXQ7116ECFQC2M9M3WFKY HTTP/1.1" 200 157
2025-01-20 16:46:51,347 - DEBUG - Starting new HTTPS connection (1): api.etherscan.io:443
2025-01-20 16:46:51,961 - DEBUG - https://api.etherscan.io:443 "GET /api?module=account&action=tokenbalance&contractaddress=0xb98d4c97425d9908e66e53a6fdf673acca0be986&address=0x1731660B26E7B3FBA47F4d3b1B39bDA886f7c42b&tag=latest&apikey=77D1W3AMVN6ZGUXQ7116ECFQC2M9M3WFKY HTTP/1.1" 200 157
2025-01-20 16:46:51,963 - DEBUG - Starting new HTTPS connection (1): api.etherscan.io:443
2025-01-20 16:46:52,582 - DEBUG - https://api.etherscan.io:443 "GET /api?module=account&action=tokenbalance&contractaddress=0x0e8d6b471e332f140e7d9dbb99e5e3822f728da6&address=0x1731660B26E7B3FBA47F4d3b1B39bDA886f7c42b&tag=latest&apikey=77D1W3AMVN6ZGUXQ7116ECFQC2M9M3WFKY HTTP/1.1" 200 157
2025-01-20 16:46:52,585 - DEBUG - Starting new HTTPS connection (1): api.etherscan.io:443
2025-01-20 16:46:53,204 - DEBUG - https://api.etherscan.io:443 "GET /api?module=account&action=tokenbalance&contractaddress=0xec5483804e637d45cde22fa0869656b64b5ab1ab&address=0x1731660B26E7B3FBA47F4d3b1B39bDA886f7c42b&tag=latest&apikey=77D1W3AMVN6ZGUXQ7116ECFQC2M9M3WFKY HTTP/1.1" 200 157
2025-01-20 16:46:53,206 - DEBUG - Starting new HTTPS connection (1): api.etherscan.io:443
2025-01-20 16:46:54,837 - DEBUG - https://api.etherscan.io:443 "GET /api?module=account&action=tokenbalance&contractaddress=0xed04915c23f00a313a544955524eb7dbd823143d&address=0x1731660B26E7B3FBA47F4d3b1B39bDA886f7c42b&tag=latest&apikey=77D1W3AMVN6ZGUXQ7116ECFQC2M9M3WFKY HTTP/1.1" 200 157
2025-01-20 16:46:54,838 - DEBUG - Starting new HTTPS connection (1): api.etherscan.io:443
2025-01-20 16:46:55,453 - DEBUG - https://api.etherscan.io:443 "GET /api?module=account&action=tokenbalance&contractaddress=0x4BDCb66B968060D9390C1D12bd29734496205581&address=0x1731660B26E7B3FBA47F4d3b1B39bDA886f7c42b&tag=latest&apikey=77D1W3AMVN6ZGUXQ7116ECFQC2M9M3WFKY HTTP/1.1" 200 157
2025-01-20 16:46:55,455 - DEBUG - Starting new HTTPS connection (1): api.etherscan.io:443
2025-01-20 16:46:56,079 - DEBUG - https://api.etherscan.io:443 "GET /api?module=account&action=tokenbalance&contractaddress=0x44108f0223A3C3028F5Fe7AEC7f9bb2E66beF82F&address=0x1731660B26E7B3FBA47F4d3b1B39bDA886f7c42b&tag=latest&apikey=77D1W3AMVN6ZGUXQ7116ECFQC2M9M3WFKY HTTP/1.1" 200 157
2025-01-20 16:46:56,082 - DEBUG - Starting new HTTPS connection (1): api.etherscan.io:443
2025-01-20 16:46:56,682 - DEBUG - https://api.etherscan.io:443 "GET /api?module=account&action=tokenbalance&contractaddress=0xe973e453977195422b48e1852a207b7ee9c913c7&address=0x1731660B26E7B3FBA47F4d3b1B39bDA886f7c42b&tag=latest&apikey=77D1W3AMVN6ZGUXQ7116ECFQC2M9M3WFKY HTTP/1.1" 200 157
2025-01-20 16:46:56,686 - DEBUG - Starting new HTTPS connection (1): api.etherscan.io:443
2025-01-20 16:46:57,303 - DEBUG - https://api.etherscan.io:443 "GET /api?module=account&action=tokenbalance&contractaddress=0xdb0170e2d0c1cc1b2e7a90313d9b9afa4f250289&address=0x1731660B26E7B3FBA47F4d3b1B39bDA886f7c42b&tag=latest&apikey=77D1W3AMVN6ZGUXQ7116ECFQC2M9M3WFKY HTTP/1.1" 200 157
2025-01-20 16:46:57,305 - DEBUG - Starting new HTTPS connection (1): api.etherscan.io:443
2025-01-20 16:46:57,922 - DEBUG - https://api.etherscan.io:443 "GET /api?module=account&action=tokenbalance&contractaddress=0xc314b0e758d5ff74f63e307a86ebfe183c95767b&address=0x1731660B26E7B3FBA47F4d3b1B39bDA886f7c42b&tag=latest&apikey=77D1W3AMVN6ZGUXQ7116ECFQC2M9M3WFKY HTTP/1.1" 200 157
2025-01-20 16:46:57,924 - DEBUG - Starting new HTTPS connection (1): api.etherscan.io:443
2025-01-20 16:46:58,542 - DEBUG - https://api.etherscan.io:443 "GET /api?module=account&action=tokenbalance&contractaddress=0x3106a0a076BeDAE847652F42ef07FD58589E001f&address=0x1731660B26E7B3FBA47F4d3b1B39bDA886f7c42b&tag=latest&apikey=77D1W3AMVN6ZGUXQ7116ECFQC2M9M3WFKY HTTP/1.1" 200 157
2025-01-20 16:46:58,544 - DEBUG - Starting new HTTPS connection (1): api.etherscan.io:443
2025-01-20 16:46:59,142 - DEBUG - https://api.etherscan.io:443 "GET /api?module=account&action=tokenbalance&contractaddress=0xade00c28244d5ce17d72e40330b1c318cd12b7c3&address=0x1731660B26E7B3FBA47F4d3b1B39bDA886f7c42b&tag=latest&apikey=77D1W3AMVN6ZGUXQ7116ECFQC2M9M3WFKY HTTP/1.1" 200 157
2025-01-20 16:46:59,143 - DEBUG - Starting new HTTPS connection (1): api.etherscan.io:443
2025-01-20 16:46:59,747 - DEBUG - https://api.etherscan.io:443 "GET /api?module=account&action=tokenbalance&contractaddress=0xF0187b76be05C1FCAa24f39C0a3aAB4434099c4f&address=0x1731660B26E7B3FBA47F4d3b1B39bDA886f7c42b&tag=latest&apikey=77D1W3AMVN6ZGUXQ7116ECFQC2M9M3WFKY HTTP/1.1" 200 157
2025-01-20 16:46:59,750 - DEBUG - Starting new HTTPS connection (1): api.etherscan.io:443
2025-01-20 16:47:00,368 - DEBUG - https://api.etherscan.io:443 "GET /api?module=account&action=tokenbalance&contractaddress=0xA40640458FBc27b6EefEdeA1E9C9E17d4ceE7a21&address=0x1731660B26E7B3FBA47F4d3b1B39bDA886f7c42b&tag=latest&apikey=77D1W3AMVN6ZGUXQ7116ECFQC2M9M3WFKY HTTP/1.1" 200 157
2025-01-20 16:47:00,371 - DEBUG - Starting new HTTPS connection (1): api.etherscan.io:443
2025-01-20 16:47:00,985 - DEBUG - https://api.etherscan.io:443 "GET /api?module=account&action=tokenbalance&contractaddress=0xB528edBef013aff855ac3c50b381f253aF13b997&address=0x1731660B26E7B3FBA47F4d3b1B39bDA886f7c42b&tag=latest&apikey=77D1W3AMVN6ZGUXQ7116ECFQC2M9M3WFKY HTTP/1.1" 200 157
2025-01-20 16:47:00,988 - DEBUG - Starting new HTTPS connection (1): api.etherscan.io:443
2025-01-20 16:47:01,585 - DEBUG - https://api.etherscan.io:443 "GET /api?module=account&action=tokenbalance&contractaddress=0xe1b4d34e8754600962cd944b535180bd758e6c2e&address=0x1731660B26E7B3FBA47F4d3b1B39bDA886f7c42b&tag=latest&apikey=77D1W3AMVN6ZGUXQ7116ECFQC2M9M3WFKY HTTP/1.1" 200 157
2025-01-20 16:47:01,586 - DEBUG - Starting new HTTPS connection (1): api.etherscan.io:443
2025-01-20 16:47:02,203 - DEBUG - https://api.etherscan.io:443 "GET /api?module=account&action=tokenbalance&contractaddress=0x7dA2641000Cbb407C329310C461b2cB9c70C3046&address=0x1731660B26E7B3FBA47F4d3b1B39bDA886f7c42b&tag=latest&apikey=77D1W3AMVN6ZGUXQ7116ECFQC2M9M3WFKY HTTP/1.1" 200 157
2025-01-20 16:47:02,205 - DEBUG - Starting new HTTPS connection (1): api.etherscan.io:443
2025-01-20 16:47:02,835 - DEBUG - https://api.etherscan.io:443 "GET /api?module=account&action=tokenbalance&contractaddress=0x5B7533812759B45C2B44C19e320ba2cD2681b542&address=0x1731660B26E7B3FBA47F4d3b1B39bDA886f7c42b&tag=latest&apikey=77D1W3AMVN6ZGUXQ7116ECFQC2M9M3WFKY HTTP/1.1" 200 157
2025-01-20 16:47:02,837 - DEBUG - Starting new HTTPS connection (1): api.etherscan.io:443
2025-01-20 16:47:03,451 - DEBUG - https://api.etherscan.io:443 "GET /api?module=account&action=tokenbalance&contractaddress=0x1F7e5118521B550bB1A9B435727c003eB033FC51&address=0x1731660B26E7B3FBA47F4d3b1B39bDA886f7c42b&tag=latest&apikey=77D1W3AMVN6ZGUXQ7116ECFQC2M9M3WFKY HTTP/1.1" 200 157
2025-01-20 16:47:03,454 - DEBUG - Starting new HTTPS connection (1): api.etherscan.io:443
2025-01-20 16:47:04,055 - DEBUG - https://api.etherscan.io:443 "GET /api?module=account&action=tokenbalance&contractaddress=0x32353a6c91143bfd6c7d363b546e62a9a2489a20&address=0x1731660B26E7B3FBA47F4d3b1B39bDA886f7c42b&tag=latest&apikey=77D1W3AMVN6ZGUXQ7116ECFQC2M9M3WFKY HTTP/1.1" 200 157
2025-01-20 16:47:04,056 - DEBUG - Starting new HTTPS connection (1): api.etherscan.io:443
2025-01-20 16:47:04,652 - DEBUG - https://api.etherscan.io:443 "GET /api?module=account&action=tokenbalance&contractaddress=0x738865301a9b7dd80dc3666dd48cf034ec42bdda&address=0x1731660B26E7B3FBA47F4d3b1B39bDA886f7c42b&tag=latest&apikey=77D1W3AMVN6ZGUXQ7116ECFQC2M9M3WFKY HTTP/1.1" 200 157
2025-01-20 16:47:04,656 - DEBUG - Starting new HTTPS connection (1): api.etherscan.io:443
2025-01-20 16:47:05,275 - DEBUG - https://api.etherscan.io:443 "GET /api?module=account&action=tokenbalance&contractaddress=0xE2432110C32D0717E33c245fe0CFA2B26c07f47a&address=0x1731660B26E7B3FBA47F4d3b1B39bDA886f7c42b&tag=latest&apikey=77D1W3AMVN6ZGUXQ7116ECFQC2M9M3WFKY HTTP/1.1" 200 157
2025-01-20 16:47:05,277 - DEBUG - Starting new HTTPS connection (1): api.etherscan.io:443
2025-01-20 16:47:06,254 - DEBUG - https://api.etherscan.io:443 "GET /api?module=account&action=tokenbalance&contractaddress=0x0501b9188436E35bB10F35998c40ADC079003866&address=0x1731660B26E7B3FBA47F4d3b1B39bDA886f7c42b&tag=latest&apikey=77D1W3AMVN6ZGUXQ7116ECFQC2M9M3WFKY HTTP/1.1" 200 157
2025-01-20 16:47:06,256 - DEBUG - Starting new HTTPS connection (1): api.etherscan.io:443
2025-01-20 16:47:06,854 - DEBUG - https://api.etherscan.io:443 "GET /api?module=account&action=tokenbalance&contractaddress=0x8dce83eca4af45dbe618da1779f9aaca43201084&address=0x1731660B26E7B3FBA47F4d3b1B39bDA886f7c42b&tag=latest&apikey=77D1W3AMVN6ZGUXQ7116ECFQC2M9M3WFKY HTTP/1.1" 200 157
2025-01-20 16:47:06,856 - DEBUG - Starting new HTTPS connection (1): api.etherscan.io:443
2025-01-20 16:47:07,485 - DEBUG - https://api.etherscan.io:443 "GET /api?module=account&action=tokenbalance&contractaddress=0xE55d97A97ae6A17706ee281486E98A84095d8AAf&address=0x1731660B26E7B3FBA47F4d3b1B39bDA886f7c42b&tag=latest&apikey=77D1W3AMVN6ZGUXQ7116ECFQC2M9M3WFKY HTTP/1.1" 200 157
2025-01-20 16:47:07,488 - DEBUG - Starting new HTTPS connection (1): api.etherscan.io:443
2025-01-20 16:47:08,107 - DEBUG - https://api.etherscan.io:443 "GET /api?module=account&action=tokenbalance&contractaddress=0x89d584A1EDB3A70B3B07963F9A3eA5399E38b136&address=0x1731660B26E7B3FBA47F4d3b1B39bDA886f7c42b&tag=latest&apikey=77D1W3AMVN6ZGUXQ7116ECFQC2M9M3WFKY HTTP/1.1" 200 157
2025-01-20 16:47:08,109 - DEBUG - Starting new HTTPS connection (1): api.etherscan.io:443
2025-01-20 16:47:08,732 - DEBUG - https://api.etherscan.io:443 "GET /api?module=account&action=tokenbalance&contractaddress=0x3301ee63fb29f863f2333bd4466acb46cd8323e6&address=0x1731660B26E7B3FBA47F4d3b1B39bDA886f7c42b&tag=latest&apikey=77D1W3AMVN6ZGUXQ7116ECFQC2M9M3WFKY HTTP/1.1" 200 157
2025-01-20 16:47:08,734 - DEBUG - Starting new HTTPS connection (1): api.etherscan.io:443
2025-01-20 16:47:09,357 - DEBUG - https://api.etherscan.io:443 "GET /api?module=account&action=tokenbalance&contractaddress=0x8ab7404063ec4dbcfd4598215992dc3f8ec853d7&address=0x1731660B26E7B3FBA47F4d3b1B39bDA886f7c42b&tag=latest&apikey=77D1W3AMVN6ZGUXQ7116ECFQC2M9M3WFKY HTTP/1.1" 200 157
2025-01-20 16:47:09,359 - DEBUG - Starting new HTTPS connection (1): api.etherscan.io:443
2025-01-20 16:47:09,965 - DEBUG - https://api.etherscan.io:443 "GET /api?module=account&action=tokenbalance&contractaddress=0xe65d37F18A770643CB14c8611ACa7A67244BA480&address=0x1731660B26E7B3FBA47F4d3b1B39bDA886f7c42b&tag=latest&apikey=77D1W3AMVN6ZGUXQ7116ECFQC2M9M3WFKY HTTP/1.1" 200 157
2025-01-20 16:47:09,967 - DEBUG - Starting new HTTPS connection (1): api.etherscan.io:443
2025-01-20 16:47:10,586 - DEBUG - https://api.etherscan.io:443 "GET /api?module=account&action=tokenbalance&contractaddress=0x046BAd07658f3B6cAd9A396CFcbC1243AF452ec1&address=0x1731660B26E7B3FBA47F4d3b1B39bDA886f7c42b&tag=latest&apikey=77D1W3AMVN6ZGUXQ7116ECFQC2M9M3WFKY HTTP/1.1" 200 157
2025-01-20 16:47:10,587 - DEBUG - Starting new HTTPS connection (1): api.etherscan.io:443
2025-01-20 16:47:11,186 - DEBUG - https://api.etherscan.io:443 "GET /api?module=account&action=tokenbalance&contractaddress=0xdbdb4d16eda451d0503b854cf79d55697f90c8df&address=0x1731660B26E7B3FBA47F4d3b1B39bDA886f7c42b&tag=latest&apikey=77D1W3AMVN6ZGUXQ7116ECFQC2M9M3WFKY HTTP/1.1" 200 157
2025-01-20 16:47:11,188 - DEBUG - Starting new HTTPS connection (1): api.etherscan.io:443
2025-01-20 16:47:12,209 - DEBUG - https://api.etherscan.io:443 "GET /api?module=account&action=tokenbalance&contractaddress=0x27702a26126e0b3702af63ee09ac4d1a084ef628&address=0x1731660B26E7B3FBA47F4d3b1B39bDA886f7c42b&tag=latest&apikey=77D1W3AMVN6ZGUXQ7116ECFQC2M9M3WFKY HTTP/1.1" 200 157
2025-01-20 16:47:12,212 - DEBUG - Starting new HTTPS connection (1): api.etherscan.io:443
2025-01-20 16:47:12,821 - DEBUG - https://api.etherscan.io:443 "GET /api?module=account&action=tokenbalance&contractaddress=0x6b0b3a982b4634ac68dd83a4dbf02311ce324181&address=0x1731660B26E7B3FBA47F4d3b1B39bDA886f7c42b&tag=latest&apikey=77D1W3AMVN6ZGUXQ7116ECFQC2M9M3WFKY HTTP/1.1" 200 157
2025-01-20 16:47:12,823 - DEBUG - Starting new HTTPS connection (1): api.etherscan.io:443
2025-01-20 16:47:13,435 - DEBUG - https://api.etherscan.io:443 "GET /api?module=account&action=tokenbalance&contractaddress=0xAC51066d7bEC65Dc4589368da368b212745d63E8&address=0x1731660B26E7B3FBA47F4d3b1B39bDA886f7c42b&tag=latest&apikey=77D1W3AMVN6ZGUXQ7116ECFQC2M9M3WFKY HTTP/1.1" 200 157
2025-01-20 16:47:13,436 - DEBUG - Starting new HTTPS connection (1): api.etherscan.io:443
2025-01-20 16:47:14,458 - DEBUG - https://api.etherscan.io:443 "GET /api?module=account&action=tokenbalance&contractaddress=0x9B2b931d6AB97B6A887b2C5d8529537E6FE73Ebe&address=0x1731660B26E7B3FBA47F4d3b1B39bDA886f7c42b&tag=latest&apikey=77D1W3AMVN6ZGUXQ7116ECFQC2M9M3WFKY HTTP/1.1" 200 157
2025-01-20 16:47:14,459 - DEBUG - Starting new HTTPS connection (1): api.etherscan.io:443
2025-01-20 16:47:15,075 - DEBUG - https://api.etherscan.io:443 "GET /api?module=account&action=tokenbalance&contractaddress=0x8185bc4757572da2a610f887561c32298f1a5748&address=0x1731660B26E7B3FBA47F4d3b1B39bDA886f7c42b&tag=latest&apikey=77D1W3AMVN6ZGUXQ7116ECFQC2M9M3WFKY HTTP/1.1" 200 157
2025-01-20 16:47:15,078 - DEBUG - Starting new HTTPS connection (1): api.etherscan.io:443
2025-01-20 16:47:15,690 - DEBUG - https://api.etherscan.io:443 "GET /api?module=account&action=tokenbalance&contractaddress=0xa1faa113cbe53436df28ff0aee54275c13b40975&address=0x1731660B26E7B3FBA47F4d3b1B39bDA886f7c42b&tag=latest&apikey=77D1W3AMVN6ZGUXQ7116ECFQC2M9M3WFKY HTTP/1.1" 200 157
2025-01-20 16:47:15,692 - DEBUG - Starting new HTTPS connection (1): api.etherscan.io:443
2025-01-20 16:47:16,309 - DEBUG - https://api.etherscan.io:443 "GET /api?module=account&action=tokenbalance&contractaddress=0xaa99199d1e9644b588796F3215089878440D58e0&address=0x1731660B26E7B3FBA47F4d3b1B39bDA886f7c42b&tag=latest&apikey=77D1W3AMVN6ZGUXQ7116ECFQC2M9M3WFKY HTTP/1.1" 200 157
2025-01-20 16:47:16,311 - DEBUG - Starting new HTTPS connection (1): api.etherscan.io:443
2025-01-20 16:47:16,918 - DEBUG - https://api.etherscan.io:443 "GET /api?module=account&action=tokenbalance&contractaddress=0x8457CA5040ad67fdebbCC8EdCE889A335Bc0fbFB&address=0x1731660B26E7B3FBA47F4d3b1B39bDA886f7c42b&tag=latest&apikey=77D1W3AMVN6ZGUXQ7116ECFQC2M9M3WFKY HTTP/1.1" 200 157
2025-01-20 16:47:16,920 - DEBUG - Starting new HTTPS connection (1): api.etherscan.io:443
2025-01-20 16:47:17,533 - DEBUG - https://api.etherscan.io:443 "GET /api?module=account&action=tokenbalance&contractaddress=0x8e729198d1C59B82bd6bBa579310C40d740A11C2&address=0x1731660B26E7B3FBA47F4d3b1B39bDA886f7c42b&tag=latest&apikey=77D1W3AMVN6ZGUXQ7116ECFQC2M9M3WFKY HTTP/1.1" 200 157
2025-01-20 16:47:17,535 - DEBUG - Starting new HTTPS connection (1): api.etherscan.io:443
2025-01-20 16:47:18,139 - DEBUG - https://api.etherscan.io:443 "GET /api?module=account&action=tokenbalance&contractaddress=0x9d5686eadea7327f5a0c4820dca90457a0e88763&address=0x1731660B26E7B3FBA47F4d3b1B39bDA886f7c42b&tag=latest&apikey=77D1W3AMVN6ZGUXQ7116ECFQC2M9M3WFKY HTTP/1.1" 200 157
2025-01-20 16:47:18,141 - DEBUG - Starting new HTTPS connection (1): api.etherscan.io:443
2025-01-20 16:47:19,215 - DEBUG - https://api.etherscan.io:443 "GET /api?module=account&action=tokenbalance&contractaddress=0x39162D9f64C0f9d64D14EAC3B6d5a15D3D569Eea&address=0x1731660B26E7B3FBA47F4d3b1B39bDA886f7c42b&tag=latest&apikey=77D1W3AMVN6ZGUXQ7116ECFQC2M9M3WFKY HTTP/1.1" 200 157
2025-01-20 16:47:19,217 - DEBUG - Starting new HTTPS connection (1): api.etherscan.io:443
2025-01-20 16:47:19,949 - DEBUG - https://api.etherscan.io:443 "GET /api?module=account&action=tokenbalance&contractaddress=0x426a688eE72811773eB64F5717A32981B56F10c1&address=0x1731660B26E7B3FBA47F4d3b1B39bDA886f7c42b&tag=latest&apikey=77D1W3AMVN6ZGUXQ7116ECFQC2M9M3WFKY HTTP/1.1" 200 157
2025-01-20 16:47:19,951 - DEBUG - Starting new HTTPS connection (1): api.etherscan.io:443
2025-01-20 16:47:20,554 - DEBUG - https://api.etherscan.io:443 "GET /api?module=account&action=tokenbalance&contractaddress=0x1a2EB478FA07125C9935A77b3C03a82470801E30&address=0x1731660B26E7B3FBA47F4d3b1B39bDA886f7c42b&tag=latest&apikey=77D1W3AMVN6ZGUXQ7116ECFQC2M9M3WFKY HTTP/1.1" 200 157
2025-01-20 16:47:20,555 - DEBUG - Starting new HTTPS connection (1): api.etherscan.io:443
2025-01-20 16:47:21,159 - DEBUG - https://api.etherscan.io:443 "GET /api?module=account&action=tokenbalance&contractaddress=0x00059ae69c1622a7542edc15e8d17b060fe307b6&address=0x1731660B26E7B3FBA47F4d3b1B39bDA886f7c42b&tag=latest&apikey=77D1W3AMVN6ZGUXQ7116ECFQC2M9M3WFKY HTTP/1.1" 200 157
2025-01-20 16:47:21,162 - DEBUG - Starting new HTTPS connection (1): api.etherscan.io:443
2025-01-20 16:47:21,774 - DEBUG - https://api.etherscan.io:443 "GET /api?module=account&action=tokenbalance&contractaddress=0xff20817765cb7f73d4bde2e66e067e58d11095c2&address=0x1731660B26E7B3FBA47F4d3b1B39bDA886f7c42b&tag=latest&apikey=77D1W3AMVN6ZGUXQ7116ECFQC2M9M3WFKY HTTP/1.1" 200 157
2025-01-20 16:47:21,775 - DEBUG - Starting new HTTPS connection (1): api.etherscan.io:443
2025-01-20 16:47:22,398 - DEBUG - https://api.etherscan.io:443 "GET /api?module=account&action=tokenbalance&contractaddress=0xd46ba6d942050d489dbd938a2c909a5d5039a161&address=0x1731660B26E7B3FBA47F4d3b1B39bDA886f7c42b&tag=latest&apikey=77D1W3AMVN6ZGUXQ7116ECFQC2M9M3WFKY HTTP/1.1" 200 157
2025-01-20 16:47:22,400 - DEBUG - Starting new HTTPS connection (1): api.etherscan.io:443
2025-01-20 16:47:24,011 - DEBUG - https://api.etherscan.io:443 "GET /api?module=account&action=tokenbalance&contractaddress=0x68bbed6a47194eff1cf514b50ea91895597fc91e&address=0x1731660B26E7B3FBA47F4d3b1B39bDA886f7c42b&tag=latest&apikey=77D1W3AMVN6ZGUXQ7116ECFQC2M9M3WFKY HTTP/1.1" 200 157
2025-01-20 16:47:24,012 - DEBUG - Starting new HTTPS connection (1): api.etherscan.io:443
2025-01-20 16:47:24,638 - DEBUG - https://api.etherscan.io:443 "GET /api?module=account&action=tokenbalance&contractaddress=0x8290333cef9e6d528dd5618fb97a76f268f3edd4&address=0x1731660B26E7B3FBA47F4d3b1B39bDA886f7c42b&tag=latest&apikey=77D1W3AMVN6ZGUXQ7116ECFQC2M9M3WFKY HTTP/1.1" 200 157
2025-01-20 16:47:24,639 - DEBUG - Starting new HTTPS connection (1): api.etherscan.io:443
2025-01-20 16:47:25,283 - DEBUG - https://api.etherscan.io:443 "GET /api?module=account&action=tokenbalance&contractaddress=0xa117000000f279d81a1d3cc75430faa017fa5a2e&address=0x1731660B26E7B3FBA47F4d3b1B39bDA886f7c42b&tag=latest&apikey=77D1W3AMVN6ZGUXQ7116ECFQC2M9M3WFKY HTTP/1.1" 200 157
2025-01-20 16:47:25,284 - DEBUG - Starting new HTTPS connection (1): api.etherscan.io:443
2025-01-20 16:47:25,882 - DEBUG - https://api.etherscan.io:443 "GET /api?module=account&action=tokenbalance&contractaddress=0xFeAc2Eae96899709a43E252B6B92971D32F9C0F9&address=0x1731660B26E7B3FBA47F4d3b1B39bDA886f7c42b&tag=latest&apikey=77D1W3AMVN6ZGUXQ7116ECFQC2M9M3WFKY HTTP/1.1" 200 157
2025-01-20 16:47:25,884 - DEBUG - Starting new HTTPS connection (1): api.etherscan.io:443
2025-01-20 16:47:26,496 - DEBUG - https://api.etherscan.io:443 "GET /api?module=account&action=tokenbalance&contractaddress=0x9ab165d795019b6d8b3e971dda91071421305e5a&address=0x1731660B26E7B3FBA47F4d3b1B39bDA886f7c42b&tag=latest&apikey=77D1W3AMVN6ZGUXQ7116ECFQC2M9M3WFKY HTTP/1.1" 200 157
2025-01-20 16:47:26,500 - DEBUG - Starting new HTTPS connection (1): api.etherscan.io:443
2025-01-20 16:47:27,127 - DEBUG - https://api.etherscan.io:443 "GET /api?module=account&action=tokenbalance&contractaddress=0x4d224452801aced8b2f0aebe155379bb5d594381&address=0x1731660B26E7B3FBA47F4d3b1B39bDA886f7c42b&tag=latest&apikey=77D1W3AMVN6ZGUXQ7116ECFQC2M9M3WFKY HTTP/1.1" 200 157
2025-01-20 16:47:27,129 - DEBUG - Starting new HTTPS connection (1): api.etherscan.io:443
2025-01-20 16:47:27,744 - DEBUG - https://api.etherscan.io:443 "GET /api?module=account&action=tokenbalance&contractaddress=0xe0151763455a8a021e64880c238ba1cff3787ff0&address=0x1731660B26E7B3FBA47F4d3b1B39bDA886f7c42b&tag=latest&apikey=77D1W3AMVN6ZGUXQ7116ECFQC2M9M3WFKY HTTP/1.1" 200 157
2025-01-20 16:47:27,748 - DEBUG - Starting new HTTPS connection (1): api.etherscan.io:443
2025-01-20 16:47:28,373 - DEBUG - https://api.etherscan.io:443 "GET /api?module=account&action=tokenbalance&contractaddress=0x52A8845DF664D76C69d2EEa607CD793565aF42B8&address=0x1731660B26E7B3FBA47F4d3b1B39bDA886f7c42b&tag=latest&apikey=77D1W3AMVN6ZGUXQ7116ECFQC2M9M3WFKY HTTP/1.1" 200 157
2025-01-20 16:47:28,376 - DEBUG - Starting new HTTPS connection (1): api.etherscan.io:443
2025-01-20 16:47:28,998 - DEBUG - https://api.etherscan.io:443 "GET /api?module=account&action=tokenbalance&contractaddress=0x8eD955a2b7d2C3a17a9d05dACa95E01818f8C11e&address=0x1731660B26E7B3FBA47F4d3b1B39bDA886f7c42b&tag=latest&apikey=77D1W3AMVN6ZGUXQ7116ECFQC2M9M3WFKY HTTP/1.1" 200 157
2025-01-20 16:47:29,001 - DEBUG - Starting new HTTPS connection (1): api.etherscan.io:443
2025-01-20 16:47:29,615 - DEBUG - https://api.etherscan.io:443 "GET /api?module=account&action=tokenbalance&contractaddress=0x0b38210ea11411557c13457D4dA7dC6ea731B88a&address=0x1731660B26E7B3FBA47F4d3b1B39bDA886f7c42b&tag=latest&apikey=77D1W3AMVN6ZGUXQ7116ECFQC2M9M3WFKY HTTP/1.1" 200 157
2025-01-20 16:47:29,618 - DEBUG - Starting new HTTPS connection (1): api.etherscan.io:443
2025-01-20 16:47:30,226 - DEBUG - https://api.etherscan.io:443 "GET /api?module=account&action=tokenbalance&contractaddress=0xc8c424b91d8ce0137bab4b832b7f7d154156ba6c&address=0x1731660B26E7B3FBA47F4d3b1B39bDA886f7c42b&tag=latest&apikey=77D1W3AMVN6ZGUXQ7116ECFQC2M9M3WFKY HTTP/1.1" 200 157
2025-01-20 16:47:30,228 - DEBUG - Starting new HTTPS connection (1): api.etherscan.io:443
2025-01-20 16:47:30,843 - DEBUG - https://api.etherscan.io:443 "GET /api?module=account&action=tokenbalance&contractaddress=0xC5d27F27F08D1FD1E3EbBAa50b3442e6c0D50439&address=0x1731660B26E7B3FBA47F4d3b1B39bDA886f7c42b&tag=latest&apikey=77D1W3AMVN6ZGUXQ7116ECFQC2M9M3WFKY HTTP/1.1" 200 157
2025-01-20 16:47:30,846 - DEBUG - Starting new HTTPS connection (1): api.etherscan.io:443
2025-01-20 16:47:31,460 - DEBUG - https://api.etherscan.io:443 "GET /api?module=account&action=tokenbalance&contractaddress=0x95b4B8CaD3567B5d7EF7399C2aE1d7070692aB0D&address=0x1731660B26E7B3FBA47F4d3b1B39bDA886f7c42b&tag=latest&apikey=77D1W3AMVN6ZGUXQ7116ECFQC2M9M3WFKY HTTP/1.1" 200 157
2025-01-20 16:47:31,463 - DEBUG - Starting new HTTPS connection (1): api.etherscan.io:443
2025-01-20 16:47:32,095 - DEBUG - https://api.etherscan.io:443 "GET /api?module=account&action=tokenbalance&contractaddress=0x594DaaD7D77592a2b97b725A7AD59D7E188b5bFa&address=0x1731660B26E7B3FBA47F4d3b1B39bDA886f7c42b&tag=latest&apikey=77D1W3AMVN6ZGUXQ7116ECFQC2M9M3WFKY HTTP/1.1" 200 157
2025-01-20 16:47:32,098 - DEBUG - Starting new HTTPS connection (1): api.etherscan.io:443
2025-01-20 16:47:32,712 - DEBUG - https://api.etherscan.io:443 "GET /api?module=account&action=tokenbalance&contractaddress=0xf7413489c474ca4399eee604716c72879eea3615&address=0x1731660B26E7B3FBA47F4d3b1B39bDA886f7c42b&tag=latest&apikey=77D1W3AMVN6ZGUXQ7116ECFQC2M9M3WFKY HTTP/1.1" 200 157
2025-01-20 16:47:32,715 - DEBUG - Starting new HTTPS connection (1): api.etherscan.io:443
2025-01-20 16:47:33,318 - DEBUG - https://api.etherscan.io:443 "GET /api?module=account&action=tokenbalance&contractaddress=0x2a9bDCFF37aB68B95A53435ADFd8892e86084F93&address=0x1731660B26E7B3FBA47F4d3b1B39bDA886f7c42b&tag=latest&apikey=77D1W3AMVN6ZGUXQ7116ECFQC2M9M3WFKY HTTP/1.1" 200 157
2025-01-20 16:47:33,320 - DEBUG - Starting new HTTPS connection (1): api.etherscan.io:443
2025-01-20 16:47:33,944 - DEBUG - https://api.etherscan.io:443 "GET /api?module=account&action=tokenbalance&contractaddress=0xc82e3db60a52cf7529253b4ec688f631aad9e7c2&address=0x1731660B26E7B3FBA47F4d3b1B39bDA886f7c42b&tag=latest&apikey=77D1W3AMVN6ZGUXQ7116ECFQC2M9M3WFKY HTTP/1.1" 200 157
2025-01-20 16:47:33,948 - DEBUG - Starting new HTTPS connection (1): api.etherscan.io:443
2025-01-20 16:47:34,564 - DEBUG - https://api.etherscan.io:443 "GET /api?module=account&action=tokenbalance&contractaddress=0x1c00c3E03C3a10a0C1d9B6d1A42e797d7CB4147a&address=0x1731660B26E7B3FBA47F4d3b1B39bDA886f7c42b&tag=latest&apikey=77D1W3AMVN6ZGUXQ7116ECFQC2M9M3WFKY HTTP/1.1" 200 157
2025-01-20 16:47:34,566 - DEBUG - Starting new HTTPS connection (1): api.etherscan.io:443
2025-01-20 16:47:35,179 - DEBUG - https://api.etherscan.io:443 "GET /api?module=account&action=tokenbalance&contractaddress=0x0f71b8de197a1c84d31de0f1fa7926c365f052b3&address=0x1731660B26E7B3FBA47F4d3b1B39bDA886f7c42b&tag=latest&apikey=77D1W3AMVN6ZGUXQ7116ECFQC2M9M3WFKY HTTP/1.1" 200 157
2025-01-20 16:47:35,181 - DEBUG - Starting new HTTPS connection (1): api.etherscan.io:443
2025-01-20 16:47:35,792 - DEBUG - https://api.etherscan.io:443 "GET /api?module=account&action=tokenbalance&contractaddress=0x358AA737e033F34df7c54306960a38d09AaBd523&address=0x1731660B26E7B3FBA47F4d3b1B39bDA886f7c42b&tag=latest&apikey=77D1W3AMVN6ZGUXQ7116ECFQC2M9M3WFKY HTTP/1.1" 200 157
2025-01-20 16:47:35,793 - DEBUG - Starting new HTTPS connection (1): api.etherscan.io:443
2025-01-20 16:47:36,413 - DEBUG - https://api.etherscan.io:443 "GET /api?module=account&action=tokenbalance&contractaddress=0xedf6568618a00c6f0908bf7758a16f76b6e04af9&address=0x1731660B26E7B3FBA47F4d3b1B39bDA886f7c42b&tag=latest&apikey=77D1W3AMVN6ZGUXQ7116ECFQC2M9M3WFKY HTTP/1.1" 200 157
2025-01-20 16:47:36,416 - DEBUG - Starting new HTTPS connection (1): api.etherscan.io:443
2025-01-20 16:47:37,041 - DEBUG - https://api.etherscan.io:443 "GET /api?module=account&action=tokenbalance&contractaddress=0xd3210F246Ae54C5a45A7b4A83315bf718F591bfc&address=0x1731660B26E7B3FBA47F4d3b1B39bDA886f7c42b&tag=latest&apikey=77D1W3AMVN6ZGUXQ7116ECFQC2M9M3WFKY HTTP/1.1" 200 157
2025-01-20 16:47:37,043 - DEBUG - Starting new HTTPS connection (1): api.etherscan.io:443
2025-01-20 16:47:37,782 - DEBUG - https://api.etherscan.io:443 "GET /api?module=account&action=tokenbalance&contractaddress=0x6e2a43be0b1d33b726f0ca3b8de60b3482b8b050&address=0x1731660B26E7B3FBA47F4d3b1B39bDA886f7c42b&tag=latest&apikey=77D1W3AMVN6ZGUXQ7116ECFQC2M9M3WFKY HTTP/1.1" 200 157
2025-01-20 16:47:37,784 - DEBUG - Starting new HTTPS connection (1): api.etherscan.io:443
2025-01-20 16:47:38,747 - DEBUG - https://api.etherscan.io:443 "GET /api?module=account&action=tokenbalance&contractaddress=0xba50933c268f567bdc86e1ac131be072c6b0b71a&address=0x1731660B26E7B3FBA47F4d3b1B39bDA886f7c42b&tag=latest&apikey=77D1W3AMVN6ZGUXQ7116ECFQC2M9M3WFKY HTTP/1.1" 200 157
2025-01-20 16:47:38,749 - DEBUG - Starting new HTTPS connection (1): api.etherscan.io:443
2025-01-20 16:47:39,369 - DEBUG - https://api.etherscan.io:443 "GET /api?module=account&action=tokenbalance&contractaddress=0x79C7EF95aD32DcD5ECadB231568Bb03dF7824815&address=0x1731660B26E7B3FBA47F4d3b1B39bDA886f7c42b&tag=latest&apikey=77D1W3AMVN6ZGUXQ7116ECFQC2M9M3WFKY HTTP/1.1" 200 157
2025-01-20 16:47:39,371 - DEBUG - Starting new HTTPS connection (1): api.etherscan.io:443
2025-01-20 16:47:39,997 - DEBUG - https://api.etherscan.io:443 "GET /api?module=account&action=tokenbalance&contractaddress=0xff742d05420b6aca4481f635ad8341f81a6300c2&address=0x1731660B26E7B3FBA47F4d3b1B39bDA886f7c42b&tag=latest&apikey=77D1W3AMVN6ZGUXQ7116ECFQC2M9M3WFKY HTTP/1.1" 200 157
2025-01-20 16:47:40,000 - DEBUG - Starting new HTTPS connection (1): api.etherscan.io:443
2025-01-20 16:47:40,618 - DEBUG - https://api.etherscan.io:443 "GET /api?module=account&action=tokenbalance&contractaddress=0x2565ae0385659badcada1031db704442e1b69982&address=0x1731660B26E7B3FBA47F4d3b1B39bDA886f7c42b&tag=latest&apikey=77D1W3AMVN6ZGUXQ7116ECFQC2M9M3WFKY HTTP/1.1" 200 157
2025-01-20 16:47:40,620 - DEBUG - Starting new HTTPS connection (1): api.etherscan.io:443
2025-01-20 16:47:41,217 - DEBUG - https://api.etherscan.io:443 "GET /api?module=account&action=tokenbalance&contractaddress=0x27054b13b1b798b345b591a4d22e6562d47ea75a&address=0x1731660B26E7B3FBA47F4d3b1B39bDA886f7c42b&tag=latest&apikey=77D1W3AMVN6ZGUXQ7116ECFQC2M9M3WFKY HTTP/1.1" 200 157
2025-01-20 16:47:41,219 - DEBUG - Starting new HTTPS connection (1): api.etherscan.io:443
2025-01-20 16:47:41,837 - DEBUG - https://api.etherscan.io:443 "GET /api?module=account&action=tokenbalance&contractaddress=0xf2ddae89449b7d26309a5d54614b1fc99c608af5&address=0x1731660B26E7B3FBA47F4d3b1B39bDA886f7c42b&tag=latest&apikey=77D1W3AMVN6ZGUXQ7116ECFQC2M9M3WFKY HTTP/1.1" 200 157
2025-01-20 16:47:41,839 - DEBUG - Starting new HTTPS connection (1): api.etherscan.io:443
2025-01-20 16:47:42,459 - DEBUG - https://api.etherscan.io:443 "GET /api?module=account&action=tokenbalance&contractaddress=0x823556202e86763853b40e9cDE725f412e294689&address=0x1731660B26E7B3FBA47F4d3b1B39bDA886f7c42b&tag=latest&apikey=77D1W3AMVN6ZGUXQ7116ECFQC2M9M3WFKY HTTP/1.1" 200 157
2025-01-20 16:47:42,462 - DEBUG - Starting new HTTPS connection (1): api.etherscan.io:443
2025-01-20 16:47:43,086 - DEBUG - https://api.etherscan.io:443 "GET /api?module=account&action=tokenbalance&contractaddress=0x0aA8A7D1fB4c64B3b1DcEa9A7ADe81C59C25b95b&address=0x1731660B26E7B3FBA47F4d3b1B39bDA886f7c42b&tag=latest&apikey=77D1W3AMVN6ZGUXQ7116ECFQC2M9M3WFKY HTTP/1.1" 200 157
2025-01-20 16:47:43,089 - DEBUG - Starting new HTTPS connection (1): api.etherscan.io:443
2025-01-20 16:47:43,710 - DEBUG - https://api.etherscan.io:443 "GET /api?module=account&action=tokenbalance&contractaddress=0x0000000000ca73A6df4C58b84C5B4b847FE8Ff39&address=0x1731660B26E7B3FBA47F4d3b1B39bDA886f7c42b&tag=latest&apikey=77D1W3AMVN6ZGUXQ7116ECFQC2M9M3WFKY HTTP/1.1" 200 157
2025-01-20 16:47:43,714 - DEBUG - Starting new HTTPS connection (1): api.etherscan.io:443
2025-01-20 16:47:44,331 - DEBUG - https://api.etherscan.io:443 "GET /api?module=account&action=tokenbalance&contractaddress=0xa2120b9e674d3fc3875f415a7df52e382f141225&address=0x1731660B26E7B3FBA47F4d3b1B39bDA886f7c42b&tag=latest&apikey=77D1W3AMVN6ZGUXQ7116ECFQC2M9M3WFKY HTTP/1.1" 200 157
2025-01-20 16:47:44,332 - DEBUG - Starting new HTTPS connection (1): api.etherscan.io:443
2025-01-20 16:47:44,947 - DEBUG - https://api.etherscan.io:443 "GET /api?module=account&action=tokenbalance&contractaddress=0xbe0ed4138121ecfc5c0e56b40517da27e6c5226b&address=0x1731660B26E7B3FBA47F4d3b1B39bDA886f7c42b&tag=latest&apikey=77D1W3AMVN6ZGUXQ7116ECFQC2M9M3WFKY HTTP/1.1" 200 157
2025-01-20 16:47:44,950 - DEBUG - Starting new HTTPS connection (1): api.etherscan.io:443
2025-01-20 16:47:45,551 - DEBUG - https://api.etherscan.io:443 "GET /api?module=account&action=tokenbalance&contractaddress=0xb9F747162AB1E95d07361f9048BcDF6eDdA9eEA7&address=0x1731660B26E7B3FBA47F4d3b1B39bDA886f7c42b&tag=latest&apikey=77D1W3AMVN6ZGUXQ7116ECFQC2M9M3WFKY HTTP/1.1" 200 157
2025-01-20 16:47:45,554 - DEBUG - Starting new HTTPS connection (1): api.etherscan.io:443
2025-01-20 16:47:46,153 - DEBUG - https://api.etherscan.io:443 "GET /api?module=account&action=tokenbalance&contractaddress=0x89Fb927240750c1B15d4743cd58440fc5f14A11C&address=0x1731660B26E7B3FBA47F4d3b1B39bDA886f7c42b&tag=latest&apikey=77D1W3AMVN6ZGUXQ7116ECFQC2M9M3WFKY HTTP/1.1" 200 157
2025-01-20 16:47:46,155 - DEBUG - Starting new HTTPS connection (1): api.etherscan.io:443
2025-01-20 16:47:46,779 - DEBUG - https://api.etherscan.io:443 "GET /api?module=account&action=tokenbalance&contractaddress=0xa9b1eb5908cfc3cdf91f9b8b3a74108598009096&address=0x1731660B26E7B3FBA47F4d3b1B39bDA886f7c42b&tag=latest&apikey=77D1W3AMVN6ZGUXQ7116ECFQC2M9M3WFKY HTTP/1.1" 200 157
2025-01-20 16:47:46,782 - DEBUG - Starting new HTTPS connection (1): api.etherscan.io:443
2025-01-20 16:47:47,393 - DEBUG - https://api.etherscan.io:443 "GET /api?module=account&action=tokenbalance&contractaddress=0x18aaa7115705e8be94bffebde57af9bfc265b998&address=0x1731660B26E7B3FBA47F4d3b1B39bDA886f7c42b&tag=latest&apikey=77D1W3AMVN6ZGUXQ7116ECFQC2M9M3WFKY HTTP/1.1" 200 157
2025-01-20 16:47:47,395 - DEBUG - Starting new HTTPS connection (1): api.etherscan.io:443
2025-01-20 16:47:47,999 - DEBUG - https://api.etherscan.io:443 "GET /api?module=account&action=tokenbalance&contractaddress=0xc0c293ce456ff0ed870add98a0828dd4d2903dbf&address=0x1731660B26E7B3FBA47F4d3b1B39bDA886f7c42b&tag=latest&apikey=77D1W3AMVN6ZGUXQ7116ECFQC2M9M3WFKY HTTP/1.1" 200 157
2025-01-20 16:47:48,001 - DEBUG - Starting new HTTPS connection (1): api.etherscan.io:443
2025-01-20 16:47:48,613 - DEBUG - https://api.etherscan.io:443 "GET /api?module=account&action=tokenbalance&contractaddress=0xaaaaaa20d9e0e2461697782ef11675f668207961&address=0x1731660B26E7B3FBA47F4d3b1B39bDA886f7c42b&tag=latest&apikey=77D1W3AMVN6ZGUXQ7116ECFQC2M9M3WFKY HTTP/1.1" 200 157
2025-01-20 16:47:48,615 - DEBUG - Starting new HTTPS connection (1): api.etherscan.io:443
2025-01-20 16:47:49,221 - DEBUG - https://api.etherscan.io:443 "GET /api?module=account&action=tokenbalance&contractaddress=0x00000000eFE302BEAA2b3e6e1b18d08D69a9012a&address=0x1731660B26E7B3FBA47F4d3b1B39bDA886f7c42b&tag=latest&apikey=77D1W3AMVN6ZGUXQ7116ECFQC2M9M3WFKY HTTP/1.1" 200 157
2025-01-20 16:47:49,224 - DEBUG - Starting new HTTPS connection (1): api.etherscan.io:443
2025-01-20 16:47:50,158 - DEBUG - https://api.etherscan.io:443 "GET /api?module=account&action=tokenbalance&contractaddress=0xa6C0c097741D55ECd9a3A7DeF3A8253fD022ceB9&address=0x1731660B26E7B3FBA47F4d3b1B39bDA886f7c42b&tag=latest&apikey=77D1W3AMVN6ZGUXQ7116ECFQC2M9M3WFKY HTTP/1.1" 200 157
2025-01-20 16:47:50,159 - DEBUG - Starting new HTTPS connection (1): api.etherscan.io:443
2025-01-20 16:47:50,772 - DEBUG - https://api.etherscan.io:443 "GET /api?module=account&action=tokenbalance&contractaddress=0xEeB4d8400AEefafC1B2953e0094134A887C76Bd8&address=0x1731660B26E7B3FBA47F4d3b1B39bDA886f7c42b&tag=latest&apikey=77D1W3AMVN6ZGUXQ7116ECFQC2M9M3WFKY HTTP/1.1" 200 157
2025-01-20 16:47:50,775 - DEBUG - Starting new HTTPS connection (1): api.etherscan.io:443
2025-01-20 16:47:51,397 - DEBUG - https://api.etherscan.io:443 "GET /api?module=account&action=tokenbalance&contractaddress=0xa41f142b6eb2b164f8164cae0716892ce02f311f&address=0x1731660B26E7B3FBA47F4d3b1B39bDA886f7c42b&tag=latest&apikey=77D1W3AMVN6ZGUXQ7116ECFQC2M9M3WFKY HTTP/1.1" 200 157
2025-01-20 16:47:51,399 - DEBUG - Starting new HTTPS connection (1): api.etherscan.io:443
2025-01-20 16:47:52,012 - DEBUG - https://api.etherscan.io:443 "GET /api?module=account&action=tokenbalance&contractaddress=0xd2bdaaf2b9cc6981fd273dcb7c04023bfbe0a7fe&address=0x1731660B26E7B3FBA47F4d3b1B39bDA886f7c42b&tag=latest&apikey=77D1W3AMVN6ZGUXQ7116ECFQC2M9M3WFKY HTTP/1.1" 200 157
2025-01-20 16:47:52,014 - DEBUG - Starting new HTTPS connection (1): api.etherscan.io:443
2025-01-20 16:47:52,627 - DEBUG - https://api.etherscan.io:443 "GET /api?module=account&action=tokenbalance&contractaddress=0xf1ca9cb74685755965c7458528a36934df52a3ef&address=0x1731660B26E7B3FBA47F4d3b1B39bDA886f7c42b&tag=latest&apikey=77D1W3AMVN6ZGUXQ7116ECFQC2M9M3WFKY HTTP/1.1" 200 157
2025-01-20 16:47:52,630 - DEBUG - Starting new HTTPS connection (1): api.etherscan.io:443
2025-01-20 16:47:53,232 - DEBUG - https://api.etherscan.io:443 "GET /api?module=account&action=tokenbalance&contractaddress=0x0d88ed6e74bbfd96b831231638b66c05571e824f&address=0x1731660B26E7B3FBA47F4d3b1B39bDA886f7c42b&tag=latest&apikey=77D1W3AMVN6ZGUXQ7116ECFQC2M9M3WFKY HTTP/1.1" 200 157
2025-01-20 16:47:53,234 - DEBUG - Starting new HTTPS connection (1): api.etherscan.io:443
2025-01-20 16:47:53,831 - DEBUG - https://api.etherscan.io:443 "GET /api?module=account&action=tokenbalance&contractaddress=0xad22f63404f7305e4713ccbd4f296f34770513f4&address=0x1731660B26E7B3FBA47F4d3b1B39bDA886f7c42b&tag=latest&apikey=77D1W3AMVN6ZGUXQ7116ECFQC2M9M3WFKY HTTP/1.1" 200 157
2025-01-20 16:47:53,833 - DEBUG - Starting new HTTPS connection (1): api.etherscan.io:443
2025-01-20 16:47:54,455 - DEBUG - https://api.etherscan.io:443 "GET /api?module=account&action=tokenbalance&contractaddress=0xCB0D82f4DFA503C9e3b8Abc7A3Caa01175b2dA39&address=0x1731660B26E7B3FBA47F4d3b1B39bDA886f7c42b&tag=latest&apikey=77D1W3AMVN6ZGUXQ7116ECFQC2M9M3WFKY HTTP/1.1" 200 157
2025-01-20 16:47:54,457 - DEBUG - Starting new HTTPS connection (1): api.etherscan.io:443
2025-01-20 16:47:55,055 - DEBUG - https://api.etherscan.io:443 "GET /api?module=account&action=tokenbalance&contractaddress=0xF0c5831EC3Da15f3696B4DAd8B21c7Ce2f007f28&address=0x1731660B26E7B3FBA47F4d3b1B39bDA886f7c42b&tag=latest&apikey=77D1W3AMVN6ZGUXQ7116ECFQC2M9M3WFKY HTTP/1.1" 200 157
2025-01-20 16:47:55,057 - DEBUG - Starting new HTTPS connection (1): api.etherscan.io:443
2025-01-20 16:47:55,669 - DEBUG - https://api.etherscan.io:443 "GET /api?module=account&action=tokenbalance&contractaddress=0x467719aD09025FcC6cF6F8311755809d45a5E5f3&address=0x1731660B26E7B3FBA47F4d3b1B39bDA886f7c42b&tag=latest&apikey=77D1W3AMVN6ZGUXQ7116ECFQC2M9M3WFKY HTTP/1.1" 200 157
2025-01-20 16:47:55,671 - DEBUG - Starting new HTTPS connection (1): api.etherscan.io:443
2025-01-20 16:47:56,294 - DEBUG - https://api.etherscan.io:443 "GET /api?module=account&action=tokenbalance&contractaddress=0xbb0e17ef65f82ab018d8edd776e8dd940327b28b&address=0x1731660B26E7B3FBA47F4d3b1B39bDA886f7c42b&tag=latest&apikey=77D1W3AMVN6ZGUXQ7116ECFQC2M9M3WFKY HTTP/1.1" 200 157
2025-01-20 16:47:56,297 - DEBUG - Starting new HTTPS connection (1): api.etherscan.io:443
2025-01-20 16:47:56,892 - DEBUG - https://api.etherscan.io:443 "GET /api?module=account&action=tokenbalance&contractaddress=0x910524678C0B1B23FFB9285a81f99C29C11CBaEd&address=0x1731660B26E7B3FBA47F4d3b1B39bDA886f7c42b&tag=latest&apikey=77D1W3AMVN6ZGUXQ7116ECFQC2M9M3WFKY HTTP/1.1" 200 157
2025-01-20 16:47:56,895 - DEBUG - Starting new HTTPS connection (1): api.etherscan.io:443
2025-01-20 16:47:57,511 - DEBUG - https://api.etherscan.io:443 "GET /api?module=account&action=tokenbalance&contractaddress=0x9E6be44cC1236eEf7e1f197418592D363BedCd5A&address=0x1731660B26E7B3FBA47F4d3b1B39bDA886f7c42b&tag=latest&apikey=77D1W3AMVN6ZGUXQ7116ECFQC2M9M3WFKY HTTP/1.1" 200 157
2025-01-20 16:47:57,513 - DEBUG - Starting new HTTPS connection (1): api.etherscan.io:443
2025-01-20 16:47:58,139 - DEBUG - https://api.etherscan.io:443 "GET /api?module=account&action=tokenbalance&contractaddress=0x5d929AA919E489505CcAAd8A199619c6DCA0c2de&address=0x1731660B26E7B3FBA47F4d3b1B39bDA886f7c42b&tag=latest&apikey=77D1W3AMVN6ZGUXQ7116ECFQC2M9M3WFKY HTTP/1.1" 200 157
2025-01-20 16:47:58,142 - DEBUG - Starting new HTTPS connection (1): api.etherscan.io:443
2025-01-20 16:47:58,755 - DEBUG - https://api.etherscan.io:443 "GET /api?module=account&action=tokenbalance&contractaddress=0xbAbE3ce7835665464228dF00B03246115C30730A&address=0x1731660B26E7B3FBA47F4d3b1B39bDA886f7c42b&tag=latest&apikey=77D1W3AMVN6ZGUXQ7116ECFQC2M9M3WFKY HTTP/1.1" 200 157
2025-01-20 16:47:58,757 - DEBUG - Starting new HTTPS connection (1): api.etherscan.io:443
2025-01-20 16:47:59,355 - DEBUG - https://api.etherscan.io:443 "GET /api?module=account&action=tokenbalance&contractaddress=0x354c8cda7e3b737d360513a0dc5abcee8ee1cea3&address=0x1731660B26E7B3FBA47F4d3b1B39bDA886f7c42b&tag=latest&apikey=77D1W3AMVN6ZGUXQ7116ECFQC2M9M3WFKY HTTP/1.1" 200 157
2025-01-20 16:47:59,357 - DEBUG - Starting new HTTPS connection (1): api.etherscan.io:443
2025-01-20 16:47:59,977 - DEBUG - https://api.etherscan.io:443 "GET /api?module=account&action=tokenbalance&contractaddress=0x3449FC1Cd036255BA1EB19d65fF4BA2b8903A69a&address=0x1731660B26E7B3FBA47F4d3b1B39bDA886f7c42b&tag=latest&apikey=77D1W3AMVN6ZGUXQ7116ECFQC2M9M3WFKY HTTP/1.1" 200 157
2025-01-20 16:47:59,980 - DEBUG - Starting new HTTPS connection (1): api.etherscan.io:443
2025-01-20 16:48:00,596 - DEBUG - https://api.etherscan.io:443 "GET /api?module=account&action=tokenbalance&contractaddress=0x32b86b99441480a7e5bd3a26c124ec2373e3f015&address=0x1731660B26E7B3FBA47F4d3b1B39bDA886f7c42b&tag=latest&apikey=77D1W3AMVN6ZGUXQ7116ECFQC2M9M3WFKY HTTP/1.1" 200 157
2025-01-20 16:48:00,598 - DEBUG - Starting new HTTPS connection (1): api.etherscan.io:443
2025-01-20 16:48:01,213 - DEBUG - https://api.etherscan.io:443 "GET /api?module=account&action=tokenbalance&contractaddress=0x3472a5a71965499acd81997a54bba8d852c6e53d&address=0x1731660B26E7B3FBA47F4d3b1B39bDA886f7c42b&tag=latest&apikey=77D1W3AMVN6ZGUXQ7116ECFQC2M9M3WFKY HTTP/1.1" 200 157
2025-01-20 16:48:01,215 - DEBUG - Starting new HTTPS connection (1): api.etherscan.io:443
2025-01-20 16:48:01,828 - DEBUG - https://api.etherscan.io:443 "GET /api?module=account&action=tokenbalance&contractaddress=0x808688c820AB080A6Ff1019F03E5EC227D9b522B&address=0x1731660B26E7B3FBA47F4d3b1B39bDA886f7c42b&tag=latest&apikey=77D1W3AMVN6ZGUXQ7116ECFQC2M9M3WFKY HTTP/1.1" 200 157
2025-01-20 16:48:01,830 - DEBUG - Starting new HTTPS connection (1): api.etherscan.io:443
2025-01-20 16:48:02,445 - DEBUG - https://api.etherscan.io:443 "GET /api?module=account&action=tokenbalance&contractaddress=0xba100000625a3754423978a60c9317c58a424e3D&address=0x1731660B26E7B3FBA47F4d3b1B39bDA886f7c42b&tag=latest&apikey=77D1W3AMVN6ZGUXQ7116ECFQC2M9M3WFKY HTTP/1.1" 200 157
2025-01-20 16:48:02,448 - DEBUG - Starting new HTTPS connection (1): api.etherscan.io:443
2025-01-20 16:48:03,077 - DEBUG - https://api.etherscan.io:443 "GET /api?module=account&action=tokenbalance&contractaddress=0x7a5ce6abD131EA6B148a022CB76fc180ae3315A6&address=0x1731660B26E7B3FBA47F4d3b1B39bDA886f7c42b&tag=latest&apikey=77D1W3AMVN6ZGUXQ7116ECFQC2M9M3WFKY HTTP/1.1" 200 157
2025-01-20 16:48:03,080 - DEBUG - Starting new HTTPS connection (1): api.etherscan.io:443
2025-01-20 16:48:03,679 - DEBUG - https://api.etherscan.io:443 "GET /api?module=account&action=tokenbalance&contractaddress=0x38e68a37e401f7271568cecaac63c6b1e19130b4&address=0x1731660B26E7B3FBA47F4d3b1B39bDA886f7c42b&tag=latest&apikey=77D1W3AMVN6ZGUXQ7116ECFQC2M9M3WFKY HTTP/1.1" 200 157
2025-01-20 16:48:03,681 - DEBUG - Starting new HTTPS connection (1): api.etherscan.io:443
2025-01-20 16:48:04,300 - DEBUG - https://api.etherscan.io:443 "GET /api?module=account&action=tokenbalance&contractaddress=0xba11d00c5f74255f56a5e366f4f77f5a186d7f55&address=0x1731660B26E7B3FBA47F4d3b1B39bDA886f7c42b&tag=latest&apikey=77D1W3AMVN6ZGUXQ7116ECFQC2M9M3WFKY HTTP/1.1" 200 157
2025-01-20 16:48:04,301 - DEBUG - Starting new HTTPS connection (1): api.etherscan.io:443
2025-01-20 16:48:04,897 - DEBUG - https://api.etherscan.io:443 "GET /api?module=account&action=tokenbalance&contractaddress=0x24a6a37576377f63f194caa5f518a60f45b42921&address=0x1731660B26E7B3FBA47F4d3b1B39bDA886f7c42b&tag=latest&apikey=77D1W3AMVN6ZGUXQ7116ECFQC2M9M3WFKY HTTP/1.1" 200 157
2025-01-20 16:48:04,898 - DEBUG - Starting new HTTPS connection (1): api.etherscan.io:443
2025-01-20 16:48:05,519 - DEBUG - https://api.etherscan.io:443 "GET /api?module=account&action=tokenbalance&contractaddress=0x777BE1c6075c20184C4fd76344b7b0B7c858fe6B&address=0x1731660B26E7B3FBA47F4d3b1B39bDA886f7c42b&tag=latest&apikey=77D1W3AMVN6ZGUXQ7116ECFQC2M9M3WFKY HTTP/1.1" 200 157
2025-01-20 16:48:05,521 - DEBUG - Starting new HTTPS connection (1): api.etherscan.io:443
2025-01-20 16:48:06,148 - DEBUG - https://api.etherscan.io:443 "GET /api?module=account&action=tokenbalance&contractaddress=0x07150e919b4de5fd6a63de1f9384828396f25fdc&address=0x1731660B26E7B3FBA47F4d3b1B39bDA886f7c42b&tag=latest&apikey=77D1W3AMVN6ZGUXQ7116ECFQC2M9M3WFKY HTTP/1.1" 200 157
2025-01-20 16:48:06,150 - DEBUG - Starting new HTTPS connection (1): api.etherscan.io:443
2025-01-20 16:48:06,749 - DEBUG - https://api.etherscan.io:443 "GET /api?module=account&action=tokenbalance&contractaddress=0x44971ABF0251958492FeE97dA3e5C5adA88B9185&address=0x1731660B26E7B3FBA47F4d3b1B39bDA886f7c42b&tag=latest&apikey=77D1W3AMVN6ZGUXQ7116ECFQC2M9M3WFKY HTTP/1.1" 200 157
2025-01-20 16:48:06,751 - DEBUG - Starting new HTTPS connection (1): api.etherscan.io:443
2025-01-20 16:48:07,351 - DEBUG - https://api.etherscan.io:443 "GET /api?module=account&action=tokenbalance&contractaddress=0x0d8775f648430679a709e98d2b0cb6250d2887ef&address=0x1731660B26E7B3FBA47F4d3b1B39bDA886f7c42b&tag=latest&apikey=77D1W3AMVN6ZGUXQ7116ECFQC2M9M3WFKY HTTP/1.1" 200 157
2025-01-20 16:48:07,352 - DEBUG - Starting new HTTPS connection (1): api.etherscan.io:443
2025-01-20 16:48:07,979 - DEBUG - https://api.etherscan.io:443 "GET /api?module=account&action=tokenbalance&contractaddress=0xf920e4f3fbef5b3ad0a25017514b769bdc4ac135&address=0x1731660B26E7B3FBA47F4d3b1B39bDA886f7c42b&tag=latest&apikey=77D1W3AMVN6ZGUXQ7116ECFQC2M9M3WFKY HTTP/1.1" 200 157
2025-01-20 16:48:07,981 - DEBUG - Starting new HTTPS connection (1): api.etherscan.io:443
2025-01-20 16:48:08,606 - DEBUG - https://api.etherscan.io:443 "GET /api?module=account&action=tokenbalance&contractaddress=0xf4b5470523ccd314c6b9da041076e7d79e0df267&address=0x1731660B26E7B3FBA47F4d3b1B39bDA886f7c42b&tag=latest&apikey=77D1W3AMVN6ZGUXQ7116ECFQC2M9M3WFKY HTTP/1.1" 200 157
2025-01-20 16:48:08,608 - DEBUG - Starting new HTTPS connection (1): api.etherscan.io:443
2025-01-20 16:48:09,204 - DEBUG - https://api.etherscan.io:443 "GET /api?module=account&action=tokenbalance&contractaddress=0xde075d9adbd0240b4462f124af926452ad0bac91&address=0x1731660B26E7B3FBA47F4d3b1B39bDA886f7c42b&tag=latest&apikey=77D1W3AMVN6ZGUXQ7116ECFQC2M9M3WFKY HTTP/1.1" 200 157
2025-01-20 16:48:09,207 - DEBUG - Starting new HTTPS connection (1): api.etherscan.io:443
2025-01-20 16:48:09,827 - DEBUG - https://api.etherscan.io:443 "GET /api?module=account&action=tokenbalance&contractaddress=0xD979c468a68062e7bdff4Ba6DF7842DfD3492E0f&address=0x1731660B26E7B3FBA47F4d3b1B39bDA886f7c42b&tag=latest&apikey=77D1W3AMVN6ZGUXQ7116ECFQC2M9M3WFKY HTTP/1.1" 200 157
2025-01-20 16:48:09,830 - DEBUG - Starting new HTTPS connection (1): api.etherscan.io:443
2025-01-20 16:48:10,429 - DEBUG - https://api.etherscan.io:443 "GET /api?module=account&action=tokenbalance&contractaddress=0xFe459828c90c0BA4bC8b42F5C5D44F316700B430&address=0x1731660B26E7B3FBA47F4d3b1B39bDA886f7c42b&tag=latest&apikey=77D1W3AMVN6ZGUXQ7116ECFQC2M9M3WFKY HTTP/1.1" 200 157
2025-01-20 16:48:10,431 - DEBUG - Starting new HTTPS connection (1): api.etherscan.io:443
2025-01-20 16:48:11,049 - DEBUG - https://api.etherscan.io:443 "GET /api?module=account&action=tokenbalance&contractaddress=0x2BA8349123de45E931a8C8264c332E6e9CF593F9&address=0x1731660B26E7B3FBA47F4d3b1B39bDA886f7c42b&tag=latest&apikey=77D1W3AMVN6ZGUXQ7116ECFQC2M9M3WFKY HTTP/1.1" 200 157
2025-01-20 16:48:11,052 - DEBUG - Starting new HTTPS connection (1): api.etherscan.io:443
2025-01-20 16:48:11,758 - DEBUG - https://api.etherscan.io:443 "GET /api?module=account&action=tokenbalance&contractaddress=0x93C9175E26F57d2888c7Df8B470C9eeA5C0b0A93&address=0x1731660B26E7B3FBA47F4d3b1B39bDA886f7c42b&tag=latest&apikey=77D1W3AMVN6ZGUXQ7116ECFQC2M9M3WFKY HTTP/1.1" 200 157
2025-01-20 16:48:11,761 - DEBUG - Starting new HTTPS connection (1): api.etherscan.io:443
2025-01-20 16:48:12,371 - DEBUG - https://api.etherscan.io:443 "GET /api?module=account&action=tokenbalance&contractaddress=0x14da7b27b2e0fedefe0a664118b0c9bc68e2e9af&address=0x1731660B26E7B3FBA47F4d3b1B39bDA886f7c42b&tag=latest&apikey=77D1W3AMVN6ZGUXQ7116ECFQC2M9M3WFKY HTTP/1.1" 200 157
2025-01-20 16:48:12,372 - DEBUG - Starting new HTTPS connection (1): api.etherscan.io:443
2025-01-20 16:48:12,994 - DEBUG - https://api.etherscan.io:443 "GET /api?module=account&action=tokenbalance&contractaddress=0xBEF26Bd568e421D6708CCA55Ad6e35f8bfA0C406&address=0x1731660B26E7B3FBA47F4d3b1B39bDA886f7c42b&tag=latest&apikey=77D1W3AMVN6ZGUXQ7116ECFQC2M9M3WFKY HTTP/1.1" 200 157
2025-01-20 16:48:12,996 - DEBUG - Starting new HTTPS connection (1): api.etherscan.io:443
2025-01-20 16:48:13,609 - DEBUG - https://api.etherscan.io:443 "GET /api?module=account&action=tokenbalance&contractaddress=0xd45247c07379d94904e0a87b4481f0a1ddfa0c64&address=0x1731660B26E7B3FBA47F4d3b1B39bDA886f7c42b&tag=latest&apikey=77D1W3AMVN6ZGUXQ7116ECFQC2M9M3WFKY HTTP/1.1" 200 157
2025-01-20 16:48:13,612 - DEBUG - Starting new HTTPS connection (1): api.etherscan.io:443
2025-01-20 16:48:14,235 - DEBUG - https://api.etherscan.io:443 "GET /api?module=account&action=tokenbalance&contractaddress=0xf3dcbc6D72a4E1892f7917b7C43b74131Df8480e&address=0x1731660B26E7B3FBA47F4d3b1B39bDA886f7c42b&tag=latest&apikey=77D1W3AMVN6ZGUXQ7116ECFQC2M9M3WFKY HTTP/1.1" 200 157
2025-01-20 16:48:14,236 - DEBUG - Starting new HTTPS connection (1): api.etherscan.io:443
2025-01-20 16:48:14,835 - DEBUG - https://api.etherscan.io:443 "GET /api?module=account&action=tokenbalance&contractaddress=0x62D0A8458eD7719FDAF978fe5929C6D342B0bFcE&address=0x1731660B26E7B3FBA47F4d3b1B39bDA886f7c42b&tag=latest&apikey=77D1W3AMVN6ZGUXQ7116ECFQC2M9M3WFKY HTTP/1.1" 200 157
2025-01-20 16:48:14,837 - DEBUG - Starting new HTTPS connection (1): api.etherscan.io:443
2025-01-20 16:48:15,452 - DEBUG - https://api.etherscan.io:443 "GET /api?module=account&action=tokenbalance&contractaddress=0x0cc488a3f6c9a569614912e421115995493fdfec&address=0x1731660B26E7B3FBA47F4d3b1B39bDA886f7c42b&tag=latest&apikey=77D1W3AMVN6ZGUXQ7116ECFQC2M9M3WFKY HTTP/1.1" 200 157
2025-01-20 16:48:15,453 - DEBUG - Starting new HTTPS connection (1): api.etherscan.io:443
2025-01-20 16:48:16,079 - DEBUG - https://api.etherscan.io:443 "GET /api?module=account&action=tokenbalance&contractaddress=0x8b9b95292f890DF47fFf5aC9Cbe93d5fC242bd51&address=0x1731660B26E7B3FBA47F4d3b1B39bDA886f7c42b&tag=latest&apikey=77D1W3AMVN6ZGUXQ7116ECFQC2M9M3WFKY HTTP/1.1" 200 157
2025-01-20 16:48:16,081 - DEBUG - Starting new HTTPS connection (1): api.etherscan.io:443
2025-01-20 16:48:16,694 - DEBUG - https://api.etherscan.io:443 "GET /api?module=account&action=tokenbalance&contractaddress=0xa91ac63d040deb1b7a5e4d4134ad23eb0ba07e14&address=0x1731660B26E7B3FBA47F4d3b1B39bDA886f7c42b&tag=latest&apikey=77D1W3AMVN6ZGUXQ7116ECFQC2M9M3WFKY HTTP/1.1" 200 157
2025-01-20 16:48:16,695 - DEBUG - Starting new HTTPS connection (1): api.etherscan.io:443
2025-01-20 16:48:17,303 - DEBUG - https://api.etherscan.io:443 "GET /api?module=account&action=tokenbalance&contractaddress=0x0d02755a5700414b26ff040e1de35d337df56218&address=0x1731660B26E7B3FBA47F4d3b1B39bDA886f7c42b&tag=latest&apikey=77D1W3AMVN6ZGUXQ7116ECFQC2M9M3WFKY HTTP/1.1" 200 157
2025-01-20 16:48:17,306 - DEBUG - Starting new HTTPS connection (1): api.etherscan.io:443
2025-01-20 16:48:17,923 - DEBUG - https://api.etherscan.io:443 "GET /api?module=account&action=tokenbalance&contractaddress=0xcf3c8be2e2c42331da80ef210e9b1b307c03d36a&address=0x1731660B26E7B3FBA47F4d3b1B39bDA886f7c42b&tag=latest&apikey=77D1W3AMVN6ZGUXQ7116ECFQC2M9M3WFKY HTTP/1.1" 200 157
2025-01-20 16:48:17,926 - DEBUG - Starting new HTTPS connection (1): api.etherscan.io:443
2025-01-20 16:48:18,526 - DEBUG - https://api.etherscan.io:443 "GET /api?module=account&action=tokenbalance&contractaddress=0xCb76314C2540199f4B844D4ebbC7998C604880cA&address=0x1731660B26E7B3FBA47F4d3b1B39bDA886f7c42b&tag=latest&apikey=77D1W3AMVN6ZGUXQ7116ECFQC2M9M3WFKY HTTP/1.1" 200 157
2025-01-20 16:48:18,529 - DEBUG - Starting new HTTPS connection (1): api.etherscan.io:443
2025-01-20 16:48:19,127 - DEBUG - https://api.etherscan.io:443 "GET /api?module=account&action=tokenbalance&contractaddress=0xbe1a001fe942f96eea22ba08783140b9dcc09d28&address=0x1731660B26E7B3FBA47F4d3b1B39bDA886f7c42b&tag=latest&apikey=77D1W3AMVN6ZGUXQ7116ECFQC2M9M3WFKY HTTP/1.1" 200 157
2025-01-20 16:48:19,129 - DEBUG - Starting new HTTPS connection (1): api.etherscan.io:443
2025-01-20 16:48:19,745 - DEBUG - https://api.etherscan.io:443 "GET /api?module=account&action=tokenbalance&contractaddress=0x5b71bee9d961b1b848f8485eec8d8787f80217f5&address=0x1731660B26E7B3FBA47F4d3b1B39bDA886f7c42b&tag=latest&apikey=77D1W3AMVN6ZGUXQ7116ECFQC2M9M3WFKY HTTP/1.1" 200 157
2025-01-20 16:48:19,747 - DEBUG - Starting new HTTPS connection (1): api.etherscan.io:443
2025-01-20 16:48:20,374 - DEBUG - https://api.etherscan.io:443 "GET /api?module=account&action=tokenbalance&contractaddress=0x0c7D5ae016f806603CB1782bEa29AC69471CAb9c&address=0x1731660B26E7B3FBA47F4d3b1B39bDA886f7c42b&tag=latest&apikey=77D1W3AMVN6ZGUXQ7116ECFQC2M9M3WFKY HTTP/1.1" 200 157
2025-01-20 16:48:20,377 - DEBUG - Starting new HTTPS connection (1): api.etherscan.io:443
2025-01-20 16:48:20,991 - DEBUG - https://api.etherscan.io:443 "GET /api?module=account&action=tokenbalance&contractaddress=0x54D2252757e1672EEaD234D27B1270728fF90581&address=0x1731660B26E7B3FBA47F4d3b1B39bDA886f7c42b&tag=latest&apikey=77D1W3AMVN6ZGUXQ7116ECFQC2M9M3WFKY HTTP/1.1" 200 157
2025-01-20 16:48:20,994 - DEBUG - Starting new HTTPS connection (1): api.etherscan.io:443
2025-01-20 16:48:21,592 - DEBUG - https://api.etherscan.io:443 "GET /api?module=account&action=tokenbalance&contractaddress=0xf17e65822b568b3903685a7c9f496cf7656cc6c2&address=0x1731660B26E7B3FBA47F4d3b1B39bDA886f7c42b&tag=latest&apikey=77D1W3AMVN6ZGUXQ7116ECFQC2M9M3WFKY HTTP/1.1" 200 157
2025-01-20 16:48:21,594 - DEBUG - Starting new HTTPS connection (1): api.etherscan.io:443
2025-01-20 16:48:22,213 - DEBUG - https://api.etherscan.io:443 "GET /api?module=account&action=tokenbalance&contractaddress=0xB1F1ee126e9c96231Cc3d3fAD7C08b4cf873b1f1&address=0x1731660B26E7B3FBA47F4d3b1B39bDA886f7c42b&tag=latest&apikey=77D1W3AMVN6ZGUXQ7116ECFQC2M9M3WFKY HTTP/1.1" 200 157
2025-01-20 16:48:22,215 - DEBUG - Starting new HTTPS connection (1): api.etherscan.io:443
2025-01-20 16:48:22,834 - DEBUG - https://api.etherscan.io:443 "GET /api?module=account&action=tokenbalance&contractaddress=0x64Bc2cA1Be492bE7185FAA2c8835d9b824c8a194&address=0x1731660B26E7B3FBA47F4d3b1B39bDA886f7c42b&tag=latest&apikey=77D1W3AMVN6ZGUXQ7116ECFQC2M9M3WFKY HTTP/1.1" 200 157
2025-01-20 16:48:22,836 - DEBUG - Starting new HTTPS connection (1): api.etherscan.io:443
2025-01-20 16:48:23,448 - DEBUG - https://api.etherscan.io:443 "GET /api?module=account&action=tokenbalance&contractaddress=0xc07A150ECAdF2cc352f5586396e344A6b17625EB&address=0x1731660B26E7B3FBA47F4d3b1B39bDA886f7c42b&tag=latest&apikey=77D1W3AMVN6ZGUXQ7116ECFQC2M9M3WFKY HTTP/1.1" 200 157
2025-01-20 16:48:23,450 - DEBUG - Starting new HTTPS connection (1): api.etherscan.io:443
2025-01-20 16:48:24,061 - DEBUG - https://api.etherscan.io:443 "GET /api?module=account&action=tokenbalance&contractaddress=0x70401dfd142a16dc7031c56e862fc88cb9537ce0&address=0x1731660B26E7B3FBA47F4d3b1B39bDA886f7c42b&tag=latest&apikey=77D1W3AMVN6ZGUXQ7116ECFQC2M9M3WFKY HTTP/1.1" 200 157
2025-01-20 16:48:24,063 - DEBUG - Starting new HTTPS connection (1): api.etherscan.io:443
2025-01-20 16:48:24,679 - DEBUG - https://api.etherscan.io:443 "GET /api?module=account&action=tokenbalance&contractaddress=0x6e8908cfa881c9f6f2c64d3436e7b80b1bf0093f&address=0x1731660B26E7B3FBA47F4d3b1B39bDA886f7c42b&tag=latest&apikey=77D1W3AMVN6ZGUXQ7116ECFQC2M9M3WFKY HTTP/1.1" 200 157
2025-01-20 16:48:24,682 - DEBUG - Starting new HTTPS connection (1): api.etherscan.io:443
2025-01-20 16:48:25,312 - DEBUG - https://api.etherscan.io:443 "GET /api?module=account&action=tokenbalance&contractaddress=0x1A4b46696b2bB4794Eb3D4c26f1c55F9170fa4C5&address=0x1731660B26E7B3FBA47F4d3b1B39bDA886f7c42b&tag=latest&apikey=77D1W3AMVN6ZGUXQ7116ECFQC2M9M3WFKY HTTP/1.1" 200 157
2025-01-20 16:48:25,314 - DEBUG - Starting new HTTPS connection (1): api.etherscan.io:443
2025-01-20 16:48:25,935 - DEBUG - https://api.etherscan.io:443 "GET /api?module=account&action=tokenbalance&contractaddress=0xb8176a66c0d0A84cfD4e403c89cF3416b1e798Ad&address=0x1731660B26E7B3FBA47F4d3b1B39bDA886f7c42b&tag=latest&apikey=77D1W3AMVN6ZGUXQ7116ECFQC2M9M3WFKY HTTP/1.1" 200 157
2025-01-20 16:48:25,937 - DEBUG - Starting new HTTPS connection (1): api.etherscan.io:443
2025-01-20 16:48:26,551 - DEBUG - https://api.etherscan.io:443 "GET /api?module=account&action=tokenbalance&contractaddress=0x72e4f9f808c49a2a61de9c5896298920dc4eeea9&address=0x1731660B26E7B3FBA47F4d3b1B39bDA886f7c42b&tag=latest&apikey=77D1W3AMVN6ZGUXQ7116ECFQC2M9M3WFKY HTTP/1.1" 200 157
2025-01-20 16:48:26,554 - DEBUG - Starting new HTTPS connection (1): api.etherscan.io:443
2025-01-20 16:48:27,149 - DEBUG - https://api.etherscan.io:443 "GET /api?module=account&action=tokenbalance&contractaddress=0x0a638f07acc6969abf392bb009f216d22adea36d&address=0x1731660B26E7B3FBA47F4d3b1B39bDA886f7c42b&tag=latest&apikey=77D1W3AMVN6ZGUXQ7116ECFQC2M9M3WFKY HTTP/1.1" 200 157
2025-01-20 16:48:27,151 - DEBUG - Starting new HTTPS connection (1): api.etherscan.io:443
2025-01-20 16:48:27,750 - DEBUG - https://api.etherscan.io:443 "GET /api?module=account&action=tokenbalance&contractaddress=0x2156CD781c5e77323D92A4487a0eC45F128e165E&address=0x1731660B26E7B3FBA47F4d3b1B39bDA886f7c42b&tag=latest&apikey=77D1W3AMVN6ZGUXQ7116ECFQC2M9M3WFKY HTTP/1.1" 200 157
2025-01-20 16:48:27,751 - DEBUG - Starting new HTTPS connection (1): api.etherscan.io:443
2025-01-20 16:48:28,374 - DEBUG - https://api.etherscan.io:443 "GET /api?module=account&action=tokenbalance&contractaddress=0x41a3dba3d677e573636ba691a70ff2d606c29666&address=0x1731660B26E7B3FBA47F4d3b1B39bDA886f7c42b&tag=latest&apikey=77D1W3AMVN6ZGUXQ7116ECFQC2M9M3WFKY HTTP/1.1" 200 157
2025-01-20 16:48:28,377 - DEBUG - Starting new HTTPS connection (1): api.etherscan.io:443
2025-01-20 16:48:28,988 - DEBUG - https://api.etherscan.io:443 "GET /api?module=account&action=tokenbalance&contractaddress=0x614D7f40701132E25fe6fc17801Fbd34212d2Eda&address=0x1731660B26E7B3FBA47F4d3b1B39bDA886f7c42b&tag=latest&apikey=77D1W3AMVN6ZGUXQ7116ECFQC2M9M3WFKY HTTP/1.1" 200 157
2025-01-20 16:48:28,990 - DEBUG - Starting new HTTPS connection (1): api.etherscan.io:443
2025-01-20 16:48:29,628 - DEBUG - https://api.etherscan.io:443 "GET /api?module=account&action=tokenbalance&contractaddress=0x84018071282d4b2996272659d9c01cb08dd7327f&address=0x1731660B26E7B3FBA47F4d3b1B39bDA886f7c42b&tag=latest&apikey=77D1W3AMVN6ZGUXQ7116ECFQC2M9M3WFKY HTTP/1.1" 200 157
2025-01-20 16:48:29,629 - DEBUG - Starting new HTTPS connection (1): api.etherscan.io:443
2025-01-20 16:48:30,260 - DEBUG - https://api.etherscan.io:443 "GET /api?module=account&action=tokenbalance&contractaddress=0x8fc17671D853341D9e8B001F5Fc3C892d09CB53A&address=0x1731660B26E7B3FBA47F4d3b1B39bDA886f7c42b&tag=latest&apikey=77D1W3AMVN6ZGUXQ7116ECFQC2M9M3WFKY HTTP/1.1" 200 157
2025-01-20 16:48:30,261 - DEBUG - Starting new HTTPS connection (1): api.etherscan.io:443
2025-01-20 16:48:30,870 - DEBUG - https://api.etherscan.io:443 "GET /api?module=account&action=tokenbalance&contractaddress=0x4ff57e25eeb7affbbb060e0bad2e1759efc8bec4&address=0x1731660B26E7B3FBA47F4d3b1B39bDA886f7c42b&tag=latest&apikey=77D1W3AMVN6ZGUXQ7116ECFQC2M9M3WFKY HTTP/1.1" 200 157
2025-01-20 16:48:30,873 - DEBUG - Starting new HTTPS connection (1): api.etherscan.io:443
2025-01-20 16:48:31,482 - DEBUG - https://api.etherscan.io:443 "GET /api?module=account&action=tokenbalance&contractaddress=0xc9f00080d96cea3ef92d2e2e563d4cd41fb5bb36&address=0x1731660B26E7B3FBA47F4d3b1B39bDA886f7c42b&tag=latest&apikey=77D1W3AMVN6ZGUXQ7116ECFQC2M9M3WFKY HTTP/1.1" 200 157
2025-01-20 16:48:31,484 - DEBUG - Starting new HTTPS connection (1): api.etherscan.io:443
2025-01-20 16:48:32,096 - DEBUG - https://api.etherscan.io:443 "GET /api?module=account&action=tokenbalance&contractaddress=0x5283d291dbcf85356a21ba090e6db59121208b44&address=0x1731660B26E7B3FBA47F4d3b1B39bDA886f7c42b&tag=latest&apikey=77D1W3AMVN6ZGUXQ7116ECFQC2M9M3WFKY HTTP/1.1" 200 157
2025-01-20 16:48:32,098 - DEBUG - Starting new HTTPS connection (1): api.etherscan.io:443
2025-01-20 16:48:32,719 - DEBUG - https://api.etherscan.io:443 "GET /api?module=account&action=tokenbalance&contractaddress=0xf8aD7dFe656188A23e89da09506Adf7ad9290D5d&address=0x1731660B26E7B3FBA47F4d3b1B39bDA886f7c42b&tag=latest&apikey=77D1W3AMVN6ZGUXQ7116ECFQC2M9M3WFKY HTTP/1.1" 200 157
2025-01-20 16:48:32,721 - DEBUG - Starting new HTTPS connection (1): api.etherscan.io:443
2025-01-20 16:48:33,320 - DEBUG - https://api.etherscan.io:443 "GET /api?module=account&action=tokenbalance&contractaddress=0x5732046a883704404f284ce41ffadd5b007fd668&address=0x1731660B26E7B3FBA47F4d3b1B39bDA886f7c42b&tag=latest&apikey=77D1W3AMVN6ZGUXQ7116ECFQC2M9M3WFKY HTTP/1.1" 200 157
2025-01-20 16:48:33,324 - DEBUG - Starting new HTTPS connection (1): api.etherscan.io:443
2025-01-20 16:48:34,054 - DEBUG - https://api.etherscan.io:443 "GET /api?module=account&action=tokenbalance&contractaddress=0x116c4b65e14449947bc6fa1bbe844cb16a162d53&address=0x1731660B26E7B3FBA47F4d3b1B39bDA886f7c42b&tag=latest&apikey=77D1W3AMVN6ZGUXQ7116ECFQC2M9M3WFKY HTTP/1.1" 200 157
2025-01-20 16:48:34,058 - DEBUG - Starting new HTTPS connection (1): api.etherscan.io:443
2025-01-20 16:48:34,657 - DEBUG - https://api.etherscan.io:443 "GET /api?module=account&action=tokenbalance&contractaddress=0x725c263e32c72ddc3a19bea12c5a0479a81ee688&address=0x1731660B26E7B3FBA47F4d3b1B39bDA886f7c42b&tag=latest&apikey=77D1W3AMVN6ZGUXQ7116ECFQC2M9M3WFKY HTTP/1.1" 200 157
2025-01-20 16:48:34,660 - DEBUG - Starting new HTTPS connection (1): api.etherscan.io:443
2025-01-20 16:48:35,281 - DEBUG - https://api.etherscan.io:443 "GET /api?module=account&action=tokenbalance&contractaddress=0x986EE2B944c42D017F52Af21c4c69B84DBeA35d8&address=0x1731660B26E7B3FBA47F4d3b1B39bDA886f7c42b&tag=latest&apikey=77D1W3AMVN6ZGUXQ7116ECFQC2M9M3WFKY HTTP/1.1" 200 157
2025-01-20 16:48:35,282 - DEBUG - Starting new HTTPS connection (1): api.etherscan.io:443
2025-01-20 16:48:35,998 - DEBUG - https://api.etherscan.io:443 "GET /api?module=account&action=tokenbalance&contractaddress=0x07ef9e82721ac16809d24dafbe1792ce01654db4&address=0x1731660B26E7B3FBA47F4d3b1B39bDA886f7c42b&tag=latest&apikey=77D1W3AMVN6ZGUXQ7116ECFQC2M9M3WFKY HTTP/1.1" 200 157
2025-01-20 16:48:36,000 - DEBUG - Starting new HTTPS connection (1): api.etherscan.io:443
2025-01-20 16:48:36,674 - DEBUG - https://api.etherscan.io:443 "GET /api?module=account&action=tokenbalance&contractaddress=0x1DE5e000C41C8d35b9f1f4985C23988f05831057&address=0x1731660B26E7B3FBA47F4d3b1B39bDA886f7c42b&tag=latest&apikey=77D1W3AMVN6ZGUXQ7116ECFQC2M9M3WFKY HTTP/1.1" 200 157
2025-01-20 16:48:36,676 - DEBUG - Starting new HTTPS connection (1): api.etherscan.io:443
2025-01-20 16:48:37,315 - DEBUG - https://api.etherscan.io:443 "GET /api?module=account&action=tokenbalance&contractaddress=0x1f573d6fb3f13d689ff844b4ce37794d79a7ff1c&address=0x1731660B26E7B3FBA47F4d3b1B39bDA886f7c42b&tag=latest&apikey=77D1W3AMVN6ZGUXQ7116ECFQC2M9M3WFKY HTTP/1.1" 200 157
2025-01-20 16:48:37,317 - DEBUG - Starting new HTTPS connection (1): api.etherscan.io:443
2025-01-20 16:48:37,925 - DEBUG - https://api.etherscan.io:443 "GET /api?module=account&action=tokenbalance&contractaddress=0x7D8146cf21e8D7cbe46054e01588207b51198729&address=0x1731660B26E7B3FBA47F4d3b1B39bDA886f7c42b&tag=latest&apikey=77D1W3AMVN6ZGUXQ7116ECFQC2M9M3WFKY HTTP/1.1" 200 157
2025-01-20 16:48:37,927 - DEBUG - Starting new HTTPS connection (1): api.etherscan.io:443
2025-01-20 16:48:39,149 - DEBUG - https://api.etherscan.io:443 "GET /api?module=account&action=tokenbalance&contractaddress=0xb90b2a35c65dbc466b04240097ca756ad2005295&address=0x1731660B26E7B3FBA47F4d3b1B39bDA886f7c42b&tag=latest&apikey=77D1W3AMVN6ZGUXQ7116ECFQC2M9M3WFKY HTTP/1.1" 200 157
2025-01-20 16:48:39,152 - DEBUG - Starting new HTTPS connection (1): api.etherscan.io:443
2025-01-20 16:48:39,834 - DEBUG - https://api.etherscan.io:443 "GET /api?module=account&action=tokenbalance&contractaddress=0xd5930c307d7395ff807f2921f12c5eb82131a789&address=0x1731660B26E7B3FBA47F4d3b1B39bDA886f7c42b&tag=latest&apikey=77D1W3AMVN6ZGUXQ7116ECFQC2M9M3WFKY HTTP/1.1" 200 157
2025-01-20 16:48:39,837 - DEBUG - Starting new HTTPS connection (1): api.etherscan.io:443
2025-01-20 16:48:40,514 - DEBUG - https://api.etherscan.io:443 "GET /api?module=account&action=tokenbalance&contractaddress=0x6B6EE7393F07B3dD1427b6848d3576F31C313127&address=0x1731660B26E7B3FBA47F4d3b1B39bDA886f7c42b&tag=latest&apikey=77D1W3AMVN6ZGUXQ7116ECFQC2M9M3WFKY HTTP/1.1" 200 157
2025-01-20 16:48:40,516 - DEBUG - Starting new HTTPS connection (1): api.etherscan.io:443
2025-01-20 16:48:41,168 - DEBUG - https://api.etherscan.io:443 "GET /api?module=account&action=tokenbalance&contractaddress=0x0c4785eE3CA8bF1fB90c772703210bd346AA3413&address=0x1731660B26E7B3FBA47F4d3b1B39bDA886f7c42b&tag=latest&apikey=77D1W3AMVN6ZGUXQ7116ECFQC2M9M3WFKY HTTP/1.1" 200 157
2025-01-20 16:48:41,169 - DEBUG - Starting new HTTPS connection (1): api.etherscan.io:443
2025-01-20 16:48:41,877 - DEBUG - https://api.etherscan.io:443 "GET /api?module=account&action=tokenbalance&contractaddress=0x0391D2021f89DC339F60Fff84546EA23E337750f&address=0x1731660B26E7B3FBA47F4d3b1B39bDA886f7c42b&tag=latest&apikey=77D1W3AMVN6ZGUXQ7116ECFQC2M9M3WFKY HTTP/1.1" 200 157
2025-01-20 16:48:41,880 - DEBUG - Starting new HTTPS connection (1): api.etherscan.io:443
2025-01-20 16:48:42,597 - DEBUG - https://api.etherscan.io:443 "GET /api?module=account&action=tokenbalance&contractaddress=0x91dfbee3965baaee32784c2d546b7a0c62f268c9&address=0x1731660B26E7B3FBA47F4d3b1B39bDA886f7c42b&tag=latest&apikey=77D1W3AMVN6ZGUXQ7116ECFQC2M9M3WFKY HTTP/1.1" 200 157
2025-01-20 16:48:42,599 - DEBUG - Starting new HTTPS connection (1): api.etherscan.io:443
2025-01-20 16:48:43,341 - DEBUG - https://api.etherscan.io:443 "GET /api?module=account&action=tokenbalance&contractaddress=0x9813037ee2218799597d83D4a5B6F3b6778218d9&address=0x1731660B26E7B3FBA47F4d3b1B39bDA886f7c42b&tag=latest&apikey=77D1W3AMVN6ZGUXQ7116ECFQC2M9M3WFKY HTTP/1.1" 200 157
2025-01-20 16:48:43,343 - DEBUG - Starting new HTTPS connection (1): api.etherscan.io:443
2025-01-20 16:48:43,963 - DEBUG - https://api.etherscan.io:443 "GET /api?module=account&action=tokenbalance&contractaddress=0x1151CB3d861920e07a38e03eEAd12C32178567F6&address=0x1731660B26E7B3FBA47F4d3b1B39bDA886f7c42b&tag=latest&apikey=77D1W3AMVN6ZGUXQ7116ECFQC2M9M3WFKY HTTP/1.1" 200 157
2025-01-20 16:48:43,965 - DEBUG - Starting new HTTPS connection (1): api.etherscan.io:443
2025-01-20 16:48:44,647 - DEBUG - https://api.etherscan.io:443 "GET /api?module=account&action=tokenbalance&contractaddress=0x55af5865807b196bd0197e0902746f31fbccfa58&address=0x1731660B26E7B3FBA47F4d3b1B39bDA886f7c42b&tag=latest&apikey=77D1W3AMVN6ZGUXQ7116ECFQC2M9M3WFKY HTTP/1.1" 200 157
2025-01-20 16:48:44,649 - DEBUG - Starting new HTTPS connection (1): api.etherscan.io:443
2025-01-20 16:48:45,390 - DEBUG - https://api.etherscan.io:443 "GET /api?module=account&action=tokenbalance&contractaddress=0x289ff00235d2b98b0145ff5d4435d3e92f9540a6&address=0x1731660B26E7B3FBA47F4d3b1B39bDA886f7c42b&tag=latest&apikey=77D1W3AMVN6ZGUXQ7116ECFQC2M9M3WFKY HTTP/1.1" 200 157
2025-01-20 16:48:45,392 - DEBUG - Starting new HTTPS connection (1): api.etherscan.io:443
2025-01-20 16:48:46,082 - DEBUG - https://api.etherscan.io:443 "GET /api?module=account&action=tokenbalance&contractaddress=0xda8a1f5eccabc80c26ec9ab493715d5b9ce8fef9&address=0x1731660B26E7B3FBA47F4d3b1B39bDA886f7c42b&tag=latest&apikey=77D1W3AMVN6ZGUXQ7116ECFQC2M9M3WFKY HTTP/1.1" 200 157
2025-01-20 16:48:46,084 - DEBUG - Starting new HTTPS connection (1): api.etherscan.io:443
2025-01-20 16:48:46,785 - DEBUG - https://api.etherscan.io:443 "GET /api?module=account&action=tokenbalance&contractaddress=0xe79031B5aaEb3eE8D0145e3d75B81B36BFfe341d&address=0x1731660B26E7B3FBA47F4d3b1B39bDA886f7c42b&tag=latest&apikey=77D1W3AMVN6ZGUXQ7116ECFQC2M9M3WFKY HTTP/1.1" 200 157
2025-01-20 16:48:46,787 - DEBUG - Starting new HTTPS connection (1): api.etherscan.io:443
2025-01-20 16:48:47,458 - DEBUG - https://api.etherscan.io:443 "GET /api?module=account&action=tokenbalance&contractaddress=0x64d0f55cd8c7133a9d7102b13987235f486f2224&address=0x1731660B26E7B3FBA47F4d3b1B39bDA886f7c42b&tag=latest&apikey=77D1W3AMVN6ZGUXQ7116ECFQC2M9M3WFKY HTTP/1.1" 200 157
2025-01-20 16:48:47,460 - DEBUG - Starting new HTTPS connection (1): api.etherscan.io:443
2025-01-20 16:48:48,128 - DEBUG - https://api.etherscan.io:443 "GET /api?module=account&action=tokenbalance&contractaddress=0xC477D038d5420C6A9e0b031712f61c5120090de9&address=0x1731660B26E7B3FBA47F4d3b1B39bDA886f7c42b&tag=latest&apikey=77D1W3AMVN6ZGUXQ7116ECFQC2M9M3WFKY HTTP/1.1" 200 157
2025-01-20 16:48:48,129 - DEBUG - Starting new HTTPS connection (1): api.etherscan.io:443
2025-01-20 16:48:48,798 - DEBUG - https://api.etherscan.io:443 "GET /api?module=account&action=tokenbalance&contractaddress=0x9dfad1b7102d46b1b197b90095b5c4e9f5845bba&address=0x1731660B26E7B3FBA47F4d3b1B39bDA886f7c42b&tag=latest&apikey=77D1W3AMVN6ZGUXQ7116ECFQC2M9M3WFKY HTTP/1.1" 200 157
2025-01-20 16:48:48,800 - DEBUG - Starting new HTTPS connection (1): api.etherscan.io:443
2025-01-20 16:48:49,430 - DEBUG - https://api.etherscan.io:443 "GET /api?module=account&action=tokenbalance&contractaddress=0x139d9397274bb9e2c29a9aa8aa0b5874d30d62e3&address=0x1731660B26E7B3FBA47F4d3b1B39bDA886f7c42b&tag=latest&apikey=77D1W3AMVN6ZGUXQ7116ECFQC2M9M3WFKY HTTP/1.1" 200 157
2025-01-20 16:48:49,431 - DEBUG - Starting new HTTPS connection (1): api.etherscan.io:443
2025-01-20 16:48:50,044 - DEBUG - https://api.etherscan.io:443 "GET /api?module=account&action=tokenbalance&contractaddress=0x32B77729cD87F1EF2bEa4C650c16f89f08472c69&address=0x1731660B26E7B3FBA47F4d3b1B39bDA886f7c42b&tag=latest&apikey=77D1W3AMVN6ZGUXQ7116ECFQC2M9M3WFKY HTTP/1.1" 200 157
2025-01-20 16:48:50,046 - DEBUG - Starting new HTTPS connection (1): api.etherscan.io:443
2025-01-20 16:48:50,645 - DEBUG - https://api.etherscan.io:443 "GET /api?module=account&action=tokenbalance&contractaddress=0xdF290B162a7D3E0A328cF198308D421954f08b94&address=0x1731660B26E7B3FBA47F4d3b1B39bDA886f7c42b&tag=latest&apikey=77D1W3AMVN6ZGUXQ7116ECFQC2M9M3WFKY HTTP/1.1" 200 157
2025-01-20 16:48:50,647 - DEBUG - Starting new HTTPS connection (1): api.etherscan.io:443
