2025-01-18 23:45:07,692 - INFO - Services module initialized.
2025-01-18 23:45:07,696 - INFO - LogManager initialized successfully.
2025-01-18 23:45:07,740 - DEBUG - Building SSL context
2025-01-18 23:45:07,782 - DEBUG - Switching to SSL
2025-01-18 23:45:07,786 - DEBUG - SSL has been enabled
2025-01-18 23:45:07,787 - DEBUG - Starting authorization phase
2025-01-18 23:45:07,787 - DEBUG - The provided initial strategy is caching_sha2_password
2025-01-18 23:45:07,788 - INFO - package: mysql.connector.plugins
2025-01-18 23:45:07,788 - INFO - plugin_name: caching_sha2_password
2025-01-18 23:45:07,791 - INFO - AUTHENTICATION_PLUGIN_CLASS: MySQLCachingSHA2PasswordAuthPlugin
2025-01-18 23:45:07,792 - DEBUG - Exchanging further packets
2025-01-18 23:45:07,792 - DEBUG - caching_sha2_password completed succesfully
2025-01-18 23:45:07,810 - INFO - Starting Flask app with Keep-Alive enabled.
2025-01-18 23:45:07,819 - WARNING -  * Debugger is active!
2025-01-18 23:45:07,823 - INFO -  * Debugger PIN: 117-061-111
2025-01-18 23:45:32,846 - INFO - Received a request to fetch currency prices based on UserID and CurrencyID list.
2025-01-18 23:45:32,848 - INFO - Fetching price for these symbols ['ETH', 'SHIB'], requested by UserID: ec99e22a-653c-44b8-a1a8-9347464666d7
2025-01-18 23:45:32,890 - INFO - Fetched these symbols from database: ['ETH', 'SHIB']
2025-01-18 23:45:32,891 - INFO - Fetching latest prices for symbols: ['ETH', 'SHIB'], convert: USD
2025-01-18 23:45:32,892 - DEBUG - Starting new HTTPS connection (1): pro-api.coinmarketcap.com:443
2025-01-18 23:45:33,266 - DEBUG - https://pro-api.coinmarketcap.com:443 "GET /v1/cryptocurrency/quotes/latest?symbol=ETH%2CSHIB&convert=USD HTTP/1.1" 200 None
2025-01-18 23:45:33,270 - INFO - Prices fetched successfully: {'ETH': 3267.777279955226, 'SHIB': 2.2547907773521073e-05}
2025-01-18 23:45:33,271 - INFO - Fetching latest prices for symbols: ['ETH', 'SHIB'], convert: CAD
2025-01-18 23:45:33,272 - DEBUG - Starting new HTTPS connection (1): pro-api.coinmarketcap.com:443
2025-01-18 23:45:33,845 - DEBUG - https://pro-api.coinmarketcap.com:443 "GET /v1/cryptocurrency/quotes/latest?symbol=ETH%2CSHIB&convert=CAD HTTP/1.1" 200 None
2025-01-18 23:45:33,847 - INFO - Prices fetched successfully: {'ETH': 4735.172667519101, 'SHIB': 3.267304575922058e-05}
2025-01-18 23:45:33,847 - INFO - Fetching latest prices for symbols: ['ETH', 'SHIB'], convert: AUD
2025-01-18 23:45:33,848 - DEBUG - Starting new HTTPS connection (1): pro-api.coinmarketcap.com:443
2025-01-18 23:45:34,073 - DEBUG - https://pro-api.coinmarketcap.com:443 "GET /v1/cryptocurrency/quotes/latest?symbol=ETH%2CSHIB&convert=AUD HTTP/1.1" 200 None
2025-01-18 23:45:34,075 - INFO - Prices fetched successfully: {'ETH': 5280.829385503325, 'SHIB': 3.643811794715104e-05}
2025-01-18 23:45:34,075 - INFO - Fetching latest prices for symbols: ['ETH', 'SHIB'], convert: GBP
2025-01-18 23:45:34,076 - DEBUG - Starting new HTTPS connection (1): pro-api.coinmarketcap.com:443
2025-01-18 23:45:34,569 - DEBUG - https://pro-api.coinmarketcap.com:443 "GET /v1/cryptocurrency/quotes/latest?symbol=ETH%2CSHIB&convert=GBP HTTP/1.1" 200 None
2025-01-18 23:45:34,570 - INFO - Prices fetched successfully: {'ETH': 2683.34511676707, 'SHIB': 1.8515282111950125e-05}
2025-01-18 23:45:34,570 - INFO - Fetching latest prices for symbols: ['ETH', 'SHIB'], convert: EUR
2025-01-18 23:45:34,571 - DEBUG - Starting new HTTPS connection (1): pro-api.coinmarketcap.com:443
2025-01-18 23:45:35,048 - DEBUG - https://pro-api.coinmarketcap.com:443 "GET /v1/cryptocurrency/quotes/latest?symbol=ETH%2CSHIB&convert=EUR HTTP/1.1" 200 None
2025-01-18 23:45:35,049 - INFO - Prices fetched successfully: {'ETH': 3177.697731455987, 'SHIB': 2.192635214783624e-05}
2025-01-18 23:45:35,049 - INFO - Fetching latest prices for symbols: ['ETH', 'SHIB'], convert: KWD
2025-01-18 23:45:35,050 - DEBUG - Starting new HTTPS connection (1): pro-api.coinmarketcap.com:443
2025-01-18 23:45:35,309 - DEBUG - https://pro-api.coinmarketcap.com:443 "GET /v1/cryptocurrency/quotes/latest?symbol=ETH%2CSHIB&convert=KWD HTTP/1.1" 200 None
2025-01-18 23:45:35,311 - INFO - Prices fetched successfully: {'ETH': 1008.2922863938661, 'SHIB': 6.957292230966578e-06}
2025-01-18 23:45:35,312 - INFO - Fetching latest prices for symbols: ['ETH', 'SHIB'], convert: TRY
2025-01-18 23:45:35,313 - DEBUG - Starting new HTTPS connection (1): pro-api.coinmarketcap.com:443
2025-01-18 23:45:35,954 - DEBUG - https://pro-api.coinmarketcap.com:443 "GET /v1/cryptocurrency/quotes/latest?symbol=ETH%2CSHIB&convert=TRY HTTP/1.1" 200 None
2025-01-18 23:45:35,955 - INFO - Prices fetched successfully: {'ETH': 115787.80591609342, 'SHIB': 0.0007989445257206159}
2025-01-18 23:45:35,955 - INFO - Fetching latest prices for symbols: ['ETH', 'SHIB'], convert: IRR
2025-01-18 23:45:35,956 - DEBUG - Starting new HTTPS connection (1): pro-api.coinmarketcap.com:443
2025-01-18 23:45:36,226 - DEBUG - https://pro-api.coinmarketcap.com:443 "GET /v1/cryptocurrency/quotes/latest?symbol=ETH%2CSHIB&convert=IRR HTTP/1.1" 200 None
2025-01-18 23:45:36,227 - INFO - Prices fetched successfully: {'ETH': 137532576.2702531, 'SHIB': 0.9489850684190172}
2025-01-18 23:45:36,228 - INFO - Fetching latest prices for symbols: ['ETH', 'SHIB'], convert: SAR
2025-01-18 23:45:36,229 - DEBUG - Starting new HTTPS connection (1): pro-api.coinmarketcap.com:443
2025-01-18 23:45:36,541 - DEBUG - https://pro-api.coinmarketcap.com:443 "GET /v1/cryptocurrency/quotes/latest?symbol=ETH%2CSHIB&convert=SAR HTTP/1.1" 200 None
2025-01-18 23:45:36,542 - INFO - Prices fetched successfully: {'ETH': 12261.148039879434, 'SHIB': 8.460283902961654e-05}
2025-01-18 23:45:36,543 - INFO - Fetching latest prices for symbols: ['ETH', 'SHIB'], convert: CNY
2025-01-18 23:45:36,544 - DEBUG - Starting new HTTPS connection (1): pro-api.coinmarketcap.com:443
2025-01-18 23:45:36,804 - DEBUG - https://pro-api.coinmarketcap.com:443 "GET /v1/cryptocurrency/quotes/latest?symbol=ETH%2CSHIB&convert=CNY HTTP/1.1" 200 None
2025-01-18 23:45:36,805 - INFO - Prices fetched successfully: {'ETH': 23936.468575671683, 'SHIB': 0.00016516342444103946}
2025-01-18 23:45:36,805 - INFO - Fetching latest prices for symbols: ['ETH', 'SHIB'], convert: KRW
2025-01-18 23:45:36,806 - DEBUG - Starting new HTTPS connection (1): pro-api.coinmarketcap.com:443
2025-01-18 23:45:37,823 - DEBUG - https://pro-api.coinmarketcap.com:443 "GET /v1/cryptocurrency/quotes/latest?symbol=ETH%2CSHIB&convert=KRW HTTP/1.1" 200 None
2025-01-18 23:45:37,824 - INFO - Prices fetched successfully: {'ETH': 4763817.408417687, 'SHIB': 0.03287069661503}
2025-01-18 23:45:37,824 - INFO - Fetching latest prices for symbols: ['ETH', 'SHIB'], convert: JPY
2025-01-18 23:45:37,825 - DEBUG - Starting new HTTPS connection (1): pro-api.coinmarketcap.com:443
2025-01-18 23:45:38,312 - DEBUG - https://pro-api.coinmarketcap.com:443 "GET /v1/cryptocurrency/quotes/latest?symbol=ETH%2CSHIB&convert=JPY HTTP/1.1" 200 None
2025-01-18 23:45:38,313 - INFO - Prices fetched successfully: {'ETH': 510701.5174798816, 'SHIB': 0.003523878688602489}
2025-01-18 23:45:38,313 - INFO - Fetching latest prices for symbols: ['ETH', 'SHIB'], convert: INR
2025-01-18 23:45:38,314 - DEBUG - Starting new HTTPS connection (1): pro-api.coinmarketcap.com:443
2025-01-18 23:45:38,794 - DEBUG - https://pro-api.coinmarketcap.com:443 "GET /v1/cryptocurrency/quotes/latest?symbol=ETH%2CSHIB&convert=INR HTTP/1.1" 200 None
2025-01-18 23:45:38,795 - INFO - Prices fetched successfully: {'ETH': 282939.67884064483, 'SHIB': 0.0019523049575936656}
2025-01-18 23:45:38,795 - INFO - Fetching latest prices for symbols: ['ETH', 'SHIB'], convert: RUB
2025-01-18 23:45:38,796 - DEBUG - Starting new HTTPS connection (1): pro-api.coinmarketcap.com:443
2025-01-18 23:45:39,007 - DEBUG - https://pro-api.coinmarketcap.com:443 "GET /v1/cryptocurrency/quotes/latest?symbol=ETH%2CSHIB&convert=RUB HTTP/1.1" 200 None
2025-01-18 23:45:39,008 - INFO - Prices fetched successfully: {'ETH': 334932.8681341811, 'SHIB': 0.0023110618545930666}
2025-01-18 23:45:39,008 - INFO - Fetching latest prices for symbols: ['ETH', 'SHIB'], convert: IQD
2025-01-18 23:45:39,009 - DEBUG - Starting new HTTPS connection (1): pro-api.coinmarketcap.com:443
2025-01-18 23:45:39,249 - DEBUG - https://pro-api.coinmarketcap.com:443 "GET /v1/cryptocurrency/quotes/latest?symbol=ETH%2CSHIB&convert=IQD HTTP/1.1" 200 None
2025-01-18 23:45:39,250 - INFO - Prices fetched successfully: {'ETH': 4281148.185697162, 'SHIB': 0.029540242858044262}
2025-01-18 23:45:39,250 - INFO - Fetching latest prices for symbols: ['ETH', 'SHIB'], convert: TND
2025-01-18 23:45:39,251 - DEBUG - Starting new HTTPS connection (1): pro-api.coinmarketcap.com:443
2025-01-18 23:45:39,513 - DEBUG - https://pro-api.coinmarketcap.com:443 "GET /v1/cryptocurrency/quotes/latest?symbol=ETH%2CSHIB&convert=TND HTTP/1.1" 200 None
2025-01-18 23:45:39,514 - INFO - Prices fetched successfully: {'ETH': 10514.923020348582, 'SHIB': 7.255375571732416e-05}
2025-01-18 23:45:39,514 - INFO - Fetching latest prices for symbols: ['ETH', 'SHIB'], convert: BHD
2025-01-18 23:45:39,515 - DEBUG - Starting new HTTPS connection (1): pro-api.coinmarketcap.com:443
2025-01-18 23:45:39,783 - DEBUG - https://pro-api.coinmarketcap.com:443 "GET /v1/cryptocurrency/quotes/latest?symbol=ETH%2CSHIB&convert=BHD HTTP/1.1" 200 None
2025-01-18 23:45:39,785 - INFO - Prices fetched successfully: {'ETH': 1231.5991145968837, 'SHIB': 8.498126056577895e-06}
2025-01-18 23:45:39,788 - INFO - 127.0.0.1 - - [18/Jan/2025 23:45:39] "POST /prices HTTP/1.1" 200 -
