2025-01-11 17:17:05,838 - INFO - Services module initialized.
2025-01-11 17:17:05,841 - INFO - LogManager initialized successfully.
2025-01-11 17:17:05,895 - DEBUG - Building SSL context
2025-01-11 17:17:05,938 - DEBUG - Switching to SSL
2025-01-11 17:17:05,942 - DEBUG - SSL has been enabled
2025-01-11 17:17:05,942 - DEBUG - Starting authorization phase
2025-01-11 17:17:05,942 - DEBUG - The provided initial strategy is caching_sha2_password
2025-01-11 17:17:05,943 - INFO - package: mysql.connector.plugins
2025-01-11 17:17:05,943 - INFO - plugin_name: caching_sha2_password
2025-01-11 17:17:05,946 - INFO - AUTHENTICATION_PLUGIN_CLASS: MySQLCachingSHA2PasswordAuthPlugin
2025-01-11 17:17:05,947 - DEBUG - Exchanging further packets
2025-01-11 17:17:05,948 - DEBUG - caching_sha2_password completed succesfully
2025-01-11 17:17:05,964 - INFO - Starting Flask app with Keep-Alive enabled.
2025-01-11 17:17:05,971 - WARNING -  * Debugger is active!
2025-01-11 17:17:05,973 - INFO -  * Debugger PIN: 599-719-174
2025-01-11 17:18:09,960 - INFO - Received a request to fetch currency prices based on UserID and CurrencyID list.
2025-01-11 17:18:09,962 - INFO - Fetching price for these symbols ['ETH', 'SHIB'], requested by UserID: ec99e22a-653c-44b8-a1a8-9347464666d7
2025-01-11 17:18:10,005 - INFO - Fetched these symbols from database: ['ETH', 'SHIB']
2025-01-11 17:18:10,005 - INFO - Fetching latest prices for symbols: ['ETH', 'SHIB'], convert: USD
2025-01-11 17:18:10,009 - DEBUG - Starting new HTTPS connection (1): pro-api.coinmarketcap.com:443
2025-01-11 17:18:10,231 - DEBUG - https://pro-api.coinmarketcap.com:443 "GET /v1/cryptocurrency/quotes/latest?symbol=ETH%2CSHIB&convert=USD HTTP/1.1" 200 None
2025-01-11 17:18:10,233 - INFO - Prices fetched successfully: {'ETH': 3262.5604366287985, 'SHIB': 2.1804873152584208e-05}
2025-01-11 17:18:10,234 - INFO - Fetching latest prices for symbols: ['ETH', 'SHIB'], convert: CAD
2025-01-11 17:18:10,237 - DEBUG - Starting new HTTPS connection (1): pro-api.coinmarketcap.com:443
2025-01-11 17:18:10,688 - DEBUG - https://pro-api.coinmarketcap.com:443 "GET /v1/cryptocurrency/quotes/latest?symbol=ETH%2CSHIB&convert=CAD HTTP/1.1" 200 None
2025-01-11 17:18:10,689 - INFO - Prices fetched successfully: {'ETH': 4705.689544951749, 'SHIB': 3.144982770928783e-05}
2025-01-11 17:18:10,690 - INFO - Fetching latest prices for symbols: ['ETH', 'SHIB'], convert: AUD
2025-01-11 17:18:10,691 - DEBUG - Starting new HTTPS connection (1): pro-api.coinmarketcap.com:443
2025-01-11 17:18:10,868 - DEBUG - https://pro-api.coinmarketcap.com:443 "GET /v1/cryptocurrency/quotes/latest?symbol=ETH%2CSHIB&convert=AUD HTTP/1.1" 200 None
2025-01-11 17:18:10,869 - INFO - Prices fetched successfully: {'ETH': 5307.018486270828, 'SHIB': 3.54687268356405e-05}
2025-01-11 17:18:10,869 - INFO - Fetching latest prices for symbols: ['ETH', 'SHIB'], convert: GBP
2025-01-11 17:18:10,870 - DEBUG - Starting new HTTPS connection (1): pro-api.coinmarketcap.com:443
2025-01-11 17:18:11,049 - DEBUG - https://pro-api.coinmarketcap.com:443 "GET /v1/cryptocurrency/quotes/latest?symbol=ETH%2CSHIB&convert=GBP HTTP/1.1" 200 None
2025-01-11 17:18:11,049 - INFO - Prices fetched successfully: {'ETH': 2670.275378091238, 'SHIB': 1.7846417570707793e-05}
2025-01-11 17:18:11,050 - INFO - Fetching latest prices for symbols: ['ETH', 'SHIB'], convert: EUR
2025-01-11 17:18:11,051 - DEBUG - Starting new HTTPS connection (1): pro-api.coinmarketcap.com:443
2025-01-11 17:18:11,231 - DEBUG - https://pro-api.coinmarketcap.com:443 "GET /v1/cryptocurrency/quotes/latest?symbol=ETH%2CSHIB&convert=EUR HTTP/1.1" 200 None
2025-01-11 17:18:11,232 - INFO - Prices fetched successfully: {'ETH': 3183.396332544662, 'SHIB': 2.127579077041194e-05}
2025-01-11 17:18:11,233 - INFO - Fetching latest prices for symbols: ['ETH', 'SHIB'], convert: KWD
2025-01-11 17:18:11,234 - DEBUG - Starting new HTTPS connection (1): pro-api.coinmarketcap.com:443
2025-01-11 17:18:11,423 - DEBUG - https://pro-api.coinmarketcap.com:443 "GET /v1/cryptocurrency/quotes/latest?symbol=ETH%2CSHIB&convert=KWD HTTP/1.1" 200 None
2025-01-11 17:18:11,425 - INFO - Prices fetched successfully: {'ETH': 1009.2505594041069, 'SHIB': 6.745187056127177e-06}
2025-01-11 17:18:11,426 - INFO - Fetching latest prices for symbols: ['ETH', 'SHIB'], convert: TRY
2025-01-11 17:18:11,429 - DEBUG - Starting new HTTPS connection (1): pro-api.coinmarketcap.com:443
2025-01-11 17:18:11,598 - DEBUG - https://pro-api.coinmarketcap.com:443 "GET /v1/cryptocurrency/quotes/latest?symbol=ETH%2CSHIB&convert=TRY HTTP/1.1" 200 None
2025-01-11 17:18:11,600 - INFO - Prices fetched successfully: {'ETH': 115458.20236606304, 'SHIB': 0.0007716489873268943}
2025-01-11 17:18:11,600 - INFO - Fetching latest prices for symbols: ['ETH', 'SHIB'], convert: IRR
2025-01-11 17:18:11,602 - DEBUG - Starting new HTTPS connection (1): pro-api.coinmarketcap.com:443
2025-01-11 17:18:11,779 - DEBUG - https://pro-api.coinmarketcap.com:443 "GET /v1/cryptocurrency/quotes/latest?symbol=ETH%2CSHIB&convert=IRR HTTP/1.1" 200 None
2025-01-11 17:18:11,780 - INFO - Prices fetched successfully: {'ETH': 137313012.37675187, 'SHIB': 0.9177125988103056}
2025-01-11 17:18:11,780 - INFO - Fetching latest prices for symbols: ['ETH', 'SHIB'], convert: SAR
2025-01-11 17:18:11,781 - DEBUG - Starting new HTTPS connection (1): pro-api.coinmarketcap.com:443
2025-01-11 17:18:11,976 - DEBUG - https://pro-api.coinmarketcap.com:443 "GET /v1/cryptocurrency/quotes/latest?symbol=ETH%2CSHIB&convert=SAR HTTP/1.1" 200 None
2025-01-11 17:18:11,977 - INFO - Prices fetched successfully: {'ETH': 12246.956953731371, 'SHIB': 8.18508493768187e-05}
2025-01-11 17:18:11,977 - INFO - Fetching latest prices for symbols: ['ETH', 'SHIB'], convert: CNY
2025-01-11 17:18:11,978 - DEBUG - Starting new HTTPS connection (1): pro-api.coinmarketcap.com:443
2025-01-11 17:18:12,155 - DEBUG - https://pro-api.coinmarketcap.com:443 "GET /v1/cryptocurrency/quotes/latest?symbol=ETH%2CSHIB&convert=CNY HTTP/1.1" 200 None
2025-01-11 17:18:12,157 - INFO - Prices fetched successfully: {'ETH': 23923.376913668126, 'SHIB': 0.00015988859336595512}
2025-01-11 17:18:12,158 - INFO - Fetching latest prices for symbols: ['ETH', 'SHIB'], convert: KRW
2025-01-11 17:18:12,160 - DEBUG - Starting new HTTPS connection (1): pro-api.coinmarketcap.com:443
2025-01-11 17:18:12,338 - DEBUG - https://pro-api.coinmarketcap.com:443 "GET /v1/cryptocurrency/quotes/latest?symbol=ETH%2CSHIB&convert=KRW HTTP/1.1" 200 None
2025-01-11 17:18:12,339 - INFO - Prices fetched successfully: {'ETH': 4809421.903648974, 'SHIB': 0.0321431086360769}
2025-01-11 17:18:12,340 - INFO - Fetching latest prices for symbols: ['ETH', 'SHIB'], convert: JPY
2025-01-11 17:18:12,342 - DEBUG - Starting new HTTPS connection (1): pro-api.coinmarketcap.com:443
2025-01-11 17:18:12,517 - DEBUG - https://pro-api.coinmarketcap.com:443 "GET /v1/cryptocurrency/quotes/latest?symbol=ETH%2CSHIB&convert=JPY HTTP/1.1" 200 None
2025-01-11 17:18:12,518 - INFO - Prices fetched successfully: {'ETH': 514545.93370998534, 'SHIB': 0.0034388968522273407}
2025-01-11 17:18:12,520 - INFO - 127.0.0.1 - - [11/Jan/2025 17:18:12] "POST /prices HTTP/1.1" 200 -
