2025-01-12 17:38:15,440 - INFO - Services module initialized.
2025-01-12 17:38:15,444 - INFO - LogManager initialized successfully.
2025-01-12 17:38:15,504 - DEBUG - Building SSL context
2025-01-12 17:38:15,554 - DEBUG - Switching to SSL
2025-01-12 17:38:15,557 - DEBUG - SSL has been enabled
2025-01-12 17:38:15,558 - DEBUG - Starting authorization phase
2025-01-12 17:38:15,558 - DEBUG - The provided initial strategy is caching_sha2_password
2025-01-12 17:38:15,559 - INFO - package: mysql.connector.plugins
2025-01-12 17:38:15,559 - INFO - plugin_name: caching_sha2_password
2025-01-12 17:38:15,562 - INFO - AUTHENTICATION_PLUGIN_CLASS: MySQLCachingSHA2PasswordAuthPlugin
2025-01-12 17:38:15,562 - DEBUG - Exchanging further packets
2025-01-12 17:38:15,562 - DEBUG - caching_sha2_password completed succesfully
2025-01-12 17:38:15,579 - INFO - Starting Flask app with Keep-Alive enabled.
2025-01-12 17:38:15,586 - WARNING -  * Debugger is active!
2025-01-12 17:38:15,589 - INFO -  * Debugger PIN: 599-719-174
2025-01-12 17:38:16,775 - INFO - Received a request to fetch currency prices based on UserID and CurrencyID list.
2025-01-12 17:38:16,776 - INFO - Fetching price for these symbols ['ETH', 'SHIB'], requested by UserID: ec99e22a-653c-44b8-a1a8-9347464666d7
2025-01-12 17:38:16,799 - INFO - Fetched these symbols from database: ['ETH', 'SHIB']
2025-01-12 17:38:16,800 - INFO - Fetching latest prices for symbols: ['ETH', 'SHIB'], convert: USD
2025-01-12 17:38:16,801 - DEBUG - Starting new HTTPS connection (1): pro-api.coinmarketcap.com:443
2025-01-12 17:38:17,011 - DEBUG - https://pro-api.coinmarketcap.com:443 "GET /v1/cryptocurrency/quotes/latest?symbol=ETH%2CSHIB&convert=USD HTTP/1.1" 200 None
2025-01-12 17:38:17,012 - INFO - Prices fetched successfully: {'ETH': 3274.5258559940166, 'SHIB': 2.1682220348500666e-05}
2025-01-12 17:38:17,012 - INFO - Fetching latest prices for symbols: ['ETH', 'SHIB'], convert: CAD
2025-01-12 17:38:17,013 - DEBUG - Starting new HTTPS connection (1): pro-api.coinmarketcap.com:443
2025-01-12 17:38:17,220 - DEBUG - https://pro-api.coinmarketcap.com:443 "GET /v1/cryptocurrency/quotes/latest?symbol=ETH%2CSHIB&convert=CAD HTTP/1.1" 200 None
2025-01-12 17:38:17,221 - INFO - Prices fetched successfully: {'ETH': 4726.761700498104, 'SHIB': 3.129817666195911e-05}
2025-01-12 17:38:17,221 - INFO - Fetching latest prices for symbols: ['ETH', 'SHIB'], convert: AUD
2025-01-12 17:38:17,222 - DEBUG - Starting new HTTPS connection (1): pro-api.coinmarketcap.com:443
2025-01-12 17:38:17,646 - DEBUG - https://pro-api.coinmarketcap.com:443 "GET /v1/cryptocurrency/quotes/latest?symbol=ETH%2CSHIB&convert=AUD HTTP/1.1" 200 None
2025-01-12 17:38:17,647 - INFO - Prices fetched successfully: {'ETH': 5327.031407789601, 'SHIB': 3.52728528851442e-05}
2025-01-12 17:38:17,647 - INFO - Fetching latest prices for symbols: ['ETH', 'SHIB'], convert: GBP
2025-01-12 17:38:17,648 - DEBUG - Starting new HTTPS connection (1): pro-api.coinmarketcap.com:443
2025-01-12 17:38:17,852 - DEBUG - https://pro-api.coinmarketcap.com:443 "GET /v1/cryptocurrency/quotes/latest?symbol=ETH%2CSHIB&convert=GBP HTTP/1.1" 200 None
2025-01-12 17:38:17,854 - INFO - Prices fetched successfully: {'ETH': 2682.3900709287536, 'SHIB': 1.7761402760660884e-05}
2025-01-12 17:38:17,854 - INFO - Fetching latest prices for symbols: ['ETH', 'SHIB'], convert: EUR
2025-01-12 17:38:17,856 - DEBUG - Starting new HTTPS connection (1): pro-api.coinmarketcap.com:443
2025-01-12 17:38:18,051 - DEBUG - https://pro-api.coinmarketcap.com:443 "GET /v1/cryptocurrency/quotes/latest?symbol=ETH%2CSHIB&convert=EUR HTTP/1.1" 200 None
2025-01-12 17:38:18,054 - INFO - Prices fetched successfully: {'ETH': 3193.258673299971, 'SHIB': 2.114411100389167e-05}
2025-01-12 17:38:18,054 - INFO - Fetching latest prices for symbols: ['ETH', 'SHIB'], convert: KWD
2025-01-12 17:38:18,056 - DEBUG - Starting new HTTPS connection (1): pro-api.coinmarketcap.com:443
2025-01-12 17:38:18,242 - DEBUG - https://pro-api.coinmarketcap.com:443 "GET /v1/cryptocurrency/quotes/latest?symbol=ETH%2CSHIB&convert=KWD HTTP/1.1" 200 None
2025-01-12 17:38:18,244 - INFO - Prices fetched successfully: {'ETH': 1009.0975349382521, 'SHIB': 6.681723115916057e-06}
2025-01-12 17:38:18,245 - INFO - Fetching latest prices for symbols: ['ETH', 'SHIB'], convert: TRY
2025-01-12 17:38:18,246 - DEBUG - Starting new HTTPS connection (1): pro-api.coinmarketcap.com:443
2025-01-12 17:38:18,418 - DEBUG - https://pro-api.coinmarketcap.com:443 "GET /v1/cryptocurrency/quotes/latest?symbol=ETH%2CSHIB&convert=TRY HTTP/1.1" 200 None
2025-01-12 17:38:18,419 - INFO - Prices fetched successfully: {'ETH': 115922.47218578539, 'SHIB': 0.0007675787872232733}
2025-01-12 17:38:18,419 - INFO - Fetching latest prices for symbols: ['ETH', 'SHIB'], convert: IRR
2025-01-12 17:38:18,420 - DEBUG - Starting new HTTPS connection (1): pro-api.coinmarketcap.com:443
2025-01-12 17:38:18,600 - DEBUG - https://pro-api.coinmarketcap.com:443 "GET /v1/cryptocurrency/quotes/latest?symbol=ETH%2CSHIB&convert=IRR HTTP/1.1" 200 None
2025-01-12 17:38:18,601 - INFO - Prices fetched successfully: {'ETH': 137816606.964286, 'SHIB': 0.9125504489184344}
2025-01-12 17:38:18,601 - INFO - Fetching latest prices for symbols: ['ETH', 'SHIB'], convert: SAR
2025-01-12 17:38:18,602 - DEBUG - Starting new HTTPS connection (1): pro-api.coinmarketcap.com:443
2025-01-12 17:38:18,775 - DEBUG - https://pro-api.coinmarketcap.com:443 "GET /v1/cryptocurrency/quotes/latest?symbol=ETH%2CSHIB&convert=SAR HTTP/1.1" 200 None
2025-01-12 17:38:18,776 - INFO - Prices fetched successfully: {'ETH': 12291.872589394074, 'SHIB': 8.139043687533637e-05}
2025-01-12 17:38:18,777 - INFO - Fetching latest prices for symbols: ['ETH', 'SHIB'], convert: CNY
2025-01-12 17:38:18,778 - DEBUG - Starting new HTTPS connection (1): pro-api.coinmarketcap.com:443
2025-01-12 17:38:18,955 - DEBUG - https://pro-api.coinmarketcap.com:443 "GET /v1/cryptocurrency/quotes/latest?symbol=ETH%2CSHIB&convert=CNY HTTP/1.1" 200 None
2025-01-12 17:38:18,956 - INFO - Prices fetched successfully: {'ETH': 24011.11574424746, 'SHIB': 0.00015898921714945172}
2025-01-12 17:38:18,958 - INFO - Fetching latest prices for symbols: ['ETH', 'SHIB'], convert: KRW
2025-01-12 17:38:18,958 - DEBUG - Starting new HTTPS connection (1): pro-api.coinmarketcap.com:443
2025-01-12 17:38:19,141 - DEBUG - https://pro-api.coinmarketcap.com:443 "GET /v1/cryptocurrency/quotes/latest?symbol=ETH%2CSHIB&convert=KRW HTTP/1.1" 200 None
2025-01-12 17:38:19,143 - INFO - Prices fetched successfully: {'ETH': 4827060.42747074, 'SHIB': 0.031962303071257116}
2025-01-12 17:38:19,144 - INFO - Fetching latest prices for symbols: ['ETH', 'SHIB'], convert: JPY
2025-01-12 17:38:19,145 - DEBUG - Starting new HTTPS connection (1): pro-api.coinmarketcap.com:443
2025-01-12 17:38:19,321 - DEBUG - https://pro-api.coinmarketcap.com:443 "GET /v1/cryptocurrency/quotes/latest?symbol=ETH%2CSHIB&convert=JPY HTTP/1.1" 200 None
2025-01-12 17:38:19,322 - INFO - Prices fetched successfully: {'ETH': 516343.6096022612, 'SHIB': 0.003418960915652299}
2025-01-12 17:38:19,323 - INFO - Fetching latest prices for symbols: ['ETH', 'SHIB'], convert: INR
2025-01-12 17:38:19,325 - DEBUG - Starting new HTTPS connection (1): pro-api.coinmarketcap.com:443
2025-01-12 17:38:19,506 - DEBUG - https://pro-api.coinmarketcap.com:443 "GET /v1/cryptocurrency/quotes/latest?symbol=ETH%2CSHIB&convert=INR HTTP/1.1" 200 None
2025-01-12 17:38:19,507 - INFO - Prices fetched successfully: {'ETH': 282181.11955622525, 'SHIB': 0.0018684577497548598}
2025-01-12 17:38:19,507 - INFO - Fetching latest prices for symbols: ['ETH', 'SHIB'], convert: RUB
2025-01-12 17:38:19,508 - DEBUG - Starting new HTTPS connection (1): pro-api.coinmarketcap.com:443
2025-01-12 17:38:19,689 - DEBUG - https://pro-api.coinmarketcap.com:443 "GET /v1/cryptocurrency/quotes/latest?symbol=ETH%2CSHIB&convert=RUB HTTP/1.1" 200 None
2025-01-12 17:38:19,691 - INFO - Prices fetched successfully: {'ETH': 332822.88331722544, 'SHIB': 0.002203781374912006}
2025-01-12 17:38:19,691 - INFO - Fetching latest prices for symbols: ['ETH', 'SHIB'], convert: IQD
2025-01-12 17:38:19,694 - DEBUG - Starting new HTTPS connection (1): pro-api.coinmarketcap.com:443
2025-01-12 17:38:19,873 - DEBUG - https://pro-api.coinmarketcap.com:443 "GET /v1/cryptocurrency/quotes/latest?symbol=ETH%2CSHIB&convert=IQD HTTP/1.1" 200 None
2025-01-12 17:38:19,874 - INFO - Prices fetched successfully: {'ETH': 4308469.271723131, 'SHIB': 0.028528460064911394}
2025-01-12 17:38:19,875 - INFO - Fetching latest prices for symbols: ['ETH', 'SHIB'], convert: BHD
2025-01-12 17:38:19,876 - DEBUG - Starting new HTTPS connection (1): pro-api.coinmarketcap.com:443
2025-01-12 17:38:20,053 - DEBUG - https://pro-api.coinmarketcap.com:443 "GET /v1/cryptocurrency/quotes/latest?symbol=ETH%2CSHIB&convert=BHD HTTP/1.1" 200 None
2025-01-12 17:38:20,054 - INFO - Prices fetched successfully: {'ETH': 1232.9965148677006, 'SHIB': 8.164266614465148e-06}
2025-01-12 17:38:20,056 - INFO - Fetching latest prices for symbols: ['ETH', 'SHIB'], convert: TND
2025-01-12 17:38:20,058 - DEBUG - Starting new HTTPS connection (1): pro-api.coinmarketcap.com:443
2025-01-12 17:38:20,244 - DEBUG - https://pro-api.coinmarketcap.com:443 "GET /v1/cryptocurrency/quotes/latest?symbol=ETH%2CSHIB&convert=TND HTTP/1.1" 200 None
2025-01-12 17:38:20,245 - INFO - Prices fetched successfully: {'ETH': 10557.405361361874, 'SHIB': 6.990568999004073e-05}
2025-01-12 17:38:20,247 - INFO - 127.0.0.1 - - [12/Jan/2025 17:38:20] "POST /prices HTTP/1.1" 200 -
