2025-03-02 12:28:47,206 - DEBUG - Consider installing rusty-rlp to improve pyrlp performance with a rust basedbackend. Not currently functional for Python 3.11
2025-03-02 12:28:47,823 - INFO - Initializing wallet generation module
2025-03-02 12:28:47,826 - INFO - Initializing wallet import module
2025-03-02 12:28:47,829 - INFO - Initializing currency update module
2025-03-02 12:28:47,831 - INFO - Initializing currency post module
2025-03-02 12:28:47,834 - INFO - Initializing phrase key module
2025-03-02 12:28:47,836 - INFO - Initializing receive transaction module
2025-03-02 12:28:47,838 - INFO - Initializing gas fee module
2025-03-02 12:28:47,841 - INFO - Starting IronWallet application
2025-03-02 12:28:47,909 - DEBUG - Building SSL context
2025-03-02 12:28:47,945 - DEBUG - Switching to SSL
2025-03-02 12:28:47,951 - DEBUG - SSL has been enabled
2025-03-02 12:28:47,952 - DEBUG - Starting authorization phase
2025-03-02 12:28:47,952 - DEBUG - The provided initial strategy is caching_sha2_password
2025-03-02 12:28:47,953 - INFO - package: mysql.connector.plugins
2025-03-02 12:28:47,953 - INFO - plugin_name: caching_sha2_password
2025-03-02 12:28:47,954 - INFO - AUTHENTICATION_PLUGIN_CLASS: MySQLCachingSHA2PasswordAuthPlugin
2025-03-02 12:28:47,954 - DEBUG - Exchanging further packets
2025-03-02 12:28:47,955 - DEBUG - caching_sha2_password completed succesfully
2025-03-02 12:28:47,994 - WARNING -  * Debugger is active!
2025-03-02 12:28:47,996 - INFO -  * Debugger PIN: 102-041-039
2025-03-02 12:28:51,145 - INFO - The CSRF token is missing.
2025-03-02 12:28:51,145 - ERROR - Unexpected error: 400 Bad Request: The CSRF token is missing.
Traceback (most recent call last):
  File "C:\Users\kozmos teknoloji\AppData\Roaming\Python\Python312\site-packages\flask_wtf\csrf.py", line 261, in protect
    validate_csrf(self._get_csrf_token())
  File "C:\Users\kozmos teknoloji\AppData\Roaming\Python\Python312\site-packages\flask_wtf\csrf.py", line 100, in validate_csrf
    raise ValidationError("The CSRF token is missing.")
wtforms.validators.ValidationError: The CSRF token is missing.

During handling of the above exception, another exception occurred:

Traceback (most recent call last):
  File "C:\Users\kozmos teknoloji\AppData\Roaming\Python\Python312\site-packages\flask\app.py", line 878, in full_dispatch_request
    rv = self.preprocess_request()
         ^^^^^^^^^^^^^^^^^^^^^^^^^
  File "C:\Users\kozmos teknoloji\AppData\Roaming\Python\Python312\site-packages\flask\app.py", line 1253, in preprocess_request
    rv = self.ensure_sync(before_func)()
         ^^^^^^^^^^^^^^^^^^^^^^^^^^^^^^^
  File "C:\Users\kozmos teknoloji\AppData\Roaming\Python\Python312\site-packages\flask_wtf\csrf.py", line 229, in csrf_protect
    self.protect()
  File "C:\Users\kozmos teknoloji\AppData\Roaming\Python\Python312\site-packages\flask_wtf\csrf.py", line 264, in protect
    self._error_response(e.args[0])
  File "C:\Users\kozmos teknoloji\AppData\Roaming\Python\Python312\site-packages\flask_wtf\csrf.py", line 307, in _error_response
    raise CSRFError(reason)
flask_wtf.csrf.CSRFError: 400 Bad Request: The CSRF token is missing.
2025-03-02 12:28:51,148 - INFO - 127.0.0.1 - - [02/Mar/2025 12:28:51] "[35m[1mPOST /generate-wallet HTTP/1.1[0m" 500 -
