2025-01-29 03:46:52,656 - DEBUG - Building SSL context
2025-01-29 03:46:52,693 - DEBUG - Switching to SSL
2025-01-29 03:46:52,697 - DEBUG - SSL has been enabled
2025-01-29 03:46:52,697 - DEBUG - Starting authorization phase
2025-01-29 03:46:52,698 - DEBUG - The provided initial strategy is caching_sha2_password
2025-01-29 03:46:52,698 - INFO - package: mysql.connector.plugins
2025-01-29 03:46:52,698 - INFO - plugin_name: caching_sha2_password
2025-01-29 03:46:52,699 - INFO - AUTHENTICATION_PLUGIN_CLASS: MySQLCachingSHA2PasswordAuthPlugin
2025-01-29 03:46:52,699 - DEBUG - Exchanging further packets
2025-01-29 03:46:52,700 - DEBUG - caching_sha2_password completed succesfully
2025-01-29 03:46:52,717 - INFO - Starting Flask app with Keep-Alive enabled.
2025-01-29 03:46:52,725 - WARNING -  * Debugger is active!
2025-01-29 03:46:52,727 - INFO -  * Debugger PIN: 117-061-111
2025-01-29 03:47:01,904 - INFO - New user created: <User(UserID=7c96a38e-420c-4873-8d8a-681f7f4538eb, ID=None, Email='None')>
2025-01-29 03:47:01,905 - INFO - Wallet created (wallet name not stored): <Wallet(WalletID=1e22008e-c2ec-48bd-a5d4-8ca730e0deb9, UserID=7c96a38e-420c-4873-8d8a-681f7f4538eb, IsMultiSig=False, RequiredSignatures='1')>
2025-01-29 03:47:01,906 - INFO - Generated Mnemonic: rude paddle border bicycle develop jealous embrace high science whisper fee abandon
2025-01-29 03:47:01,921 - INFO - Address created for Ethereum: <Address(AddressID=None, PublicAddress='0x13C1e1f46f78479fC5c12D5971bcaf8bd0b98B62')>
2025-01-29 03:47:01,922 - INFO - Address created for Tron: <Address(AddressID=None, PublicAddress='TMFrnexSxA6RVruQuC8Qy8W3n1GZyyMo2B')>
2025-01-29 03:47:01,922 - INFO - Address created for Binance Smart Chain: <Address(AddressID=None, PublicAddress='0x13C1e1f46f78479fC5c12D5971bcaf8bd0b98B62')>
2025-01-29 03:47:01,923 - INFO - Address created for Bitcoin: <Address(AddressID=None, PublicAddress='bc1qfjhpf3cr7kptecz773pjlf406py97qvrr4zrc6')>
2025-01-29 03:47:01,923 - INFO - Address created for Polygon: <Address(AddressID=None, PublicAddress='0x13C1e1f46f78479fC5c12D5971bcaf8bd0b98B62')>
2025-01-29 03:47:01,923 - WARNING - Skipping blockchain: Arbitrum (not recognized).
2025-01-29 03:47:01,925 - ERROR - Error in generate_wallet: Unsupported blockchain in DB
Traceback (most recent call last):
  File "c:\Users\kozmos teknoloji\Desktop\CC\generate\generate.py", line 180, in generate_wallet
    raise ValueError("Unsupported blockchain in DB")
ValueError: Unsupported blockchain in DB
2025-01-29 03:47:01,926 - DEBUG - Database session closed.
2025-01-29 03:47:01,926 - INFO - 127.0.0.1 - - [29/Jan/2025 03:47:01] "[35m[1mPOST /generate-wallet HTTP/1.1[0m" 500 -
