2025-03-02 12:28:45,167 - DEBUG - Consider installing rusty-rlp to improve pyrlp performance with a rust basedbackend. Not currently functional for Python 3.11
2025-03-02 12:28:45,727 - INFO - Initializing wallet generation module
2025-03-02 12:28:45,729 - INFO - Initializing wallet import module
2025-03-02 12:28:45,731 - INFO - Initializing currency update module
2025-03-02 12:28:45,733 - INFO - Initializing currency post module
2025-03-02 12:28:45,735 - INFO - Initializing phrase key module
2025-03-02 12:28:45,737 - INFO - Initializing receive transaction module
2025-03-02 12:28:45,740 - INFO - Initializing gas fee module
2025-03-02 12:28:45,741 - INFO - Starting IronWallet application
2025-03-02 12:28:45,806 - DEBUG - Building SSL context
2025-03-02 12:28:45,844 - DEBUG - Switching to SSL
2025-03-02 12:28:45,847 - DEBUG - SSL has been enabled
2025-03-02 12:28:45,848 - DEBUG - Starting authorization phase
2025-03-02 12:28:45,848 - DEBUG - The provided initial strategy is caching_sha2_password
2025-03-02 12:28:45,848 - INFO - package: mysql.connector.plugins
2025-03-02 12:28:45,849 - INFO - plugin_name: caching_sha2_password
2025-03-02 12:28:45,849 - INFO - AUTHENTICATION_PLUGIN_CLASS: MySQLCachingSHA2PasswordAuthPlugin
2025-03-02 12:28:45,850 - DEBUG - Exchanging further packets
2025-03-02 12:28:45,850 - DEBUG - caching_sha2_password completed succesfully
2025-03-02 12:28:45,899 - INFO - [31m[1mWARNING: This is a development server. Do not use it in a production deployment. Use a production WSGI server instead.[0m
 * Running on all addresses (0.0.0.0)
 * Running on http://127.0.0.1:3000
 * Running on http://192.168.1.32:3000
2025-03-02 12:28:45,899 - INFO - [33mPress CTRL+C to quit[0m
2025-03-02 12:28:45,901 - INFO -  * Restarting with stat
