2025-02-19 19:37:19,031 - DEBUG - Building SSL context
2025-02-19 19:37:19,085 - DEBUG - Switching to SSL
2025-02-19 19:37:19,090 - DEBUG - SSL has been enabled
2025-02-19 19:37:19,090 - DEBUG - Starting authorization phase
2025-02-19 19:37:19,090 - DEBUG - The provided initial strategy is caching_sha2_password
2025-02-19 19:37:19,091 - INFO - package: mysql.connector.plugins
2025-02-19 19:37:19,091 - INFO - plugin_name: caching_sha2_password
2025-02-19 19:37:19,091 - INFO - AUTHENTICATION_PLUGIN_CLASS: MySQLCachingSHA2PasswordAuthPlugin
2025-02-19 19:37:19,092 - DEBUG - Exchanging further packets
2025-02-19 19:37:19,092 - DEBUG - caching_sha2_password completed succesfully
2025-02-19 19:37:19,110 - INFO - Starting Flask app with Keep-Alive enabled.
2025-02-19 19:37:19,116 - WARNING -  * Debugger is active!
2025-02-19 19:37:19,118 - INFO -  * Debugger PIN: 117-061-111
2025-02-19 19:37:22,663 - INFO - Received a request to fetch currency prices.
2025-02-19 19:37:22,664 - INFO - Final fiat currencies to fetch: ['USD', 'EUR', 'IRR']
2025-02-19 19:37:22,683 - INFO - Fetching latest prices for symbols: ['ETH', 'SHIB'], convert: USD
2025-02-19 19:37:22,685 - DEBUG - Starting new HTTPS connection (1): pro-api.coinmarketcap.com:443
2025-02-19 19:37:22,973 - DEBUG - https://pro-api.coinmarketcap.com:443 "GET /v1/cryptocurrency/quotes/latest?symbol=ETH%2CSHIB&convert=USD HTTP/1.1" 429 395
2025-02-19 19:37:22,974 - ERROR - Exception in get_latest_prices: 'str' object has no attribute 'get'
2025-02-19 19:37:22,974 - INFO - Fetching 24h changes for symbols: ['ETH', 'SHIB'], convert: USD
2025-02-19 19:37:22,975 - DEBUG - Starting new HTTPS connection (1): pro-api.coinmarketcap.com:443
2025-02-19 19:37:23,387 - DEBUG - https://pro-api.coinmarketcap.com:443 "GET /v1/cryptocurrency/quotes/latest?symbol=ETH%2CSHIB&convert=USD HTTP/1.1" 429 395
2025-02-19 19:37:23,388 - ERROR - Exception in get_24h_changes: 'str' object has no attribute 'get'
2025-02-19 19:37:23,391 - INFO - 127.0.0.1 - - [19/Feb/2025 19:37:23] "[35m[1mPOST /prices HTTP/1.1[0m" 500 -
2025-02-19 19:38:09,272 - INFO -  * Detected change in 'c:\\Users\\kozmos teknoloji\\Desktop\\CC\\config.py', reloading
