2025-01-09 14:01:06,864 - INFO - Services module initialized.
2025-01-09 14:01:06,868 - INFO - LogManager initialized successfully.
2025-01-09 14:01:06,919 - DEBUG - Building SSL context
2025-01-09 14:01:06,960 - DEBUG - Switching to SSL
2025-01-09 14:01:06,964 - DEBUG - SSL has been enabled
2025-01-09 14:01:06,964 - DEBUG - Starting authorization phase
2025-01-09 14:01:06,965 - DEBUG - The provided initial strategy is caching_sha2_password
2025-01-09 14:01:06,965 - INFO - package: mysql.connector.plugins
2025-01-09 14:01:06,966 - INFO - plugin_name: caching_sha2_password
2025-01-09 14:01:06,968 - INFO - AUTHENTICATION_PLUGIN_CLASS: MySQLCachingSHA2PasswordAuthPlugin
2025-01-09 14:01:06,969 - DEBUG - Exchanging further packets
2025-01-09 14:01:06,969 - DEBUG - caching_sha2_password completed succesfully
2025-01-09 14:01:06,985 - INFO - Starting Flask app with Keep-Alive enabled.
2025-01-09 14:01:06,991 - WARNING -  * Debugger is active!
2025-01-09 14:01:06,994 - INFO -  * Debugger PIN: 599-719-174
2025-01-09 14:01:09,331 - INFO - New user created: <User(UserID=4371f48c-d1f2-489b-a3cf-7fc748fac364, ID=None, Email='None')>
2025-01-09 14:01:09,331 - INFO - Wallet created (wallet name not stored): <Wallet(WalletID=a54d995d-1d84-4775-9bdb-f6c93fabac1d, UserID=4371f48c-d1f2-489b-a3cf-7fc748fac364, IsMultiSig=False, RequiredSignatures='1')>
2025-01-09 14:01:09,336 - INFO - Generated Mnemonic: visual aisle alter caught nose flush interest donor route fork prefer lazy
2025-01-09 14:01:09,354 - ERROR - Error in generate_wallet: Incorrect AES key length (17 bytes)
Traceback (most recent call last):
  File "c:\Users\kozmos teknoloji\Desktop\CC\generate\generate.py", line 177, in generate_wallet
    encrypted_priv = encrypt_private_key_aes(raw_priv)
                     ^^^^^^^^^^^^^^^^^^^^^^^^^^^^^^^^^
  File "c:\Users\kozmos teknoloji\Desktop\CC\generate\generate.py", line 62, in encrypt_private_key_aes
    cipher = AES.new(secret_key_bytes, AES.MODE_GCM)
             ^^^^^^^^^^^^^^^^^^^^^^^^^^^^^^^^^^^^^^^
  File "C:\Users\kozmos teknoloji\AppData\Roaming\Python\Python312\site-packages\Crypto\Cipher\AES.py", line 228, in new
    return _create_cipher(sys.modules[__name__], key, mode, *args, **kwargs)
           ^^^^^^^^^^^^^^^^^^^^^^^^^^^^^^^^^^^^^^^^^^^^^^^^^^^^^^^^^^^^^^^^^
  File "C:\Users\kozmos teknoloji\AppData\Roaming\Python\Python312\site-packages\Crypto\Cipher\__init__.py", line 79, in _create_cipher
    return modes[mode](factory, **kwargs)
           ^^^^^^^^^^^^^^^^^^^^^^^^^^^^^^
  File "C:\Users\kozmos teknoloji\AppData\Roaming\Python\Python312\site-packages\Crypto\Cipher\_mode_gcm.py", line 620, in _create_gcm_cipher
    return GcmMode(factory, key, nonce, mac_len, kwargs, ghash_c)
           ^^^^^^^^^^^^^^^^^^^^^^^^^^^^^^^^^^^^^^^^^^^^^^^^^^^^^^
  File "C:\Users\kozmos teknoloji\AppData\Roaming\Python\Python312\site-packages\Crypto\Cipher\_mode_gcm.py", line 223, in __init__
    hash_subkey = factory.new(key,
                  ^^^^^^^^^^^^^^^^
  File "C:\Users\kozmos teknoloji\AppData\Roaming\Python\Python312\site-packages\Crypto\Cipher\AES.py", line 228, in new
    return _create_cipher(sys.modules[__name__], key, mode, *args, **kwargs)
           ^^^^^^^^^^^^^^^^^^^^^^^^^^^^^^^^^^^^^^^^^^^^^^^^^^^^^^^^^^^^^^^^^
  File "C:\Users\kozmos teknoloji\AppData\Roaming\Python\Python312\site-packages\Crypto\Cipher\__init__.py", line 79, in _create_cipher
    return modes[mode](factory, **kwargs)
           ^^^^^^^^^^^^^^^^^^^^^^^^^^^^^^
  File "C:\Users\kozmos teknoloji\AppData\Roaming\Python\Python312\site-packages\Crypto\Cipher\_mode_ecb.py", line 216, in _create_ecb_cipher
    cipher_state = factory._create_base_cipher(kwargs)
                   ^^^^^^^^^^^^^^^^^^^^^^^^^^^^^^^^^^^
  File "C:\Users\kozmos teknoloji\AppData\Roaming\Python\Python312\site-packages\Crypto\Cipher\AES.py", line 90, in _create_base_cipher
    raise ValueError("Incorrect AES key length (%d bytes)" % len(key))
ValueError: Incorrect AES key length (17 bytes)
2025-01-09 14:01:09,401 - DEBUG - Database session closed.
2025-01-09 14:01:09,402 - INFO - 127.0.0.1 - - [09/Jan/2025 14:01:09] "[35m[1mPOST /generate-wallet HTTP/1.1[0m" 500 -
