2025-02-03 19:11:40,650 - DEBUG - Building SSL context
2025-02-03 19:11:40,688 - DEBUG - Switching to SSL
2025-02-03 19:11:40,692 - DEBUG - SSL has been enabled
2025-02-03 19:11:40,693 - DEBUG - Starting authorization phase
2025-02-03 19:11:40,693 - DEBUG - The provided initial strategy is caching_sha2_password
2025-02-03 19:11:40,693 - INFO - package: mysql.connector.plugins
2025-02-03 19:11:40,694 - INFO - plugin_name: caching_sha2_password
2025-02-03 19:11:40,694 - INFO - AUTHENTICATION_PLUGIN_CLASS: MySQLCachingSHA2PasswordAuthPlugin
2025-02-03 19:11:40,695 - DEBUG - Exchanging further packets
2025-02-03 19:11:40,696 - DEBUG - caching_sha2_password completed succesfully
2025-02-03 19:11:40,709 - INFO - Starting Flask app with Keep-Alive enabled.
2025-02-03 19:11:40,716 - WARNING -  * Debugger is active!
2025-02-03 19:11:40,717 - INFO -  * Debugger PIN: 117-061-111
2025-02-03 19:11:41,618 - WARNING - No wallets found for user feae51f9-7a08-4736-ae19-ba8efa382c5b
2025-02-03 19:11:41,618 - INFO - 127.0.0.1 - - [03/Feb/2025 19:11:41] "[33mPOST /balance HTTP/1.1[0m" 404 -
2025-02-03 19:13:23,596 - DEBUG - Starting new HTTP connection (1): localhost:3000
2025-02-03 19:13:23,802 - DEBUG - http://localhost:3000 "POST /blockchain/batch HTTP/1.1" 500 42
2025-02-03 19:13:23,803 - ERROR - Non-200 status code (500) for address index 0
2025-02-03 19:13:23,804 - DEBUG - Starting new HTTP connection (1): localhost:3000
2025-02-03 19:13:23,830 - DEBUG - http://localhost:3000 "POST /blockchain/batch HTTP/1.1" 200 15
2025-02-03 19:13:23,831 - DEBUG - Starting new HTTP connection (1): localhost:3000
2025-02-03 19:13:23,835 - DEBUG - http://localhost:3000 "POST /blockchain/batch HTTP/1.1" 200 15
2025-02-03 19:13:23,836 - WARNING - No wallets found for user db32f43b-b577-43b6-9e37-468e33497b93
2025-02-03 19:13:23,837 - INFO - 127.0.0.1 - - [03/Feb/2025 19:13:23] "[33mPOST /balance HTTP/1.1[0m" 404 -
