2025-02-09 05:03:03,652 - DEBUG - Building SSL context
2025-02-09 05:03:03,694 - DEBUG - Switching to SSL
2025-02-09 05:03:03,697 - DEBUG - SSL has been enabled
2025-02-09 05:03:03,698 - DEBUG - Starting authorization phase
2025-02-09 05:03:03,698 - DEBUG - The provided initial strategy is caching_sha2_password
2025-02-09 05:03:03,699 - INFO - package: mysql.connector.plugins
2025-02-09 05:03:03,699 - INFO - plugin_name: caching_sha2_password
2025-02-09 05:03:03,700 - INFO - AUTHENTICATION_PLUGIN_CLASS: MySQLCachingSHA2PasswordAuthPlugin
2025-02-09 05:03:03,700 - DEBUG - Exchanging further packets
2025-02-09 05:03:03,701 - DEBUG - caching_sha2_password completed succesfully
2025-02-09 05:03:03,720 - INFO - Starting Flask app with Keep-Alive enabled.
2025-02-09 05:03:03,730 - WARNING -  * Debugger is active!
2025-02-09 05:03:03,733 - INFO -  * Debugger PIN: 117-061-111
2025-02-09 05:03:06,012 - DEBUG - Making request. Method: eth_gasPrice
2025-02-09 05:03:06,013 - DEBUG - Making request HTTP. URI: https://mainnet.infura.io/v3/a8ab43a04ce044de988a838d92f478a7, Method: eth_gasPrice
2025-02-09 05:03:06,014 - DEBUG - Session cached: https://mainnet.infura.io/v3/a8ab43a04ce044de988a838d92f478a7, <requests.sessions.Session object at 0x000001A37D0E39B0>
2025-02-09 05:03:06,015 - DEBUG - Starting new HTTPS connection (1): mainnet.infura.io:443
2025-02-09 05:03:06,562 - DEBUG - https://mainnet.infura.io:443 "POST /v3/a8ab43a04ce044de988a838d92f478a7 HTTP/1.1" 200 46
2025-02-09 05:03:06,563 - DEBUG - Getting response HTTP. URI: https://mainnet.infura.io/v3/a8ab43a04ce044de988a838d92f478a7, Method: eth_gasPrice, Response: {'jsonrpc': '2.0', 'id': 0, 'result': '0x2c14c103'}
2025-02-09 05:03:06,564 - DEBUG - Making request. Method: eth_gasPrice
2025-02-09 05:03:06,565 - DEBUG - Making request HTTP. URI: https://polygon-mainnet.infura.io/v3/a8ab43a04ce044de988a838d92f478a7, Method: eth_gasPrice
2025-02-09 05:03:06,566 - DEBUG - Session cached: https://polygon-mainnet.infura.io/v3/a8ab43a04ce044de988a838d92f478a7, <requests.sessions.Session object at 0x000001A37D079670>
2025-02-09 05:03:06,567 - DEBUG - Starting new HTTPS connection (1): polygon-mainnet.infura.io:443
2025-02-09 05:03:07,188 - DEBUG - https://polygon-mainnet.infura.io:443 "POST /v3/a8ab43a04ce044de988a838d92f478a7 HTTP/1.1" 200 47
2025-02-09 05:03:07,189 - DEBUG - Getting response HTTP. URI: https://polygon-mainnet.infura.io/v3/a8ab43a04ce044de988a838d92f478a7, Method: eth_gasPrice, Response: {'jsonrpc': '2.0', 'id': 0, 'result': '0x5f623019a'}
2025-02-09 05:03:07,190 - DEBUG - Making request. Method: eth_gasPrice
2025-02-09 05:03:07,191 - DEBUG - Making request HTTP. URI: https://arbitrum-mainnet.infura.io/v3/a8ab43a04ce044de988a838d92f478a7, Method: eth_gasPrice
2025-02-09 05:03:07,192 - DEBUG - Session cached: https://arbitrum-mainnet.infura.io/v3/a8ab43a04ce044de988a838d92f478a7, <requests.sessions.Session object at 0x000001A37D570B30>
2025-02-09 05:03:07,193 - DEBUG - Starting new HTTPS connection (1): arbitrum-mainnet.infura.io:443
2025-02-09 05:03:07,894 - DEBUG - https://arbitrum-mainnet.infura.io:443 "POST /v3/a8ab43a04ce044de988a838d92f478a7 HTTP/1.1" 200 44
2025-02-09 05:03:07,894 - DEBUG - Getting response HTTP. URI: https://arbitrum-mainnet.infura.io/v3/a8ab43a04ce044de988a838d92f478a7, Method: eth_gasPrice, Response: {'jsonrpc': '2.0', 'id': 0, 'result': '0x989680'}
2025-02-09 05:03:07,895 - DEBUG - Making request. Method: eth_gasPrice
2025-02-09 05:03:07,896 - DEBUG - Making request HTTP. URI: https://avalanche-mainnet.infura.io/v3/a8ab43a04ce044de988a838d92f478a7, Method: eth_gasPrice
2025-02-09 05:03:07,897 - DEBUG - Session cached: https://avalanche-mainnet.infura.io/v3/a8ab43a04ce044de988a838d92f478a7, <requests.sessions.Session object at 0x000001A37D572ED0>
2025-02-09 05:03:07,899 - DEBUG - Starting new HTTPS connection (1): avalanche-mainnet.infura.io:443
2025-02-09 05:03:08,486 - DEBUG - https://avalanche-mainnet.infura.io:443 "POST /v3/a8ab43a04ce044de988a838d92f478a7 HTTP/1.1" 200 46
2025-02-09 05:03:08,486 - DEBUG - Getting response HTTP. URI: https://avalanche-mainnet.infura.io/v3/a8ab43a04ce044de988a838d92f478a7, Method: eth_gasPrice, Response: {'jsonrpc': '2.0', 'id': 0, 'result': '0x3b9aca01'}
2025-02-09 05:03:08,487 - DEBUG - Making request. Method: eth_gasPrice
2025-02-09 05:03:08,488 - DEBUG - Making request HTTP. URI: https://bsc-mainnet.infura.io/v3/a8ab43a04ce044de988a838d92f478a7, Method: eth_gasPrice
2025-02-09 05:03:08,489 - DEBUG - Session cached: https://bsc-mainnet.infura.io/v3/a8ab43a04ce044de988a838d92f478a7, <requests.sessions.Session object at 0x000001A37D5715B0>
2025-02-09 05:03:08,490 - DEBUG - Starting new HTTPS connection (1): bsc-mainnet.infura.io:443
2025-02-09 05:03:09,166 - DEBUG - https://bsc-mainnet.infura.io:443 "POST /v3/a8ab43a04ce044de988a838d92f478a7 HTTP/1.1" 200 46
2025-02-09 05:03:09,167 - DEBUG - Getting response HTTP. URI: https://bsc-mainnet.infura.io/v3/a8ab43a04ce044de988a838d92f478a7, Method: eth_gasPrice, Response: {'jsonrpc': '2.0', 'id': 0, 'result': '0x2b210ce4'}
2025-02-09 05:03:09,168 - DEBUG - Making request. Method: eth_gasPrice
2025-02-09 05:03:09,168 - DEBUG - Making request HTTP. URI: https://solana-mainnet.g.alchemy.com/v2/a8ab43a04ce044de988a838d92f478a7, Method: eth_gasPrice
2025-02-09 05:03:09,169 - DEBUG - Session cached: https://solana-mainnet.g.alchemy.com/v2/a8ab43a04ce044de988a838d92f478a7, <requests.sessions.Session object at 0x000001A37D573350>
2025-02-09 05:03:09,170 - DEBUG - Starting new HTTPS connection (1): solana-mainnet.g.alchemy.com:443
2025-02-09 05:03:09,755 - DEBUG - https://solana-mainnet.g.alchemy.com:443 "POST /v2/a8ab43a04ce044de988a838d92f478a7 HTTP/1.1" 401 83
2025-02-09 05:03:10,174 - DEBUG - https://solana-mainnet.g.alchemy.com:443 "POST /v2/a8ab43a04ce044de988a838d92f478a7 HTTP/1.1" 401 83
2025-02-09 05:03:10,975 - DEBUG - https://solana-mainnet.g.alchemy.com:443 "POST /v2/a8ab43a04ce044de988a838d92f478a7 HTTP/1.1" 401 83
2025-02-09 05:03:11,771 - DEBUG - https://solana-mainnet.g.alchemy.com:443 "POST /v2/a8ab43a04ce044de988a838d92f478a7 HTTP/1.1" 401 83
2025-02-09 05:03:13,316 - DEBUG - https://solana-mainnet.g.alchemy.com:443 "POST /v2/a8ab43a04ce044de988a838d92f478a7 HTTP/1.1" 401 83
2025-02-09 05:03:13,318 - DEBUG - Starting new HTTPS connection (1): mempool.space:443
2025-02-09 05:03:13,514 - DEBUG - https://mempool.space:443 "GET /api/v1/fees/recommended HTTP/1.1" 200 74
2025-02-09 05:03:13,516 - DEBUG - Starting new HTTPS connection (1): api.trongrid.io:443
2025-02-09 05:03:13,913 - DEBUG - https://api.trongrid.io:443 "GET /v1/wallet/getnowblock?apiKey=61d401f5-27e5-4de7-81ae-a9a48a7fc5d8 HTTP/1.1" 200 None
2025-02-09 05:03:13,917 - DEBUG - Starting new HTTPS connection (1): api.subscan.io:443
2025-02-09 05:03:14,765 - DEBUG - https://api.subscan.io:443 "GET /api/scan/metadata HTTP/1.1" 404 None
2025-02-09 05:03:14,766 - DEBUG - Starting new HTTPS connection (1): s1.ripple.com:51234
2025-02-09 05:03:15,777 - DEBUG - https://s1.ripple.com:51234 "GET / HTTP/1.1" 400 23
2025-02-09 05:03:15,779 - INFO - 127.0.0.1 - - [09/Feb/2025 05:03:15] "GET /gasfee HTTP/1.1" 200 -
2025-02-09 05:03:43,481 - DEBUG - Making request. Method: eth_gasPrice
2025-02-09 05:03:43,482 - DEBUG - Making request HTTP. URI: https://mainnet.infura.io/v3/a8ab43a04ce044de988a838d92f478a7, Method: eth_gasPrice
2025-02-09 05:03:43,483 - DEBUG - Session cached: https://mainnet.infura.io/v3/a8ab43a04ce044de988a838d92f478a7, <requests.sessions.Session object at 0x000001A37D5745F0>
2025-02-09 05:03:43,483 - DEBUG - Starting new HTTPS connection (1): mainnet.infura.io:443
2025-02-09 05:03:43,993 - DEBUG - https://mainnet.infura.io:443 "POST /v3/a8ab43a04ce044de988a838d92f478a7 HTTP/1.1" 200 46
2025-02-09 05:03:43,994 - DEBUG - Getting response HTTP. URI: https://mainnet.infura.io/v3/a8ab43a04ce044de988a838d92f478a7, Method: eth_gasPrice, Response: {'jsonrpc': '2.0', 'id': 0, 'result': '0x30b7e355'}
2025-02-09 05:03:43,995 - DEBUG - Making request. Method: eth_gasPrice
2025-02-09 05:03:43,996 - DEBUG - Making request HTTP. URI: https://polygon-mainnet.infura.io/v3/a8ab43a04ce044de988a838d92f478a7, Method: eth_gasPrice
2025-02-09 05:03:43,997 - DEBUG - Session cached: https://polygon-mainnet.infura.io/v3/a8ab43a04ce044de988a838d92f478a7, <requests.sessions.Session object at 0x000001A37D5765D0>
2025-02-09 05:03:43,998 - DEBUG - Starting new HTTPS connection (1): polygon-mainnet.infura.io:443
2025-02-09 05:03:44,509 - DEBUG - https://polygon-mainnet.infura.io:443 "POST /v3/a8ab43a04ce044de988a838d92f478a7 HTTP/1.1" 200 47
2025-02-09 05:03:44,510 - DEBUG - Getting response HTTP. URI: https://polygon-mainnet.infura.io/v3/a8ab43a04ce044de988a838d92f478a7, Method: eth_gasPrice, Response: {'jsonrpc': '2.0', 'id': 0, 'result': '0x5f62301ab'}
2025-02-09 05:03:44,511 - DEBUG - Making request. Method: eth_gasPrice
2025-02-09 05:03:44,512 - DEBUG - Making request HTTP. URI: https://arbitrum-mainnet.infura.io/v3/a8ab43a04ce044de988a838d92f478a7, Method: eth_gasPrice
2025-02-09 05:03:44,512 - DEBUG - Session cached: https://arbitrum-mainnet.infura.io/v3/a8ab43a04ce044de988a838d92f478a7, <requests.sessions.Session object at 0x000001A37D574980>
2025-02-09 05:03:44,513 - DEBUG - Starting new HTTPS connection (1): arbitrum-mainnet.infura.io:443
2025-02-09 05:03:45,023 - DEBUG - https://arbitrum-mainnet.infura.io:443 "POST /v3/a8ab43a04ce044de988a838d92f478a7 HTTP/1.1" 200 44
2025-02-09 05:03:45,024 - DEBUG - Getting response HTTP. URI: https://arbitrum-mainnet.infura.io/v3/a8ab43a04ce044de988a838d92f478a7, Method: eth_gasPrice, Response: {'jsonrpc': '2.0', 'id': 0, 'result': '0x989680'}
2025-02-09 05:03:45,025 - DEBUG - Making request. Method: eth_gasPrice
2025-02-09 05:03:45,026 - DEBUG - Making request HTTP. URI: https://avalanche-mainnet.infura.io/v3/a8ab43a04ce044de988a838d92f478a7, Method: eth_gasPrice
2025-02-09 05:03:45,027 - DEBUG - Session cached: https://avalanche-mainnet.infura.io/v3/a8ab43a04ce044de988a838d92f478a7, <requests.sessions.Session object at 0x000001A37D577950>
2025-02-09 05:03:45,028 - DEBUG - Starting new HTTPS connection (1): avalanche-mainnet.infura.io:443
2025-02-09 05:03:45,589 - DEBUG - https://avalanche-mainnet.infura.io:443 "POST /v3/a8ab43a04ce044de988a838d92f478a7 HTTP/1.1" 200 46
2025-02-09 05:03:45,590 - DEBUG - Getting response HTTP. URI: https://avalanche-mainnet.infura.io/v3/a8ab43a04ce044de988a838d92f478a7, Method: eth_gasPrice, Response: {'jsonrpc': '2.0', 'id': 0, 'result': '0x3b9aca01'}
2025-02-09 05:03:45,591 - DEBUG - Making request. Method: eth_gasPrice
2025-02-09 05:03:45,592 - DEBUG - Making request HTTP. URI: https://bsc-mainnet.infura.io/v3/a8ab43a04ce044de988a838d92f478a7, Method: eth_gasPrice
2025-02-09 05:03:45,593 - DEBUG - Session cached: https://bsc-mainnet.infura.io/v3/a8ab43a04ce044de988a838d92f478a7, <requests.sessions.Session object at 0x000001A37D5759A0>
2025-02-09 05:03:45,593 - DEBUG - Starting new HTTPS connection (1): bsc-mainnet.infura.io:443
2025-02-09 05:03:46,138 - DEBUG - https://bsc-mainnet.infura.io:443 "POST /v3/a8ab43a04ce044de988a838d92f478a7 HTTP/1.1" 200 46
2025-02-09 05:03:46,139 - DEBUG - Getting response HTTP. URI: https://bsc-mainnet.infura.io/v3/a8ab43a04ce044de988a838d92f478a7, Method: eth_gasPrice, Response: {'jsonrpc': '2.0', 'id': 0, 'result': '0x3b9aca00'}
2025-02-09 05:03:46,140 - DEBUG - Making request. Method: eth_gasPrice
2025-02-09 05:03:46,140 - DEBUG - Making request HTTP. URI: https://solana-mainnet.g.alchemy.com/v2/a8ab43a04ce044de988a838d92f478a7, Method: eth_gasPrice
2025-02-09 05:03:46,141 - DEBUG - Session cached: https://solana-mainnet.g.alchemy.com/v2/a8ab43a04ce044de988a838d92f478a7, <requests.sessions.Session object at 0x000001A37D570200>
2025-02-09 05:03:46,142 - DEBUG - Starting new HTTPS connection (1): solana-mainnet.g.alchemy.com:443
2025-02-09 05:03:46,443 - DEBUG - https://solana-mainnet.g.alchemy.com:443 "POST /v2/a8ab43a04ce044de988a838d92f478a7 HTTP/1.1" 401 83
2025-02-09 05:03:46,859 - DEBUG - https://solana-mainnet.g.alchemy.com:443 "POST /v2/a8ab43a04ce044de988a838d92f478a7 HTTP/1.1" 401 83
2025-02-09 05:03:47,662 - DEBUG - https://solana-mainnet.g.alchemy.com:443 "POST /v2/a8ab43a04ce044de988a838d92f478a7 HTTP/1.1" 401 83
2025-02-09 05:03:48,459 - DEBUG - https://solana-mainnet.g.alchemy.com:443 "POST /v2/a8ab43a04ce044de988a838d92f478a7 HTTP/1.1" 401 83
2025-02-09 05:03:50,015 - DEBUG - https://solana-mainnet.g.alchemy.com:443 "POST /v2/a8ab43a04ce044de988a838d92f478a7 HTTP/1.1" 401 83
2025-02-09 05:03:50,018 - DEBUG - Starting new HTTPS connection (1): mempool.space:443
2025-02-09 05:03:50,178 - DEBUG - https://mempool.space:443 "GET /api/v1/fees/recommended HTTP/1.1" 200 74
2025-02-09 05:03:50,180 - DEBUG - Starting new HTTPS connection (1): api.trongrid.io:443
2025-02-09 05:03:50,414 - DEBUG - https://api.trongrid.io:443 "GET /v1/wallet/getnowblock?apiKey=61d401f5-27e5-4de7-81ae-a9a48a7fc5d8 HTTP/1.1" 200 None
2025-02-09 05:03:50,459 - DEBUG - Starting new HTTPS connection (1): api.subscan.io:443
2025-02-09 05:03:51,321 - DEBUG - https://api.subscan.io:443 "GET /api/scan/metadata HTTP/1.1" 404 None
2025-02-09 05:03:51,323 - DEBUG - Starting new HTTPS connection (1): s1.ripple.com:51234
2025-02-09 05:03:52,195 - DEBUG - https://s1.ripple.com:51234 "GET / HTTP/1.1" 400 23
2025-02-09 05:03:52,196 - INFO - 127.0.0.1 - - [09/Feb/2025 05:03:52] "GET /gasfee HTTP/1.1" 200 -
2025-02-09 12:35:42,978 - DEBUG - Making request. Method: eth_gasPrice
2025-02-09 12:35:42,989 - DEBUG - Making request HTTP. URI: https://mainnet.infura.io/v3/a8ab43a04ce044de988a838d92f478a7, Method: eth_gasPrice
2025-02-09 12:35:43,012 - DEBUG - Session cached: https://mainnet.infura.io/v3/a8ab43a04ce044de988a838d92f478a7, <requests.sessions.Session object at 0x000001A37D5AC800>
2025-02-09 12:35:43,018 - DEBUG - Starting new HTTPS connection (1): mainnet.infura.io:443
2025-02-09 12:35:43,610 - DEBUG - https://mainnet.infura.io:443 "POST /v3/a8ab43a04ce044de988a838d92f478a7 HTTP/1.1" 200 46
2025-02-09 12:35:43,611 - DEBUG - Getting response HTTP. URI: https://mainnet.infura.io/v3/a8ab43a04ce044de988a838d92f478a7, Method: eth_gasPrice, Response: {'jsonrpc': '2.0', 'id': 0, 'result': '0x2d0eb5cc'}
2025-02-09 12:35:43,616 - DEBUG - Making request. Method: eth_gasPrice
2025-02-09 12:35:43,617 - DEBUG - Making request HTTP. URI: https://polygon-mainnet.infura.io/v3/a8ab43a04ce044de988a838d92f478a7, Method: eth_gasPrice
2025-02-09 12:35:43,617 - DEBUG - Session cached: https://polygon-mainnet.infura.io/v3/a8ab43a04ce044de988a838d92f478a7, <requests.sessions.Session object at 0x000001A37D5ADFA0>
2025-02-09 12:35:43,618 - DEBUG - Starting new HTTPS connection (1): polygon-mainnet.infura.io:443
2025-02-09 12:35:44,245 - DEBUG - https://polygon-mainnet.infura.io:443 "POST /v3/a8ab43a04ce044de988a838d92f478a7 HTTP/1.1" 200 47
2025-02-09 12:35:44,245 - DEBUG - Getting response HTTP. URI: https://polygon-mainnet.infura.io/v3/a8ab43a04ce044de988a838d92f478a7, Method: eth_gasPrice, Response: {'jsonrpc': '2.0', 'id': 0, 'result': '0x60dc43828'}
2025-02-09 12:35:44,247 - DEBUG - Making request. Method: eth_gasPrice
2025-02-09 12:35:44,248 - DEBUG - Making request HTTP. URI: https://arbitrum-mainnet.infura.io/v3/a8ab43a04ce044de988a838d92f478a7, Method: eth_gasPrice
2025-02-09 12:35:44,249 - DEBUG - Session cached: https://arbitrum-mainnet.infura.io/v3/a8ab43a04ce044de988a838d92f478a7, <requests.sessions.Session object at 0x000001A37D5AD3A0>
2025-02-09 12:35:44,250 - DEBUG - Starting new HTTPS connection (1): arbitrum-mainnet.infura.io:443
2025-02-09 12:35:44,829 - DEBUG - https://arbitrum-mainnet.infura.io:443 "POST /v3/a8ab43a04ce044de988a838d92f478a7 HTTP/1.1" 200 44
2025-02-09 12:35:44,831 - DEBUG - Getting response HTTP. URI: https://arbitrum-mainnet.infura.io/v3/a8ab43a04ce044de988a838d92f478a7, Method: eth_gasPrice, Response: {'jsonrpc': '2.0', 'id': 0, 'result': '0x989680'}
2025-02-09 12:35:44,832 - DEBUG - Making request. Method: eth_gasPrice
2025-02-09 12:35:44,833 - DEBUG - Making request HTTP. URI: https://avalanche-mainnet.infura.io/v3/a8ab43a04ce044de988a838d92f478a7, Method: eth_gasPrice
2025-02-09 12:35:44,834 - DEBUG - Session cached: https://avalanche-mainnet.infura.io/v3/a8ab43a04ce044de988a838d92f478a7, <requests.sessions.Session object at 0x000001A37D5AE120>
2025-02-09 12:35:44,835 - DEBUG - Starting new HTTPS connection (1): avalanche-mainnet.infura.io:443
2025-02-09 12:35:45,496 - DEBUG - https://avalanche-mainnet.infura.io:443 "POST /v3/a8ab43a04ce044de988a838d92f478a7 HTTP/1.1" 200 46
2025-02-09 12:35:45,496 - DEBUG - Getting response HTTP. URI: https://avalanche-mainnet.infura.io/v3/a8ab43a04ce044de988a838d92f478a7, Method: eth_gasPrice, Response: {'jsonrpc': '2.0', 'id': 0, 'result': '0x3b9aca01'}
2025-02-09 12:35:45,497 - DEBUG - Making request. Method: eth_gasPrice
2025-02-09 12:35:45,499 - DEBUG - Making request HTTP. URI: https://bsc-mainnet.infura.io/v3/a8ab43a04ce044de988a838d92f478a7, Method: eth_gasPrice
2025-02-09 12:35:45,500 - DEBUG - Session cached: https://bsc-mainnet.infura.io/v3/a8ab43a04ce044de988a838d92f478a7, <requests.sessions.Session object at 0x000001A37D571610>
2025-02-09 12:35:45,500 - DEBUG - Starting new HTTPS connection (1): bsc-mainnet.infura.io:443
2025-02-09 12:35:46,152 - DEBUG - https://bsc-mainnet.infura.io:443 "POST /v3/a8ab43a04ce044de988a838d92f478a7 HTTP/1.1" 200 46
2025-02-09 12:35:46,153 - DEBUG - Getting response HTTP. URI: https://bsc-mainnet.infura.io/v3/a8ab43a04ce044de988a838d92f478a7, Method: eth_gasPrice, Response: {'jsonrpc': '2.0', 'id': 0, 'result': '0x3b9aca00'}
2025-02-09 12:35:46,154 - DEBUG - Making request. Method: eth_gasPrice
2025-02-09 12:35:46,154 - DEBUG - Making request HTTP. URI: https://solana-mainnet.g.alchemy.com/v2/a8ab43a04ce044de988a838d92f478a7, Method: eth_gasPrice
2025-02-09 12:35:46,155 - DEBUG - Session cached: https://solana-mainnet.g.alchemy.com/v2/a8ab43a04ce044de988a838d92f478a7, <requests.sessions.Session object at 0x000001A37D5AE390>
2025-02-09 12:35:46,156 - DEBUG - Starting new HTTPS connection (1): solana-mainnet.g.alchemy.com:443
2025-02-09 12:35:46,518 - DEBUG - https://solana-mainnet.g.alchemy.com:443 "POST /v2/a8ab43a04ce044de988a838d92f478a7 HTTP/1.1" 401 83
2025-02-09 12:35:46,944 - DEBUG - https://solana-mainnet.g.alchemy.com:443 "POST /v2/a8ab43a04ce044de988a838d92f478a7 HTTP/1.1" 401 83
2025-02-09 12:35:47,804 - DEBUG - https://solana-mainnet.g.alchemy.com:443 "POST /v2/a8ab43a04ce044de988a838d92f478a7 HTTP/1.1" 401 83
2025-02-09 12:35:48,609 - DEBUG - https://solana-mainnet.g.alchemy.com:443 "POST /v2/a8ab43a04ce044de988a838d92f478a7 HTTP/1.1" 401 83
2025-02-09 12:35:50,180 - DEBUG - https://solana-mainnet.g.alchemy.com:443 "POST /v2/a8ab43a04ce044de988a838d92f478a7 HTTP/1.1" 401 83
2025-02-09 12:35:50,184 - DEBUG - Starting new HTTPS connection (1): mempool.space:443
2025-02-09 12:35:50,367 - DEBUG - https://mempool.space:443 "GET /api/v1/fees/recommended HTTP/1.1" 200 74
2025-02-09 12:35:50,369 - DEBUG - Starting new HTTPS connection (1): api.trongrid.io:443
2025-02-09 12:35:50,760 - DEBUG - https://api.trongrid.io:443 "GET /v1/wallet/getnowblock?apiKey=61d401f5-27e5-4de7-81ae-a9a48a7fc5d8 HTTP/1.1" 200 None
2025-02-09 12:35:50,805 - DEBUG - Starting new HTTPS connection (1): api.subscan.io:443
2025-02-09 12:35:51,712 - DEBUG - https://api.subscan.io:443 "GET /api/scan/metadata HTTP/1.1" 404 None
2025-02-09 12:35:51,716 - DEBUG - Starting new HTTPS connection (1): s1.ripple.com:51234
2025-02-09 12:35:52,767 - DEBUG - https://s1.ripple.com:51234 "GET / HTTP/1.1" 400 23
2025-02-09 12:35:52,769 - INFO - 127.0.0.1 - - [09/Feb/2025 12:35:52] "GET /gasfee HTTP/1.1" 200 -
