2025-02-09 04:39:59,188 - DEBUG - Building SSL context
2025-02-09 04:39:59,227 - DEBUG - Switching to SSL
2025-02-09 04:39:59,233 - DEBUG - SSL has been enabled
2025-02-09 04:39:59,233 - DEBUG - Starting authorization phase
2025-02-09 04:39:59,234 - DEBUG - The provided initial strategy is caching_sha2_password
2025-02-09 04:39:59,234 - INFO - package: mysql.connector.plugins
2025-02-09 04:39:59,234 - INFO - plugin_name: caching_sha2_password
2025-02-09 04:39:59,235 - INFO - AUTHENTICATION_PLUGIN_CLASS: MySQLCachingSHA2PasswordAuthPlugin
2025-02-09 04:39:59,235 - DEBUG - Exchanging further packets
2025-02-09 04:39:59,239 - DEBUG - caching_sha2_password completed succesfully
2025-02-09 04:39:59,254 - INFO - Starting Flask app with Keep-Alive enabled.
2025-02-09 04:39:59,260 - WARNING -  * Debugger is active!
2025-02-09 04:39:59,263 - INFO -  * Debugger PIN: 117-061-111
2025-02-09 04:40:00,502 - DEBUG - Making request. Method: eth_gasPrice
2025-02-09 04:40:00,503 - DEBUG - Making request HTTP. URI: https://mainnet.infura.io/v3/a8ab43a04ce044de988a838d92f478a7, Method: eth_gasPrice
2025-02-09 04:40:00,504 - DEBUG - Session cached: https://mainnet.infura.io/v3/a8ab43a04ce044de988a838d92f478a7, <requests.sessions.Session object at 0x0000025C8E2804D0>
2025-02-09 04:40:00,505 - DEBUG - Starting new HTTPS connection (1): mainnet.infura.io:443
2025-02-09 04:40:01,050 - DEBUG - https://mainnet.infura.io:443 "POST /v3/a8ab43a04ce044de988a838d92f478a7 HTTP/1.1" 200 46
2025-02-09 04:40:01,051 - DEBUG - Getting response HTTP. URI: https://mainnet.infura.io/v3/a8ab43a04ce044de988a838d92f478a7, Method: eth_gasPrice, Response: {'jsonrpc': '2.0', 'id': 0, 'result': '0x3154025c'}
2025-02-09 04:40:01,052 - DEBUG - Making request. Method: eth_gasPrice
2025-02-09 04:40:01,054 - DEBUG - Making request HTTP. URI: https://polygon-mainnet.infura.io/v3/a8ab43a04ce044de988a838d92f478a7, Method: eth_gasPrice
2025-02-09 04:40:01,055 - DEBUG - Session cached: https://polygon-mainnet.infura.io/v3/a8ab43a04ce044de988a838d92f478a7, <requests.sessions.Session object at 0x0000025C8DAB5D00>
2025-02-09 04:40:01,056 - DEBUG - Starting new HTTPS connection (1): polygon-mainnet.infura.io:443
2025-02-09 04:40:01,786 - DEBUG - https://polygon-mainnet.infura.io:443 "POST /v3/a8ab43a04ce044de988a838d92f478a7 HTTP/1.1" 200 47
2025-02-09 04:40:01,787 - DEBUG - Getting response HTTP. URI: https://polygon-mainnet.infura.io/v3/a8ab43a04ce044de988a838d92f478a7, Method: eth_gasPrice, Response: {'jsonrpc': '2.0', 'id': 0, 'result': '0x5f6230166'}
2025-02-09 04:40:01,788 - DEBUG - Making request. Method: eth_gasPrice
2025-02-09 04:40:01,789 - DEBUG - Making request HTTP. URI: https://arbitrum-mainnet.infura.io/v3/a8ab43a04ce044de988a838d92f478a7, Method: eth_gasPrice
2025-02-09 04:40:01,789 - DEBUG - Session cached: https://arbitrum-mainnet.infura.io/v3/a8ab43a04ce044de988a838d92f478a7, <requests.sessions.Session object at 0x0000025C8E2814F0>
2025-02-09 04:40:01,790 - DEBUG - Starting new HTTPS connection (1): arbitrum-mainnet.infura.io:443
2025-02-09 04:40:02,417 - DEBUG - https://arbitrum-mainnet.infura.io:443 "POST /v3/a8ab43a04ce044de988a838d92f478a7 HTTP/1.1" 200 44
2025-02-09 04:40:02,417 - DEBUG - Getting response HTTP. URI: https://arbitrum-mainnet.infura.io/v3/a8ab43a04ce044de988a838d92f478a7, Method: eth_gasPrice, Response: {'jsonrpc': '2.0', 'id': 0, 'result': '0x989680'}
2025-02-09 04:40:02,418 - DEBUG - Making request. Method: eth_gasPrice
2025-02-09 04:40:02,419 - DEBUG - Making request HTTP. URI: https://avalanche-mainnet.infura.io/v3/a8ab43a04ce044de988a838d92f478a7, Method: eth_gasPrice
2025-02-09 04:40:02,420 - DEBUG - Session cached: https://avalanche-mainnet.infura.io/v3/a8ab43a04ce044de988a838d92f478a7, <requests.sessions.Session object at 0x0000025C8E2823F0>
2025-02-09 04:40:02,421 - DEBUG - Starting new HTTPS connection (1): avalanche-mainnet.infura.io:443
2025-02-09 04:40:03,025 - DEBUG - https://avalanche-mainnet.infura.io:443 "POST /v3/a8ab43a04ce044de988a838d92f478a7 HTTP/1.1" 200 46
2025-02-09 04:40:03,026 - DEBUG - Getting response HTTP. URI: https://avalanche-mainnet.infura.io/v3/a8ab43a04ce044de988a838d92f478a7, Method: eth_gasPrice, Response: {'jsonrpc': '2.0', 'id': 0, 'result': '0x3b9aca01'}
2025-02-09 04:40:03,027 - DEBUG - Making request. Method: eth_gasPrice
2025-02-09 04:40:03,028 - DEBUG - Making request HTTP. URI: https://bsc-mainnet.infura.io/v3/a8ab43a04ce044de988a838d92f478a7, Method: eth_gasPrice
2025-02-09 04:40:03,028 - DEBUG - Session cached: https://bsc-mainnet.infura.io/v3/a8ab43a04ce044de988a838d92f478a7, <requests.sessions.Session object at 0x0000025C8E281130>
2025-02-09 04:40:03,030 - DEBUG - Starting new HTTPS connection (1): bsc-mainnet.infura.io:443
2025-02-09 04:40:05,731 - DEBUG - https://bsc-mainnet.infura.io:443 "POST /v3/a8ab43a04ce044de988a838d92f478a7 HTTP/1.1" 200 43
2025-02-09 04:40:05,733 - DEBUG - Getting response HTTP. URI: https://bsc-mainnet.infura.io/v3/a8ab43a04ce044de988a838d92f478a7, Method: eth_gasPrice, Response: {'jsonrpc': '2.0', 'id': 0, 'result': '0x71d94'}
2025-02-09 04:40:05,734 - DEBUG - Starting new HTTPS connection (1): mempool.space:443
2025-02-09 04:40:05,900 - DEBUG - https://mempool.space:443 "GET /api/v1/fees/recommended HTTP/1.1" 200 74
2025-02-09 04:40:05,902 - DEBUG - Starting new HTTPS connection (1): apilist.tronscan.org:443
2025-02-09 04:40:06,473 - DEBUG - https://apilist.tronscan.org:443 "GET /api/system/status HTTP/1.1" 200 181
2025-02-09 04:40:06,475 - DEBUG - Starting new HTTPS connection (1): api.subscan.io:443
2025-02-09 04:40:07,343 - DEBUG - https://api.subscan.io:443 "GET /api/scan/metadata HTTP/1.1" 404 None
2025-02-09 04:40:07,345 - DEBUG - Starting new HTTPS connection (1): api.mainnet-beta.solana.com:443
2025-02-09 04:40:07,565 - DEBUG - https://api.mainnet-beta.solana.com:443 "GET / HTTP/1.1" 200 802
2025-02-09 04:40:07,567 - DEBUG - Starting new HTTPS connection (1): data.ripple.com:443
2025-02-09 04:40:07,857 - DEBUG - https://data.ripple.com:443 "GET /v2/fees HTTP/1.1" 403 274
2025-02-09 04:40:07,858 - INFO - 127.0.0.1 - - [09/Feb/2025 04:40:07] "GET /gasfee HTTP/1.1" 200 -
