2025-01-03 08:13:29,265 - INFO - Services module initialized.
2025-01-03 08:13:29,268 - INFO - LogManager initialized successfully.
2025-01-03 08:13:29,336 - DEBUG - Building SSL context
2025-01-03 08:13:29,376 - DEBUG - Switching to SSL
2025-01-03 08:13:29,379 - DEBUG - SSL has been enabled
2025-01-03 08:13:29,379 - DEBUG - Starting authorization phase
2025-01-03 08:13:29,380 - DEBUG - The provided initial strategy is caching_sha2_password
2025-01-03 08:13:29,380 - INFO - package: mysql.connector.plugins
2025-01-03 08:13:29,380 - INFO - plugin_name: caching_sha2_password
2025-01-03 08:13:29,383 - INFO - AUTHENTICATION_PLUGIN_CLASS: MySQLCachingSHA2PasswordAuthPlugin
2025-01-03 08:13:29,384 - DEBUG - Exchanging further packets
2025-01-03 08:13:29,384 - DEBUG - caching_sha2_password completed succesfully
2025-01-03 08:13:29,400 - INFO - Starting Flask app with Keep-Alive enabled.
2025-01-03 08:13:29,424 - INFO - [31m[1mWARNING: This is a development server. Do not use it in a production deployment. Use a production WSGI server instead.[0m
 * Running on all addresses (0.0.0.0)
 * Running on http://127.0.0.1:5000
 * Running on http://192.168.1.35:5000
2025-01-03 08:13:29,425 - INFO - [33mPress CTRL+C to quit[0m
2025-01-03 08:13:29,428 - INFO -  * Restarting with stat
2025-01-03 08:15:11,524 - INFO -  * Restarting with stat
