2025-02-09 12:55:17,459 - DEBUG - Building SSL context
2025-02-09 12:55:17,504 - DEBUG - Switching to SSL
2025-02-09 12:55:17,508 - DEBUG - SSL has been enabled
2025-02-09 12:55:17,509 - DEBUG - Starting authorization phase
2025-02-09 12:55:17,510 - DEBUG - The provided initial strategy is caching_sha2_password
2025-02-09 12:55:17,510 - INFO - package: mysql.connector.plugins
2025-02-09 12:55:17,510 - INFO - plugin_name: caching_sha2_password
2025-02-09 12:55:17,510 - INFO - AUTHENTICATION_PLUGIN_CLASS: MySQLCachingSHA2PasswordAuthPlugin
2025-02-09 12:55:17,511 - DEBUG - Exchanging further packets
2025-02-09 12:55:17,512 - DEBUG - caching_sha2_password completed succesfully
2025-02-09 12:55:17,531 - INFO - Starting Flask app with Keep-Alive enabled.
2025-02-09 12:55:17,538 - WARNING -  * Debugger is active!
2025-02-09 12:55:17,542 - INFO -  * Debugger PIN: 117-061-111
2025-02-09 12:55:19,460 - DEBUG - Making request. Method: eth_gasPrice
2025-02-09 12:55:19,462 - DEBUG - Making request HTTP. URI: https://mainnet.infura.io/v3/a8ab43a04ce044de988a838d92f478a7, Method: eth_gasPrice
2025-02-09 12:55:19,466 - DEBUG - Session cached: https://mainnet.infura.io/v3/a8ab43a04ce044de988a838d92f478a7, <requests.sessions.Session object at 0x0000014DCA283C80>
2025-02-09 12:55:19,467 - DEBUG - Starting new HTTPS connection (1): mainnet.infura.io:443
2025-02-09 12:55:20,023 - DEBUG - https://mainnet.infura.io:443 "POST /v3/a8ab43a04ce044de988a838d92f478a7 HTTP/1.1" 200 46
2025-02-09 12:55:20,024 - DEBUG - Getting response HTTP. URI: https://mainnet.infura.io/v3/a8ab43a04ce044de988a838d92f478a7, Method: eth_gasPrice, Response: {'jsonrpc': '2.0', 'id': 0, 'result': '0x33770cdf'}
2025-02-09 12:55:20,025 - DEBUG - Making request. Method: eth_gasPrice
2025-02-09 12:55:20,028 - DEBUG - Making request HTTP. URI: https://polygon-mainnet.infura.io/v3/a8ab43a04ce044de988a838d92f478a7, Method: eth_gasPrice
2025-02-09 12:55:20,029 - DEBUG - Session cached: https://polygon-mainnet.infura.io/v3/a8ab43a04ce044de988a838d92f478a7, <requests.sessions.Session object at 0x0000014DCA226420>
2025-02-09 12:55:20,030 - DEBUG - Starting new HTTPS connection (1): polygon-mainnet.infura.io:443
2025-02-09 12:55:20,581 - DEBUG - https://polygon-mainnet.infura.io:443 "POST /v3/a8ab43a04ce044de988a838d92f478a7 HTTP/1.1" 200 47
2025-02-09 12:55:20,581 - DEBUG - Getting response HTTP. URI: https://polygon-mainnet.infura.io/v3/a8ab43a04ce044de988a838d92f478a7, Method: eth_gasPrice, Response: {'jsonrpc': '2.0', 'id': 0, 'result': '0x609ef9e65'}
2025-02-09 12:55:20,583 - DEBUG - Making request. Method: eth_gasPrice
2025-02-09 12:55:20,583 - DEBUG - Making request HTTP. URI: https://arbitrum-mainnet.infura.io/v3/a8ab43a04ce044de988a838d92f478a7, Method: eth_gasPrice
2025-02-09 12:55:20,583 - DEBUG - Session cached: https://arbitrum-mainnet.infura.io/v3/a8ab43a04ce044de988a838d92f478a7, <requests.sessions.Session object at 0x0000014DCA72CF80>
2025-02-09 12:55:20,584 - DEBUG - Starting new HTTPS connection (1): arbitrum-mainnet.infura.io:443
2025-02-09 12:55:21,111 - DEBUG - https://arbitrum-mainnet.infura.io:443 "POST /v3/a8ab43a04ce044de988a838d92f478a7 HTTP/1.1" 200 44
2025-02-09 12:55:21,111 - DEBUG - Getting response HTTP. URI: https://arbitrum-mainnet.infura.io/v3/a8ab43a04ce044de988a838d92f478a7, Method: eth_gasPrice, Response: {'jsonrpc': '2.0', 'id': 0, 'result': '0x989680'}
2025-02-09 12:55:21,113 - DEBUG - Making request. Method: eth_gasPrice
2025-02-09 12:55:21,114 - DEBUG - Making request HTTP. URI: https://avalanche-mainnet.infura.io/v3/a8ab43a04ce044de988a838d92f478a7, Method: eth_gasPrice
2025-02-09 12:55:21,114 - DEBUG - Session cached: https://avalanche-mainnet.infura.io/v3/a8ab43a04ce044de988a838d92f478a7, <requests.sessions.Session object at 0x0000014DCA72EAE0>
2025-02-09 12:55:21,115 - DEBUG - Starting new HTTPS connection (1): avalanche-mainnet.infura.io:443
2025-02-09 12:55:21,638 - DEBUG - https://avalanche-mainnet.infura.io:443 "POST /v3/a8ab43a04ce044de988a838d92f478a7 HTTP/1.1" 200 46
2025-02-09 12:55:21,639 - DEBUG - Getting response HTTP. URI: https://avalanche-mainnet.infura.io/v3/a8ab43a04ce044de988a838d92f478a7, Method: eth_gasPrice, Response: {'jsonrpc': '2.0', 'id': 0, 'result': '0x3c573d7c'}
2025-02-09 12:55:21,643 - DEBUG - Making request. Method: eth_gasPrice
2025-02-09 12:55:21,644 - DEBUG - Making request HTTP. URI: https://bsc-mainnet.infura.io/v3/a8ab43a04ce044de988a838d92f478a7, Method: eth_gasPrice
2025-02-09 12:55:21,645 - DEBUG - Session cached: https://bsc-mainnet.infura.io/v3/a8ab43a04ce044de988a838d92f478a7, <requests.sessions.Session object at 0x0000014DCA72D4F0>
2025-02-09 12:55:21,647 - DEBUG - Starting new HTTPS connection (1): bsc-mainnet.infura.io:443
2025-02-09 12:55:22,289 - DEBUG - https://bsc-mainnet.infura.io:443 "POST /v3/a8ab43a04ce044de988a838d92f478a7 HTTP/1.1" 200 46
2025-02-09 12:55:22,290 - DEBUG - Getting response HTTP. URI: https://bsc-mainnet.infura.io/v3/a8ab43a04ce044de988a838d92f478a7, Method: eth_gasPrice, Response: {'jsonrpc': '2.0', 'id': 0, 'result': '0x3b9aca00'}
2025-02-09 12:55:22,290 - DEBUG - Making request. Method: eth_gasPrice
2025-02-09 12:55:22,291 - DEBUG - Making request HTTP. URI: https://solana-mainnet.g.alchemy.com/v2/a8ab43a04ce044de988a838d92f478a7, Method: eth_gasPrice
2025-02-09 12:55:22,292 - DEBUG - Session cached: https://solana-mainnet.g.alchemy.com/v2/a8ab43a04ce044de988a838d92f478a7, <requests.sessions.Session object at 0x0000014DCA72ED20>
2025-02-09 12:55:22,292 - DEBUG - Starting new HTTPS connection (1): solana-mainnet.g.alchemy.com:443
2025-02-09 12:55:22,872 - DEBUG - https://solana-mainnet.g.alchemy.com:443 "POST /v2/a8ab43a04ce044de988a838d92f478a7 HTTP/1.1" 401 83
2025-02-09 12:55:23,579 - DEBUG - https://solana-mainnet.g.alchemy.com:443 "POST /v2/a8ab43a04ce044de988a838d92f478a7 HTTP/1.1" 401 83
2025-02-09 12:55:24,384 - DEBUG - https://solana-mainnet.g.alchemy.com:443 "POST /v2/a8ab43a04ce044de988a838d92f478a7 HTTP/1.1" 401 83
2025-02-09 12:55:25,182 - DEBUG - https://solana-mainnet.g.alchemy.com:443 "POST /v2/a8ab43a04ce044de988a838d92f478a7 HTTP/1.1" 401 83
2025-02-09 12:55:26,490 - DEBUG - https://solana-mainnet.g.alchemy.com:443 "POST /v2/a8ab43a04ce044de988a838d92f478a7 HTTP/1.1" 401 83
2025-02-09 12:55:26,491 - DEBUG - Starting new HTTPS connection (1): mempool.space:443
2025-02-09 12:55:26,681 - DEBUG - https://mempool.space:443 "GET /api/v1/fees/recommended HTTP/1.1" 200 74
2025-02-09 12:55:26,683 - DEBUG - Starting new HTTPS connection (1): api.trongrid.io:443
2025-02-09 12:55:26,958 - DEBUG - https://api.trongrid.io:443 "GET /v1/wallet/getnowblock?apiKey=61d401f5-27e5-4de7-81ae-a9a48a7fc5d8 HTTP/1.1" 200 None
2025-02-09 12:55:27,004 - DEBUG - Starting new HTTPS connection (1): api.subscan.io:443
2025-02-09 12:55:27,897 - DEBUG - https://api.subscan.io:443 "GET /api/scan/metadata HTTP/1.1" 404 None
2025-02-09 12:55:27,898 - DEBUG - Starting new HTTPS connection (1): s1.ripple.com:51234
2025-02-09 12:55:28,934 - DEBUG - https://s1.ripple.com:51234 "GET / HTTP/1.1" 400 23
2025-02-09 12:55:28,938 - INFO - 127.0.0.1 - - [09/Feb/2025 12:55:28] "GET /gasfee HTTP/1.1" 200 -
