2025-03-02 12:25:58,252 - DEBUG - Consider installing rusty-rlp to improve pyrlp performance with a rust basedbackend. Not currently functional for Python 3.11
2025-03-02 12:25:58,896 - INFO - Initializing wallet generation module
2025-03-02 12:25:58,900 - INFO - Initializing wallet import module
2025-03-02 12:25:58,904 - INFO - Initializing currency update module
2025-03-02 12:25:58,906 - INFO - Initializing currency post module
2025-03-02 12:25:58,908 - INFO - Initializing phrase key module
2025-03-02 12:25:58,910 - INFO - Initializing receive transaction module
2025-03-02 12:25:58,913 - INFO - Initializing gas fee module
2025-03-02 12:25:58,914 - INFO - Starting IronWallet application
2025-03-02 12:25:58,986 - DEBUG - Building SSL context
2025-03-02 12:25:59,024 - DEBUG - Switching to SSL
2025-03-02 12:25:59,029 - DEBUG - SSL has been enabled
2025-03-02 12:25:59,029 - DEBUG - Starting authorization phase
2025-03-02 12:25:59,029 - DEBUG - The provided initial strategy is caching_sha2_password
2025-03-02 12:25:59,030 - INFO - package: mysql.connector.plugins
2025-03-02 12:25:59,030 - INFO - plugin_name: caching_sha2_password
2025-03-02 12:25:59,031 - INFO - AUTHENTICATION_PLUGIN_CLASS: MySQLCachingSHA2PasswordAuthPlugin
2025-03-02 12:25:59,032 - DEBUG - Exchanging further packets
2025-03-02 12:25:59,032 - DEBUG - caching_sha2_password completed succesfully
2025-03-02 12:25:59,072 - WARNING -  * Debugger is active!
2025-03-02 12:25:59,074 - INFO -  * Debugger PIN: 102-041-039
2025-03-02 12:26:57,217 - ERROR - Unexpected error: A secret key is required to use CSRF.
Traceback (most recent call last):
  File "C:\Users\kozmos teknoloji\AppData\Roaming\Python\Python312\site-packages\flask\app.py", line 878, in full_dispatch_request
    rv = self.preprocess_request()
         ^^^^^^^^^^^^^^^^^^^^^^^^^
  File "C:\Users\kozmos teknoloji\AppData\Roaming\Python\Python312\site-packages\flask\app.py", line 1253, in preprocess_request
    rv = self.ensure_sync(before_func)()
         ^^^^^^^^^^^^^^^^^^^^^^^^^^^^^^^
  File "C:\Users\kozmos teknoloji\AppData\Roaming\Python\Python312\site-packages\flask_wtf\csrf.py", line 229, in csrf_protect
    self.protect()
  File "C:\Users\kozmos teknoloji\AppData\Roaming\Python\Python312\site-packages\flask_wtf\csrf.py", line 261, in protect
    validate_csrf(self._get_csrf_token())
  File "C:\Users\kozmos teknoloji\AppData\Roaming\Python\Python312\site-packages\flask_wtf\csrf.py", line 85, in validate_csrf
    secret_key = _get_config(
                 ^^^^^^^^^^^^
  File "C:\Users\kozmos teknoloji\AppData\Roaming\Python\Python312\site-packages\flask_wtf\csrf.py", line 136, in _get_config
    raise RuntimeError(message)
RuntimeError: A secret key is required to use CSRF.
2025-03-02 12:26:57,219 - INFO - 127.0.0.1 - - [02/Mar/2025 12:26:57] "[35m[1mPOST /generate-wallet HTTP/1.1[0m" 500 -
