2025-08-22 18:32:16 - batch_historical_fetcher - DEBUG - Logger initialized for batch_historical_fetcher at level DEBUG
2025-08-22 18:32:16 - batch_historical_fetcher - INFO - Starting long-term fetch for 6 months, 1 currencies
2025-08-22 18:32:16 - batch_historical_fetcher - INFO - Split into 6 batches of ~30 days each
2025-08-22 18:32:16 - batch_historical_fetcher - INFO - Processing batch 1/6: 2025-02-23T18:32:16.257730Z to 2025-03-25T18:32:16.257730Z
2025-08-22 18:32:16 - batch_historical_fetcher - INFO - Batch 1 success: 0 records added
2025-08-22 18:32:16 - batch_historical_fetcher - DEBUG - Waiting 2 seconds before next batch...
2025-08-22 18:32:18 - batch_historical_fetcher - INFO - Processing batch 2/6: 2025-03-26T18:32:16.257730Z to 2025-04-25T18:32:16.257730Z
2025-08-22 18:32:18 - batch_historical_fetcher - INFO - Batch 2 success: 0 records added
2025-08-22 18:32:18 - batch_historical_fetcher - DEBUG - Waiting 2 seconds before next batch...
2025-08-22 18:32:20 - batch_historical_fetcher - INFO - Processing batch 3/6: 2025-04-26T18:32:16.257730Z to 2025-05-26T18:32:16.257730Z
2025-08-22 18:32:20 - batch_historical_fetcher - INFO - Batch 3 success: 0 records added
2025-08-22 18:32:20 - batch_historical_fetcher - DEBUG - Waiting 2 seconds before next batch...
2025-08-22 18:32:22 - batch_historical_fetcher - INFO - Processing batch 4/6: 2025-05-27T18:32:16.257730Z to 2025-06-26T18:32:16.257730Z
2025-08-22 18:32:22 - batch_historical_fetcher - INFO - Batch 4 success: 0 records added
2025-08-22 18:32:22 - batch_historical_fetcher - DEBUG - Waiting 2 seconds before next batch...
2025-08-22 18:32:24 - batch_historical_fetcher - INFO - Processing batch 5/6: 2025-06-27T18:32:16.257730Z to 2025-07-27T18:32:16.257730Z
2025-08-22 18:32:24 - batch_historical_fetcher - INFO - Batch 5 success: 0 records added
2025-08-22 18:32:24 - batch_historical_fetcher - DEBUG - Waiting 2 seconds before next batch...
2025-08-22 18:32:26 - batch_historical_fetcher - INFO - Processing batch 6/6: 2025-07-28T18:32:16.257730Z to 2025-08-22T18:32:16.257730Z
2025-08-22 18:32:27 - batch_historical_fetcher - INFO - Batch 6 success: 0 records added
2025-08-22 18:53:41 - batch_historical_fetcher - DEBUG - Logger initialized for batch_historical_fetcher at level DEBUG
2025-08-22 18:53:41 - batch_historical_fetcher - INFO - Starting long-term fetch for 3 months, 12 currencies
2025-08-22 18:53:41 - batch_historical_fetcher - INFO - Split into 3 batches of ~30 days each
2025-08-22 18:53:41 - batch_historical_fetcher - INFO - Processing batch 1/3: 2025-05-24T18:53:41.136235Z to 2025-06-23T18:53:41.136235Z
2025-08-22 18:53:41 - batch_historical_fetcher - INFO - Batch 1 success: 0 records added
2025-08-22 18:53:41 - batch_historical_fetcher - DEBUG - Waiting 2 seconds before next batch...
2025-08-22 18:53:43 - batch_historical_fetcher - INFO - Processing batch 2/3: 2025-06-24T18:53:41.136235Z to 2025-07-24T18:53:41.136235Z
2025-08-22 18:53:43 - batch_historical_fetcher - INFO - Batch 2 success: 0 records added
2025-08-22 18:53:43 - batch_historical_fetcher - DEBUG - Waiting 2 seconds before next batch...
2025-08-22 18:53:45 - batch_historical_fetcher - INFO - Processing batch 3/3: 2025-07-25T18:53:41.136235Z to 2025-08-22T18:53:41.136235Z
2025-08-22 18:53:46 - batch_historical_fetcher - INFO - Batch 3 success: 168 records added
