2025-07-22 05:45:26 - firebase - DEBUG - Logger initialized for firebase at level DEBUG
2025-07-22 05:45:27 - firebase - WARNING - tenacity package not available. Using simple retry mechanism.
2025-07-22 05:45:27 - firebase - INFO - Using Firebase credentials from file: /www/wwwroot/coinceeper.com/CC/config/coinceeper-f2eaf-firebase-adminsdk-fbsvc-4f2bc9645c.json
2025-07-22 05:45:27 - firebase - INFO - Firebase initialized successfully
2025-07-22 17:18:13 - firebase - DEBUG - Logger initialized for firebase at level DEBUG
2025-07-22 17:18:13 - firebase - DEBUG - Logger initialized for firebase at level DEBUG
2025-07-22 17:18:13 - firebase - DEBUG - Logger initialized for firebase at level DEBUG
2025-07-22 17:18:14 - firebase - WARNING - tenacity package not available. Using simple retry mechanism.
2025-07-22 17:18:14 - firebase - WARNING - tenacity package not available. Using simple retry mechanism.
2025-07-22 17:18:14 - firebase - WARNING - tenacity package not available. Using simple retry mechanism.
2025-07-22 17:18:14 - firebase - INFO - Using Firebase credentials from file: /www/wwwroot/coinceeper.com/CC/config/coinceeper-f2eaf-firebase-adminsdk-fbsvc-4f2bc9645c.json
2025-07-22 17:18:14 - firebase - INFO - Using Firebase credentials from file: /www/wwwroot/coinceeper.com/CC/config/coinceeper-f2eaf-firebase-adminsdk-fbsvc-4f2bc9645c.json
2025-07-22 17:18:15 - firebase - INFO - Firebase initialized successfully
2025-07-22 17:18:15 - firebase - INFO - Firebase initialized successfully
2025-07-22 17:18:15 - firebase - INFO - Using Firebase credentials from file: /www/wwwroot/coinceeper.com/CC/config/coinceeper-f2eaf-firebase-adminsdk-fbsvc-4f2bc9645c.json
2025-07-22 17:18:15 - firebase - INFO - Firebase initialized successfully
2025-07-22 17:33:55 - firebase - DEBUG - Logger initialized for firebase at level DEBUG
2025-07-22 17:33:55 - firebase - DEBUG - Logger initialized for firebase at level DEBUG
2025-07-22 17:33:55 - firebase - DEBUG - Logger initialized for firebase at level DEBUG
2025-07-22 17:33:56 - firebase - WARNING - tenacity package not available. Using simple retry mechanism.
2025-07-22 17:33:56 - firebase - WARNING - tenacity package not available. Using simple retry mechanism.
2025-07-22 17:33:56 - firebase - WARNING - tenacity package not available. Using simple retry mechanism.
2025-07-22 17:33:56 - firebase - INFO - Using Firebase credentials from file: /www/wwwroot/coinceeper.com/CC/config/coinceeper-f2eaf-firebase-adminsdk-fbsvc-4f2bc9645c.json
2025-07-22 17:33:57 - firebase - INFO - Firebase initialized successfully
2025-07-22 17:33:57 - firebase - INFO - Using Firebase credentials from file: /www/wwwroot/coinceeper.com/CC/config/coinceeper-f2eaf-firebase-adminsdk-fbsvc-4f2bc9645c.json
2025-07-22 17:33:57 - firebase - INFO - Using Firebase credentials from file: /www/wwwroot/coinceeper.com/CC/config/coinceeper-f2eaf-firebase-adminsdk-fbsvc-4f2bc9645c.json
2025-07-22 17:33:57 - firebase - INFO - Firebase initialized successfully
2025-07-22 17:33:57 - firebase - INFO - Firebase initialized successfully
2025-07-22 20:28:16 - firebase - DEBUG - Logger initialized for firebase at level DEBUG
2025-07-22 20:28:16 - firebase - DEBUG - Logger initialized for firebase at level DEBUG
2025-07-22 20:28:16 - firebase - DEBUG - Logger initialized for firebase at level DEBUG
2025-07-22 20:28:17 - firebase - WARNING - tenacity package not available. Using simple retry mechanism.
2025-07-22 20:28:17 - firebase - WARNING - tenacity package not available. Using simple retry mechanism.
2025-07-22 20:28:17 - firebase - WARNING - tenacity package not available. Using simple retry mechanism.
2025-07-22 20:28:17 - firebase - INFO - Using Firebase credentials from file: /www/wwwroot/coinceeper.com/CC/config/coinceeper-f2eaf-firebase-adminsdk-fbsvc-4f2bc9645c.json
2025-07-22 20:28:17 - firebase - INFO - Using Firebase credentials from file: /www/wwwroot/coinceeper.com/CC/config/coinceeper-f2eaf-firebase-adminsdk-fbsvc-4f2bc9645c.json
2025-07-22 20:28:17 - firebase - INFO - Using Firebase credentials from file: /www/wwwroot/coinceeper.com/CC/config/coinceeper-f2eaf-firebase-adminsdk-fbsvc-4f2bc9645c.json
2025-07-22 20:28:18 - firebase - INFO - Firebase initialized successfully
2025-07-22 20:28:18 - firebase - INFO - Firebase initialized successfully
2025-07-22 20:28:18 - firebase - INFO - Firebase initialized successfully
2025-07-22 20:31:20 - firebase - DEBUG - Logger initialized for firebase at level DEBUG
2025-07-22 20:31:20 - firebase - DEBUG - Logger initialized for firebase at level DEBUG
2025-07-22 20:31:20 - firebase - DEBUG - Logger initialized for firebase at level DEBUG
2025-07-22 20:31:21 - firebase - WARNING - tenacity package not available. Using simple retry mechanism.
2025-07-22 20:31:21 - firebase - WARNING - tenacity package not available. Using simple retry mechanism.
2025-07-22 20:31:21 - firebase - INFO - Using Firebase credentials from file: /www/wwwroot/coinceeper.com/CC/config/coinceeper-f2eaf-firebase-adminsdk-fbsvc-4f2bc9645c.json
2025-07-22 20:31:21 - firebase - INFO - Using Firebase credentials from file: /www/wwwroot/coinceeper.com/CC/config/coinceeper-f2eaf-firebase-adminsdk-fbsvc-4f2bc9645c.json
2025-07-22 20:31:21 - firebase - INFO - Firebase initialized successfully
2025-07-22 20:31:21 - firebase - WARNING - tenacity package not available. Using simple retry mechanism.
2025-07-22 20:31:21 - firebase - INFO - Firebase initialized successfully
2025-07-22 20:31:21 - firebase - INFO - Using Firebase credentials from file: /www/wwwroot/coinceeper.com/CC/config/coinceeper-f2eaf-firebase-adminsdk-fbsvc-4f2bc9645c.json
2025-07-22 20:31:21 - firebase - INFO - Firebase initialized successfully
2025-07-22 20:32:00 - firebase - DEBUG - Logger initialized for firebase at level DEBUG
2025-07-22 20:32:00 - firebase - DEBUG - Logger initialized for firebase at level DEBUG
2025-07-22 20:32:00 - firebase - DEBUG - Logger initialized for firebase at level DEBUG
2025-07-22 20:32:00 - firebase - WARNING - tenacity package not available. Using simple retry mechanism.
2025-07-22 20:32:01 - firebase - INFO - Using Firebase credentials from file: /www/wwwroot/coinceeper.com/CC/config/coinceeper-f2eaf-firebase-adminsdk-fbsvc-4f2bc9645c.json
2025-07-22 20:32:01 - firebase - INFO - Firebase initialized successfully
2025-07-22 20:32:01 - firebase - WARNING - tenacity package not available. Using simple retry mechanism.
2025-07-22 20:32:01 - firebase - WARNING - tenacity package not available. Using simple retry mechanism.
2025-07-22 20:32:02 - firebase - INFO - Using Firebase credentials from file: /www/wwwroot/coinceeper.com/CC/config/coinceeper-f2eaf-firebase-adminsdk-fbsvc-4f2bc9645c.json
2025-07-22 20:32:02 - firebase - INFO - Using Firebase credentials from file: /www/wwwroot/coinceeper.com/CC/config/coinceeper-f2eaf-firebase-adminsdk-fbsvc-4f2bc9645c.json
2025-07-22 20:32:02 - firebase - INFO - Firebase initialized successfully
2025-07-22 20:32:02 - firebase - INFO - Firebase initialized successfully
2025-07-22 20:34:10 - firebase - DEBUG - Logger initialized for firebase at level DEBUG
2025-07-22 20:34:10 - firebase - DEBUG - Logger initialized for firebase at level DEBUG
2025-07-22 20:34:10 - firebase - DEBUG - Logger initialized for firebase at level DEBUG
2025-07-22 20:34:11 - firebase - WARNING - tenacity package not available. Using simple retry mechanism.
2025-07-22 20:34:11 - firebase - WARNING - tenacity package not available. Using simple retry mechanism.
2025-07-22 20:34:11 - firebase - WARNING - tenacity package not available. Using simple retry mechanism.
2025-07-22 20:34:11 - firebase - INFO - Using Firebase credentials from file: /www/wwwroot/coinceeper.com/CC/config/coinceeper-f2eaf-firebase-adminsdk-fbsvc-4f2bc9645c.json
2025-07-22 20:34:11 - firebase - INFO - Using Firebase credentials from file: /www/wwwroot/coinceeper.com/CC/config/coinceeper-f2eaf-firebase-adminsdk-fbsvc-4f2bc9645c.json
2025-07-22 20:34:11 - firebase - INFO - Firebase initialized successfully
2025-07-22 20:34:11 - firebase - INFO - Using Firebase credentials from file: /www/wwwroot/coinceeper.com/CC/config/coinceeper-f2eaf-firebase-adminsdk-fbsvc-4f2bc9645c.json
2025-07-22 20:34:12 - firebase - INFO - Firebase initialized successfully
2025-07-22 20:34:12 - firebase - INFO - Firebase initialized successfully
2025-07-22 20:34:24 - firebase - DEBUG - Logger initialized for firebase at level DEBUG
2025-07-22 20:34:24 - firebase - DEBUG - Logger initialized for firebase at level DEBUG
2025-07-22 20:34:24 - firebase - DEBUG - Logger initialized for firebase at level DEBUG
2025-07-22 20:34:24 - firebase - WARNING - tenacity package not available. Using simple retry mechanism.
2025-07-22 20:34:24 - firebase - WARNING - tenacity package not available. Using simple retry mechanism.
2025-07-22 20:34:24 - firebase - INFO - Using Firebase credentials from file: /www/wwwroot/coinceeper.com/CC/config/coinceeper-f2eaf-firebase-adminsdk-fbsvc-4f2bc9645c.json
2025-07-22 20:34:24 - firebase - WARNING - tenacity package not available. Using simple retry mechanism.
2025-07-22 20:34:25 - firebase - INFO - Firebase initialized successfully
2025-07-22 20:34:25 - firebase - INFO - Using Firebase credentials from file: /www/wwwroot/coinceeper.com/CC/config/coinceeper-f2eaf-firebase-adminsdk-fbsvc-4f2bc9645c.json
2025-07-22 20:34:25 - firebase - INFO - Using Firebase credentials from file: /www/wwwroot/coinceeper.com/CC/config/coinceeper-f2eaf-firebase-adminsdk-fbsvc-4f2bc9645c.json
2025-07-22 20:34:25 - firebase - INFO - Firebase initialized successfully
2025-07-22 20:34:25 - firebase - INFO - Firebase initialized successfully
2025-07-22 20:46:41 - firebase - DEBUG - Logger initialized for firebase at level DEBUG
2025-07-22 20:46:41 - firebase - DEBUG - Logger initialized for firebase at level DEBUG
2025-07-22 20:46:42 - firebase - DEBUG - Logger initialized for firebase at level DEBUG
2025-07-22 20:46:42 - firebase - WARNING - tenacity package not available. Using simple retry mechanism.
2025-07-22 20:46:42 - firebase - WARNING - tenacity package not available. Using simple retry mechanism.
2025-07-22 20:46:43 - firebase - WARNING - tenacity package not available. Using simple retry mechanism.
2025-07-22 20:46:43 - firebase - INFO - Using Firebase credentials from file: /www/wwwroot/coinceeper.com/CC/config/coinceeper-f2eaf-firebase-adminsdk-fbsvc-4f2bc9645c.json
2025-07-22 20:46:43 - firebase - INFO - Using Firebase credentials from file: /www/wwwroot/coinceeper.com/CC/config/coinceeper-f2eaf-firebase-adminsdk-fbsvc-4f2bc9645c.json
2025-07-22 20:46:43 - firebase - INFO - Firebase initialized successfully
2025-07-22 20:46:43 - firebase - INFO - Firebase initialized successfully
2025-07-22 20:46:43 - firebase - INFO - Using Firebase credentials from file: /www/wwwroot/coinceeper.com/CC/config/coinceeper-f2eaf-firebase-adminsdk-fbsvc-4f2bc9645c.json
2025-07-22 20:46:43 - firebase - INFO - Firebase initialized successfully
2025-07-22 21:52:23 - firebase - DEBUG - Logger initialized for firebase at level DEBUG
2025-07-22 21:52:23 - firebase - DEBUG - Logger initialized for firebase at level DEBUG
2025-07-22 21:52:23 - firebase - DEBUG - Logger initialized for firebase at level DEBUG
2025-07-22 21:52:23 - firebase - WARNING - tenacity package not available. Using simple retry mechanism.
2025-07-22 21:52:24 - firebase - WARNING - tenacity package not available. Using simple retry mechanism.
2025-07-22 21:52:24 - firebase - WARNING - tenacity package not available. Using simple retry mechanism.
2025-07-22 21:52:24 - firebase - INFO - Using Firebase credentials from file: /www/wwwroot/coinceeper.com/CC/config/coinceeper-f2eaf-firebase-adminsdk-fbsvc-4f2bc9645c.json
2025-07-22 21:52:24 - firebase - INFO - Using Firebase credentials from file: /www/wwwroot/coinceeper.com/CC/config/coinceeper-f2eaf-firebase-adminsdk-fbsvc-4f2bc9645c.json
2025-07-22 21:52:24 - firebase - INFO - Firebase initialized successfully
2025-07-22 21:52:24 - firebase - INFO - Firebase initialized successfully
2025-07-22 21:52:24 - firebase - INFO - Using Firebase credentials from file: /www/wwwroot/coinceeper.com/CC/config/coinceeper-f2eaf-firebase-adminsdk-fbsvc-4f2bc9645c.json
2025-07-22 21:52:24 - firebase - INFO - Firebase initialized successfully
2025-07-22 23:24:02 - firebase - ERROR - [FCM] Error sending notification: The registration token is not a valid FCM registration token
Traceback (most recent call last):
  File "/www/wwwroot/coinceeper.com/CC/venv/lib64/python3.9/site-packages/firebase_admin/messaging.py", line 411, in send
    resp = self._client.body(
  File "/www/wwwroot/coinceeper.com/CC/venv/lib64/python3.9/site-packages/firebase_admin/_http_client.py", line 136, in body
    resp = self.request(method, url, **kwargs)
  File "/www/wwwroot/coinceeper.com/CC/venv/lib64/python3.9/site-packages/firebase_admin/_http_client.py", line 124, in request
    resp.raise_for_status()
  File "/www/wwwroot/coinceeper.com/CC/venv/lib64/python3.9/site-packages/requests/models.py", line 1024, in raise_for_status
    raise HTTPError(http_error_msg, response=self)
requests.exceptions.HTTPError: 400 Client Error: Bad Request for url: https://fcm.googleapis.com/v1/projects/coinceeper-f2eaf/messages:send

During handling of the above exception, another exception occurred:

Traceback (most recent call last):
  File "/www/wwwroot/coinceeper.com/CC/config/firebase.py", line 163, in send_notification
    response = messaging.send(message)
  File "/www/wwwroot/coinceeper.com/CC/venv/lib64/python3.9/site-packages/firebase_admin/messaging.py", line 121, in send
    return _get_messaging_service(app).send(message, dry_run)
  File "/www/wwwroot/coinceeper.com/CC/venv/lib64/python3.9/site-packages/firebase_admin/messaging.py", line 418, in send
    raise self._handle_fcm_error(error)
firebase_admin.exceptions.InvalidArgumentError: The registration token is not a valid FCM registration token
2025-07-22 23:24:02 - firebase - WARNING - Attempt 1 failed: The registration token is not a valid FCM registration token
2025-07-22 23:24:03 - firebase - ERROR - [FCM] Error sending notification: The registration token is not a valid FCM registration token
Traceback (most recent call last):
  File "/www/wwwroot/coinceeper.com/CC/venv/lib64/python3.9/site-packages/firebase_admin/messaging.py", line 411, in send
    resp = self._client.body(
  File "/www/wwwroot/coinceeper.com/CC/venv/lib64/python3.9/site-packages/firebase_admin/_http_client.py", line 136, in body
    resp = self.request(method, url, **kwargs)
  File "/www/wwwroot/coinceeper.com/CC/venv/lib64/python3.9/site-packages/firebase_admin/_http_client.py", line 124, in request
    resp.raise_for_status()
  File "/www/wwwroot/coinceeper.com/CC/venv/lib64/python3.9/site-packages/requests/models.py", line 1024, in raise_for_status
    raise HTTPError(http_error_msg, response=self)
requests.exceptions.HTTPError: 400 Client Error: Bad Request for url: https://fcm.googleapis.com/v1/projects/coinceeper-f2eaf/messages:send

During handling of the above exception, another exception occurred:

Traceback (most recent call last):
  File "/www/wwwroot/coinceeper.com/CC/config/firebase.py", line 163, in send_notification
    response = messaging.send(message)
  File "/www/wwwroot/coinceeper.com/CC/venv/lib64/python3.9/site-packages/firebase_admin/messaging.py", line 121, in send
    return _get_messaging_service(app).send(message, dry_run)
  File "/www/wwwroot/coinceeper.com/CC/venv/lib64/python3.9/site-packages/firebase_admin/messaging.py", line 418, in send
    raise self._handle_fcm_error(error)
firebase_admin.exceptions.InvalidArgumentError: The registration token is not a valid FCM registration token
2025-07-22 23:24:03 - firebase - WARNING - Attempt 2 failed: The registration token is not a valid FCM registration token
2025-07-22 23:24:05 - firebase - ERROR - [FCM] Error sending notification: The registration token is not a valid FCM registration token
Traceback (most recent call last):
  File "/www/wwwroot/coinceeper.com/CC/venv/lib64/python3.9/site-packages/firebase_admin/messaging.py", line 411, in send
    resp = self._client.body(
  File "/www/wwwroot/coinceeper.com/CC/venv/lib64/python3.9/site-packages/firebase_admin/_http_client.py", line 136, in body
    resp = self.request(method, url, **kwargs)
  File "/www/wwwroot/coinceeper.com/CC/venv/lib64/python3.9/site-packages/firebase_admin/_http_client.py", line 124, in request
    resp.raise_for_status()
  File "/www/wwwroot/coinceeper.com/CC/venv/lib64/python3.9/site-packages/requests/models.py", line 1024, in raise_for_status
    raise HTTPError(http_error_msg, response=self)
requests.exceptions.HTTPError: 400 Client Error: Bad Request for url: https://fcm.googleapis.com/v1/projects/coinceeper-f2eaf/messages:send

During handling of the above exception, another exception occurred:

Traceback (most recent call last):
  File "/www/wwwroot/coinceeper.com/CC/config/firebase.py", line 163, in send_notification
    response = messaging.send(message)
  File "/www/wwwroot/coinceeper.com/CC/venv/lib64/python3.9/site-packages/firebase_admin/messaging.py", line 121, in send
    return _get_messaging_service(app).send(message, dry_run)
  File "/www/wwwroot/coinceeper.com/CC/venv/lib64/python3.9/site-packages/firebase_admin/messaging.py", line 418, in send
    raise self._handle_fcm_error(error)
firebase_admin.exceptions.InvalidArgumentError: The registration token is not a valid FCM registration token
