2025-07-22 05:45:27 - price_service - DEBUG - Logger initialized for price_service at level DEBUG
2025-07-22 05:45:27 - price_service - INFO - Initializing price service module
2025-07-22 05:45:28 - price_service - INFO - Initializing price service module
2025-07-22 07:31:23 - price_service - WARNING - No price record found for 1 in IRR, using default values
2025-07-22 07:31:23 - price_service - WARNING - No price record found for 10 in IRR, using default values
2025-07-22 07:31:23 - price_service - WARNING - No price record found for 11 in IRR, using default values
2025-07-22 07:31:23 - price_service - WARNING - No price record found for 16 in IRR, using default values
2025-07-22 07:31:23 - price_service - WARNING - No price record found for 18 in IRR, using default values
2025-07-22 07:31:24 - price_service - WARNING - No price record found for 1 in IRR, using default values
2025-07-22 07:31:24 - price_service - WARNING - No price record found for 10 in IRR, using default values
2025-07-22 07:31:24 - price_service - WARNING - No price record found for 11 in IRR, using default values
2025-07-22 07:31:24 - price_service - WARNING - No price record found for 16 in IRR, using default values
2025-07-22 07:31:24 - price_service - WARNING - No price record found for 18 in IRR, using default values
2025-07-22 10:56:40 - price_service - WARNING - No price record found for 2 in USD, using default values
2025-07-22 10:56:40 - price_service - WARNING - No price record found for 4 in USD, using default values
2025-07-22 10:56:40 - price_service - WARNING - No price record found for 5 in USD, using default values
2025-07-22 10:56:40 - price_service - WARNING - No price record found for 6 in USD, using default values
2025-07-22 10:56:40 - price_service - WARNING - No price record found for 7 in USD, using default values
2025-07-22 10:56:40 - price_service - WARNING - No price record found for 8 in USD, using default values
2025-07-22 10:56:40 - price_service - WARNING - No price record found for 2 in USD, using default values
2025-07-22 10:56:40 - price_service - WARNING - No price record found for 4 in USD, using default values
2025-07-22 10:56:40 - price_service - WARNING - No price record found for 5 in USD, using default values
2025-07-22 10:56:40 - price_service - WARNING - No price record found for 6 in USD, using default values
2025-07-22 10:56:40 - price_service - WARNING - No price record found for 7 in USD, using default values
2025-07-22 10:56:40 - price_service - WARNING - No price record found for 8 in USD, using default values
2025-07-22 10:57:15 - price_service - WARNING - No price record found for 2 in USD, using default values
2025-07-22 10:57:15 - price_service - WARNING - No price record found for 4 in USD, using default values
2025-07-22 10:57:15 - price_service - WARNING - No price record found for 5 in USD, using default values
2025-07-22 10:57:15 - price_service - WARNING - No price record found for 6 in USD, using default values
2025-07-22 10:57:15 - price_service - WARNING - No price record found for 7 in USD, using default values
2025-07-22 10:57:15 - price_service - WARNING - No price record found for 8 in USD, using default values
2025-07-22 12:12:17 - price_service - WARNING - No price record found for 2 in USD, using default values
2025-07-22 12:12:17 - price_service - WARNING - No price record found for 4 in USD, using default values
2025-07-22 12:12:17 - price_service - WARNING - No price record found for 5 in USD, using default values
2025-07-22 12:12:17 - price_service - WARNING - No price record found for 6 in USD, using default values
2025-07-22 12:12:17 - price_service - WARNING - No price record found for 7 in USD, using default values
2025-07-22 12:12:17 - price_service - WARNING - No price record found for 8 in USD, using default values
2025-07-22 13:06:47 - price_service - WARNING - No price record found for 2 in USD, using default values
2025-07-22 13:06:47 - price_service - WARNING - No price record found for 4 in USD, using default values
2025-07-22 13:06:47 - price_service - WARNING - No price record found for 5 in USD, using default values
2025-07-22 13:06:47 - price_service - WARNING - No price record found for 6 in USD, using default values
2025-07-22 13:06:47 - price_service - WARNING - No price record found for 7 in USD, using default values
2025-07-22 13:06:47 - price_service - WARNING - No price record found for 8 in USD, using default values
2025-07-22 13:50:15 - price_service - ERROR - Price update failed after 0.01 seconds
2025-07-22 17:18:15 - price_service - DEBUG - Logger initialized for price_service at level DEBUG
2025-07-22 17:18:15 - price_service - INFO - Initializing price service module
2025-07-22 17:18:15 - price_service - DEBUG - Logger initialized for price_service at level DEBUG
2025-07-22 17:18:15 - price_service - INFO - Initializing price service module
2025-07-22 17:18:15 - price_service - DEBUG - Logger initialized for price_service at level DEBUG
2025-07-22 17:18:15 - price_service - INFO - Initializing price service module
2025-07-22 17:18:17 - price_service - INFO - Initializing price service module
2025-07-22 17:18:17 - price_service - INFO - Initializing price service module
2025-07-22 17:18:17 - price_service - INFO - Initializing price service module
2025-07-22 17:33:57 - price_service - DEBUG - Logger initialized for price_service at level DEBUG
2025-07-22 17:33:57 - price_service - INFO - Initializing price service module
2025-07-22 17:33:57 - price_service - DEBUG - Logger initialized for price_service at level DEBUG
2025-07-22 17:33:57 - price_service - INFO - Initializing price service module
2025-07-22 17:33:57 - price_service - DEBUG - Logger initialized for price_service at level DEBUG
2025-07-22 17:33:57 - price_service - INFO - Initializing price service module
2025-07-22 17:33:59 - price_service - INFO - Initializing price service module
2025-07-22 17:33:59 - price_service - INFO - Initializing price service module
2025-07-22 17:33:59 - price_service - INFO - Initializing price service module
2025-07-22 17:44:07 - price_service - WARNING - No price record found for 2 in USD, using default values
2025-07-22 17:44:07 - price_service - WARNING - No price record found for 4 in USD, using default values
2025-07-22 17:44:07 - price_service - WARNING - No price record found for 5 in USD, using default values
2025-07-22 17:44:07 - price_service - WARNING - No price record found for 6 in USD, using default values
2025-07-22 17:44:07 - price_service - WARNING - No price record found for 7 in USD, using default values
2025-07-22 17:44:07 - price_service - WARNING - No price record found for 8 in USD, using default values
2025-07-22 17:44:08 - price_service - WARNING - No price record found for 2 in USD, using default values
2025-07-22 17:44:08 - price_service - WARNING - No price record found for 4 in USD, using default values
2025-07-22 17:44:08 - price_service - WARNING - No price record found for 5 in USD, using default values
2025-07-22 17:44:08 - price_service - WARNING - No price record found for 6 in USD, using default values
2025-07-22 17:44:08 - price_service - WARNING - No price record found for 7 in USD, using default values
2025-07-22 17:44:08 - price_service - WARNING - No price record found for 8 in USD, using default values
2025-07-22 18:03:02 - price_service - ERROR - Price update failed after 0.02 seconds
2025-07-22 18:49:55 - price_service - WARNING - No price record found for 2 in USD, using default values
2025-07-22 18:49:55 - price_service - WARNING - No price record found for 4 in USD, using default values
2025-07-22 18:49:55 - price_service - WARNING - No price record found for 5 in USD, using default values
2025-07-22 18:49:55 - price_service - WARNING - No price record found for 6 in USD, using default values
2025-07-22 18:49:55 - price_service - WARNING - No price record found for 7 in USD, using default values
2025-07-22 18:49:55 - price_service - WARNING - No price record found for 8 in USD, using default values
2025-07-22 18:49:55 - price_service - WARNING - No price record found for 2 in USD, using default values
2025-07-22 18:49:55 - price_service - WARNING - No price record found for 4 in USD, using default values
2025-07-22 18:49:55 - price_service - WARNING - No price record found for 5 in USD, using default values
2025-07-22 18:49:55 - price_service - WARNING - No price record found for 6 in USD, using default values
2025-07-22 18:49:55 - price_service - WARNING - No price record found for 7 in USD, using default values
2025-07-22 18:49:55 - price_service - WARNING - No price record found for 8 in USD, using default values
2025-07-22 20:28:18 - price_service - DEBUG - Logger initialized for price_service at level DEBUG
2025-07-22 20:28:18 - price_service - INFO - Initializing price service module
2025-07-22 20:28:18 - price_service - DEBUG - Logger initialized for price_service at level DEBUG
2025-07-22 20:28:18 - price_service - INFO - Initializing price service module
2025-07-22 20:28:18 - price_service - DEBUG - Logger initialized for price_service at level DEBUG
2025-07-22 20:28:18 - price_service - INFO - Initializing price service module
2025-07-22 20:28:20 - price_service - INFO - Initializing price service module
2025-07-22 20:28:20 - price_service - INFO - Initializing price service module
2025-07-22 20:28:20 - price_service - INFO - Initializing price service module
2025-07-22 20:31:21 - price_service - DEBUG - Logger initialized for price_service at level DEBUG
2025-07-22 20:31:21 - price_service - INFO - Initializing price service module
2025-07-22 20:31:21 - price_service - DEBUG - Logger initialized for price_service at level DEBUG
2025-07-22 20:31:21 - price_service - INFO - Initializing price service module
2025-07-22 20:31:21 - price_service - DEBUG - Logger initialized for price_service at level DEBUG
2025-07-22 20:31:21 - price_service - INFO - Initializing price service module
2025-07-22 20:31:23 - price_service - INFO - Initializing price service module
2025-07-22 20:31:23 - price_service - INFO - Initializing price service module
2025-07-22 20:31:23 - price_service - INFO - Initializing price service module
2025-07-22 20:32:01 - price_service - DEBUG - Logger initialized for price_service at level DEBUG
2025-07-22 20:32:01 - price_service - INFO - Initializing price service module
2025-07-22 20:32:02 - price_service - DEBUG - Logger initialized for price_service at level DEBUG
2025-07-22 20:32:02 - price_service - INFO - Initializing price service module
2025-07-22 20:32:02 - price_service - DEBUG - Logger initialized for price_service at level DEBUG
2025-07-22 20:32:02 - price_service - INFO - Initializing price service module
2025-07-22 20:32:03 - price_service - INFO - Initializing price service module
2025-07-22 20:32:04 - price_service - INFO - Initializing price service module
2025-07-22 20:32:04 - price_service - INFO - Initializing price service module
2025-07-22 20:34:11 - price_service - DEBUG - Logger initialized for price_service at level DEBUG
2025-07-22 20:34:11 - price_service - INFO - Initializing price service module
2025-07-22 20:34:12 - price_service - DEBUG - Logger initialized for price_service at level DEBUG
2025-07-22 20:34:12 - price_service - INFO - Initializing price service module
2025-07-22 20:34:12 - price_service - DEBUG - Logger initialized for price_service at level DEBUG
2025-07-22 20:34:12 - price_service - INFO - Initializing price service module
2025-07-22 20:34:13 - price_service - INFO - Initializing price service module
2025-07-22 20:34:14 - price_service - INFO - Initializing price service module
2025-07-22 20:34:14 - price_service - INFO - Initializing price service module
2025-07-22 20:34:25 - price_service - DEBUG - Logger initialized for price_service at level DEBUG
2025-07-22 20:34:25 - price_service - INFO - Initializing price service module
2025-07-22 20:34:25 - price_service - DEBUG - Logger initialized for price_service at level DEBUG
2025-07-22 20:34:25 - price_service - INFO - Initializing price service module
2025-07-22 20:34:25 - price_service - DEBUG - Logger initialized for price_service at level DEBUG
2025-07-22 20:34:25 - price_service - INFO - Initializing price service module
2025-07-22 20:34:26 - price_service - INFO - Initializing price service module
2025-07-22 20:34:26 - price_service - INFO - Initializing price service module
2025-07-22 20:34:26 - price_service - INFO - Initializing price service module
2025-07-22 20:46:43 - price_service - DEBUG - Logger initialized for price_service at level DEBUG
2025-07-22 20:46:43 - price_service - INFO - Initializing price service module
2025-07-22 20:46:43 - price_service - DEBUG - Logger initialized for price_service at level DEBUG
2025-07-22 20:46:43 - price_service - INFO - Initializing price service module
2025-07-22 20:46:43 - price_service - DEBUG - Logger initialized for price_service at level DEBUG
2025-07-22 20:46:43 - price_service - INFO - Initializing price service module
2025-07-22 20:46:45 - price_service - INFO - Initializing price service module
2025-07-22 20:46:45 - price_service - INFO - Initializing price service module
2025-07-22 20:46:45 - price_service - INFO - Initializing price service module
2025-07-22 21:52:24 - price_service - DEBUG - Logger initialized for price_service at level DEBUG
2025-07-22 21:52:24 - price_service - INFO - Initializing price service module
2025-07-22 21:52:24 - price_service - DEBUG - Logger initialized for price_service at level DEBUG
2025-07-22 21:52:24 - price_service - INFO - Initializing price service module
2025-07-22 21:52:24 - price_service - DEBUG - Logger initialized for price_service at level DEBUG
2025-07-22 21:52:24 - price_service - INFO - Initializing price service module
2025-07-22 21:52:25 - price_service - INFO - Initializing price service module
2025-07-22 21:52:26 - price_service - INFO - Initializing price service module
2025-07-22 21:52:26 - price_service - INFO - Initializing price service module
2025-07-22 21:56:35 - price_service - WARNING - No price record found for 1 in IRR, using default values
2025-07-22 21:56:35 - price_service - WARNING - No price record found for 10 in IRR, using default values
2025-07-22 21:56:35 - price_service - WARNING - No price record found for 11 in IRR, using default values
2025-07-22 21:56:35 - price_service - WARNING - No price record found for 16 in IRR, using default values
2025-07-22 21:56:35 - price_service - WARNING - No price record found for 18 in IRR, using default values
2025-07-22 21:56:36 - price_service - WARNING - No price record found for 1 in IRR, using default values
2025-07-22 21:56:36 - price_service - WARNING - No price record found for 10 in IRR, using default values
2025-07-22 21:56:36 - price_service - WARNING - No price record found for 11 in IRR, using default values
2025-07-22 21:56:36 - price_service - WARNING - No price record found for 16 in IRR, using default values
2025-07-22 21:56:36 - price_service - WARNING - No price record found for 18 in IRR, using default values
2025-07-22 21:56:37 - price_service - WARNING - No price record found for 1 in IRR, using default values
2025-07-22 21:56:37 - price_service - WARNING - No price record found for 10 in IRR, using default values
2025-07-22 21:56:37 - price_service - WARNING - No price record found for 11 in IRR, using default values
2025-07-22 21:56:37 - price_service - WARNING - No price record found for 16 in IRR, using default values
2025-07-22 21:56:37 - price_service - WARNING - No price record found for 18 in IRR, using default values
2025-07-22 21:56:47 - price_service - WARNING - No price record found for 1 in IRR, using default values
2025-07-22 21:56:47 - price_service - WARNING - No price record found for 10 in IRR, using default values
2025-07-22 21:56:47 - price_service - WARNING - No price record found for 11 in IRR, using default values
2025-07-22 21:56:47 - price_service - WARNING - No price record found for 16 in IRR, using default values
2025-07-22 21:56:47 - price_service - WARNING - No price record found for 18 in IRR, using default values
2025-07-22 21:57:03 - price_service - WARNING - No price record found for 1 in IRR, using default values
2025-07-22 21:57:03 - price_service - WARNING - No price record found for 10 in IRR, using default values
2025-07-22 21:57:03 - price_service - WARNING - No price record found for 11 in IRR, using default values
2025-07-22 21:57:03 - price_service - WARNING - No price record found for 16 in IRR, using default values
2025-07-22 21:57:03 - price_service - WARNING - No price record found for 18 in IRR, using default values
2025-07-22 21:57:59 - price_service - WARNING - No price record found for 1 in IRR, using default values
2025-07-22 21:57:59 - price_service - WARNING - No price record found for 10 in IRR, using default values
2025-07-22 21:57:59 - price_service - WARNING - No price record found for 11 in IRR, using default values
2025-07-22 21:57:59 - price_service - WARNING - No price record found for 16 in IRR, using default values
2025-07-22 21:57:59 - price_service - WARNING - No price record found for 18 in IRR, using default values
2025-07-22 21:58:14 - price_service - WARNING - No price record found for 1 in IRR, using default values
2025-07-22 21:58:14 - price_service - WARNING - No price record found for 10 in IRR, using default values
2025-07-22 21:58:14 - price_service - WARNING - No price record found for 11 in IRR, using default values
2025-07-22 21:58:14 - price_service - WARNING - No price record found for 16 in IRR, using default values
2025-07-22 21:58:14 - price_service - WARNING - No price record found for 18 in IRR, using default values
2025-07-22 21:58:31 - price_service - WARNING - No price record found for 1 in IRR, using default values
2025-07-22 21:58:31 - price_service - WARNING - No price record found for 10 in IRR, using default values
2025-07-22 21:58:31 - price_service - WARNING - No price record found for 11 in IRR, using default values
2025-07-22 21:58:31 - price_service - WARNING - No price record found for 16 in IRR, using default values
2025-07-22 21:58:31 - price_service - WARNING - No price record found for 18 in IRR, using default values
2025-07-22 22:13:30 - price_service - WARNING - No price record found for 1 in IRR, using default values
2025-07-22 22:13:30 - price_service - WARNING - No price record found for 10 in IRR, using default values
2025-07-22 22:13:30 - price_service - WARNING - No price record found for 11 in IRR, using default values
2025-07-22 22:13:30 - price_service - WARNING - No price record found for 16 in IRR, using default values
2025-07-22 22:13:30 - price_service - WARNING - No price record found for 18 in IRR, using default values
2025-07-22 22:13:44 - price_service - WARNING - No price record found for 1 in IRR, using default values
2025-07-22 22:13:44 - price_service - WARNING - No price record found for 10 in IRR, using default values
2025-07-22 22:13:44 - price_service - WARNING - No price record found for 11 in IRR, using default values
2025-07-22 22:13:44 - price_service - WARNING - No price record found for 16 in IRR, using default values
2025-07-22 22:13:44 - price_service - WARNING - No price record found for 18 in IRR, using default values
2025-07-22 22:13:44 - price_service - WARNING - No price record found for 1 in IRR, using default values
2025-07-22 22:13:44 - price_service - WARNING - No price record found for 10 in IRR, using default values
2025-07-22 22:13:44 - price_service - WARNING - No price record found for 11 in IRR, using default values
2025-07-22 22:13:44 - price_service - WARNING - No price record found for 16 in IRR, using default values
2025-07-22 22:13:44 - price_service - WARNING - No price record found for 18 in IRR, using default values
2025-07-22 22:13:49 - price_service - WARNING - No price record found for 1 in IRR, using default values
2025-07-22 22:13:49 - price_service - WARNING - No price record found for 10 in IRR, using default values
2025-07-22 22:13:49 - price_service - WARNING - No price record found for 11 in IRR, using default values
2025-07-22 22:13:49 - price_service - WARNING - No price record found for 16 in IRR, using default values
2025-07-22 22:13:49 - price_service - WARNING - No price record found for 18 in IRR, using default values
2025-07-22 22:28:20 - price_service - WARNING - No price record found for 1 in IRR, using default values
2025-07-22 22:28:20 - price_service - WARNING - No price record found for 16 in IRR, using default values
2025-07-22 22:28:20 - price_service - WARNING - No price record found for 18 in IRR, using default values
2025-07-22 22:28:21 - price_service - WARNING - No price record found for 1 in IRR, using default values
2025-07-22 22:28:21 - price_service - WARNING - No price record found for 16 in IRR, using default values
2025-07-22 22:28:21 - price_service - WARNING - No price record found for 18 in IRR, using default values
2025-07-22 22:28:21 - price_service - WARNING - No price record found for 1 in IRR, using default values
2025-07-22 22:28:21 - price_service - WARNING - No price record found for 16 in IRR, using default values
2025-07-22 22:28:21 - price_service - WARNING - No price record found for 18 in IRR, using default values
2025-07-22 22:28:35 - price_service - WARNING - No price record found for 1 in IRR, using default values
2025-07-22 22:28:35 - price_service - WARNING - No price record found for 16 in IRR, using default values
2025-07-22 22:28:35 - price_service - WARNING - No price record found for 18 in IRR, using default values
2025-07-22 22:38:03 - price_service - ERROR - Price update failed after 0.01 seconds
2025-07-22 22:46:50 - price_service - WARNING - No price record found for 1 in IRR, using default values
2025-07-22 22:46:50 - price_service - WARNING - No price record found for 16 in IRR, using default values
2025-07-22 22:46:50 - price_service - WARNING - No price record found for 18 in IRR, using default values
2025-07-22 22:46:51 - price_service - WARNING - No price record found for 1 in IRR, using default values
2025-07-22 22:46:51 - price_service - WARNING - No price record found for 16 in IRR, using default values
2025-07-22 22:46:51 - price_service - WARNING - No price record found for 18 in IRR, using default values
2025-07-22 22:46:51 - price_service - WARNING - No price record found for 1 in IRR, using default values
2025-07-22 22:46:51 - price_service - WARNING - No price record found for 16 in IRR, using default values
2025-07-22 22:46:51 - price_service - WARNING - No price record found for 18 in IRR, using default values
2025-07-22 22:47:07 - price_service - WARNING - No price record found for 1 in IRR, using default values
2025-07-22 22:47:07 - price_service - WARNING - No price record found for 16 in IRR, using default values
2025-07-22 22:47:07 - price_service - WARNING - No price record found for 18 in IRR, using default values
2025-07-22 22:47:26 - price_service - WARNING - No price record found for 1 in IRR, using default values
2025-07-22 22:47:26 - price_service - WARNING - No price record found for 16 in IRR, using default values
2025-07-22 22:47:26 - price_service - WARNING - No price record found for 18 in IRR, using default values
2025-07-22 22:47:26 - price_service - WARNING - No price record found for 1 in IRR, using default values
2025-07-22 22:47:26 - price_service - WARNING - No price record found for 16 in IRR, using default values
2025-07-22 22:47:26 - price_service - WARNING - No price record found for 18 in IRR, using default values
2025-07-22 22:47:27 - price_service - WARNING - No price record found for 1 in IRR, using default values
2025-07-22 22:47:27 - price_service - WARNING - No price record found for 16 in IRR, using default values
2025-07-22 22:47:27 - price_service - WARNING - No price record found for 18 in IRR, using default values
2025-07-22 22:47:41 - price_service - WARNING - No price record found for 1 in IRR, using default values
2025-07-22 22:47:41 - price_service - WARNING - No price record found for 16 in IRR, using default values
2025-07-22 22:47:41 - price_service - WARNING - No price record found for 18 in IRR, using default values
2025-07-22 22:47:50 - price_service - WARNING - No price record found for 1 in IRR, using default values
2025-07-22 22:47:50 - price_service - WARNING - No price record found for 16 in IRR, using default values
2025-07-22 22:47:50 - price_service - WARNING - No price record found for 18 in IRR, using default values
2025-07-22 22:51:10 - price_service - ERROR - Price update failed after 0.01 seconds
2025-07-22 23:00:56 - price_service - WARNING - No price record found for 1 in IRR, using default values
2025-07-22 23:00:56 - price_service - WARNING - No price record found for 10 in IRR, using default values
2025-07-22 23:00:56 - price_service - WARNING - No price record found for 11 in IRR, using default values
2025-07-22 23:00:56 - price_service - WARNING - No price record found for 16 in IRR, using default values
2025-07-22 23:00:56 - price_service - WARNING - No price record found for 18 in IRR, using default values
2025-07-22 23:00:57 - price_service - WARNING - No price record found for 1 in IRR, using default values
2025-07-22 23:00:57 - price_service - WARNING - No price record found for 10 in IRR, using default values
2025-07-22 23:00:57 - price_service - WARNING - No price record found for 11 in IRR, using default values
2025-07-22 23:00:57 - price_service - WARNING - No price record found for 16 in IRR, using default values
2025-07-22 23:00:57 - price_service - WARNING - No price record found for 18 in IRR, using default values
2025-07-22 23:00:57 - price_service - WARNING - No price record found for 1 in IRR, using default values
2025-07-22 23:00:57 - price_service - WARNING - No price record found for 10 in IRR, using default values
2025-07-22 23:00:57 - price_service - WARNING - No price record found for 11 in IRR, using default values
2025-07-22 23:00:57 - price_service - WARNING - No price record found for 16 in IRR, using default values
2025-07-22 23:00:57 - price_service - WARNING - No price record found for 18 in IRR, using default values
2025-07-22 23:07:09 - price_service - WARNING - No price record found for 1 in IRR, using default values
2025-07-22 23:07:09 - price_service - WARNING - No price record found for 16 in IRR, using default values
2025-07-22 23:07:09 - price_service - WARNING - No price record found for 18 in IRR, using default values
2025-07-22 23:07:10 - price_service - WARNING - No price record found for 1 in IRR, using default values
2025-07-22 23:07:10 - price_service - WARNING - No price record found for 16 in IRR, using default values
2025-07-22 23:07:10 - price_service - WARNING - No price record found for 18 in IRR, using default values
2025-07-22 23:07:10 - price_service - WARNING - No price record found for 1 in IRR, using default values
2025-07-22 23:07:10 - price_service - WARNING - No price record found for 16 in IRR, using default values
2025-07-22 23:07:10 - price_service - WARNING - No price record found for 18 in IRR, using default values
2025-07-22 23:09:52 - price_service - WARNING - No price record found for 1 in IRR, using default values
2025-07-22 23:09:52 - price_service - WARNING - No price record found for 16 in IRR, using default values
2025-07-22 23:09:52 - price_service - WARNING - No price record found for 18 in IRR, using default values
2025-07-22 23:09:53 - price_service - WARNING - No price record found for 1 in IRR, using default values
2025-07-22 23:09:53 - price_service - WARNING - No price record found for 16 in IRR, using default values
2025-07-22 23:09:53 - price_service - WARNING - No price record found for 18 in IRR, using default values
2025-07-22 23:09:53 - price_service - WARNING - No price record found for 1 in IRR, using default values
2025-07-22 23:09:53 - price_service - WARNING - No price record found for 16 in IRR, using default values
2025-07-22 23:09:53 - price_service - WARNING - No price record found for 18 in IRR, using default values
2025-07-22 23:18:25 - price_service - WARNING - No price record found for 1 in IRR, using default values
2025-07-22 23:18:25 - price_service - WARNING - No price record found for 16 in IRR, using default values
2025-07-22 23:18:25 - price_service - WARNING - No price record found for 18 in IRR, using default values
2025-07-22 23:18:26 - price_service - WARNING - No price record found for 1 in IRR, using default values
2025-07-22 23:18:26 - price_service - WARNING - No price record found for 16 in IRR, using default values
2025-07-22 23:18:26 - price_service - WARNING - No price record found for 18 in IRR, using default values
2025-07-22 23:18:27 - price_service - WARNING - No price record found for 1 in IRR, using default values
2025-07-22 23:18:27 - price_service - WARNING - No price record found for 16 in IRR, using default values
2025-07-22 23:18:27 - price_service - WARNING - No price record found for 18 in IRR, using default values
2025-07-22 23:34:25 - price_service - WARNING - No price record found for 1 in IRR, using default values
2025-07-22 23:34:25 - price_service - WARNING - No price record found for 16 in IRR, using default values
2025-07-22 23:34:25 - price_service - WARNING - No price record found for 18 in IRR, using default values
2025-07-22 23:34:26 - price_service - WARNING - No price record found for 1 in IRR, using default values
2025-07-22 23:34:26 - price_service - WARNING - No price record found for 16 in IRR, using default values
2025-07-22 23:34:26 - price_service - WARNING - No price record found for 18 in IRR, using default values
2025-07-22 23:34:26 - price_service - WARNING - No price record found for 1 in IRR, using default values
2025-07-22 23:34:26 - price_service - WARNING - No price record found for 16 in IRR, using default values
2025-07-22 23:34:26 - price_service - WARNING - No price record found for 18 in IRR, using default values
2025-07-22 23:37:43 - price_service - WARNING - No price record found for 1 in IRR, using default values
2025-07-22 23:37:43 - price_service - WARNING - No price record found for 16 in IRR, using default values
2025-07-22 23:37:43 - price_service - WARNING - No price record found for 18 in IRR, using default values
2025-07-22 23:37:44 - price_service - WARNING - No price record found for 1 in IRR, using default values
2025-07-22 23:37:44 - price_service - WARNING - No price record found for 16 in IRR, using default values
2025-07-22 23:37:44 - price_service - WARNING - No price record found for 18 in IRR, using default values
2025-07-22 23:37:44 - price_service - WARNING - No price record found for 1 in IRR, using default values
2025-07-22 23:37:44 - price_service - WARNING - No price record found for 16 in IRR, using default values
2025-07-22 23:37:44 - price_service - WARNING - No price record found for 18 in IRR, using default values
2025-07-23 08:06:28 - price_service - WARNING - No price record found for 1 in IRR, using default values
2025-07-23 08:06:28 - price_service - WARNING - No price record found for 16 in IRR, using default values
2025-07-23 08:06:28 - price_service - WARNING - No price record found for 18 in IRR, using default values
2025-07-23 08:06:28 - price_service - WARNING - No price record found for 1 in IRR, using default values
2025-07-23 08:06:28 - price_service - WARNING - No price record found for 16 in IRR, using default values
2025-07-23 08:06:28 - price_service - WARNING - No price record found for 18 in IRR, using default values
2025-07-23 08:06:28 - price_service - WARNING - No price record found for 1 in IRR, using default values
2025-07-23 08:06:28 - price_service - WARNING - No price record found for 16 in IRR, using default values
2025-07-23 08:06:28 - price_service - WARNING - No price record found for 18 in IRR, using default values
2025-07-23 08:19:06 - price_service - WARNING - No price record found for 1 in IRR, using default values
2025-07-23 08:19:06 - price_service - WARNING - No price record found for 16 in IRR, using default values
2025-07-23 08:19:06 - price_service - WARNING - No price record found for 18 in IRR, using default values
2025-07-23 08:19:07 - price_service - WARNING - No price record found for 1 in IRR, using default values
2025-07-23 08:19:07 - price_service - WARNING - No price record found for 16 in IRR, using default values
2025-07-23 08:19:07 - price_service - WARNING - No price record found for 18 in IRR, using default values
2025-07-23 08:19:07 - price_service - WARNING - No price record found for 1 in IRR, using default values
2025-07-23 08:19:07 - price_service - WARNING - No price record found for 16 in IRR, using default values
2025-07-23 08:19:07 - price_service - WARNING - No price record found for 18 in IRR, using default values
2025-07-23 08:23:32 - price_service - WARNING - No price record found for 1 in IRR, using default values
2025-07-23 08:23:32 - price_service - WARNING - No price record found for 16 in IRR, using default values
2025-07-23 08:23:32 - price_service - WARNING - No price record found for 18 in IRR, using default values
2025-07-23 08:23:33 - price_service - WARNING - No price record found for 1 in IRR, using default values
2025-07-23 08:23:33 - price_service - WARNING - No price record found for 16 in IRR, using default values
2025-07-23 08:23:33 - price_service - WARNING - No price record found for 18 in IRR, using default values
2025-07-23 08:23:33 - price_service - WARNING - No price record found for 1 in IRR, using default values
2025-07-23 08:23:33 - price_service - WARNING - No price record found for 16 in IRR, using default values
2025-07-23 08:23:33 - price_service - WARNING - No price record found for 18 in IRR, using default values
2025-07-23 08:23:46 - price_service - WARNING - No price record found for 1 in IRR, using default values
2025-07-23 08:23:46 - price_service - WARNING - No price record found for 16 in IRR, using default values
2025-07-23 08:23:46 - price_service - WARNING - No price record found for 18 in IRR, using default values
2025-07-23 08:23:47 - price_service - WARNING - No price record found for 1 in IRR, using default values
2025-07-23 08:23:47 - price_service - WARNING - No price record found for 16 in IRR, using default values
2025-07-23 08:23:47 - price_service - WARNING - No price record found for 18 in IRR, using default values
2025-07-23 08:23:47 - price_service - WARNING - No price record found for 1 in IRR, using default values
2025-07-23 08:23:47 - price_service - WARNING - No price record found for 16 in IRR, using default values
2025-07-23 08:23:47 - price_service - WARNING - No price record found for 18 in IRR, using default values
2025-07-23 08:23:52 - price_service - WARNING - No price record found for 1 in IRR, using default values
2025-07-23 08:23:52 - price_service - WARNING - No price record found for 16 in IRR, using default values
2025-07-23 08:23:52 - price_service - WARNING - No price record found for 18 in IRR, using default values
2025-07-23 08:23:58 - price_service - WARNING - No price record found for 1 in IRR, using default values
2025-07-23 08:23:58 - price_service - WARNING - No price record found for 16 in IRR, using default values
2025-07-23 08:23:58 - price_service - WARNING - No price record found for 18 in IRR, using default values
2025-07-23 08:24:03 - price_service - WARNING - No price record found for 1 in IRR, using default values
2025-07-23 08:24:03 - price_service - WARNING - No price record found for 16 in IRR, using default values
2025-07-23 08:24:03 - price_service - WARNING - No price record found for 18 in IRR, using default values
2025-07-23 08:24:07 - price_service - WARNING - No price record found for 1 in IRR, using default values
2025-07-23 08:24:07 - price_service - WARNING - No price record found for 16 in IRR, using default values
2025-07-23 08:24:07 - price_service - WARNING - No price record found for 18 in IRR, using default values
2025-07-23 08:46:31 - price_service - WARNING - No price record found for 1 in IRR, using default values
2025-07-23 08:46:31 - price_service - WARNING - No price record found for 16 in IRR, using default values
2025-07-23 08:46:31 - price_service - WARNING - No price record found for 18 in IRR, using default values
2025-07-23 08:46:32 - price_service - WARNING - No price record found for 1 in IRR, using default values
2025-07-23 08:46:32 - price_service - WARNING - No price record found for 16 in IRR, using default values
2025-07-23 08:46:32 - price_service - WARNING - No price record found for 18 in IRR, using default values
2025-07-23 08:46:33 - price_service - WARNING - No price record found for 1 in IRR, using default values
2025-07-23 08:46:33 - price_service - WARNING - No price record found for 16 in IRR, using default values
2025-07-23 08:46:33 - price_service - WARNING - No price record found for 18 in IRR, using default values
2025-07-23 08:47:58 - price_service - WARNING - No price record found for 1 in IRR, using default values
2025-07-23 08:47:58 - price_service - WARNING - No price record found for 16 in IRR, using default values
2025-07-23 08:47:58 - price_service - WARNING - No price record found for 18 in IRR, using default values
2025-07-23 08:47:59 - price_service - WARNING - No price record found for 1 in IRR, using default values
2025-07-23 08:47:59 - price_service - WARNING - No price record found for 16 in IRR, using default values
2025-07-23 08:47:59 - price_service - WARNING - No price record found for 18 in IRR, using default values
2025-07-23 08:48:00 - price_service - WARNING - No price record found for 1 in IRR, using default values
2025-07-23 08:48:00 - price_service - WARNING - No price record found for 16 in IRR, using default values
2025-07-23 08:48:00 - price_service - WARNING - No price record found for 18 in IRR, using default values
2025-07-23 10:12:14 - price_service - WARNING - No price record found for 1 in IRR, using default values
2025-07-23 10:12:14 - price_service - WARNING - No price record found for 16 in IRR, using default values
2025-07-23 10:12:14 - price_service - WARNING - No price record found for 18 in IRR, using default values
2025-07-23 10:12:15 - price_service - WARNING - No price record found for 1 in IRR, using default values
2025-07-23 10:12:15 - price_service - WARNING - No price record found for 16 in IRR, using default values
2025-07-23 10:12:15 - price_service - WARNING - No price record found for 18 in IRR, using default values
2025-07-23 10:12:15 - price_service - WARNING - No price record found for 1 in IRR, using default values
2025-07-23 10:12:15 - price_service - WARNING - No price record found for 16 in IRR, using default values
2025-07-23 10:12:15 - price_service - WARNING - No price record found for 18 in IRR, using default values
2025-07-23 10:15:32 - price_service - WARNING - No price record found for 1 in IRR, using default values
2025-07-23 10:15:32 - price_service - WARNING - No price record found for 16 in IRR, using default values
2025-07-23 10:15:32 - price_service - WARNING - No price record found for 18 in IRR, using default values
2025-07-23 10:15:33 - price_service - WARNING - No price record found for 1 in IRR, using default values
2025-07-23 10:15:33 - price_service - WARNING - No price record found for 16 in IRR, using default values
2025-07-23 10:15:33 - price_service - WARNING - No price record found for 18 in IRR, using default values
2025-07-23 10:15:33 - price_service - WARNING - No price record found for 1 in IRR, using default values
2025-07-23 10:15:33 - price_service - WARNING - No price record found for 16 in IRR, using default values
2025-07-23 10:15:33 - price_service - WARNING - No price record found for 18 in IRR, using default values
2025-07-23 10:18:17 - price_service - WARNING - No price record found for 1 in IRR, using default values
2025-07-23 10:18:17 - price_service - WARNING - No price record found for 16 in IRR, using default values
2025-07-23 10:18:17 - price_service - WARNING - No price record found for 18 in IRR, using default values
2025-07-23 10:18:17 - price_service - WARNING - No price record found for 1 in IRR, using default values
2025-07-23 10:18:17 - price_service - WARNING - No price record found for 16 in IRR, using default values
2025-07-23 10:18:17 - price_service - WARNING - No price record found for 18 in IRR, using default values
2025-07-23 10:18:18 - price_service - WARNING - No price record found for 1 in IRR, using default values
2025-07-23 10:18:18 - price_service - WARNING - No price record found for 16 in IRR, using default values
2025-07-23 10:18:18 - price_service - WARNING - No price record found for 18 in IRR, using default values
2025-07-23 10:22:57 - price_service - WARNING - No price record found for 1 in IRR, using default values
2025-07-23 10:22:57 - price_service - WARNING - No price record found for 16 in IRR, using default values
2025-07-23 10:22:57 - price_service - WARNING - No price record found for 18 in IRR, using default values
2025-07-23 10:22:57 - price_service - WARNING - No price record found for 1 in IRR, using default values
2025-07-23 10:22:57 - price_service - WARNING - No price record found for 16 in IRR, using default values
2025-07-23 10:22:57 - price_service - WARNING - No price record found for 18 in IRR, using default values
2025-07-23 10:22:58 - price_service - WARNING - No price record found for 1 in IRR, using default values
2025-07-23 10:22:58 - price_service - WARNING - No price record found for 16 in IRR, using default values
2025-07-23 10:22:58 - price_service - WARNING - No price record found for 18 in IRR, using default values
2025-07-23 11:21:22 - price_service - WARNING - No price record found for 2 in USD, using default values
2025-07-23 11:21:22 - price_service - WARNING - No price record found for 4 in USD, using default values
2025-07-23 11:21:22 - price_service - WARNING - No price record found for 5 in USD, using default values
2025-07-23 11:21:22 - price_service - WARNING - No price record found for 6 in USD, using default values
2025-07-23 11:21:22 - price_service - WARNING - No price record found for 7 in USD, using default values
2025-07-23 11:21:22 - price_service - WARNING - No price record found for 8 in USD, using default values
2025-07-23 11:21:24 - price_service - WARNING - No price record found for 2 in USD, using default values
2025-07-23 11:21:24 - price_service - WARNING - No price record found for 4 in USD, using default values
2025-07-23 11:21:24 - price_service - WARNING - No price record found for 5 in USD, using default values
2025-07-23 11:21:24 - price_service - WARNING - No price record found for 6 in USD, using default values
2025-07-23 11:21:24 - price_service - WARNING - No price record found for 7 in USD, using default values
2025-07-23 11:21:24 - price_service - WARNING - No price record found for 8 in USD, using default values
2025-07-23 12:39:35 - price_service - WARNING - No price record found for 1 in IRR, using default values
2025-07-23 12:39:35 - price_service - WARNING - No price record found for 16 in IRR, using default values
2025-07-23 12:39:35 - price_service - WARNING - No price record found for 18 in IRR, using default values
2025-07-23 12:39:35 - price_service - WARNING - No price record found for 1 in IRR, using default values
2025-07-23 12:39:35 - price_service - WARNING - No price record found for 16 in IRR, using default values
2025-07-23 12:39:35 - price_service - WARNING - No price record found for 18 in IRR, using default values
2025-07-23 12:39:36 - price_service - WARNING - No price record found for 1 in IRR, using default values
2025-07-23 12:39:36 - price_service - WARNING - No price record found for 16 in IRR, using default values
2025-07-23 12:39:36 - price_service - WARNING - No price record found for 18 in IRR, using default values
2025-07-23 12:45:25 - price_service - WARNING - No price record found for 1 in IRR, using default values
2025-07-23 12:45:25 - price_service - WARNING - No price record found for 16 in IRR, using default values
2025-07-23 12:45:25 - price_service - WARNING - No price record found for 18 in IRR, using default values
2025-07-23 12:48:12 - price_service - WARNING - No price record found for 1 in IRR, using default values
2025-07-23 12:48:12 - price_service - WARNING - No price record found for 16 in IRR, using default values
2025-07-23 12:48:12 - price_service - WARNING - No price record found for 18 in IRR, using default values
2025-07-23 12:48:13 - price_service - WARNING - No price record found for 1 in IRR, using default values
2025-07-23 12:48:13 - price_service - WARNING - No price record found for 16 in IRR, using default values
2025-07-23 12:48:13 - price_service - WARNING - No price record found for 18 in IRR, using default values
2025-07-23 13:11:48 - price_service - WARNING - No price record found for 1 in IRR, using default values
2025-07-23 13:11:48 - price_service - WARNING - No price record found for 16 in IRR, using default values
2025-07-23 13:11:48 - price_service - WARNING - No price record found for 18 in IRR, using default values
2025-07-23 13:11:49 - price_service - WARNING - No price record found for 1 in IRR, using default values
2025-07-23 13:11:49 - price_service - WARNING - No price record found for 16 in IRR, using default values
2025-07-23 13:11:49 - price_service - WARNING - No price record found for 18 in IRR, using default values
2025-07-23 13:22:34 - price_service - WARNING - No price record found for 1 in IRR, using default values
2025-07-23 13:22:34 - price_service - WARNING - No price record found for 16 in IRR, using default values
2025-07-23 13:22:34 - price_service - WARNING - No price record found for 18 in IRR, using default values
2025-07-23 13:22:35 - price_service - WARNING - No price record found for 1 in IRR, using default values
2025-07-23 13:22:35 - price_service - WARNING - No price record found for 16 in IRR, using default values
2025-07-23 13:22:35 - price_service - WARNING - No price record found for 18 in IRR, using default values
2025-07-23 13:32:43 - price_service - WARNING - No price record found for 1 in IRR, using default values
2025-07-23 13:32:43 - price_service - WARNING - No price record found for 16 in IRR, using default values
2025-07-23 13:32:43 - price_service - WARNING - No price record found for 18 in IRR, using default values
2025-07-23 13:33:45 - price_service - WARNING - No price record found for 1 in IRR, using default values
2025-07-23 13:33:45 - price_service - WARNING - No price record found for 16 in IRR, using default values
2025-07-23 13:33:45 - price_service - WARNING - No price record found for 18 in IRR, using default values
2025-07-23 13:37:17 - price_service - WARNING - No price record found for 1 in IRR, using default values
2025-07-23 13:37:17 - price_service - WARNING - No price record found for 16 in IRR, using default values
2025-07-23 13:37:17 - price_service - WARNING - No price record found for 18 in IRR, using default values
2025-07-23 13:39:48 - price_service - WARNING - No price record found for 1 in IRR, using default values
2025-07-23 13:39:48 - price_service - WARNING - No price record found for 16 in IRR, using default values
2025-07-23 13:39:48 - price_service - WARNING - No price record found for 18 in IRR, using default values
2025-07-23 13:46:02 - price_service - WARNING - No price record found for 1 in IRR, using default values
2025-07-23 13:46:02 - price_service - WARNING - No price record found for 16 in IRR, using default values
2025-07-23 13:46:02 - price_service - WARNING - No price record found for 18 in IRR, using default values
2025-07-23 13:46:17 - price_service - WARNING - No price record found for 1 in IRR, using default values
2025-07-23 13:46:17 - price_service - WARNING - No price record found for 16 in IRR, using default values
2025-07-23 13:46:17 - price_service - WARNING - No price record found for 18 in IRR, using default values
2025-07-23 13:46:48 - price_service - WARNING - No price record found for 1 in IRR, using default values
2025-07-23 13:46:48 - price_service - WARNING - No price record found for 16 in IRR, using default values
2025-07-23 13:46:48 - price_service - WARNING - No price record found for 18 in IRR, using default values
2025-07-23 13:47:14 - price_service - WARNING - No price record found for 1 in IRR, using default values
2025-07-23 13:47:14 - price_service - WARNING - No price record found for 16 in IRR, using default values
2025-07-23 13:47:14 - price_service - WARNING - No price record found for 18 in IRR, using default values
2025-07-23 13:49:46 - price_service - WARNING - No price record found for 1 in IRR, using default values
2025-07-23 13:49:46 - price_service - WARNING - No price record found for 16 in IRR, using default values
2025-07-23 13:49:46 - price_service - WARNING - No price record found for 18 in IRR, using default values
