2025-07-21 07:21:06 - notification_api - DEBUG - Logger initialized for notification_api at level DEBUG
2025-07-21 07:32:21 - notification_api - INFO - درخواست ثبت دستگاه جدید دریافت شد
2025-07-21 07:32:21 - notification_api - INFO - درخواست برای کاربر: c1bf9df0-8263-41f1-844f-2e587f9b4050
2025-07-21 07:32:21 - notification_api - INFO - درخواست برای کیف پول: Imported wallet 1
2025-07-21 07:32:21 - notification_api - INFO - طول توکن دستگاه: 38 کاراکتر
2025-07-21 07:32:21 - notification_api - INFO - دستگاه: samsung SM-N770F, نوع: flutter
2025-07-21 07:32:21 - notification_api - WARNING - کیف پول با شناسه Imported wallet 1 برای کاربر c1bf9df0-8263-41f1-844f-2e587f9b4050 یافت نشد
2025-07-21 07:32:21 - notification_api - WARNING - خطای اعتبارسنجی: کیف پول با شناسه Imported wallet 1 برای کاربر c1bf9df0-8263-41f1-844f-2e587f9b4050 یافت نشد
2025-07-21 07:33:55 - notification_api - DEBUG - Logger initialized for notification_api at level DEBUG
2025-07-21 09:19:02 - notification_api - DEBUG - Logger initialized for notification_api at level DEBUG
2025-07-21 09:19:02 - notification_api - DEBUG - Logger initialized for notification_api at level DEBUG
2025-07-21 09:19:02 - notification_api - DEBUG - Logger initialized for notification_api at level DEBUG
2025-07-21 09:33:06 - notification_api - INFO - درخواست ثبت دستگاه جدید دریافت شد
2025-07-21 09:33:06 - notification_api - INFO - درخواست برای کاربر: c1bf9df0-8263-41f1-844f-2e587f9b4050
2025-07-21 09:33:06 - notification_api - INFO - درخواست برای کیف پول: Imported wallet 1
2025-07-21 09:33:06 - notification_api - INFO - طول توکن دستگاه: 38 کاراکتر
2025-07-21 09:33:06 - notification_api - INFO - دستگاه: samsung SM-N770F, نوع: flutter
2025-07-21 09:33:06 - notification_api - WARNING - کیف پول با شناسه Imported wallet 1 برای کاربر c1bf9df0-8263-41f1-844f-2e587f9b4050 یافت نشد
2025-07-21 09:33:06 - notification_api - WARNING - خطای اعتبارسنجی: کیف پول با شناسه Imported wallet 1 برای کاربر c1bf9df0-8263-41f1-844f-2e587f9b4050 یافت نشد
2025-07-21 09:33:10 - notification_api - INFO - درخواست ثبت دستگاه جدید دریافت شد
2025-07-21 09:33:10 - notification_api - INFO - درخواست برای کاربر: c1bf9df0-8263-41f1-844f-2e587f9b4050
2025-07-21 09:33:10 - notification_api - INFO - درخواست برای کیف پول: Imported wallet 1
2025-07-21 09:33:10 - notification_api - INFO - طول توکن دستگاه: 38 کاراکتر
2025-07-21 09:33:10 - notification_api - INFO - دستگاه: samsung SM-N770F, نوع: flutter
2025-07-21 09:33:10 - notification_api - WARNING - کیف پول با شناسه Imported wallet 1 برای کاربر c1bf9df0-8263-41f1-844f-2e587f9b4050 یافت نشد
2025-07-21 09:33:10 - notification_api - WARNING - خطای اعتبارسنجی: کیف پول با شناسه Imported wallet 1 برای کاربر c1bf9df0-8263-41f1-844f-2e587f9b4050 یافت نشد
2025-07-21 09:33:17 - notification_api - INFO - درخواست ثبت دستگاه جدید دریافت شد
2025-07-21 09:33:17 - notification_api - INFO - درخواست برای کاربر: c1bf9df0-8263-41f1-844f-2e587f9b4050
2025-07-21 09:33:17 - notification_api - INFO - درخواست برای کیف پول: Imported wallet 1
2025-07-21 09:33:17 - notification_api - INFO - طول توکن دستگاه: 38 کاراکتر
2025-07-21 09:33:17 - notification_api - INFO - دستگاه: samsung SM-N770F, نوع: flutter
2025-07-21 09:33:17 - notification_api - WARNING - کیف پول با شناسه Imported wallet 1 برای کاربر c1bf9df0-8263-41f1-844f-2e587f9b4050 یافت نشد
2025-07-21 09:33:17 - notification_api - WARNING - خطای اعتبارسنجی: کیف پول با شناسه Imported wallet 1 برای کاربر c1bf9df0-8263-41f1-844f-2e587f9b4050 یافت نشد
2025-07-21 09:34:07 - notification_api - INFO - درخواست ثبت دستگاه جدید دریافت شد
2025-07-21 09:34:07 - notification_api - INFO - درخواست برای کاربر: c1bf9df0-8263-41f1-844f-2e587f9b4050
2025-07-21 09:34:07 - notification_api - INFO - درخواست برای کیف پول: Imported wallet 1
2025-07-21 09:34:07 - notification_api - INFO - طول توکن دستگاه: 38 کاراکتر
2025-07-21 09:34:07 - notification_api - INFO - دستگاه: samsung SM-N770F, نوع: flutter
2025-07-21 09:34:07 - notification_api - WARNING - کیف پول با شناسه Imported wallet 1 برای کاربر c1bf9df0-8263-41f1-844f-2e587f9b4050 یافت نشد
2025-07-21 09:34:07 - notification_api - WARNING - خطای اعتبارسنجی: کیف پول با شناسه Imported wallet 1 برای کاربر c1bf9df0-8263-41f1-844f-2e587f9b4050 یافت نشد
2025-07-21 09:34:11 - notification_api - INFO - درخواست ثبت دستگاه جدید دریافت شد
2025-07-21 09:34:11 - notification_api - INFO - درخواست برای کاربر: c1bf9df0-8263-41f1-844f-2e587f9b4050
2025-07-21 09:34:11 - notification_api - INFO - درخواست برای کیف پول: Imported wallet 1
2025-07-21 09:34:11 - notification_api - INFO - طول توکن دستگاه: 38 کاراکتر
2025-07-21 09:34:11 - notification_api - INFO - دستگاه: samsung SM-N770F, نوع: flutter
2025-07-21 09:34:11 - notification_api - WARNING - کیف پول با شناسه Imported wallet 1 برای کاربر c1bf9df0-8263-41f1-844f-2e587f9b4050 یافت نشد
2025-07-21 09:34:11 - notification_api - WARNING - خطای اعتبارسنجی: کیف پول با شناسه Imported wallet 1 برای کاربر c1bf9df0-8263-41f1-844f-2e587f9b4050 یافت نشد
2025-07-21 09:34:18 - notification_api - INFO - درخواست ثبت دستگاه جدید دریافت شد
2025-07-21 09:34:18 - notification_api - INFO - درخواست برای کاربر: c1bf9df0-8263-41f1-844f-2e587f9b4050
2025-07-21 09:34:18 - notification_api - INFO - درخواست برای کیف پول: Imported wallet 1
2025-07-21 09:34:18 - notification_api - INFO - طول توکن دستگاه: 38 کاراکتر
2025-07-21 09:34:18 - notification_api - INFO - دستگاه: samsung SM-N770F, نوع: flutter
2025-07-21 09:34:18 - notification_api - WARNING - کیف پول با شناسه Imported wallet 1 برای کاربر c1bf9df0-8263-41f1-844f-2e587f9b4050 یافت نشد
2025-07-21 09:34:18 - notification_api - WARNING - خطای اعتبارسنجی: کیف پول با شناسه Imported wallet 1 برای کاربر c1bf9df0-8263-41f1-844f-2e587f9b4050 یافت نشد
2025-07-21 09:49:35 - notification_api - INFO - درخواست ثبت دستگاه جدید دریافت شد
2025-07-21 09:49:35 - notification_api - INFO - درخواست برای کاربر: c1bf9df0-8263-41f1-844f-2e587f9b4050
2025-07-21 09:49:35 - notification_api - INFO - درخواست برای کیف پول: Imported wallet 1
2025-07-21 09:49:35 - notification_api - INFO - طول توکن دستگاه: 38 کاراکتر
2025-07-21 09:49:35 - notification_api - INFO - دستگاه: samsung SM-N770F, نوع: flutter
2025-07-21 09:49:35 - notification_api - WARNING - کیف پول با شناسه Imported wallet 1 برای کاربر c1bf9df0-8263-41f1-844f-2e587f9b4050 یافت نشد
2025-07-21 09:49:35 - notification_api - WARNING - خطای اعتبارسنجی: کیف پول با شناسه Imported wallet 1 برای کاربر c1bf9df0-8263-41f1-844f-2e587f9b4050 یافت نشد
2025-07-21 09:49:39 - notification_api - INFO - درخواست ثبت دستگاه جدید دریافت شد
2025-07-21 09:49:39 - notification_api - INFO - درخواست برای کاربر: c1bf9df0-8263-41f1-844f-2e587f9b4050
2025-07-21 09:49:39 - notification_api - INFO - درخواست برای کیف پول: Imported wallet 1
2025-07-21 09:49:39 - notification_api - INFO - طول توکن دستگاه: 38 کاراکتر
2025-07-21 09:49:39 - notification_api - INFO - دستگاه: samsung SM-N770F, نوع: flutter
2025-07-21 09:49:39 - notification_api - WARNING - کیف پول با شناسه Imported wallet 1 برای کاربر c1bf9df0-8263-41f1-844f-2e587f9b4050 یافت نشد
2025-07-21 09:49:39 - notification_api - WARNING - خطای اعتبارسنجی: کیف پول با شناسه Imported wallet 1 برای کاربر c1bf9df0-8263-41f1-844f-2e587f9b4050 یافت نشد
2025-07-21 09:49:45 - notification_api - INFO - درخواست ثبت دستگاه جدید دریافت شد
2025-07-21 09:49:45 - notification_api - INFO - درخواست برای کاربر: c1bf9df0-8263-41f1-844f-2e587f9b4050
2025-07-21 09:49:45 - notification_api - INFO - درخواست برای کیف پول: Imported wallet 1
2025-07-21 09:49:45 - notification_api - INFO - طول توکن دستگاه: 38 کاراکتر
2025-07-21 09:49:45 - notification_api - INFO - دستگاه: samsung SM-N770F, نوع: flutter
2025-07-21 09:49:45 - notification_api - WARNING - کیف پول با شناسه Imported wallet 1 برای کاربر c1bf9df0-8263-41f1-844f-2e587f9b4050 یافت نشد
2025-07-21 09:49:45 - notification_api - WARNING - خطای اعتبارسنجی: کیف پول با شناسه Imported wallet 1 برای کاربر c1bf9df0-8263-41f1-844f-2e587f9b4050 یافت نشد
2025-07-21 09:51:25 - notification_api - INFO - درخواست ثبت دستگاه جدید دریافت شد
2025-07-21 09:51:25 - notification_api - INFO - درخواست برای کاربر: c1bf9df0-8263-41f1-844f-2e587f9b4050
2025-07-21 09:51:25 - notification_api - INFO - درخواست برای کیف پول: Imported wallet 1
2025-07-21 09:51:25 - notification_api - INFO - طول توکن دستگاه: 38 کاراکتر
2025-07-21 09:51:25 - notification_api - INFO - دستگاه: samsung SM-N770F, نوع: flutter
2025-07-21 09:51:25 - notification_api - WARNING - کیف پول با شناسه Imported wallet 1 برای کاربر c1bf9df0-8263-41f1-844f-2e587f9b4050 یافت نشد
2025-07-21 09:51:25 - notification_api - WARNING - خطای اعتبارسنجی: کیف پول با شناسه Imported wallet 1 برای کاربر c1bf9df0-8263-41f1-844f-2e587f9b4050 یافت نشد
2025-07-21 09:51:29 - notification_api - INFO - درخواست ثبت دستگاه جدید دریافت شد
2025-07-21 09:51:29 - notification_api - INFO - درخواست برای کاربر: c1bf9df0-8263-41f1-844f-2e587f9b4050
2025-07-21 09:51:29 - notification_api - INFO - درخواست برای کیف پول: Imported wallet 1
2025-07-21 09:51:29 - notification_api - INFO - طول توکن دستگاه: 38 کاراکتر
2025-07-21 09:51:29 - notification_api - INFO - دستگاه: samsung SM-N770F, نوع: flutter
2025-07-21 09:51:29 - notification_api - WARNING - کیف پول با شناسه Imported wallet 1 برای کاربر c1bf9df0-8263-41f1-844f-2e587f9b4050 یافت نشد
2025-07-21 09:51:29 - notification_api - WARNING - خطای اعتبارسنجی: کیف پول با شناسه Imported wallet 1 برای کاربر c1bf9df0-8263-41f1-844f-2e587f9b4050 یافت نشد
2025-07-21 09:51:36 - notification_api - INFO - درخواست ثبت دستگاه جدید دریافت شد
2025-07-21 09:51:36 - notification_api - INFO - درخواست برای کاربر: c1bf9df0-8263-41f1-844f-2e587f9b4050
2025-07-21 09:51:36 - notification_api - INFO - درخواست برای کیف پول: Imported wallet 1
2025-07-21 09:51:36 - notification_api - INFO - طول توکن دستگاه: 38 کاراکتر
2025-07-21 09:51:36 - notification_api - INFO - دستگاه: samsung SM-N770F, نوع: flutter
2025-07-21 09:51:36 - notification_api - WARNING - کیف پول با شناسه Imported wallet 1 برای کاربر c1bf9df0-8263-41f1-844f-2e587f9b4050 یافت نشد
2025-07-21 09:51:36 - notification_api - WARNING - خطای اعتبارسنجی: کیف پول با شناسه Imported wallet 1 برای کاربر c1bf9df0-8263-41f1-844f-2e587f9b4050 یافت نشد
2025-07-21 09:58:00 - notification_api - INFO - درخواست ثبت دستگاه جدید دریافت شد
2025-07-21 09:58:00 - notification_api - INFO - درخواست برای کاربر: c1bf9df0-8263-41f1-844f-2e587f9b4050
2025-07-21 09:58:00 - notification_api - INFO - درخواست برای کیف پول: Imported wallet 1
2025-07-21 09:58:00 - notification_api - INFO - طول توکن دستگاه: 38 کاراکتر
2025-07-21 09:58:00 - notification_api - INFO - دستگاه: samsung SM-N770F, نوع: flutter
2025-07-21 09:58:00 - notification_api - WARNING - کیف پول با شناسه Imported wallet 1 برای کاربر c1bf9df0-8263-41f1-844f-2e587f9b4050 یافت نشد
2025-07-21 09:58:00 - notification_api - WARNING - خطای اعتبارسنجی: کیف پول با شناسه Imported wallet 1 برای کاربر c1bf9df0-8263-41f1-844f-2e587f9b4050 یافت نشد
2025-07-21 09:58:04 - notification_api - INFO - درخواست ثبت دستگاه جدید دریافت شد
2025-07-21 09:58:04 - notification_api - INFO - درخواست برای کاربر: c1bf9df0-8263-41f1-844f-2e587f9b4050
2025-07-21 09:58:04 - notification_api - INFO - درخواست برای کیف پول: Imported wallet 1
2025-07-21 09:58:04 - notification_api - INFO - طول توکن دستگاه: 38 کاراکتر
2025-07-21 09:58:04 - notification_api - INFO - دستگاه: samsung SM-N770F, نوع: flutter
2025-07-21 09:58:04 - notification_api - WARNING - کیف پول با شناسه Imported wallet 1 برای کاربر c1bf9df0-8263-41f1-844f-2e587f9b4050 یافت نشد
2025-07-21 09:58:04 - notification_api - WARNING - خطای اعتبارسنجی: کیف پول با شناسه Imported wallet 1 برای کاربر c1bf9df0-8263-41f1-844f-2e587f9b4050 یافت نشد
2025-07-21 09:58:11 - notification_api - INFO - درخواست ثبت دستگاه جدید دریافت شد
2025-07-21 09:58:11 - notification_api - INFO - درخواست برای کاربر: c1bf9df0-8263-41f1-844f-2e587f9b4050
2025-07-21 09:58:11 - notification_api - INFO - درخواست برای کیف پول: Imported wallet 1
2025-07-21 09:58:11 - notification_api - INFO - طول توکن دستگاه: 38 کاراکتر
2025-07-21 09:58:11 - notification_api - INFO - دستگاه: samsung SM-N770F, نوع: flutter
2025-07-21 09:58:11 - notification_api - ERROR - خطا در ثبت توکن دستگاه: (mysql.connector.errors.DatabaseError) 2003 (HY000): Can't connect to MySQL server on 'localhost:3306' (111)
(Background on this error at: https://sqlalche.me/e/20/4xp6)
Traceback (most recent call last):
  File "/www/wwwroot/coinceeper.com/CC/venv/lib64/python3.9/site-packages/mysql/connector/connection_cext.py", line 354, in _open_connection
    self._cmysql.connect(**cnx_kwargs)
_mysql_connector.MySQLInterfaceError: Can't connect to MySQL server on 'localhost:3306' (111)

The above exception was the direct cause of the following exception:

Traceback (most recent call last):
  File "/www/wwwroot/coinceeper.com/CC/venv/lib64/python3.9/site-packages/sqlalchemy/engine/base.py", line 145, in __init__
    self._dbapi_connection = engine.raw_connection()
  File "/www/wwwroot/coinceeper.com/CC/venv/lib64/python3.9/site-packages/sqlalchemy/engine/base.py", line 3297, in raw_connection
    return self.pool.connect()
  File "/www/wwwroot/coinceeper.com/CC/venv/lib64/python3.9/site-packages/sqlalchemy/pool/base.py", line 449, in connect
    return _ConnectionFairy._checkout(self)
  File "/www/wwwroot/coinceeper.com/CC/venv/lib64/python3.9/site-packages/sqlalchemy/pool/base.py", line 1264, in _checkout
    fairy = _ConnectionRecord.checkout(pool)
  File "/www/wwwroot/coinceeper.com/CC/venv/lib64/python3.9/site-packages/sqlalchemy/pool/base.py", line 719, in checkout
    rec._checkin_failed(err, _fairy_was_created=False)
  File "/www/wwwroot/coinceeper.com/CC/venv/lib64/python3.9/site-packages/sqlalchemy/util/langhelpers.py", line 224, in __exit__
    raise exc_value.with_traceback(exc_tb)
  File "/www/wwwroot/coinceeper.com/CC/venv/lib64/python3.9/site-packages/sqlalchemy/pool/base.py", line 716, in checkout
    dbapi_connection = rec.get_connection()
  File "/www/wwwroot/coinceeper.com/CC/venv/lib64/python3.9/site-packages/sqlalchemy/pool/base.py", line 838, in get_connection
    self.__connect()
  File "/www/wwwroot/coinceeper.com/CC/venv/lib64/python3.9/site-packages/sqlalchemy/pool/base.py", line 902, in __connect
    pool.logger.debug("Error on connect(): %s", e)
  File "/www/wwwroot/coinceeper.com/CC/venv/lib64/python3.9/site-packages/sqlalchemy/util/langhelpers.py", line 224, in __exit__
    raise exc_value.with_traceback(exc_tb)
  File "/www/wwwroot/coinceeper.com/CC/venv/lib64/python3.9/site-packages/sqlalchemy/pool/base.py", line 897, in __connect
    self.dbapi_connection = connection = pool._invoke_creator(self)
  File "/www/wwwroot/coinceeper.com/CC/venv/lib64/python3.9/site-packages/sqlalchemy/engine/create.py", line 646, in connect
    return dialect.connect(*cargs, **cparams)
  File "/www/wwwroot/coinceeper.com/CC/venv/lib64/python3.9/site-packages/sqlalchemy/engine/default.py", line 625, in connect
    return self.loaded_dbapi.connect(*cargs, **cparams)  # type: ignore[no-any-return]  # NOQA: E501
  File "/www/wwwroot/coinceeper.com/CC/venv/lib64/python3.9/site-packages/mysql/connector/pooling.py", line 322, in connect
    return CMySQLConnection(*args, **kwargs)
  File "/www/wwwroot/coinceeper.com/CC/venv/lib64/python3.9/site-packages/mysql/connector/connection_cext.py", line 142, in __init__
    self.connect(**kwargs)
  File "/www/wwwroot/coinceeper.com/CC/venv/lib64/python3.9/site-packages/mysql/connector/abstracts.py", line 1605, in connect
    self._open_connection()
  File "/www/wwwroot/coinceeper.com/CC/venv/lib64/python3.9/site-packages/mysql/connector/connection_cext.py", line 360, in _open_connection
    raise get_mysql_exception(
mysql.connector.errors.DatabaseError: 2003 (HY000): Can't connect to MySQL server on 'localhost:3306' (111)

The above exception was the direct cause of the following exception:

Traceback (most recent call last):
  File "/www/wwwroot/coinceeper.com/CC/api/notification_api.py", line 120, in register_device
    user = session.query(Users).filter(Users.UserID == user_id).first()
  File "/www/wwwroot/coinceeper.com/CC/venv/lib64/python3.9/site-packages/sqlalchemy/orm/query.py", line 2759, in first
    return self.limit(1)._iter().first()  # type: ignore
  File "/www/wwwroot/coinceeper.com/CC/venv/lib64/python3.9/site-packages/sqlalchemy/orm/query.py", line 2857, in _iter
    result: Union[ScalarResult[_T], Result[_T]] = self.session.execute(
  File "/www/wwwroot/coinceeper.com/CC/venv/lib64/python3.9/site-packages/sqlalchemy/orm/session.py", line 2365, in execute
    return self._execute_internal(
  File "/www/wwwroot/coinceeper.com/CC/venv/lib64/python3.9/site-packages/sqlalchemy/orm/session.py", line 2241, in _execute_internal
    conn = self._connection_for_bind(bind)
  File "/www/wwwroot/coinceeper.com/CC/venv/lib64/python3.9/site-packages/sqlalchemy/orm/session.py", line 2110, in _connection_for_bind
    return trans._connection_for_bind(engine, execution_options)
  File "<string>", line 2, in _connection_for_bind
  File "/www/wwwroot/coinceeper.com/CC/venv/lib64/python3.9/site-packages/sqlalchemy/orm/state_changes.py", line 139, in _go
    ret_value = fn(self, *arg, **kw)
  File "/www/wwwroot/coinceeper.com/CC/venv/lib64/python3.9/site-packages/sqlalchemy/orm/session.py", line 1189, in _connection_for_bind
    conn = bind.connect()
  File "/www/wwwroot/coinceeper.com/CC/venv/lib64/python3.9/site-packages/sqlalchemy/engine/base.py", line 3273, in connect
    return self._connection_cls(self)
  File "/www/wwwroot/coinceeper.com/CC/venv/lib64/python3.9/site-packages/sqlalchemy/engine/base.py", line 147, in __init__
    Connection._handle_dbapi_exception_noconnection(
  File "/www/wwwroot/coinceeper.com/CC/venv/lib64/python3.9/site-packages/sqlalchemy/engine/base.py", line 2436, in _handle_dbapi_exception_noconnection
    raise sqlalchemy_exception.with_traceback(exc_info[2]) from e
  File "/www/wwwroot/coinceeper.com/CC/venv/lib64/python3.9/site-packages/sqlalchemy/engine/base.py", line 145, in __init__
    self._dbapi_connection = engine.raw_connection()
  File "/www/wwwroot/coinceeper.com/CC/venv/lib64/python3.9/site-packages/sqlalchemy/engine/base.py", line 3297, in raw_connection
    return self.pool.connect()
  File "/www/wwwroot/coinceeper.com/CC/venv/lib64/python3.9/site-packages/sqlalchemy/pool/base.py", line 449, in connect
    return _ConnectionFairy._checkout(self)
  File "/www/wwwroot/coinceeper.com/CC/venv/lib64/python3.9/site-packages/sqlalchemy/pool/base.py", line 1264, in _checkout
    fairy = _ConnectionRecord.checkout(pool)
  File "/www/wwwroot/coinceeper.com/CC/venv/lib64/python3.9/site-packages/sqlalchemy/pool/base.py", line 719, in checkout
    rec._checkin_failed(err, _fairy_was_created=False)
  File "/www/wwwroot/coinceeper.com/CC/venv/lib64/python3.9/site-packages/sqlalchemy/util/langhelpers.py", line 224, in __exit__
    raise exc_value.with_traceback(exc_tb)
  File "/www/wwwroot/coinceeper.com/CC/venv/lib64/python3.9/site-packages/sqlalchemy/pool/base.py", line 716, in checkout
    dbapi_connection = rec.get_connection()
  File "/www/wwwroot/coinceeper.com/CC/venv/lib64/python3.9/site-packages/sqlalchemy/pool/base.py", line 838, in get_connection
    self.__connect()
  File "/www/wwwroot/coinceeper.com/CC/venv/lib64/python3.9/site-packages/sqlalchemy/pool/base.py", line 902, in __connect
    pool.logger.debug("Error on connect(): %s", e)
  File "/www/wwwroot/coinceeper.com/CC/venv/lib64/python3.9/site-packages/sqlalchemy/util/langhelpers.py", line 224, in __exit__
    raise exc_value.with_traceback(exc_tb)
  File "/www/wwwroot/coinceeper.com/CC/venv/lib64/python3.9/site-packages/sqlalchemy/pool/base.py", line 897, in __connect
    self.dbapi_connection = connection = pool._invoke_creator(self)
  File "/www/wwwroot/coinceeper.com/CC/venv/lib64/python3.9/site-packages/sqlalchemy/engine/create.py", line 646, in connect
    return dialect.connect(*cargs, **cparams)
  File "/www/wwwroot/coinceeper.com/CC/venv/lib64/python3.9/site-packages/sqlalchemy/engine/default.py", line 625, in connect
    return self.loaded_dbapi.connect(*cargs, **cparams)  # type: ignore[no-any-return]  # NOQA: E501
  File "/www/wwwroot/coinceeper.com/CC/venv/lib64/python3.9/site-packages/mysql/connector/pooling.py", line 322, in connect
    return CMySQLConnection(*args, **kwargs)
  File "/www/wwwroot/coinceeper.com/CC/venv/lib64/python3.9/site-packages/mysql/connector/connection_cext.py", line 142, in __init__
    self.connect(**kwargs)
  File "/www/wwwroot/coinceeper.com/CC/venv/lib64/python3.9/site-packages/mysql/connector/abstracts.py", line 1605, in connect
    self._open_connection()
  File "/www/wwwroot/coinceeper.com/CC/venv/lib64/python3.9/site-packages/mysql/connector/connection_cext.py", line 360, in _open_connection
    raise get_mysql_exception(
sqlalchemy.exc.DatabaseError: (mysql.connector.errors.DatabaseError) 2003 (HY000): Can't connect to MySQL server on 'localhost:3306' (111)
(Background on this error at: https://sqlalche.me/e/20/4xp6)
2025-07-21 10:15:15 - notification_api - INFO - درخواست ثبت دستگاه جدید دریافت شد
2025-07-21 10:15:15 - notification_api - INFO - درخواست برای کاربر: c1bf9df0-8263-41f1-844f-2e587f9b4050
2025-07-21 10:15:15 - notification_api - INFO - درخواست برای کیف پول: Imported wallet 1
2025-07-21 10:15:15 - notification_api - INFO - طول توکن دستگاه: 24 کاراکتر
2025-07-21 10:15:15 - notification_api - INFO - دستگاه: iPhone, نوع: flutter
2025-07-21 10:15:15 - notification_api - WARNING - کیف پول با شناسه Imported wallet 1 برای کاربر c1bf9df0-8263-41f1-844f-2e587f9b4050 یافت نشد
2025-07-21 10:15:15 - notification_api - WARNING - خطای اعتبارسنجی: کیف پول با شناسه Imported wallet 1 برای کاربر c1bf9df0-8263-41f1-844f-2e587f9b4050 یافت نشد
2025-07-21 10:15:19 - notification_api - INFO - درخواست ثبت دستگاه جدید دریافت شد
2025-07-21 10:15:19 - notification_api - INFO - درخواست برای کاربر: c1bf9df0-8263-41f1-844f-2e587f9b4050
2025-07-21 10:15:19 - notification_api - INFO - درخواست برای کیف پول: Imported wallet 1
2025-07-21 10:15:19 - notification_api - INFO - طول توکن دستگاه: 24 کاراکتر
2025-07-21 10:15:19 - notification_api - INFO - دستگاه: iPhone, نوع: flutter
2025-07-21 10:15:19 - notification_api - WARNING - کیف پول با شناسه Imported wallet 1 برای کاربر c1bf9df0-8263-41f1-844f-2e587f9b4050 یافت نشد
2025-07-21 10:15:19 - notification_api - WARNING - خطای اعتبارسنجی: کیف پول با شناسه Imported wallet 1 برای کاربر c1bf9df0-8263-41f1-844f-2e587f9b4050 یافت نشد
2025-07-21 10:15:25 - notification_api - INFO - درخواست ثبت دستگاه جدید دریافت شد
2025-07-21 10:15:25 - notification_api - INFO - درخواست برای کاربر: c1bf9df0-8263-41f1-844f-2e587f9b4050
2025-07-21 10:15:25 - notification_api - INFO - درخواست برای کیف پول: Imported wallet 1
2025-07-21 10:15:25 - notification_api - INFO - طول توکن دستگاه: 24 کاراکتر
2025-07-21 10:15:25 - notification_api - INFO - دستگاه: iPhone, نوع: flutter
2025-07-21 10:15:25 - notification_api - WARNING - کیف پول با شناسه Imported wallet 1 برای کاربر c1bf9df0-8263-41f1-844f-2e587f9b4050 یافت نشد
2025-07-21 10:15:25 - notification_api - WARNING - خطای اعتبارسنجی: کیف پول با شناسه Imported wallet 1 برای کاربر c1bf9df0-8263-41f1-844f-2e587f9b4050 یافت نشد
2025-07-21 10:22:33 - notification_api - INFO - درخواست ثبت دستگاه جدید دریافت شد
2025-07-21 10:22:33 - notification_api - INFO - درخواست برای کاربر: c1bf9df0-8263-41f1-844f-2e587f9b4050
2025-07-21 10:22:33 - notification_api - INFO - درخواست برای کیف پول: Imported wallet 1
2025-07-21 10:22:33 - notification_api - INFO - طول توکن دستگاه: 24 کاراکتر
2025-07-21 10:22:33 - notification_api - INFO - دستگاه: iPhone, نوع: flutter
2025-07-21 10:22:33 - notification_api - WARNING - کیف پول با شناسه Imported wallet 1 برای کاربر c1bf9df0-8263-41f1-844f-2e587f9b4050 یافت نشد
2025-07-21 10:22:33 - notification_api - WARNING - خطای اعتبارسنجی: کیف پول با شناسه Imported wallet 1 برای کاربر c1bf9df0-8263-41f1-844f-2e587f9b4050 یافت نشد
2025-07-21 10:22:37 - notification_api - INFO - درخواست ثبت دستگاه جدید دریافت شد
2025-07-21 10:22:37 - notification_api - INFO - درخواست برای کاربر: c1bf9df0-8263-41f1-844f-2e587f9b4050
2025-07-21 10:22:37 - notification_api - INFO - درخواست برای کیف پول: Imported wallet 1
2025-07-21 10:22:37 - notification_api - INFO - طول توکن دستگاه: 24 کاراکتر
2025-07-21 10:22:37 - notification_api - INFO - دستگاه: iPhone, نوع: flutter
2025-07-21 10:22:37 - notification_api - WARNING - کیف پول با شناسه Imported wallet 1 برای کاربر c1bf9df0-8263-41f1-844f-2e587f9b4050 یافت نشد
2025-07-21 10:22:37 - notification_api - WARNING - خطای اعتبارسنجی: کیف پول با شناسه Imported wallet 1 برای کاربر c1bf9df0-8263-41f1-844f-2e587f9b4050 یافت نشد
2025-07-21 10:22:44 - notification_api - INFO - درخواست ثبت دستگاه جدید دریافت شد
2025-07-21 10:22:44 - notification_api - INFO - درخواست برای کاربر: c1bf9df0-8263-41f1-844f-2e587f9b4050
2025-07-21 10:22:44 - notification_api - INFO - درخواست برای کیف پول: Imported wallet 1
2025-07-21 10:22:44 - notification_api - INFO - طول توکن دستگاه: 24 کاراکتر
2025-07-21 10:22:44 - notification_api - INFO - دستگاه: iPhone, نوع: flutter
2025-07-21 10:22:44 - notification_api - WARNING - کیف پول با شناسه Imported wallet 1 برای کاربر c1bf9df0-8263-41f1-844f-2e587f9b4050 یافت نشد
2025-07-21 10:22:44 - notification_api - WARNING - خطای اعتبارسنجی: کیف پول با شناسه Imported wallet 1 برای کاربر c1bf9df0-8263-41f1-844f-2e587f9b4050 یافت نشد
2025-07-21 10:23:28 - notification_api - INFO - درخواست ثبت دستگاه جدید دریافت شد
2025-07-21 10:23:28 - notification_api - INFO - درخواست برای کاربر: c1bf9df0-8263-41f1-844f-2e587f9b4050
2025-07-21 10:23:28 - notification_api - INFO - درخواست برای کیف پول: Imported wallet 1
2025-07-21 10:23:28 - notification_api - INFO - طول توکن دستگاه: 38 کاراکتر
2025-07-21 10:23:28 - notification_api - INFO - دستگاه: samsung SM-N770F, نوع: flutter
2025-07-21 10:23:28 - notification_api - WARNING - کیف پول با شناسه Imported wallet 1 برای کاربر c1bf9df0-8263-41f1-844f-2e587f9b4050 یافت نشد
2025-07-21 10:23:28 - notification_api - WARNING - خطای اعتبارسنجی: کیف پول با شناسه Imported wallet 1 برای کاربر c1bf9df0-8263-41f1-844f-2e587f9b4050 یافت نشد
2025-07-21 10:23:31 - notification_api - INFO - درخواست ثبت دستگاه جدید دریافت شد
2025-07-21 10:23:31 - notification_api - INFO - درخواست برای کاربر: c1bf9df0-8263-41f1-844f-2e587f9b4050
2025-07-21 10:23:31 - notification_api - INFO - درخواست برای کیف پول: Imported wallet 1
2025-07-21 10:23:31 - notification_api - INFO - طول توکن دستگاه: 38 کاراکتر
2025-07-21 10:23:31 - notification_api - INFO - دستگاه: samsung SM-N770F, نوع: flutter
2025-07-21 10:23:31 - notification_api - WARNING - کیف پول با شناسه Imported wallet 1 برای کاربر c1bf9df0-8263-41f1-844f-2e587f9b4050 یافت نشد
2025-07-21 10:23:31 - notification_api - WARNING - خطای اعتبارسنجی: کیف پول با شناسه Imported wallet 1 برای کاربر c1bf9df0-8263-41f1-844f-2e587f9b4050 یافت نشد
2025-07-21 10:23:38 - notification_api - INFO - درخواست ثبت دستگاه جدید دریافت شد
2025-07-21 10:23:38 - notification_api - INFO - درخواست برای کاربر: c1bf9df0-8263-41f1-844f-2e587f9b4050
2025-07-21 10:23:38 - notification_api - INFO - درخواست برای کیف پول: Imported wallet 1
2025-07-21 10:23:38 - notification_api - INFO - طول توکن دستگاه: 38 کاراکتر
2025-07-21 10:23:38 - notification_api - INFO - دستگاه: samsung SM-N770F, نوع: flutter
2025-07-21 10:23:38 - notification_api - WARNING - کیف پول با شناسه Imported wallet 1 برای کاربر c1bf9df0-8263-41f1-844f-2e587f9b4050 یافت نشد
2025-07-21 10:23:38 - notification_api - WARNING - خطای اعتبارسنجی: کیف پول با شناسه Imported wallet 1 برای کاربر c1bf9df0-8263-41f1-844f-2e587f9b4050 یافت نشد
2025-07-21 10:40:47 - notification_api - DEBUG - Logger initialized for notification_api at level DEBUG
2025-07-21 10:40:47 - notification_api - DEBUG - Logger initialized for notification_api at level DEBUG
2025-07-21 10:40:48 - notification_api - DEBUG - Logger initialized for notification_api at level DEBUG
2025-07-21 10:40:54 - notification_api - WARNING - توکن خیلی کوتاه است: 16 کاراکتر
2025-07-21 10:42:09 - notification_api - ERROR - خطا در ارسال اعلان تست: The registration token is not a valid FCM registration token
Traceback (most recent call last):
  File "/www/wwwroot/coinceeper.com/CC/venv/lib64/python3.9/site-packages/firebase_admin/messaging.py", line 411, in send
    resp = self._client.body(
  File "/www/wwwroot/coinceeper.com/CC/venv/lib64/python3.9/site-packages/firebase_admin/_http_client.py", line 136, in body
    resp = self.request(method, url, **kwargs)
  File "/www/wwwroot/coinceeper.com/CC/venv/lib64/python3.9/site-packages/firebase_admin/_http_client.py", line 124, in request
    resp.raise_for_status()
  File "/www/wwwroot/coinceeper.com/CC/venv/lib64/python3.9/site-packages/requests/models.py", line 1024, in raise_for_status
    raise HTTPError(http_error_msg, response=self)
requests.exceptions.HTTPError: 400 Client Error: Bad Request for url: https://fcm.googleapis.com/v1/projects/coinceeper-f2eaf/messages:send

During handling of the above exception, another exception occurred:

Traceback (most recent call last):
  File "/www/wwwroot/coinceeper.com/CC/api/notification_api.py", line 347, in test_notification
    success = send_notification(
  File "/www/wwwroot/coinceeper.com/CC/config/firebase.py", line 29, in wrapper
    return func(*args, **kwargs)
  File "/www/wwwroot/coinceeper.com/CC/config/firebase.py", line 163, in send_notification
    response = messaging.send(message)
  File "/www/wwwroot/coinceeper.com/CC/venv/lib64/python3.9/site-packages/firebase_admin/messaging.py", line 121, in send
    return _get_messaging_service(app).send(message, dry_run)
  File "/www/wwwroot/coinceeper.com/CC/venv/lib64/python3.9/site-packages/firebase_admin/messaging.py", line 418, in send
    raise self._handle_fcm_error(error)
firebase_admin.exceptions.InvalidArgumentError: The registration token is not a valid FCM registration token
2025-07-21 10:56:21 - notification_api - ERROR - خطا در ارسال اعلان تست: The registration token is not a valid FCM registration token
Traceback (most recent call last):
  File "/www/wwwroot/coinceeper.com/CC/venv/lib64/python3.9/site-packages/firebase_admin/messaging.py", line 411, in send
    resp = self._client.body(
  File "/www/wwwroot/coinceeper.com/CC/venv/lib64/python3.9/site-packages/firebase_admin/_http_client.py", line 136, in body
    resp = self.request(method, url, **kwargs)
  File "/www/wwwroot/coinceeper.com/CC/venv/lib64/python3.9/site-packages/firebase_admin/_http_client.py", line 124, in request
    resp.raise_for_status()
  File "/www/wwwroot/coinceeper.com/CC/venv/lib64/python3.9/site-packages/requests/models.py", line 1024, in raise_for_status
    raise HTTPError(http_error_msg, response=self)
requests.exceptions.HTTPError: 400 Client Error: Bad Request for url: https://fcm.googleapis.com/v1/projects/coinceeper-f2eaf/messages:send

During handling of the above exception, another exception occurred:

Traceback (most recent call last):
  File "/www/wwwroot/coinceeper.com/CC/api/notification_api.py", line 347, in test_notification
    success = send_notification(
  File "/www/wwwroot/coinceeper.com/CC/config/firebase.py", line 29, in wrapper
    return func(*args, **kwargs)
  File "/www/wwwroot/coinceeper.com/CC/config/firebase.py", line 163, in send_notification
    response = messaging.send(message)
  File "/www/wwwroot/coinceeper.com/CC/venv/lib64/python3.9/site-packages/firebase_admin/messaging.py", line 121, in send
    return _get_messaging_service(app).send(message, dry_run)
  File "/www/wwwroot/coinceeper.com/CC/venv/lib64/python3.9/site-packages/firebase_admin/messaging.py", line 418, in send
    raise self._handle_fcm_error(error)
firebase_admin.exceptions.InvalidArgumentError: The registration token is not a valid FCM registration token
2025-07-21 10:59:57 - notification_api - DEBUG - Logger initialized for notification_api at level DEBUG
2025-07-21 10:59:57 - notification_api - DEBUG - Logger initialized for notification_api at level DEBUG
2025-07-21 10:59:57 - notification_api - DEBUG - Logger initialized for notification_api at level DEBUG
2025-07-21 11:02:06 - notification_api - DEBUG - Logger initialized for notification_api at level DEBUG
2025-07-21 11:02:07 - notification_api - DEBUG - Logger initialized for notification_api at level DEBUG
2025-07-21 11:02:07 - notification_api - DEBUG - Logger initialized for notification_api at level DEBUG
2025-07-21 20:08:09 - notification_api - INFO - درخواست ثبت دستگاه جدید دریافت شد
2025-07-21 20:08:09 - notification_api - INFO - درخواست برای کاربر: a3107a2c-f481-4678-a21d-d4984bcdf55a
2025-07-21 20:08:09 - notification_api - INFO - درخواست برای کیف پول: fab0b014-c056-45e2-ba32-a5f48f5ad771
2025-07-21 20:08:09 - notification_api - INFO - طول توکن دستگاه: 142 کاراکتر
2025-07-21 20:08:09 - notification_api - INFO - دستگاه: 23129RAA4G, نوع: android
2025-07-21 20:08:09 - notification_api - INFO - توکن دستگاه موجود به‌روزرسانی شد برای کاربر a3107a2c-f481-4678-a21d-d4984bcdf55a و کیف پول fab0b014-c056-45e2-ba32-a5f48f5ad771
2025-07-21 20:08:58 - notification_api - DEBUG - Logger initialized for notification_api at level DEBUG
2025-07-21 20:09:12 - notification_api - DEBUG - Logger initialized for notification_api at level DEBUG
2025-07-21 20:09:42 - notification_api - DEBUG - Logger initialized for notification_api at level DEBUG
2025-07-21 20:18:42 - notification_api - INFO - درخواست ثبت دستگاه جدید دریافت شد
2025-07-21 20:18:42 - notification_api - INFO - درخواست برای کاربر: 21283a7f-d423-4165-b81b-06d4b83c6aea
2025-07-21 20:18:42 - notification_api - INFO - درخواست برای کیف پول: d247b4fa-0fa4-402e-9ee3-aa56683081db
2025-07-21 20:18:42 - notification_api - INFO - طول توکن دستگاه: 142 کاراکتر
2025-07-21 20:18:42 - notification_api - INFO - دستگاه: 23129RAA4G, نوع: android
2025-07-21 20:18:42 - notification_api - INFO - توکن دستگاه موجود به‌روزرسانی شد برای کاربر 21283a7f-d423-4165-b81b-06d4b83c6aea و کیف پول d247b4fa-0fa4-402e-9ee3-aa56683081db
2025-07-21 20:20:23 - notification_api - DEBUG - Logger initialized for notification_api at level DEBUG
2025-07-21 20:20:31 - notification_api - DEBUG - Logger initialized for notification_api at level DEBUG
2025-07-22 05:44:51 - notification_api - INFO - درخواست ثبت دستگاه جدید دریافت شد
2025-07-22 05:44:51 - notification_api - INFO - درخواست برای کاربر: c1bf9df0-8263-41f1-844f-2e587f9b4050
2025-07-22 05:44:51 - notification_api - INFO - درخواست برای کیف پول: Imported wallet 1
2025-07-22 05:44:51 - notification_api - INFO - طول توکن دستگاه: 24 کاراکتر
2025-07-22 05:44:51 - notification_api - INFO - دستگاه: iPhone, نوع: flutter
2025-07-22 05:44:51 - notification_api - WARNING - کیف پول با شناسه Imported wallet 1 برای کاربر c1bf9df0-8263-41f1-844f-2e587f9b4050 یافت نشد
2025-07-22 05:44:51 - notification_api - WARNING - خطای اعتبارسنجی: کیف پول با شناسه Imported wallet 1 برای کاربر c1bf9df0-8263-41f1-844f-2e587f9b4050 یافت نشد
2025-07-22 05:44:55 - notification_api - INFO - درخواست ثبت دستگاه جدید دریافت شد
2025-07-22 05:44:55 - notification_api - INFO - درخواست برای کاربر: c1bf9df0-8263-41f1-844f-2e587f9b4050
2025-07-22 05:44:55 - notification_api - INFO - درخواست برای کیف پول: Imported wallet 1
2025-07-22 05:44:55 - notification_api - INFO - طول توکن دستگاه: 24 کاراکتر
2025-07-22 05:44:55 - notification_api - INFO - دستگاه: iPhone, نوع: flutter
2025-07-22 05:44:55 - notification_api - WARNING - کیف پول با شناسه Imported wallet 1 برای کاربر c1bf9df0-8263-41f1-844f-2e587f9b4050 یافت نشد
2025-07-22 05:44:55 - notification_api - WARNING - خطای اعتبارسنجی: کیف پول با شناسه Imported wallet 1 برای کاربر c1bf9df0-8263-41f1-844f-2e587f9b4050 یافت نشد
2025-07-22 07:31:23 - notification_api - INFO - درخواست ثبت دستگاه جدید دریافت شد
2025-07-22 07:31:23 - notification_api - INFO - درخواست برای کاربر: c1bf9df0-8263-41f1-844f-2e587f9b4050
2025-07-22 07:31:23 - notification_api - INFO - درخواست برای کیف پول: Imported wallet 1
2025-07-22 07:31:23 - notification_api - INFO - طول توکن دستگاه: 24 کاراکتر
2025-07-22 07:31:23 - notification_api - INFO - دستگاه: iPhone, نوع: flutter
2025-07-22 07:31:23 - notification_api - WARNING - کیف پول با شناسه Imported wallet 1 برای کاربر c1bf9df0-8263-41f1-844f-2e587f9b4050 یافت نشد
2025-07-22 07:31:23 - notification_api - WARNING - خطای اعتبارسنجی: کیف پول با شناسه Imported wallet 1 برای کاربر c1bf9df0-8263-41f1-844f-2e587f9b4050 یافت نشد
2025-07-22 07:31:27 - notification_api - INFO - درخواست ثبت دستگاه جدید دریافت شد
2025-07-22 07:31:27 - notification_api - INFO - درخواست برای کاربر: c1bf9df0-8263-41f1-844f-2e587f9b4050
2025-07-22 07:31:27 - notification_api - INFO - درخواست برای کیف پول: Imported wallet 1
2025-07-22 07:31:27 - notification_api - INFO - طول توکن دستگاه: 24 کاراکتر
2025-07-22 07:31:27 - notification_api - INFO - دستگاه: iPhone, نوع: flutter
2025-07-22 07:31:27 - notification_api - WARNING - کیف پول با شناسه Imported wallet 1 برای کاربر c1bf9df0-8263-41f1-844f-2e587f9b4050 یافت نشد
2025-07-22 07:31:27 - notification_api - WARNING - خطای اعتبارسنجی: کیف پول با شناسه Imported wallet 1 برای کاربر c1bf9df0-8263-41f1-844f-2e587f9b4050 یافت نشد
