2025-07-21 07:21:04 - price_service - DEBUG - Logger initialized for price_service at level DEBUG
2025-07-21 07:21:04 - price_service - INFO - Initializing price service module
2025-07-21 07:21:06 - price_service - INFO - Initializing price service module
2025-07-21 07:24:42 - price_service - WARNING - No price record found for 2 in USD, using default values
2025-07-21 07:24:42 - price_service - WARNING - No price record found for 4 in USD, using default values
2025-07-21 07:24:42 - price_service - WARNING - No price record found for 5 in USD, using default values
2025-07-21 07:24:42 - price_service - WARNING - No price record found for 6 in USD, using default values
2025-07-21 07:24:42 - price_service - WARNING - No price record found for 7 in USD, using default values
2025-07-21 07:24:42 - price_service - WARNING - No price record found for 8 in USD, using default values
2025-07-21 07:24:42 - price_service - WARNING - No price record found for 2 in USD, using default values
2025-07-21 07:24:42 - price_service - WARNING - No price record found for 4 in USD, using default values
2025-07-21 07:24:42 - price_service - WARNING - No price record found for 5 in USD, using default values
2025-07-21 07:24:42 - price_service - WARNING - No price record found for 6 in USD, using default values
2025-07-21 07:24:42 - price_service - WARNING - No price record found for 7 in USD, using default values
2025-07-21 07:24:42 - price_service - WARNING - No price record found for 8 in USD, using default values
2025-07-21 07:24:45 - price_service - WARNING - No price record found for 2 in USD, using default values
2025-07-21 07:24:45 - price_service - WARNING - No price record found for 4 in USD, using default values
2025-07-21 07:24:45 - price_service - WARNING - No price record found for 5 in USD, using default values
2025-07-21 07:24:45 - price_service - WARNING - No price record found for 6 in USD, using default values
2025-07-21 07:24:45 - price_service - WARNING - No price record found for 7 in USD, using default values
2025-07-21 07:24:45 - price_service - WARNING - No price record found for 8 in USD, using default values
2025-07-21 07:32:52 - price_service - WARNING - No price record found for 2 in USD, using default values
2025-07-21 07:32:52 - price_service - WARNING - No price record found for 4 in USD, using default values
2025-07-21 07:32:52 - price_service - WARNING - No price record found for 5 in USD, using default values
2025-07-21 07:32:52 - price_service - WARNING - No price record found for 6 in USD, using default values
2025-07-21 07:32:52 - price_service - WARNING - No price record found for 7 in USD, using default values
2025-07-21 07:32:52 - price_service - WARNING - No price record found for 8 in USD, using default values
2025-07-21 07:32:52 - price_service - WARNING - No price record found for 2 in USD, using default values
2025-07-21 07:32:52 - price_service - WARNING - No price record found for 4 in USD, using default values
2025-07-21 07:32:52 - price_service - WARNING - No price record found for 5 in USD, using default values
2025-07-21 07:32:52 - price_service - WARNING - No price record found for 6 in USD, using default values
2025-07-21 07:32:52 - price_service - WARNING - No price record found for 7 in USD, using default values
2025-07-21 07:32:52 - price_service - WARNING - No price record found for 8 in USD, using default values
2025-07-21 07:32:53 - price_service - WARNING - No price record found for 2 in USD, using default values
2025-07-21 07:32:53 - price_service - WARNING - No price record found for 4 in USD, using default values
2025-07-21 07:32:53 - price_service - WARNING - No price record found for 5 in USD, using default values
2025-07-21 07:32:53 - price_service - WARNING - No price record found for 6 in USD, using default values
2025-07-21 07:32:53 - price_service - WARNING - No price record found for 7 in USD, using default values
2025-07-21 07:32:53 - price_service - WARNING - No price record found for 8 in USD, using default values
2025-07-21 07:33:54 - price_service - DEBUG - Logger initialized for price_service at level DEBUG
2025-07-21 07:33:54 - price_service - INFO - Initializing price service module
2025-07-21 07:33:55 - price_service - INFO - Initializing price service module
2025-07-21 07:36:38 - price_service - WARNING - No price record found for 2 in USD, using default values
2025-07-21 07:36:38 - price_service - WARNING - No price record found for 4 in USD, using default values
2025-07-21 07:36:38 - price_service - WARNING - No price record found for 5 in USD, using default values
2025-07-21 07:36:38 - price_service - WARNING - No price record found for 6 in USD, using default values
2025-07-21 07:36:38 - price_service - WARNING - No price record found for 7 in USD, using default values
2025-07-21 07:36:38 - price_service - WARNING - No price record found for 8 in USD, using default values
2025-07-21 08:41:43 - price_service - WARNING - No price record found for 2 in USD, using default values
2025-07-21 08:41:43 - price_service - WARNING - No price record found for 4 in USD, using default values
2025-07-21 08:41:43 - price_service - WARNING - No price record found for 5 in USD, using default values
2025-07-21 08:41:43 - price_service - WARNING - No price record found for 6 in USD, using default values
2025-07-21 08:41:43 - price_service - WARNING - No price record found for 7 in USD, using default values
2025-07-21 08:41:43 - price_service - WARNING - No price record found for 8 in USD, using default values
2025-07-21 08:53:43 - price_service - WARNING - No price record found for 2 in USD, using default values
2025-07-21 08:53:43 - price_service - WARNING - No price record found for 4 in USD, using default values
2025-07-21 08:53:43 - price_service - WARNING - No price record found for 5 in USD, using default values
2025-07-21 08:53:43 - price_service - WARNING - No price record found for 6 in USD, using default values
2025-07-21 08:53:43 - price_service - WARNING - No price record found for 7 in USD, using default values
2025-07-21 08:53:43 - price_service - WARNING - No price record found for 8 in USD, using default values
2025-07-21 08:53:43 - price_service - WARNING - No price record found for 2 in USD, using default values
2025-07-21 08:53:43 - price_service - WARNING - No price record found for 4 in USD, using default values
2025-07-21 08:53:43 - price_service - WARNING - No price record found for 5 in USD, using default values
2025-07-21 08:53:43 - price_service - WARNING - No price record found for 6 in USD, using default values
2025-07-21 08:53:43 - price_service - WARNING - No price record found for 7 in USD, using default values
2025-07-21 08:53:43 - price_service - WARNING - No price record found for 8 in USD, using default values
2025-07-21 08:53:49 - price_service - WARNING - No price record found for 2 in USD, using default values
2025-07-21 08:53:49 - price_service - WARNING - No price record found for 4 in USD, using default values
2025-07-21 08:53:49 - price_service - WARNING - No price record found for 5 in USD, using default values
2025-07-21 08:53:49 - price_service - WARNING - No price record found for 6 in USD, using default values
2025-07-21 08:53:49 - price_service - WARNING - No price record found for 7 in USD, using default values
2025-07-21 08:53:49 - price_service - WARNING - No price record found for 8 in USD, using default values
2025-07-21 08:53:49 - price_service - WARNING - No price record found for 2 in USD, using default values
2025-07-21 08:53:49 - price_service - WARNING - No price record found for 4 in USD, using default values
2025-07-21 08:53:49 - price_service - WARNING - No price record found for 5 in USD, using default values
2025-07-21 08:53:49 - price_service - WARNING - No price record found for 6 in USD, using default values
2025-07-21 08:53:49 - price_service - WARNING - No price record found for 7 in USD, using default values
2025-07-21 08:53:49 - price_service - WARNING - No price record found for 8 in USD, using default values
2025-07-21 08:53:49 - price_service - WARNING - No price record found for 2 in USD, using default values
2025-07-21 08:53:49 - price_service - WARNING - No price record found for 4 in USD, using default values
2025-07-21 08:53:49 - price_service - WARNING - No price record found for 5 in USD, using default values
2025-07-21 08:53:49 - price_service - WARNING - No price record found for 6 in USD, using default values
2025-07-21 08:53:49 - price_service - WARNING - No price record found for 7 in USD, using default values
2025-07-21 08:53:49 - price_service - WARNING - No price record found for 8 in USD, using default values
2025-07-21 08:53:49 - price_service - WARNING - No price record found for 2 in USD, using default values
2025-07-21 08:53:49 - price_service - WARNING - No price record found for 4 in USD, using default values
2025-07-21 08:53:49 - price_service - WARNING - No price record found for 5 in USD, using default values
2025-07-21 08:53:49 - price_service - WARNING - No price record found for 6 in USD, using default values
2025-07-21 08:53:49 - price_service - WARNING - No price record found for 7 in USD, using default values
2025-07-21 08:53:49 - price_service - WARNING - No price record found for 8 in USD, using default values
2025-07-21 08:53:53 - price_service - WARNING - No price record found for 2 in USD, using default values
2025-07-21 08:53:53 - price_service - WARNING - No price record found for 4 in USD, using default values
2025-07-21 08:53:53 - price_service - WARNING - No price record found for 5 in USD, using default values
2025-07-21 08:53:53 - price_service - WARNING - No price record found for 6 in USD, using default values
2025-07-21 08:53:53 - price_service - WARNING - No price record found for 7 in USD, using default values
2025-07-21 08:53:53 - price_service - WARNING - No price record found for 8 in USD, using default values
2025-07-21 08:54:01 - price_service - WARNING - No price record found for 2 in USD, using default values
2025-07-21 08:54:01 - price_service - WARNING - No price record found for 4 in USD, using default values
2025-07-21 08:54:01 - price_service - WARNING - No price record found for 5 in USD, using default values
2025-07-21 08:54:01 - price_service - WARNING - No price record found for 6 in USD, using default values
2025-07-21 08:54:01 - price_service - WARNING - No price record found for 7 in USD, using default values
2025-07-21 08:54:01 - price_service - WARNING - No price record found for 8 in USD, using default values
2025-07-21 08:54:01 - price_service - WARNING - No price record found for 2 in USD, using default values
2025-07-21 08:54:01 - price_service - WARNING - No price record found for 4 in USD, using default values
2025-07-21 08:54:01 - price_service - WARNING - No price record found for 5 in USD, using default values
2025-07-21 08:54:01 - price_service - WARNING - No price record found for 6 in USD, using default values
2025-07-21 08:54:01 - price_service - WARNING - No price record found for 7 in USD, using default values
2025-07-21 08:54:01 - price_service - WARNING - No price record found for 8 in USD, using default values
2025-07-21 08:54:13 - price_service - WARNING - No price record found for 2 in USD, using default values
2025-07-21 08:54:13 - price_service - WARNING - No price record found for 4 in USD, using default values
2025-07-21 08:54:13 - price_service - WARNING - No price record found for 5 in USD, using default values
2025-07-21 08:54:13 - price_service - WARNING - No price record found for 6 in USD, using default values
2025-07-21 08:54:13 - price_service - WARNING - No price record found for 7 in USD, using default values
2025-07-21 08:54:13 - price_service - WARNING - No price record found for 8 in USD, using default values
2025-07-21 08:54:15 - price_service - WARNING - No price record found for 2 in USD, using default values
2025-07-21 08:54:15 - price_service - WARNING - No price record found for 4 in USD, using default values
2025-07-21 08:54:15 - price_service - WARNING - No price record found for 5 in USD, using default values
2025-07-21 08:54:15 - price_service - WARNING - No price record found for 6 in USD, using default values
2025-07-21 08:54:15 - price_service - WARNING - No price record found for 7 in USD, using default values
2025-07-21 08:54:15 - price_service - WARNING - No price record found for 8 in USD, using default values
2025-07-21 08:54:23 - price_service - WARNING - No price record found for 2 in USD, using default values
2025-07-21 08:54:23 - price_service - WARNING - No price record found for 4 in USD, using default values
2025-07-21 08:54:23 - price_service - WARNING - No price record found for 5 in USD, using default values
2025-07-21 08:54:23 - price_service - WARNING - No price record found for 6 in USD, using default values
2025-07-21 08:54:23 - price_service - WARNING - No price record found for 7 in USD, using default values
2025-07-21 08:54:23 - price_service - WARNING - No price record found for 8 in USD, using default values
2025-07-21 08:54:34 - price_service - WARNING - No price record found for 2 in USD, using default values
2025-07-21 08:54:34 - price_service - WARNING - No price record found for 4 in USD, using default values
2025-07-21 08:54:34 - price_service - WARNING - No price record found for 5 in USD, using default values
2025-07-21 08:54:34 - price_service - WARNING - No price record found for 6 in USD, using default values
2025-07-21 08:54:34 - price_service - WARNING - No price record found for 7 in USD, using default values
2025-07-21 08:54:34 - price_service - WARNING - No price record found for 8 in USD, using default values
2025-07-21 08:57:37 - price_service - WARNING - No price record found for 2 in USD, using default values
2025-07-21 08:57:37 - price_service - WARNING - No price record found for 4 in USD, using default values
2025-07-21 08:57:37 - price_service - WARNING - No price record found for 5 in USD, using default values
2025-07-21 08:57:37 - price_service - WARNING - No price record found for 6 in USD, using default values
2025-07-21 08:57:37 - price_service - WARNING - No price record found for 7 in USD, using default values
2025-07-21 08:57:37 - price_service - WARNING - No price record found for 8 in USD, using default values
2025-07-21 08:57:38 - price_service - WARNING - No price record found for 2 in USD, using default values
2025-07-21 08:57:38 - price_service - WARNING - No price record found for 4 in USD, using default values
2025-07-21 08:57:38 - price_service - WARNING - No price record found for 5 in USD, using default values
2025-07-21 08:57:38 - price_service - WARNING - No price record found for 6 in USD, using default values
2025-07-21 08:57:38 - price_service - WARNING - No price record found for 7 in USD, using default values
2025-07-21 08:57:38 - price_service - WARNING - No price record found for 8 in USD, using default values
2025-07-21 08:57:48 - price_service - WARNING - No price record found for 2 in USD, using default values
2025-07-21 08:57:48 - price_service - WARNING - No price record found for 4 in USD, using default values
2025-07-21 08:57:48 - price_service - WARNING - No price record found for 5 in USD, using default values
2025-07-21 08:57:48 - price_service - WARNING - No price record found for 6 in USD, using default values
2025-07-21 08:57:48 - price_service - WARNING - No price record found for 7 in USD, using default values
2025-07-21 08:57:48 - price_service - WARNING - No price record found for 8 in USD, using default values
2025-07-21 09:18:59 - price_service - DEBUG - Logger initialized for price_service at level DEBUG
2025-07-21 09:18:59 - price_service - INFO - Initializing price service module
2025-07-21 09:19:00 - price_service - DEBUG - Logger initialized for price_service at level DEBUG
2025-07-21 09:19:00 - price_service - INFO - Initializing price service module
2025-07-21 09:19:00 - price_service - DEBUG - Logger initialized for price_service at level DEBUG
2025-07-21 09:19:00 - price_service - INFO - Initializing price service module
2025-07-21 09:19:02 - price_service - INFO - Initializing price service module
2025-07-21 09:19:02 - price_service - INFO - Initializing price service module
2025-07-21 09:19:02 - price_service - INFO - Initializing price service module
2025-07-21 09:33:53 - price_service - WARNING - No price record found for 1 in IRR, using default values
2025-07-21 09:33:53 - price_service - WARNING - No price record found for 16 in IRR, using default values
2025-07-21 09:33:53 - price_service - WARNING - No price record found for 18 in IRR, using default values
2025-07-21 09:33:53 - price_service - WARNING - No price record found for 3 in IRR, using default values
2025-07-21 09:33:53 - price_service - WARNING - No price record found for 8518 in IRR, using default values
2025-07-21 09:33:54 - price_service - WARNING - No price record found for 1 in IRR, using default values
2025-07-21 09:33:54 - price_service - WARNING - No price record found for 16 in IRR, using default values
2025-07-21 09:33:54 - price_service - WARNING - No price record found for 18 in IRR, using default values
2025-07-21 09:33:54 - price_service - WARNING - No price record found for 3 in IRR, using default values
2025-07-21 09:33:54 - price_service - WARNING - No price record found for 8518 in IRR, using default values
2025-07-21 09:33:55 - price_service - WARNING - No price record found for 1 in IRR, using default values
2025-07-21 09:33:55 - price_service - WARNING - No price record found for 16 in IRR, using default values
2025-07-21 09:33:55 - price_service - WARNING - No price record found for 18 in IRR, using default values
2025-07-21 09:33:55 - price_service - WARNING - No price record found for 3 in IRR, using default values
2025-07-21 09:33:55 - price_service - WARNING - No price record found for 8518 in IRR, using default values
2025-07-21 09:51:56 - price_service - WARNING - No price record found for 1 in IRR, using default values
2025-07-21 09:51:56 - price_service - WARNING - No price record found for 16 in IRR, using default values
2025-07-21 09:51:56 - price_service - WARNING - No price record found for 18 in IRR, using default values
2025-07-21 09:51:56 - price_service - WARNING - No price record found for 3 in IRR, using default values
2025-07-21 09:51:56 - price_service - WARNING - No price record found for 8518 in IRR, using default values
2025-07-21 09:51:57 - price_service - WARNING - No price record found for 1 in IRR, using default values
2025-07-21 09:51:57 - price_service - WARNING - No price record found for 16 in IRR, using default values
2025-07-21 09:51:57 - price_service - WARNING - No price record found for 18 in IRR, using default values
2025-07-21 09:51:57 - price_service - WARNING - No price record found for 3 in IRR, using default values
2025-07-21 09:51:57 - price_service - WARNING - No price record found for 8518 in IRR, using default values
2025-07-21 09:51:57 - price_service - WARNING - No price record found for 1 in IRR, using default values
2025-07-21 09:51:57 - price_service - WARNING - No price record found for 16 in IRR, using default values
2025-07-21 09:51:57 - price_service - WARNING - No price record found for 18 in IRR, using default values
2025-07-21 09:51:57 - price_service - WARNING - No price record found for 3 in IRR, using default values
2025-07-21 09:51:57 - price_service - WARNING - No price record found for 8518 in IRR, using default values
2025-07-21 10:15:38 - price_service - WARNING - No price record found for 1 in IRR, using default values
2025-07-21 10:15:38 - price_service - WARNING - No price record found for 10 in IRR, using default values
2025-07-21 10:15:38 - price_service - WARNING - No price record found for 11 in IRR, using default values
2025-07-21 10:15:38 - price_service - WARNING - No price record found for 16 in IRR, using default values
2025-07-21 10:15:38 - price_service - WARNING - No price record found for 18 in IRR, using default values
2025-07-21 10:15:39 - price_service - WARNING - No price record found for 1 in IRR, using default values
2025-07-21 10:15:39 - price_service - WARNING - No price record found for 10 in IRR, using default values
2025-07-21 10:15:39 - price_service - WARNING - No price record found for 11 in IRR, using default values
2025-07-21 10:15:39 - price_service - WARNING - No price record found for 16 in IRR, using default values
2025-07-21 10:15:39 - price_service - WARNING - No price record found for 18 in IRR, using default values
2025-07-21 10:15:39 - price_service - WARNING - No price record found for 1 in IRR, using default values
2025-07-21 10:15:39 - price_service - WARNING - No price record found for 10 in IRR, using default values
2025-07-21 10:15:39 - price_service - WARNING - No price record found for 11 in IRR, using default values
2025-07-21 10:15:39 - price_service - WARNING - No price record found for 16 in IRR, using default values
2025-07-21 10:15:39 - price_service - WARNING - No price record found for 18 in IRR, using default values
2025-07-21 10:22:33 - price_service - WARNING - No price record found for 1 in IRR, using default values
2025-07-21 10:22:33 - price_service - WARNING - No price record found for 10 in IRR, using default values
2025-07-21 10:22:33 - price_service - WARNING - No price record found for 11 in IRR, using default values
2025-07-21 10:22:33 - price_service - WARNING - No price record found for 16 in IRR, using default values
2025-07-21 10:22:33 - price_service - WARNING - No price record found for 18 in IRR, using default values
2025-07-21 10:22:34 - price_service - WARNING - No price record found for 1 in IRR, using default values
2025-07-21 10:22:34 - price_service - WARNING - No price record found for 10 in IRR, using default values
2025-07-21 10:22:34 - price_service - WARNING - No price record found for 11 in IRR, using default values
2025-07-21 10:22:34 - price_service - WARNING - No price record found for 16 in IRR, using default values
2025-07-21 10:22:34 - price_service - WARNING - No price record found for 18 in IRR, using default values
2025-07-21 10:22:34 - price_service - WARNING - No price record found for 1 in IRR, using default values
2025-07-21 10:22:34 - price_service - WARNING - No price record found for 10 in IRR, using default values
2025-07-21 10:22:34 - price_service - WARNING - No price record found for 11 in IRR, using default values
2025-07-21 10:22:34 - price_service - WARNING - No price record found for 16 in IRR, using default values
2025-07-21 10:22:34 - price_service - WARNING - No price record found for 18 in IRR, using default values
2025-07-21 10:23:20 - price_service - WARNING - No price record found for 1 in IRR, using default values
2025-07-21 10:23:20 - price_service - WARNING - No price record found for 16 in IRR, using default values
2025-07-21 10:23:20 - price_service - WARNING - No price record found for 18 in IRR, using default values
2025-07-21 10:23:20 - price_service - WARNING - No price record found for 1 in IRR, using default values
2025-07-21 10:23:20 - price_service - WARNING - No price record found for 16 in IRR, using default values
2025-07-21 10:23:20 - price_service - WARNING - No price record found for 18 in IRR, using default values
2025-07-21 10:23:20 - price_service - WARNING - No price record found for 1 in IRR, using default values
2025-07-21 10:23:20 - price_service - WARNING - No price record found for 16 in IRR, using default values
2025-07-21 10:23:20 - price_service - WARNING - No price record found for 18 in IRR, using default values
2025-07-21 10:23:21 - price_service - WARNING - No price record found for 1 in IRR, using default values
2025-07-21 10:23:21 - price_service - WARNING - No price record found for 16 in IRR, using default values
2025-07-21 10:23:21 - price_service - WARNING - No price record found for 18 in IRR, using default values
2025-07-21 10:40:45 - price_service - DEBUG - Logger initialized for price_service at level DEBUG
2025-07-21 10:40:45 - price_service - INFO - Initializing price service module
2025-07-21 10:40:46 - price_service - DEBUG - Logger initialized for price_service at level DEBUG
2025-07-21 10:40:46 - price_service - INFO - Initializing price service module
2025-07-21 10:40:46 - price_service - DEBUG - Logger initialized for price_service at level DEBUG
2025-07-21 10:40:46 - price_service - INFO - Initializing price service module
2025-07-21 10:40:47 - price_service - INFO - Initializing price service module
2025-07-21 10:40:47 - price_service - INFO - Initializing price service module
2025-07-21 10:40:48 - price_service - INFO - Initializing price service module
2025-07-21 10:59:55 - price_service - DEBUG - Logger initialized for price_service at level DEBUG
2025-07-21 10:59:55 - price_service - INFO - Initializing price service module
2025-07-21 10:59:55 - price_service - DEBUG - Logger initialized for price_service at level DEBUG
2025-07-21 10:59:55 - price_service - INFO - Initializing price service module
2025-07-21 10:59:55 - price_service - DEBUG - Logger initialized for price_service at level DEBUG
2025-07-21 10:59:55 - price_service - INFO - Initializing price service module
2025-07-21 10:59:57 - price_service - INFO - Initializing price service module
2025-07-21 10:59:57 - price_service - INFO - Initializing price service module
2025-07-21 10:59:57 - price_service - INFO - Initializing price service module
2025-07-21 11:02:05 - price_service - DEBUG - Logger initialized for price_service at level DEBUG
2025-07-21 11:02:05 - price_service - INFO - Initializing price service module
2025-07-21 11:02:05 - price_service - DEBUG - Logger initialized for price_service at level DEBUG
2025-07-21 11:02:05 - price_service - INFO - Initializing price service module
2025-07-21 11:02:05 - price_service - DEBUG - Logger initialized for price_service at level DEBUG
2025-07-21 11:02:05 - price_service - INFO - Initializing price service module
2025-07-21 11:02:06 - price_service - INFO - Initializing price service module
2025-07-21 11:02:07 - price_service - INFO - Initializing price service module
2025-07-21 11:02:07 - price_service - INFO - Initializing price service module
2025-07-21 15:36:12 - price_service - WARNING - No price record found for 2 in USD, using default values
2025-07-21 15:36:12 - price_service - WARNING - No price record found for 4 in USD, using default values
2025-07-21 15:36:12 - price_service - WARNING - No price record found for 5 in USD, using default values
2025-07-21 15:36:12 - price_service - WARNING - No price record found for 6 in USD, using default values
2025-07-21 15:36:12 - price_service - WARNING - No price record found for 7 in USD, using default values
2025-07-21 15:36:12 - price_service - WARNING - No price record found for 8 in USD, using default values
2025-07-21 15:36:15 - price_service - WARNING - No price record found for 2 in USD, using default values
2025-07-21 15:36:15 - price_service - WARNING - No price record found for 4 in USD, using default values
2025-07-21 15:36:15 - price_service - WARNING - No price record found for 5 in USD, using default values
2025-07-21 15:36:15 - price_service - WARNING - No price record found for 6 in USD, using default values
2025-07-21 15:36:15 - price_service - WARNING - No price record found for 7 in USD, using default values
2025-07-21 15:36:15 - price_service - WARNING - No price record found for 8 in USD, using default values
2025-07-21 19:59:57 - price_service - WARNING - No price record found for 2 in USD, using default values
2025-07-21 19:59:57 - price_service - WARNING - No price record found for 4 in USD, using default values
2025-07-21 19:59:57 - price_service - WARNING - No price record found for 5 in USD, using default values
2025-07-21 19:59:57 - price_service - WARNING - No price record found for 6 in USD, using default values
2025-07-21 19:59:57 - price_service - WARNING - No price record found for 7 in USD, using default values
2025-07-21 19:59:57 - price_service - WARNING - No price record found for 8 in USD, using default values
2025-07-21 19:59:59 - price_service - WARNING - No price record found for 2 in USD, using default values
2025-07-21 19:59:59 - price_service - WARNING - No price record found for 4 in USD, using default values
2025-07-21 19:59:59 - price_service - WARNING - No price record found for 5 in USD, using default values
2025-07-21 19:59:59 - price_service - WARNING - No price record found for 6 in USD, using default values
2025-07-21 19:59:59 - price_service - WARNING - No price record found for 7 in USD, using default values
2025-07-21 19:59:59 - price_service - WARNING - No price record found for 8 in USD, using default values
2025-07-21 20:00:00 - price_service - WARNING - No price record found for 2 in USD, using default values
2025-07-21 20:00:00 - price_service - WARNING - No price record found for 4 in USD, using default values
2025-07-21 20:00:00 - price_service - WARNING - No price record found for 5 in USD, using default values
2025-07-21 20:00:00 - price_service - WARNING - No price record found for 6 in USD, using default values
2025-07-21 20:00:00 - price_service - WARNING - No price record found for 7 in USD, using default values
2025-07-21 20:00:00 - price_service - WARNING - No price record found for 8 in USD, using default values
2025-07-21 20:00:00 - price_service - WARNING - No price record found for 2 in USD, using default values
2025-07-21 20:00:00 - price_service - WARNING - No price record found for 4 in USD, using default values
2025-07-21 20:00:00 - price_service - WARNING - No price record found for 5 in USD, using default values
2025-07-21 20:00:00 - price_service - WARNING - No price record found for 6 in USD, using default values
2025-07-21 20:00:00 - price_service - WARNING - No price record found for 7 in USD, using default values
2025-07-21 20:00:00 - price_service - WARNING - No price record found for 8 in USD, using default values
2025-07-21 20:00:01 - price_service - WARNING - No price record found for 2 in USD, using default values
2025-07-21 20:00:01 - price_service - WARNING - No price record found for 4 in USD, using default values
2025-07-21 20:00:01 - price_service - WARNING - No price record found for 5 in USD, using default values
2025-07-21 20:00:01 - price_service - WARNING - No price record found for 6 in USD, using default values
2025-07-21 20:00:01 - price_service - WARNING - No price record found for 7 in USD, using default values
2025-07-21 20:00:01 - price_service - WARNING - No price record found for 8 in USD, using default values
2025-07-21 20:00:01 - price_service - WARNING - No price record found for 2 in USD, using default values
2025-07-21 20:00:01 - price_service - WARNING - No price record found for 4 in USD, using default values
2025-07-21 20:00:01 - price_service - WARNING - No price record found for 5 in USD, using default values
2025-07-21 20:00:01 - price_service - WARNING - No price record found for 6 in USD, using default values
2025-07-21 20:00:01 - price_service - WARNING - No price record found for 7 in USD, using default values
2025-07-21 20:00:01 - price_service - WARNING - No price record found for 8 in USD, using default values
2025-07-21 20:00:01 - price_service - WARNING - No price record found for 2 in USD, using default values
2025-07-21 20:00:01 - price_service - WARNING - No price record found for 4 in USD, using default values
2025-07-21 20:00:01 - price_service - WARNING - No price record found for 5 in USD, using default values
2025-07-21 20:00:01 - price_service - WARNING - No price record found for 6 in USD, using default values
2025-07-21 20:00:01 - price_service - WARNING - No price record found for 7 in USD, using default values
2025-07-21 20:00:01 - price_service - WARNING - No price record found for 8 in USD, using default values
2025-07-21 20:00:04 - price_service - WARNING - No price record found for 2 in USD, using default values
2025-07-21 20:00:04 - price_service - WARNING - No price record found for 4 in USD, using default values
2025-07-21 20:00:04 - price_service - WARNING - No price record found for 5 in USD, using default values
2025-07-21 20:00:04 - price_service - WARNING - No price record found for 6 in USD, using default values
2025-07-21 20:00:04 - price_service - WARNING - No price record found for 7 in USD, using default values
2025-07-21 20:00:04 - price_service - WARNING - No price record found for 8 in USD, using default values
2025-07-21 20:00:10 - price_service - WARNING - No price record found for 2 in USD, using default values
2025-07-21 20:00:10 - price_service - WARNING - No price record found for 4 in USD, using default values
2025-07-21 20:00:10 - price_service - WARNING - No price record found for 5 in USD, using default values
2025-07-21 20:00:10 - price_service - WARNING - No price record found for 6 in USD, using default values
2025-07-21 20:00:10 - price_service - WARNING - No price record found for 7 in USD, using default values
2025-07-21 20:00:10 - price_service - WARNING - No price record found for 8 in USD, using default values
2025-07-21 20:00:28 - price_service - WARNING - No price record found for 2 in USD, using default values
2025-07-21 20:00:28 - price_service - WARNING - No price record found for 4 in USD, using default values
2025-07-21 20:00:28 - price_service - WARNING - No price record found for 5 in USD, using default values
2025-07-21 20:00:28 - price_service - WARNING - No price record found for 6 in USD, using default values
2025-07-21 20:00:28 - price_service - WARNING - No price record found for 7 in USD, using default values
2025-07-21 20:00:28 - price_service - WARNING - No price record found for 8 in USD, using default values
2025-07-21 20:02:00 - price_service - WARNING - No price record found for 2 in USD, using default values
2025-07-21 20:02:00 - price_service - WARNING - No price record found for 4 in USD, using default values
2025-07-21 20:02:00 - price_service - WARNING - No price record found for 5 in USD, using default values
2025-07-21 20:02:00 - price_service - WARNING - No price record found for 6 in USD, using default values
2025-07-21 20:02:00 - price_service - WARNING - No price record found for 7 in USD, using default values
2025-07-21 20:02:00 - price_service - WARNING - No price record found for 8 in USD, using default values
2025-07-21 20:05:34 - price_service - WARNING - No price record found for 2 in USD, using default values
2025-07-21 20:05:34 - price_service - WARNING - No price record found for 4 in USD, using default values
2025-07-21 20:05:34 - price_service - WARNING - No price record found for 5 in USD, using default values
2025-07-21 20:05:34 - price_service - WARNING - No price record found for 6 in USD, using default values
2025-07-21 20:05:34 - price_service - WARNING - No price record found for 7 in USD, using default values
2025-07-21 20:05:34 - price_service - WARNING - No price record found for 8 in USD, using default values
2025-07-21 20:05:35 - price_service - WARNING - No price record found for 2 in USD, using default values
2025-07-21 20:05:35 - price_service - WARNING - No price record found for 4 in USD, using default values
2025-07-21 20:05:35 - price_service - WARNING - No price record found for 5 in USD, using default values
2025-07-21 20:05:35 - price_service - WARNING - No price record found for 6 in USD, using default values
2025-07-21 20:05:35 - price_service - WARNING - No price record found for 7 in USD, using default values
2025-07-21 20:05:35 - price_service - WARNING - No price record found for 8 in USD, using default values
2025-07-21 20:05:35 - price_service - WARNING - No price record found for 2 in USD, using default values
2025-07-21 20:05:35 - price_service - WARNING - No price record found for 4 in USD, using default values
2025-07-21 20:05:35 - price_service - WARNING - No price record found for 5 in USD, using default values
2025-07-21 20:05:35 - price_service - WARNING - No price record found for 6 in USD, using default values
2025-07-21 20:05:35 - price_service - WARNING - No price record found for 7 in USD, using default values
2025-07-21 20:05:35 - price_service - WARNING - No price record found for 8 in USD, using default values
2025-07-21 20:05:35 - price_service - WARNING - No price record found for 2 in USD, using default values
2025-07-21 20:05:35 - price_service - WARNING - No price record found for 4 in USD, using default values
2025-07-21 20:05:35 - price_service - WARNING - No price record found for 5 in USD, using default values
2025-07-21 20:05:35 - price_service - WARNING - No price record found for 6 in USD, using default values
2025-07-21 20:05:35 - price_service - WARNING - No price record found for 7 in USD, using default values
2025-07-21 20:05:35 - price_service - WARNING - No price record found for 8 in USD, using default values
2025-07-21 20:05:35 - price_service - WARNING - No price record found for 2 in USD, using default values
2025-07-21 20:05:35 - price_service - WARNING - No price record found for 4 in USD, using default values
2025-07-21 20:05:35 - price_service - WARNING - No price record found for 5 in USD, using default values
2025-07-21 20:05:35 - price_service - WARNING - No price record found for 6 in USD, using default values
2025-07-21 20:05:35 - price_service - WARNING - No price record found for 7 in USD, using default values
2025-07-21 20:05:35 - price_service - WARNING - No price record found for 8 in USD, using default values
2025-07-21 20:05:35 - price_service - WARNING - No price record found for 2 in USD, using default values
2025-07-21 20:05:35 - price_service - WARNING - No price record found for 4 in USD, using default values
2025-07-21 20:05:35 - price_service - WARNING - No price record found for 5 in USD, using default values
2025-07-21 20:05:35 - price_service - WARNING - No price record found for 6 in USD, using default values
2025-07-21 20:05:35 - price_service - WARNING - No price record found for 7 in USD, using default values
2025-07-21 20:05:35 - price_service - WARNING - No price record found for 8 in USD, using default values
2025-07-21 20:05:36 - price_service - WARNING - No price record found for 2 in USD, using default values
2025-07-21 20:05:36 - price_service - WARNING - No price record found for 4 in USD, using default values
2025-07-21 20:05:36 - price_service - WARNING - No price record found for 5 in USD, using default values
2025-07-21 20:05:36 - price_service - WARNING - No price record found for 6 in USD, using default values
2025-07-21 20:05:36 - price_service - WARNING - No price record found for 7 in USD, using default values
2025-07-21 20:05:36 - price_service - WARNING - No price record found for 8 in USD, using default values
2025-07-21 20:08:56 - price_service - DEBUG - Logger initialized for price_service at level DEBUG
2025-07-21 20:08:56 - price_service - INFO - Initializing price service module
2025-07-21 20:08:58 - price_service - INFO - Initializing price service module
2025-07-21 20:09:11 - price_service - DEBUG - Logger initialized for price_service at level DEBUG
2025-07-21 20:09:11 - price_service - INFO - Initializing price service module
2025-07-21 20:09:12 - price_service - INFO - Initializing price service module
2025-07-21 20:09:40 - price_service - DEBUG - Logger initialized for price_service at level DEBUG
2025-07-21 20:09:40 - price_service - INFO - Initializing price service module
2025-07-21 20:09:42 - price_service - INFO - Initializing price service module
2025-07-21 20:20:21 - price_service - DEBUG - Logger initialized for price_service at level DEBUG
2025-07-21 20:20:21 - price_service - INFO - Initializing price service module
2025-07-21 20:20:23 - price_service - INFO - Initializing price service module
2025-07-21 20:20:29 - price_service - DEBUG - Logger initialized for price_service at level DEBUG
2025-07-21 20:20:29 - price_service - INFO - Initializing price service module
2025-07-21 20:20:31 - price_service - INFO - Initializing price service module
2025-07-21 21:19:56 - price_service - ERROR - Price update failed after 0.01 seconds
2025-07-22 00:37:59 - price_service - ERROR - Price update failed after 0.01 seconds
2025-07-22 02:28:01 - price_service - ERROR - Price update failed after 0.01 seconds
2025-07-22 04:07:12 - price_service - ERROR - Price update failed after 0.01 seconds
2025-07-22 05:44:51 - price_service - WARNING - No price record found for 1 in IRR, using default values
2025-07-22 05:44:51 - price_service - WARNING - No price record found for 10 in IRR, using default values
2025-07-22 05:44:51 - price_service - WARNING - No price record found for 11 in IRR, using default values
2025-07-22 05:44:51 - price_service - WARNING - No price record found for 16 in IRR, using default values
2025-07-22 05:44:51 - price_service - WARNING - No price record found for 18 in IRR, using default values
2025-07-22 05:44:52 - price_service - WARNING - No price record found for 1 in IRR, using default values
2025-07-22 05:44:52 - price_service - WARNING - No price record found for 10 in IRR, using default values
2025-07-22 05:44:52 - price_service - WARNING - No price record found for 11 in IRR, using default values
2025-07-22 05:44:52 - price_service - WARNING - No price record found for 16 in IRR, using default values
2025-07-22 05:44:52 - price_service - WARNING - No price record found for 18 in IRR, using default values
2025-07-22 05:44:52 - price_service - WARNING - No price record found for 1 in IRR, using default values
2025-07-22 05:44:52 - price_service - WARNING - No price record found for 10 in IRR, using default values
2025-07-22 05:44:52 - price_service - WARNING - No price record found for 11 in IRR, using default values
2025-07-22 05:44:52 - price_service - WARNING - No price record found for 16 in IRR, using default values
2025-07-22 05:44:52 - price_service - WARNING - No price record found for 18 in IRR, using default values
2025-07-22 07:31:24 - price_service - WARNING - No price record found for 1 in IRR, using default values
2025-07-22 07:31:24 - price_service - WARNING - No price record found for 10 in IRR, using default values
2025-07-22 07:31:24 - price_service - WARNING - No price record found for 11 in IRR, using default values
2025-07-22 07:31:24 - price_service - WARNING - No price record found for 16 in IRR, using default values
2025-07-22 07:31:24 - price_service - WARNING - No price record found for 18 in IRR, using default values
2025-07-22 10:56:40 - price_service - WARNING - No price record found for 2 in USD, using default values
2025-07-22 10:56:40 - price_service - WARNING - No price record found for 4 in USD, using default values
2025-07-22 10:56:40 - price_service - WARNING - No price record found for 5 in USD, using default values
2025-07-22 10:56:40 - price_service - WARNING - No price record found for 6 in USD, using default values
2025-07-22 10:56:40 - price_service - WARNING - No price record found for 7 in USD, using default values
2025-07-22 10:56:40 - price_service - WARNING - No price record found for 8 in USD, using default values
2025-07-22 10:57:00 - price_service - WARNING - No price record found for 2 in USD, using default values
2025-07-22 10:57:00 - price_service - WARNING - No price record found for 4 in USD, using default values
2025-07-22 10:57:00 - price_service - WARNING - No price record found for 5 in USD, using default values
2025-07-22 10:57:00 - price_service - WARNING - No price record found for 6 in USD, using default values
2025-07-22 10:57:00 - price_service - WARNING - No price record found for 7 in USD, using default values
2025-07-22 10:57:00 - price_service - WARNING - No price record found for 8 in USD, using default values
2025-07-22 10:57:00 - price_service - WARNING - No price record found for 2 in USD, using default values
2025-07-22 10:57:00 - price_service - WARNING - No price record found for 4 in USD, using default values
2025-07-22 10:57:00 - price_service - WARNING - No price record found for 5 in USD, using default values
2025-07-22 10:57:00 - price_service - WARNING - No price record found for 6 in USD, using default values
2025-07-22 10:57:00 - price_service - WARNING - No price record found for 7 in USD, using default values
2025-07-22 10:57:00 - price_service - WARNING - No price record found for 8 in USD, using default values
2025-07-22 10:57:00 - price_service - WARNING - No price record found for 2 in USD, using default values
2025-07-22 10:57:00 - price_service - WARNING - No price record found for 4 in USD, using default values
2025-07-22 10:57:00 - price_service - WARNING - No price record found for 5 in USD, using default values
2025-07-22 10:57:00 - price_service - WARNING - No price record found for 6 in USD, using default values
2025-07-22 10:57:00 - price_service - WARNING - No price record found for 7 in USD, using default values
2025-07-22 10:57:00 - price_service - WARNING - No price record found for 8 in USD, using default values
2025-07-22 10:57:07 - price_service - WARNING - No price record found for 2 in USD, using default values
2025-07-22 10:57:07 - price_service - WARNING - No price record found for 4 in USD, using default values
2025-07-22 10:57:07 - price_service - WARNING - No price record found for 5 in USD, using default values
2025-07-22 10:57:07 - price_service - WARNING - No price record found for 6 in USD, using default values
2025-07-22 10:57:07 - price_service - WARNING - No price record found for 7 in USD, using default values
2025-07-22 10:57:07 - price_service - WARNING - No price record found for 8 in USD, using default values
2025-07-22 10:57:07 - price_service - WARNING - No price record found for 2 in USD, using default values
2025-07-22 10:57:07 - price_service - WARNING - No price record found for 4 in USD, using default values
2025-07-22 10:57:07 - price_service - WARNING - No price record found for 5 in USD, using default values
2025-07-22 10:57:07 - price_service - WARNING - No price record found for 6 in USD, using default values
2025-07-22 10:57:07 - price_service - WARNING - No price record found for 7 in USD, using default values
2025-07-22 10:57:07 - price_service - WARNING - No price record found for 8 in USD, using default values
2025-07-22 10:57:07 - price_service - WARNING - No price record found for 2 in USD, using default values
2025-07-22 10:57:07 - price_service - WARNING - No price record found for 4 in USD, using default values
2025-07-22 10:57:07 - price_service - WARNING - No price record found for 5 in USD, using default values
2025-07-22 10:57:07 - price_service - WARNING - No price record found for 6 in USD, using default values
2025-07-22 10:57:07 - price_service - WARNING - No price record found for 7 in USD, using default values
2025-07-22 10:57:07 - price_service - WARNING - No price record found for 8 in USD, using default values
2025-07-22 10:57:15 - price_service - WARNING - No price record found for 2 in USD, using default values
2025-07-22 10:57:15 - price_service - WARNING - No price record found for 4 in USD, using default values
2025-07-22 10:57:15 - price_service - WARNING - No price record found for 5 in USD, using default values
2025-07-22 10:57:15 - price_service - WARNING - No price record found for 6 in USD, using default values
2025-07-22 10:57:15 - price_service - WARNING - No price record found for 7 in USD, using default values
2025-07-22 10:57:15 - price_service - WARNING - No price record found for 8 in USD, using default values
2025-07-22 10:57:15 - price_service - WARNING - No price record found for 2 in USD, using default values
2025-07-22 10:57:15 - price_service - WARNING - No price record found for 4 in USD, using default values
2025-07-22 10:57:15 - price_service - WARNING - No price record found for 5 in USD, using default values
2025-07-22 10:57:15 - price_service - WARNING - No price record found for 6 in USD, using default values
2025-07-22 10:57:15 - price_service - WARNING - No price record found for 7 in USD, using default values
2025-07-22 10:57:15 - price_service - WARNING - No price record found for 8 in USD, using default values
2025-07-22 10:57:19 - price_service - WARNING - No price record found for 2 in USD, using default values
2025-07-22 10:57:19 - price_service - WARNING - No price record found for 4 in USD, using default values
2025-07-22 10:57:19 - price_service - WARNING - No price record found for 5 in USD, using default values
2025-07-22 10:57:19 - price_service - WARNING - No price record found for 6 in USD, using default values
2025-07-22 10:57:19 - price_service - WARNING - No price record found for 7 in USD, using default values
2025-07-22 10:57:19 - price_service - WARNING - No price record found for 8 in USD, using default values
2025-07-22 12:12:14 - price_service - WARNING - No price record found for 2 in USD, using default values
2025-07-22 12:12:14 - price_service - WARNING - No price record found for 4 in USD, using default values
2025-07-22 12:12:14 - price_service - WARNING - No price record found for 5 in USD, using default values
2025-07-22 12:12:14 - price_service - WARNING - No price record found for 6 in USD, using default values
2025-07-22 12:12:14 - price_service - WARNING - No price record found for 7 in USD, using default values
2025-07-22 12:12:14 - price_service - WARNING - No price record found for 8 in USD, using default values
2025-07-22 12:12:17 - price_service - WARNING - No price record found for 2 in USD, using default values
2025-07-22 12:12:17 - price_service - WARNING - No price record found for 4 in USD, using default values
2025-07-22 12:12:17 - price_service - WARNING - No price record found for 5 in USD, using default values
2025-07-22 12:12:17 - price_service - WARNING - No price record found for 6 in USD, using default values
2025-07-22 12:12:17 - price_service - WARNING - No price record found for 7 in USD, using default values
2025-07-22 12:12:17 - price_service - WARNING - No price record found for 8 in USD, using default values
2025-07-22 12:12:17 - price_service - WARNING - No price record found for 2 in USD, using default values
2025-07-22 12:12:17 - price_service - WARNING - No price record found for 4 in USD, using default values
2025-07-22 12:12:17 - price_service - WARNING - No price record found for 5 in USD, using default values
2025-07-22 12:12:17 - price_service - WARNING - No price record found for 6 in USD, using default values
2025-07-22 12:12:17 - price_service - WARNING - No price record found for 7 in USD, using default values
2025-07-22 12:12:17 - price_service - WARNING - No price record found for 8 in USD, using default values
2025-07-22 12:12:19 - price_service - WARNING - No price record found for 2 in USD, using default values
2025-07-22 12:12:19 - price_service - WARNING - No price record found for 4 in USD, using default values
2025-07-22 12:12:19 - price_service - WARNING - No price record found for 5 in USD, using default values
2025-07-22 12:12:19 - price_service - WARNING - No price record found for 6 in USD, using default values
2025-07-22 12:12:19 - price_service - WARNING - No price record found for 7 in USD, using default values
2025-07-22 12:12:19 - price_service - WARNING - No price record found for 8 in USD, using default values
2025-07-22 13:06:54 - price_service - WARNING - No price record found for 2 in USD, using default values
2025-07-22 13:06:54 - price_service - WARNING - No price record found for 4 in USD, using default values
2025-07-22 13:06:54 - price_service - WARNING - No price record found for 5 in USD, using default values
2025-07-22 13:06:54 - price_service - WARNING - No price record found for 6 in USD, using default values
2025-07-22 13:06:54 - price_service - WARNING - No price record found for 7 in USD, using default values
2025-07-22 13:06:54 - price_service - WARNING - No price record found for 8 in USD, using default values
2025-07-22 13:07:06 - price_service - WARNING - No price record found for 2 in USD, using default values
2025-07-22 13:07:06 - price_service - WARNING - No price record found for 4 in USD, using default values
2025-07-22 13:07:06 - price_service - WARNING - No price record found for 5 in USD, using default values
2025-07-22 13:07:06 - price_service - WARNING - No price record found for 6 in USD, using default values
2025-07-22 13:07:06 - price_service - WARNING - No price record found for 7 in USD, using default values
2025-07-22 13:07:06 - price_service - WARNING - No price record found for 8 in USD, using default values
2025-07-22 13:07:10 - price_service - WARNING - No price record found for 2 in USD, using default values
2025-07-22 13:07:10 - price_service - WARNING - No price record found for 4 in USD, using default values
2025-07-22 13:07:10 - price_service - WARNING - No price record found for 5 in USD, using default values
2025-07-22 13:07:10 - price_service - WARNING - No price record found for 6 in USD, using default values
2025-07-22 13:07:10 - price_service - WARNING - No price record found for 7 in USD, using default values
2025-07-22 13:07:10 - price_service - WARNING - No price record found for 8 in USD, using default values
2025-07-22 13:07:10 - price_service - WARNING - No price record found for 2 in USD, using default values
2025-07-22 13:07:10 - price_service - WARNING - No price record found for 4 in USD, using default values
2025-07-22 13:07:10 - price_service - WARNING - No price record found for 5 in USD, using default values
2025-07-22 13:07:10 - price_service - WARNING - No price record found for 6 in USD, using default values
2025-07-22 13:07:10 - price_service - WARNING - No price record found for 7 in USD, using default values
2025-07-22 13:07:10 - price_service - WARNING - No price record found for 8 in USD, using default values
2025-07-22 16:13:24 - price_service - ERROR - Price update failed after 0.00 seconds
2025-07-22 16:34:23 - price_service - WARNING - No price record found for 2 in USD, using default values
2025-07-22 16:34:23 - price_service - WARNING - No price record found for 4 in USD, using default values
2025-07-22 16:34:23 - price_service - WARNING - No price record found for 5 in USD, using default values
2025-07-22 16:34:23 - price_service - WARNING - No price record found for 6 in USD, using default values
2025-07-22 16:34:23 - price_service - WARNING - No price record found for 7 in USD, using default values
2025-07-22 16:34:23 - price_service - WARNING - No price record found for 8 in USD, using default values
2025-07-22 16:34:23 - price_service - WARNING - No price record found for 2 in USD, using default values
2025-07-22 16:34:23 - price_service - WARNING - No price record found for 4 in USD, using default values
2025-07-22 16:34:23 - price_service - WARNING - No price record found for 5 in USD, using default values
2025-07-22 16:34:23 - price_service - WARNING - No price record found for 6 in USD, using default values
2025-07-22 16:34:23 - price_service - WARNING - No price record found for 7 in USD, using default values
2025-07-22 16:34:23 - price_service - WARNING - No price record found for 8 in USD, using default values
2025-07-22 16:34:24 - price_service - WARNING - No price record found for 2 in USD, using default values
2025-07-22 16:34:24 - price_service - WARNING - No price record found for 4 in USD, using default values
2025-07-22 16:34:24 - price_service - WARNING - No price record found for 5 in USD, using default values
2025-07-22 16:34:24 - price_service - WARNING - No price record found for 6 in USD, using default values
2025-07-22 16:34:24 - price_service - WARNING - No price record found for 7 in USD, using default values
2025-07-22 16:34:24 - price_service - WARNING - No price record found for 8 in USD, using default values
2025-07-22 16:34:24 - price_service - WARNING - No price record found for 2 in USD, using default values
2025-07-22 16:34:24 - price_service - WARNING - No price record found for 4 in USD, using default values
2025-07-22 16:34:24 - price_service - WARNING - No price record found for 5 in USD, using default values
2025-07-22 16:34:24 - price_service - WARNING - No price record found for 6 in USD, using default values
2025-07-22 16:34:24 - price_service - WARNING - No price record found for 7 in USD, using default values
2025-07-22 16:34:24 - price_service - WARNING - No price record found for 8 in USD, using default values
2025-07-22 16:34:27 - price_service - WARNING - No price record found for 2 in USD, using default values
2025-07-22 16:34:27 - price_service - WARNING - No price record found for 4 in USD, using default values
2025-07-22 16:34:27 - price_service - WARNING - No price record found for 5 in USD, using default values
2025-07-22 16:34:27 - price_service - WARNING - No price record found for 6 in USD, using default values
2025-07-22 16:34:27 - price_service - WARNING - No price record found for 7 in USD, using default values
2025-07-22 16:34:27 - price_service - WARNING - No price record found for 8 in USD, using default values
2025-07-22 16:34:30 - price_service - WARNING - No price record found for 2 in USD, using default values
2025-07-22 16:34:30 - price_service - WARNING - No price record found for 4 in USD, using default values
2025-07-22 16:34:30 - price_service - WARNING - No price record found for 5 in USD, using default values
2025-07-22 16:34:30 - price_service - WARNING - No price record found for 6 in USD, using default values
2025-07-22 16:34:30 - price_service - WARNING - No price record found for 7 in USD, using default values
2025-07-22 16:34:30 - price_service - WARNING - No price record found for 8 in USD, using default values
2025-07-22 16:34:30 - price_service - WARNING - No price record found for 2 in USD, using default values
2025-07-22 16:34:30 - price_service - WARNING - No price record found for 4 in USD, using default values
2025-07-22 16:34:30 - price_service - WARNING - No price record found for 5 in USD, using default values
2025-07-22 16:34:30 - price_service - WARNING - No price record found for 6 in USD, using default values
2025-07-22 16:34:30 - price_service - WARNING - No price record found for 7 in USD, using default values
2025-07-22 16:34:30 - price_service - WARNING - No price record found for 8 in USD, using default values
2025-07-22 16:34:32 - price_service - WARNING - No price record found for 2 in USD, using default values
2025-07-22 16:34:32 - price_service - WARNING - No price record found for 4 in USD, using default values
2025-07-22 16:34:32 - price_service - WARNING - No price record found for 5 in USD, using default values
2025-07-22 16:34:32 - price_service - WARNING - No price record found for 6 in USD, using default values
2025-07-22 16:34:32 - price_service - WARNING - No price record found for 7 in USD, using default values
2025-07-22 16:34:32 - price_service - WARNING - No price record found for 8 in USD, using default values
2025-07-22 16:34:32 - price_service - WARNING - No price record found for 2 in USD, using default values
2025-07-22 16:34:32 - price_service - WARNING - No price record found for 4 in USD, using default values
2025-07-22 16:34:32 - price_service - WARNING - No price record found for 5 in USD, using default values
2025-07-22 16:34:32 - price_service - WARNING - No price record found for 6 in USD, using default values
2025-07-22 16:34:32 - price_service - WARNING - No price record found for 7 in USD, using default values
2025-07-22 16:34:32 - price_service - WARNING - No price record found for 8 in USD, using default values
