2025-07-21 07:21:06 - schedule_config - DEBUG - Logger initialized for schedule_config at level DEBUG
2025-07-21 07:21:06 - schedule_config - INFO - Loading schedule configuration
2025-07-21 07:21:06 - schedule_config - INFO - Schedule configuration loaded: 5 schedules defined
2025-07-21 07:21:06 - schedule_config - INFO - Batch size set to: 50 coins per package
2025-07-21 07:21:06 - schedule_config - DEBUG - Schedule 1: Every 5 minutes for 1 package(s): [0]
2025-07-21 07:21:06 - schedule_config - DEBUG - Schedule 2: Every 10 minutes for 1 package(s): [1]
2025-07-21 07:21:06 - schedule_config - DEBUG - Schedule 3: Every 15 minutes for 1 package(s): [2]
2025-07-21 07:21:06 - schedule_config - DEBUG - Schedule 4: Every 60 minutes for 6 package(s): [3, 4, 5, 6, 7, 8]
2025-07-21 07:21:06 - schedule_config - DEBUG - Schedule 5: Every 180 minutes for 9 package(s): [9, 10, 11, 12, 13, 14, 15, 16, 17]
2025-07-21 07:33:56 - schedule_config - DEBUG - Logger initialized for schedule_config at level DEBUG
2025-07-21 07:33:56 - schedule_config - INFO - Loading schedule configuration
2025-07-21 07:33:56 - schedule_config - INFO - Schedule configuration loaded: 5 schedules defined
2025-07-21 07:33:56 - schedule_config - INFO - Batch size set to: 50 coins per package
2025-07-21 07:33:56 - schedule_config - DEBUG - Schedule 1: Every 5 minutes for 1 package(s): [0]
2025-07-21 07:33:56 - schedule_config - DEBUG - Schedule 2: Every 10 minutes for 1 package(s): [1]
2025-07-21 07:33:56 - schedule_config - DEBUG - Schedule 3: Every 15 minutes for 1 package(s): [2]
2025-07-21 07:33:56 - schedule_config - DEBUG - Schedule 4: Every 60 minutes for 6 package(s): [3, 4, 5, 6, 7, 8]
2025-07-21 07:33:56 - schedule_config - DEBUG - Schedule 5: Every 180 minutes for 9 package(s): [9, 10, 11, 12, 13, 14, 15, 16, 17]
2025-07-21 09:19:02 - schedule_config - DEBUG - Logger initialized for schedule_config at level DEBUG
2025-07-21 09:19:02 - schedule_config - INFO - Loading schedule configuration
2025-07-21 09:19:02 - schedule_config - INFO - Schedule configuration loaded: 5 schedules defined
2025-07-21 09:19:02 - schedule_config - INFO - Batch size set to: 50 coins per package
2025-07-21 09:19:02 - schedule_config - DEBUG - Schedule 1: Every 5 minutes for 1 package(s): [0]
2025-07-21 09:19:02 - schedule_config - DEBUG - Schedule 2: Every 10 minutes for 1 package(s): [1]
2025-07-21 09:19:02 - schedule_config - DEBUG - Schedule 3: Every 15 minutes for 1 package(s): [2]
2025-07-21 09:19:02 - schedule_config - DEBUG - Schedule 4: Every 60 minutes for 6 package(s): [3, 4, 5, 6, 7, 8]
2025-07-21 09:19:02 - schedule_config - DEBUG - Schedule 5: Every 180 minutes for 9 package(s): [9, 10, 11, 12, 13, 14, 15, 16, 17]
2025-07-21 09:19:03 - schedule_config - DEBUG - Logger initialized for schedule_config at level DEBUG
2025-07-21 09:19:03 - schedule_config - INFO - Loading schedule configuration
2025-07-21 09:19:03 - schedule_config - INFO - Schedule configuration loaded: 5 schedules defined
2025-07-21 09:19:03 - schedule_config - INFO - Batch size set to: 50 coins per package
2025-07-21 09:19:03 - schedule_config - DEBUG - Schedule 1: Every 5 minutes for 1 package(s): [0]
2025-07-21 09:19:03 - schedule_config - DEBUG - Schedule 2: Every 10 minutes for 1 package(s): [1]
2025-07-21 09:19:03 - schedule_config - DEBUG - Schedule 3: Every 15 minutes for 1 package(s): [2]
2025-07-21 09:19:03 - schedule_config - DEBUG - Schedule 4: Every 60 minutes for 6 package(s): [3, 4, 5, 6, 7, 8]
2025-07-21 09:19:03 - schedule_config - DEBUG - Schedule 5: Every 180 minutes for 9 package(s): [9, 10, 11, 12, 13, 14, 15, 16, 17]
2025-07-21 09:19:03 - schedule_config - DEBUG - Logger initialized for schedule_config at level DEBUG
2025-07-21 09:19:03 - schedule_config - INFO - Loading schedule configuration
2025-07-21 09:19:03 - schedule_config - INFO - Schedule configuration loaded: 5 schedules defined
2025-07-21 09:19:03 - schedule_config - INFO - Batch size set to: 50 coins per package
2025-07-21 09:19:03 - schedule_config - DEBUG - Schedule 1: Every 5 minutes for 1 package(s): [0]
2025-07-21 09:19:03 - schedule_config - DEBUG - Schedule 2: Every 10 minutes for 1 package(s): [1]
2025-07-21 09:19:03 - schedule_config - DEBUG - Schedule 3: Every 15 minutes for 1 package(s): [2]
2025-07-21 09:19:03 - schedule_config - DEBUG - Schedule 4: Every 60 minutes for 6 package(s): [3, 4, 5, 6, 7, 8]
2025-07-21 09:19:03 - schedule_config - DEBUG - Schedule 5: Every 180 minutes for 9 package(s): [9, 10, 11, 12, 13, 14, 15, 16, 17]
2025-07-21 10:40:48 - schedule_config - DEBUG - Logger initialized for schedule_config at level DEBUG
2025-07-21 10:40:48 - schedule_config - INFO - Loading schedule configuration
2025-07-21 10:40:48 - schedule_config - INFO - Schedule configuration loaded: 5 schedules defined
2025-07-21 10:40:48 - schedule_config - INFO - Batch size set to: 50 coins per package
2025-07-21 10:40:48 - schedule_config - DEBUG - Schedule 1: Every 5 minutes for 1 package(s): [0]
2025-07-21 10:40:48 - schedule_config - DEBUG - Schedule 2: Every 10 minutes for 1 package(s): [1]
2025-07-21 10:40:48 - schedule_config - DEBUG - Schedule 3: Every 15 minutes for 1 package(s): [2]
2025-07-21 10:40:48 - schedule_config - DEBUG - Schedule 4: Every 60 minutes for 6 package(s): [3, 4, 5, 6, 7, 8]
2025-07-21 10:40:48 - schedule_config - DEBUG - Schedule 5: Every 180 minutes for 9 package(s): [9, 10, 11, 12, 13, 14, 15, 16, 17]
2025-07-21 10:40:48 - schedule_config - DEBUG - Logger initialized for schedule_config at level DEBUG
2025-07-21 10:40:48 - schedule_config - INFO - Loading schedule configuration
2025-07-21 10:40:48 - schedule_config - INFO - Schedule configuration loaded: 5 schedules defined
2025-07-21 10:40:48 - schedule_config - INFO - Batch size set to: 50 coins per package
2025-07-21 10:40:48 - schedule_config - DEBUG - Schedule 1: Every 5 minutes for 1 package(s): [0]
2025-07-21 10:40:48 - schedule_config - DEBUG - Schedule 2: Every 10 minutes for 1 package(s): [1]
2025-07-21 10:40:48 - schedule_config - DEBUG - Schedule 3: Every 15 minutes for 1 package(s): [2]
2025-07-21 10:40:48 - schedule_config - DEBUG - Schedule 4: Every 60 minutes for 6 package(s): [3, 4, 5, 6, 7, 8]
2025-07-21 10:40:48 - schedule_config - DEBUG - Schedule 5: Every 180 minutes for 9 package(s): [9, 10, 11, 12, 13, 14, 15, 16, 17]
2025-07-21 10:40:49 - schedule_config - DEBUG - Logger initialized for schedule_config at level DEBUG
2025-07-21 10:40:49 - schedule_config - INFO - Loading schedule configuration
2025-07-21 10:40:49 - schedule_config - INFO - Schedule configuration loaded: 5 schedules defined
2025-07-21 10:40:49 - schedule_config - INFO - Batch size set to: 50 coins per package
2025-07-21 10:40:49 - schedule_config - DEBUG - Schedule 1: Every 5 minutes for 1 package(s): [0]
2025-07-21 10:40:49 - schedule_config - DEBUG - Schedule 2: Every 10 minutes for 1 package(s): [1]
2025-07-21 10:40:49 - schedule_config - DEBUG - Schedule 3: Every 15 minutes for 1 package(s): [2]
2025-07-21 10:40:49 - schedule_config - DEBUG - Schedule 4: Every 60 minutes for 6 package(s): [3, 4, 5, 6, 7, 8]
2025-07-21 10:40:49 - schedule_config - DEBUG - Schedule 5: Every 180 minutes for 9 package(s): [9, 10, 11, 12, 13, 14, 15, 16, 17]
2025-07-21 10:59:57 - schedule_config - DEBUG - Logger initialized for schedule_config at level DEBUG
2025-07-21 10:59:57 - schedule_config - INFO - Loading schedule configuration
2025-07-21 10:59:57 - schedule_config - INFO - Schedule configuration loaded: 5 schedules defined
2025-07-21 10:59:57 - schedule_config - INFO - Batch size set to: 50 coins per package
2025-07-21 10:59:57 - schedule_config - DEBUG - Schedule 1: Every 5 minutes for 1 package(s): [0]
2025-07-21 10:59:57 - schedule_config - DEBUG - Schedule 2: Every 10 minutes for 1 package(s): [1]
2025-07-21 10:59:57 - schedule_config - DEBUG - Schedule 3: Every 15 minutes for 1 package(s): [2]
2025-07-21 10:59:57 - schedule_config - DEBUG - Schedule 4: Every 60 minutes for 6 package(s): [3, 4, 5, 6, 7, 8]
2025-07-21 10:59:57 - schedule_config - DEBUG - Schedule 5: Every 180 minutes for 9 package(s): [9, 10, 11, 12, 13, 14, 15, 16, 17]
2025-07-21 10:59:57 - schedule_config - DEBUG - Logger initialized for schedule_config at level DEBUG
2025-07-21 10:59:57 - schedule_config - INFO - Loading schedule configuration
2025-07-21 10:59:57 - schedule_config - INFO - Schedule configuration loaded: 5 schedules defined
2025-07-21 10:59:57 - schedule_config - INFO - Batch size set to: 50 coins per package
2025-07-21 10:59:57 - schedule_config - DEBUG - Schedule 1: Every 5 minutes for 1 package(s): [0]
2025-07-21 10:59:57 - schedule_config - DEBUG - Schedule 2: Every 10 minutes for 1 package(s): [1]
2025-07-21 10:59:57 - schedule_config - DEBUG - Schedule 3: Every 15 minutes for 1 package(s): [2]
2025-07-21 10:59:57 - schedule_config - DEBUG - Schedule 4: Every 60 minutes for 6 package(s): [3, 4, 5, 6, 7, 8]
2025-07-21 10:59:57 - schedule_config - DEBUG - Schedule 5: Every 180 minutes for 9 package(s): [9, 10, 11, 12, 13, 14, 15, 16, 17]
2025-07-21 10:59:57 - schedule_config - DEBUG - Logger initialized for schedule_config at level DEBUG
2025-07-21 10:59:57 - schedule_config - INFO - Loading schedule configuration
2025-07-21 10:59:57 - schedule_config - INFO - Schedule configuration loaded: 5 schedules defined
2025-07-21 10:59:57 - schedule_config - INFO - Batch size set to: 50 coins per package
2025-07-21 10:59:57 - schedule_config - DEBUG - Schedule 1: Every 5 minutes for 1 package(s): [0]
2025-07-21 10:59:57 - schedule_config - DEBUG - Schedule 2: Every 10 minutes for 1 package(s): [1]
2025-07-21 10:59:57 - schedule_config - DEBUG - Schedule 3: Every 15 minutes for 1 package(s): [2]
2025-07-21 10:59:57 - schedule_config - DEBUG - Schedule 4: Every 60 minutes for 6 package(s): [3, 4, 5, 6, 7, 8]
2025-07-21 10:59:57 - schedule_config - DEBUG - Schedule 5: Every 180 minutes for 9 package(s): [9, 10, 11, 12, 13, 14, 15, 16, 17]
2025-07-21 11:02:07 - schedule_config - DEBUG - Logger initialized for schedule_config at level DEBUG
2025-07-21 11:02:07 - schedule_config - INFO - Loading schedule configuration
2025-07-21 11:02:07 - schedule_config - INFO - Schedule configuration loaded: 5 schedules defined
2025-07-21 11:02:07 - schedule_config - INFO - Batch size set to: 50 coins per package
2025-07-21 11:02:07 - schedule_config - DEBUG - Schedule 1: Every 5 minutes for 1 package(s): [0]
2025-07-21 11:02:07 - schedule_config - DEBUG - Schedule 2: Every 10 minutes for 1 package(s): [1]
2025-07-21 11:02:07 - schedule_config - DEBUG - Schedule 3: Every 15 minutes for 1 package(s): [2]
2025-07-21 11:02:07 - schedule_config - DEBUG - Schedule 4: Every 60 minutes for 6 package(s): [3, 4, 5, 6, 7, 8]
2025-07-21 11:02:07 - schedule_config - DEBUG - Schedule 5: Every 180 minutes for 9 package(s): [9, 10, 11, 12, 13, 14, 15, 16, 17]
2025-07-21 11:02:07 - schedule_config - DEBUG - Logger initialized for schedule_config at level DEBUG
2025-07-21 11:02:07 - schedule_config - INFO - Loading schedule configuration
2025-07-21 11:02:07 - schedule_config - INFO - Schedule configuration loaded: 5 schedules defined
2025-07-21 11:02:07 - schedule_config - INFO - Batch size set to: 50 coins per package
2025-07-21 11:02:07 - schedule_config - DEBUG - Schedule 1: Every 5 minutes for 1 package(s): [0]
2025-07-21 11:02:07 - schedule_config - DEBUG - Schedule 2: Every 10 minutes for 1 package(s): [1]
2025-07-21 11:02:07 - schedule_config - DEBUG - Schedule 3: Every 15 minutes for 1 package(s): [2]
2025-07-21 11:02:07 - schedule_config - DEBUG - Schedule 4: Every 60 minutes for 6 package(s): [3, 4, 5, 6, 7, 8]
2025-07-21 11:02:07 - schedule_config - DEBUG - Schedule 5: Every 180 minutes for 9 package(s): [9, 10, 11, 12, 13, 14, 15, 16, 17]
2025-07-21 11:02:07 - schedule_config - DEBUG - Logger initialized for schedule_config at level DEBUG
2025-07-21 11:02:07 - schedule_config - INFO - Loading schedule configuration
2025-07-21 11:02:07 - schedule_config - INFO - Schedule configuration loaded: 5 schedules defined
2025-07-21 11:02:07 - schedule_config - INFO - Batch size set to: 50 coins per package
2025-07-21 11:02:07 - schedule_config - DEBUG - Schedule 1: Every 5 minutes for 1 package(s): [0]
2025-07-21 11:02:07 - schedule_config - DEBUG - Schedule 2: Every 10 minutes for 1 package(s): [1]
2025-07-21 11:02:07 - schedule_config - DEBUG - Schedule 3: Every 15 minutes for 1 package(s): [2]
2025-07-21 11:02:07 - schedule_config - DEBUG - Schedule 4: Every 60 minutes for 6 package(s): [3, 4, 5, 6, 7, 8]
2025-07-21 11:02:07 - schedule_config - DEBUG - Schedule 5: Every 180 minutes for 9 package(s): [9, 10, 11, 12, 13, 14, 15, 16, 17]
2025-07-21 20:08:59 - schedule_config - DEBUG - Logger initialized for schedule_config at level DEBUG
2025-07-21 20:08:59 - schedule_config - INFO - Loading schedule configuration
2025-07-21 20:08:59 - schedule_config - INFO - Schedule configuration loaded: 5 schedules defined
2025-07-21 20:08:59 - schedule_config - INFO - Batch size set to: 50 coins per package
2025-07-21 20:08:59 - schedule_config - DEBUG - Schedule 1: Every 5 minutes for 1 package(s): [0]
2025-07-21 20:08:59 - schedule_config - DEBUG - Schedule 2: Every 10 minutes for 1 package(s): [1]
2025-07-21 20:08:59 - schedule_config - DEBUG - Schedule 3: Every 15 minutes for 1 package(s): [2]
2025-07-21 20:08:59 - schedule_config - DEBUG - Schedule 4: Every 60 minutes for 6 package(s): [3, 4, 5, 6, 7, 8]
2025-07-21 20:08:59 - schedule_config - DEBUG - Schedule 5: Every 180 minutes for 9 package(s): [9, 10, 11, 12, 13, 14, 15, 16, 17]
2025-07-21 20:09:13 - schedule_config - DEBUG - Logger initialized for schedule_config at level DEBUG
2025-07-21 20:09:13 - schedule_config - INFO - Loading schedule configuration
2025-07-21 20:09:13 - schedule_config - INFO - Schedule configuration loaded: 5 schedules defined
2025-07-21 20:09:13 - schedule_config - INFO - Batch size set to: 50 coins per package
2025-07-21 20:09:13 - schedule_config - DEBUG - Schedule 1: Every 5 minutes for 1 package(s): [0]
2025-07-21 20:09:13 - schedule_config - DEBUG - Schedule 2: Every 10 minutes for 1 package(s): [1]
2025-07-21 20:09:13 - schedule_config - DEBUG - Schedule 3: Every 15 minutes for 1 package(s): [2]
2025-07-21 20:09:13 - schedule_config - DEBUG - Schedule 4: Every 60 minutes for 6 package(s): [3, 4, 5, 6, 7, 8]
2025-07-21 20:09:13 - schedule_config - DEBUG - Schedule 5: Every 180 minutes for 9 package(s): [9, 10, 11, 12, 13, 14, 15, 16, 17]
2025-07-21 20:09:42 - schedule_config - DEBUG - Logger initialized for schedule_config at level DEBUG
2025-07-21 20:09:42 - schedule_config - INFO - Loading schedule configuration
2025-07-21 20:09:42 - schedule_config - INFO - Schedule configuration loaded: 5 schedules defined
2025-07-21 20:09:42 - schedule_config - INFO - Batch size set to: 50 coins per package
2025-07-21 20:09:42 - schedule_config - DEBUG - Schedule 1: Every 5 minutes for 1 package(s): [0]
2025-07-21 20:09:42 - schedule_config - DEBUG - Schedule 2: Every 10 minutes for 1 package(s): [1]
2025-07-21 20:09:42 - schedule_config - DEBUG - Schedule 3: Every 15 minutes for 1 package(s): [2]
2025-07-21 20:09:42 - schedule_config - DEBUG - Schedule 4: Every 60 minutes for 6 package(s): [3, 4, 5, 6, 7, 8]
2025-07-21 20:09:42 - schedule_config - DEBUG - Schedule 5: Every 180 minutes for 9 package(s): [9, 10, 11, 12, 13, 14, 15, 16, 17]
2025-07-21 20:20:23 - schedule_config - DEBUG - Logger initialized for schedule_config at level DEBUG
2025-07-21 20:20:23 - schedule_config - INFO - Loading schedule configuration
2025-07-21 20:20:23 - schedule_config - INFO - Schedule configuration loaded: 5 schedules defined
2025-07-21 20:20:23 - schedule_config - INFO - Batch size set to: 50 coins per package
2025-07-21 20:20:23 - schedule_config - DEBUG - Schedule 1: Every 5 minutes for 1 package(s): [0]
2025-07-21 20:20:23 - schedule_config - DEBUG - Schedule 2: Every 10 minutes for 1 package(s): [1]
2025-07-21 20:20:23 - schedule_config - DEBUG - Schedule 3: Every 15 minutes for 1 package(s): [2]
2025-07-21 20:20:23 - schedule_config - DEBUG - Schedule 4: Every 60 minutes for 6 package(s): [3, 4, 5, 6, 7, 8]
2025-07-21 20:20:23 - schedule_config - DEBUG - Schedule 5: Every 180 minutes for 9 package(s): [9, 10, 11, 12, 13, 14, 15, 16, 17]
2025-07-21 20:20:31 - schedule_config - DEBUG - Logger initialized for schedule_config at level DEBUG
2025-07-21 20:20:31 - schedule_config - INFO - Loading schedule configuration
2025-07-21 20:20:31 - schedule_config - INFO - Schedule configuration loaded: 5 schedules defined
2025-07-21 20:20:31 - schedule_config - INFO - Batch size set to: 50 coins per package
2025-07-21 20:20:31 - schedule_config - DEBUG - Schedule 1: Every 5 minutes for 1 package(s): [0]
2025-07-21 20:20:31 - schedule_config - DEBUG - Schedule 2: Every 10 minutes for 1 package(s): [1]
2025-07-21 20:20:31 - schedule_config - DEBUG - Schedule 3: Every 15 minutes for 1 package(s): [2]
2025-07-21 20:20:31 - schedule_config - DEBUG - Schedule 4: Every 60 minutes for 6 package(s): [3, 4, 5, 6, 7, 8]
2025-07-21 20:20:31 - schedule_config - DEBUG - Schedule 5: Every 180 minutes for 9 package(s): [9, 10, 11, 12, 13, 14, 15, 16, 17]
