2025-03-03 08:43:01,273 - Recive - INFO - Initializing receive transaction module
2025-03-03 08:43:09,354 - Recive - INFO - Initializing receive transaction module
2025-03-03 08:48:52,353 - Recive - INFO - Initializing receive transaction module
2025-03-03 08:49:00,491 - Recive - INFO - Initializing receive transaction module
2025-03-03 08:51:33,840 - Recive - DEBUG - Processing transaction receive request for user: e7b495a0-29be-4dd2-8779-f02050763756 on blockchain: BNB
2025-03-03 08:51:33,841 - Recive - INFO - Successfully processed transaction receive for user: e7b495a0-29be-4dd2-8779-f02050763756 on blockchain: BNB
2025-03-03 08:52:18,292 - Recive - DEBUG - Processing transaction receive request for user: 6572f6f2-4a22-43b6-90b5-5bdbdf417cd3 on blockchain: BNB
2025-03-03 08:52:18,295 - Recive - INFO - Successfully processed transaction receive for user: 6572f6f2-4a22-43b6-90b5-5bdbdf417cd3 on blockchain: BNB
2025-03-03 08:55:07,464 - Recive - INFO - Initializing receive transaction module
2025-03-03 09:00:55,844 - Recive - INFO - Initializing receive transaction module
2025-03-03 09:01:03,855 - Recive - INFO - Initializing receive transaction module
2025-03-03 09:01:08,337 - Recive - DEBUG - Processing transaction receive request for user: 6572f6f2-4a22-43b6-90b5-5bdbdf417cd3 on blockchain: BNB
2025-03-03 09:01:08,352 - Recive - ERROR - Error getting address from database: type object 'Blockchains' has no attribute 'Name'
2025-03-03 09:01:08,353 - Recive - ERROR - Error in receive_transaction: type object 'Blockchains' has no attribute 'Name'
Traceback (most recent call last):
  File "c:\Users\kozmos teknoloji\Desktop\CC\TA\Recive.py", line 118, in receive_transaction
    public_address = get_user_address(session, user_id, blockchain)
                     ^^^^^^^^^^^^^^^^^^^^^^^^^^^^^^^^^^^^^^^^^^^^^^
  File "c:\Users\kozmos teknoloji\Desktop\CC\TA\Recive.py", line 40, in get_user_address
    Blockchains.Name == blockchain_name
    ^^^^^^^^^^^^^^^^
AttributeError: type object 'Blockchains' has no attribute 'Name'
2025-03-03 09:02:15,988 - Recive - INFO - Initializing receive transaction module
2025-03-03 09:02:36,524 - Recive - INFO - Initializing receive transaction module
2025-03-03 09:02:44,567 - Recive - INFO - Initializing receive transaction module
2025-03-03 09:02:49,007 - Recive - DEBUG - Processing transaction receive request for user: 6572f6f2-4a22-43b6-90b5-5bdbdf417cd3 on blockchain: BNB
2025-03-03 09:02:49,024 - Recive - WARNING - Invalid blockchain name: BNB
2025-03-03 09:02:49,025 - Recive - ERROR - Error getting address from database: Invalid blockchain name
2025-03-03 09:02:49,025 - Recive - WARNING - Validation error in receive_transaction: Invalid blockchain name
2025-03-03 09:03:39,408 - Recive - INFO - Initializing receive transaction module
2025-03-03 09:04:30,054 - Recive - WARNING - Validation error in receive_transaction: BlockchainName contains invalid characters
2025-03-03 09:21:05,955 - Recive - INFO - Initializing receive transaction module
2025-03-03 09:21:14,007 - Recive - INFO - Initializing receive transaction module
2025-03-03 09:21:23,100 - Recive - DEBUG - Processing transaction receive request for user: 6572f6f2-4a22-43b6-90b5-5bdbdf417cd3 on blockchain symbol: BNB
2025-03-03 09:21:23,122 - Recive - DEBUG - Available blockchain symbols: ['ETH', 'TRX', 'BNB', 'BTC', 'MATIC', 'ARB', 'XRP', 'SOL', 'AVAX', 'DOT']
2025-03-03 09:21:23,129 - Recive - INFO - Successfully processed transaction receive for user: 6572f6f2-4a22-43b6-90b5-5bdbdf417cd3 on blockchain symbol: BNB
