2025-07-17 06:03:37 - All_Currencies - DEBUG - Logger initialized for All_Currencies at level DEBUG
2025-07-17 06:03:37 - All_Currencies - INFO - Initializing currency post module
2025-07-17 06:03:37 - All_Currencies - DEBUG - Logger initialized for All_Currencies at level DEBUG
2025-07-17 06:03:37 - All_Currencies - INFO - Initializing currency post module
2025-07-17 06:03:37 - All_Currencies - DEBUG - Logger initialized for All_Currencies at level DEBUG
2025-07-17 06:03:37 - All_Currencies - INFO - Initializing currency post module
2025-07-17 06:03:39 - All_Currencies - INFO - Initializing currency post module
2025-07-17 06:03:39 - All_Currencies - INFO - Initializing currency post module
2025-07-17 06:03:40 - All_Currencies - INFO - Initializing currency post module
2025-07-17 06:09:08 - All_Currencies - DEBUG - Logger initialized for All_Currencies at level DEBUG
2025-07-17 06:09:08 - All_Currencies - INFO - Initializing currency post module
2025-07-17 06:09:08 - All_Currencies - DEBUG - Logger initialized for All_Currencies at level DEBUG
2025-07-17 06:09:08 - All_Currencies - INFO - Initializing currency post module
2025-07-17 06:09:08 - All_Currencies - DEBUG - Logger initialized for All_Currencies at level DEBUG
2025-07-17 06:09:08 - All_Currencies - INFO - Initializing currency post module
2025-07-17 06:09:10 - All_Currencies - INFO - Initializing currency post module
2025-07-17 06:09:10 - All_Currencies - INFO - Initializing currency post module
2025-07-17 06:09:10 - All_Currencies - INFO - Initializing currency post module
2025-07-17 06:11:48 - All_Currencies - DEBUG - Logger initialized for All_Currencies at level DEBUG
2025-07-17 06:11:48 - All_Currencies - INFO - Initializing currency post module
2025-07-17 06:11:48 - All_Currencies - DEBUG - Logger initialized for All_Currencies at level DEBUG
2025-07-17 06:11:48 - All_Currencies - INFO - Initializing currency post module
2025-07-17 06:11:49 - All_Currencies - DEBUG - Logger initialized for All_Currencies at level DEBUG
2025-07-17 06:11:49 - All_Currencies - INFO - Initializing currency post module
2025-07-17 06:11:50 - All_Currencies - INFO - Initializing currency post module
2025-07-17 06:11:50 - All_Currencies - INFO - Initializing currency post module
2025-07-17 06:11:51 - All_Currencies - INFO - Initializing currency post module
2025-07-17 06:27:39 - All_Currencies - DEBUG - Logger initialized for All_Currencies at level DEBUG
2025-07-17 06:27:39 - All_Currencies - INFO - Initializing currency post module
2025-07-17 06:27:40 - All_Currencies - DEBUG - Logger initialized for All_Currencies at level DEBUG
2025-07-17 06:27:40 - All_Currencies - INFO - Initializing currency post module
2025-07-17 06:27:40 - All_Currencies - DEBUG - Logger initialized for All_Currencies at level DEBUG
2025-07-17 06:27:40 - All_Currencies - INFO - Initializing currency post module
2025-07-17 06:27:41 - All_Currencies - INFO - Initializing currency post module
2025-07-17 06:27:42 - All_Currencies - INFO - Initializing currency post module
2025-07-17 06:27:42 - All_Currencies - INFO - Initializing currency post module
2025-07-17 06:31:32 - All_Currencies - DEBUG - Logger initialized for All_Currencies at level DEBUG
2025-07-17 06:31:32 - All_Currencies - INFO - Initializing currency post module
2025-07-17 06:31:32 - All_Currencies - DEBUG - Logger initialized for All_Currencies at level DEBUG
2025-07-17 06:31:32 - All_Currencies - INFO - Initializing currency post module
2025-07-17 06:31:32 - All_Currencies - DEBUG - Logger initialized for All_Currencies at level DEBUG
2025-07-17 06:31:32 - All_Currencies - INFO - Initializing currency post module
2025-07-17 06:31:34 - All_Currencies - INFO - Initializing currency post module
2025-07-17 06:31:34 - All_Currencies - INFO - Initializing currency post module
2025-07-17 06:31:34 - All_Currencies - INFO - Initializing currency post module
2025-07-17 06:35:28 - All_Currencies - DEBUG - Logger initialized for All_Currencies at level DEBUG
2025-07-17 06:35:28 - All_Currencies - INFO - Initializing currency post module
2025-07-17 06:35:29 - All_Currencies - DEBUG - Logger initialized for All_Currencies at level DEBUG
2025-07-17 06:35:29 - All_Currencies - INFO - Initializing currency post module
2025-07-17 06:35:29 - All_Currencies - DEBUG - Logger initialized for All_Currencies at level DEBUG
2025-07-17 06:35:29 - All_Currencies - INFO - Initializing currency post module
2025-07-17 06:35:30 - All_Currencies - INFO - Initializing currency post module
2025-07-17 06:35:31 - All_Currencies - INFO - Initializing currency post module
2025-07-17 06:35:31 - All_Currencies - INFO - Initializing currency post module
2025-07-17 06:36:41 - All_Currencies - DEBUG - Logger initialized for All_Currencies at level DEBUG
2025-07-17 06:36:41 - All_Currencies - INFO - Initializing currency post module
2025-07-17 06:36:42 - All_Currencies - DEBUG - Logger initialized for All_Currencies at level DEBUG
2025-07-17 06:36:42 - All_Currencies - INFO - Initializing currency post module
2025-07-17 06:36:42 - All_Currencies - DEBUG - Logger initialized for All_Currencies at level DEBUG
2025-07-17 06:36:42 - All_Currencies - INFO - Initializing currency post module
2025-07-17 06:36:43 - All_Currencies - INFO - Initializing currency post module
2025-07-17 06:36:44 - All_Currencies - INFO - Initializing currency post module
2025-07-17 06:36:44 - All_Currencies - INFO - Initializing currency post module
2025-07-17 06:59:04 - All_Currencies - DEBUG - Logger initialized for All_Currencies at level DEBUG
2025-07-17 06:59:04 - All_Currencies - INFO - Initializing currency post module
2025-07-17 06:59:04 - All_Currencies - DEBUG - Logger initialized for All_Currencies at level DEBUG
2025-07-17 06:59:04 - All_Currencies - INFO - Initializing currency post module
2025-07-17 06:59:04 - All_Currencies - DEBUG - Logger initialized for All_Currencies at level DEBUG
2025-07-17 06:59:04 - All_Currencies - INFO - Initializing currency post module
2025-07-17 06:59:06 - All_Currencies - INFO - Initializing currency post module
2025-07-17 06:59:06 - All_Currencies - INFO - Initializing currency post module
2025-07-17 06:59:06 - All_Currencies - INFO - Initializing currency post module
2025-07-17 07:00:51 - All_Currencies - DEBUG - Logger initialized for All_Currencies at level DEBUG
2025-07-17 07:00:51 - All_Currencies - INFO - Initializing currency post module
2025-07-17 07:00:52 - All_Currencies - DEBUG - Logger initialized for All_Currencies at level DEBUG
2025-07-17 07:00:52 - All_Currencies - INFO - Initializing currency post module
2025-07-17 07:00:52 - All_Currencies - DEBUG - Logger initialized for All_Currencies at level DEBUG
2025-07-17 07:00:52 - All_Currencies - INFO - Initializing currency post module
2025-07-17 07:00:53 - All_Currencies - INFO - Initializing currency post module
2025-07-17 07:00:54 - All_Currencies - INFO - Initializing currency post module
2025-07-17 07:00:54 - All_Currencies - INFO - Initializing currency post module
2025-07-17 07:01:10 - All_Currencies - DEBUG - Logger initialized for All_Currencies at level DEBUG
2025-07-17 07:01:10 - All_Currencies - INFO - Initializing currency post module
2025-07-17 07:01:10 - All_Currencies - DEBUG - Logger initialized for All_Currencies at level DEBUG
2025-07-17 07:01:10 - All_Currencies - INFO - Initializing currency post module
2025-07-17 07:01:11 - All_Currencies - DEBUG - Logger initialized for All_Currencies at level DEBUG
2025-07-17 07:01:11 - All_Currencies - INFO - Initializing currency post module
2025-07-17 07:01:12 - All_Currencies - INFO - Initializing currency post module
2025-07-17 07:01:12 - All_Currencies - INFO - Initializing currency post module
2025-07-17 07:01:13 - All_Currencies - INFO - Initializing currency post module
2025-07-17 07:08:51 - All_Currencies - ERROR - Error fetching all currencies: (mysql.connector.errors.DatabaseError) 2003 (HY000): Can't connect to MySQL server on 'localhost:3306' (111)
(Background on this error at: https://sqlalche.me/e/20/4xp6)
2025-07-17 07:16:39 - All_Currencies - DEBUG - Logger initialized for All_Currencies at level DEBUG
2025-07-17 07:16:39 - All_Currencies - INFO - Initializing currency post module
2025-07-17 07:16:40 - All_Currencies - DEBUG - Logger initialized for All_Currencies at level DEBUG
2025-07-17 07:16:40 - All_Currencies - INFO - Initializing currency post module
2025-07-17 07:16:40 - All_Currencies - DEBUG - Logger initialized for All_Currencies at level DEBUG
2025-07-17 07:16:40 - All_Currencies - INFO - Initializing currency post module
2025-07-17 07:16:41 - All_Currencies - INFO - Initializing currency post module
2025-07-17 07:16:42 - All_Currencies - INFO - Initializing currency post module
2025-07-17 07:16:42 - All_Currencies - INFO - Initializing currency post module
2025-07-17 07:21:58 - All_Currencies - DEBUG - Logger initialized for All_Currencies at level DEBUG
2025-07-17 07:21:58 - All_Currencies - INFO - Initializing currency post module
2025-07-17 07:21:58 - All_Currencies - DEBUG - Logger initialized for All_Currencies at level DEBUG
2025-07-17 07:21:58 - All_Currencies - INFO - Initializing currency post module
2025-07-17 07:21:58 - All_Currencies - DEBUG - Logger initialized for All_Currencies at level DEBUG
2025-07-17 07:21:58 - All_Currencies - INFO - Initializing currency post module
2025-07-17 07:22:00 - All_Currencies - INFO - Initializing currency post module
2025-07-17 07:22:00 - All_Currencies - INFO - Initializing currency post module
2025-07-17 07:22:00 - All_Currencies - INFO - Initializing currency post module
2025-07-17 07:28:24 - All_Currencies - DEBUG - Logger initialized for All_Currencies at level DEBUG
2025-07-17 07:28:24 - All_Currencies - INFO - Initializing currency post module
2025-07-17 07:28:24 - All_Currencies - DEBUG - Logger initialized for All_Currencies at level DEBUG
2025-07-17 07:28:24 - All_Currencies - INFO - Initializing currency post module
2025-07-17 07:28:24 - All_Currencies - DEBUG - Logger initialized for All_Currencies at level DEBUG
2025-07-17 07:28:24 - All_Currencies - INFO - Initializing currency post module
2025-07-17 07:28:26 - All_Currencies - INFO - Initializing currency post module
2025-07-17 07:28:26 - All_Currencies - INFO - Initializing currency post module
2025-07-17 07:28:26 - All_Currencies - INFO - Initializing currency post module
2025-07-17 07:32:03 - All_Currencies - DEBUG - Logger initialized for All_Currencies at level DEBUG
2025-07-17 07:32:03 - All_Currencies - INFO - Initializing currency post module
2025-07-17 07:32:04 - All_Currencies - DEBUG - Logger initialized for All_Currencies at level DEBUG
2025-07-17 07:32:04 - All_Currencies - INFO - Initializing currency post module
2025-07-17 07:32:04 - All_Currencies - DEBUG - Logger initialized for All_Currencies at level DEBUG
2025-07-17 07:32:04 - All_Currencies - INFO - Initializing currency post module
2025-07-17 07:32:05 - All_Currencies - INFO - Initializing currency post module
2025-07-17 07:32:06 - All_Currencies - INFO - Initializing currency post module
2025-07-17 07:32:06 - All_Currencies - INFO - Initializing currency post module
2025-07-17 07:36:34 - All_Currencies - DEBUG - Logger initialized for All_Currencies at level DEBUG
2025-07-17 07:36:34 - All_Currencies - INFO - Initializing currency post module
2025-07-17 07:36:34 - All_Currencies - DEBUG - Logger initialized for All_Currencies at level DEBUG
2025-07-17 07:36:34 - All_Currencies - INFO - Initializing currency post module
2025-07-17 07:36:34 - All_Currencies - DEBUG - Logger initialized for All_Currencies at level DEBUG
2025-07-17 07:36:34 - All_Currencies - INFO - Initializing currency post module
2025-07-17 07:36:36 - All_Currencies - INFO - Initializing currency post module
2025-07-17 07:36:36 - All_Currencies - INFO - Initializing currency post module
2025-07-17 07:36:36 - All_Currencies - INFO - Initializing currency post module
2025-07-17 07:43:28 - All_Currencies - DEBUG - Logger initialized for All_Currencies at level DEBUG
2025-07-17 07:43:28 - All_Currencies - INFO - Initializing currency post module
2025-07-17 07:43:29 - All_Currencies - DEBUG - Logger initialized for All_Currencies at level DEBUG
2025-07-17 07:43:29 - All_Currencies - INFO - Initializing currency post module
2025-07-17 07:43:29 - All_Currencies - DEBUG - Logger initialized for All_Currencies at level DEBUG
2025-07-17 07:43:29 - All_Currencies - INFO - Initializing currency post module
2025-07-17 07:43:30 - All_Currencies - INFO - Initializing currency post module
2025-07-17 07:43:31 - All_Currencies - INFO - Initializing currency post module
2025-07-17 07:43:31 - All_Currencies - INFO - Initializing currency post module
2025-07-17 07:47:25 - All_Currencies - DEBUG - Logger initialized for All_Currencies at level DEBUG
2025-07-17 07:47:25 - All_Currencies - INFO - Initializing currency post module
2025-07-17 07:47:26 - All_Currencies - DEBUG - Logger initialized for All_Currencies at level DEBUG
2025-07-17 07:47:26 - All_Currencies - INFO - Initializing currency post module
2025-07-17 07:47:26 - All_Currencies - DEBUG - Logger initialized for All_Currencies at level DEBUG
2025-07-17 07:47:26 - All_Currencies - INFO - Initializing currency post module
2025-07-17 07:47:27 - All_Currencies - INFO - Initializing currency post module
2025-07-17 07:47:27 - All_Currencies - INFO - Initializing currency post module
2025-07-17 07:47:27 - All_Currencies - INFO - Initializing currency post module
2025-07-17 07:54:34 - All_Currencies - DEBUG - Logger initialized for All_Currencies at level DEBUG
2025-07-17 07:54:34 - All_Currencies - INFO - Initializing currency post module
2025-07-17 07:54:34 - All_Currencies - DEBUG - Logger initialized for All_Currencies at level DEBUG
2025-07-17 07:54:34 - All_Currencies - INFO - Initializing currency post module
2025-07-17 07:54:35 - All_Currencies - DEBUG - Logger initialized for All_Currencies at level DEBUG
2025-07-17 07:54:35 - All_Currencies - INFO - Initializing currency post module
2025-07-17 07:54:36 - All_Currencies - INFO - Initializing currency post module
2025-07-17 07:54:36 - All_Currencies - INFO - Initializing currency post module
2025-07-17 07:54:36 - All_Currencies - INFO - Initializing currency post module
2025-07-17 08:20:15 - All_Currencies - DEBUG - Logger initialized for All_Currencies at level DEBUG
2025-07-17 08:20:15 - All_Currencies - INFO - Initializing currency post module
2025-07-17 08:20:16 - All_Currencies - INFO - Initializing currency post module
2025-07-17 10:46:55 - All_Currencies - DEBUG - Logger initialized for All_Currencies at level DEBUG
2025-07-17 10:46:55 - All_Currencies - INFO - Initializing currency post module
2025-07-17 10:46:57 - All_Currencies - INFO - Initializing currency post module
2025-07-17 10:47:14 - All_Currencies - DEBUG - Logger initialized for All_Currencies at level DEBUG
2025-07-17 10:47:14 - All_Currencies - INFO - Initializing currency post module
2025-07-17 10:47:15 - All_Currencies - INFO - Initializing currency post module
2025-07-17 12:05:58 - All_Currencies - ERROR - Error fetching all currencies: (mysql.connector.errors.DatabaseError) 2003 (HY000): Can't connect to MySQL server on 'localhost:3306' (111)
(Background on this error at: https://sqlalche.me/e/20/4xp6)
2025-07-17 12:06:03 - All_Currencies - ERROR - Error fetching all currencies: (mysql.connector.errors.DatabaseError) 2003 (HY000): Can't connect to MySQL server on 'localhost:3306' (111)
(Background on this error at: https://sqlalche.me/e/20/4xp6)
2025-07-17 17:36:01 - All_Currencies - ERROR - Error fetching all currencies: (mysql.connector.errors.DatabaseError) 2003 (HY000): Can't connect to MySQL server on 'localhost:3306' (111)
(Background on this error at: https://sqlalche.me/e/20/4xp6)
2025-07-17 18:31:01 - All_Currencies - ERROR - Error fetching all currencies: (mysql.connector.errors.OperationalError) MySQL Connection not available.
[SQL: SELECT currencies.`CurrencyID` AS `currencies_CurrencyID`, currencies.`CurrencyName` AS `currencies_CurrencyName`, currencies.`Icon` AS `currencies_Icon`, currencies.`Symbol` AS `currencies_Symbol`, currencies.`BlockchainID` AS `currencies_BlockchainID`, currencies.`DecimalPlaces` AS `currencies_DecimalPlaces`, currencies.`IsToken` AS `currencies_IsToken`, currencies.`SmartContractAddress` AS `currencies_SmartContractAddress`, currencies.`CreatedAt` AS `currencies_CreatedAt`, currencies.`UpdatedAt` AS `currencies_UpdatedAt`, currencies.`CMC_ID` AS `currencies_CMC_ID`, blockchains.`BlockchainName` AS `blockchains_BlockchainName` 
FROM currencies INNER JOIN blockchains ON currencies.`BlockchainID` = blockchains.`BlockchainID`]
[parameters: [{}]]
(Background on this error at: https://sqlalche.me/e/20/e3q8)
2025-07-17 18:31:04 - All_Currencies - ERROR - Error fetching all currencies: (mysql.connector.errors.DatabaseError) 2003 (HY000): Can't connect to MySQL server on 'localhost:3306' (111)
(Background on this error at: https://sqlalche.me/e/20/4xp6)
2025-07-17 18:41:40 - All_Currencies - ERROR - Error fetching all currencies: (mysql.connector.errors.DatabaseError) 2003 (HY000): Can't connect to MySQL server on 'localhost:3306' (111)
(Background on this error at: https://sqlalche.me/e/20/4xp6)
2025-07-17 21:37:37 - All_Currencies - ERROR - Error fetching all currencies: (mysql.connector.errors.DatabaseError) 2003 (HY000): Can't connect to MySQL server on 'localhost:3306' (111)
(Background on this error at: https://sqlalche.me/e/20/4xp6)
2025-07-17 21:37:38 - All_Currencies - ERROR - Error fetching all currencies: (mysql.connector.errors.DatabaseError) 2003 (HY000): Can't connect to MySQL server on 'localhost:3306' (111)
(Background on this error at: https://sqlalche.me/e/20/4xp6)
2025-07-17 21:38:01 - All_Currencies - ERROR - Error fetching all currencies: (mysql.connector.errors.OperationalError) MySQL Connection not available.
[SQL: SELECT currencies.`CurrencyID` AS `currencies_CurrencyID`, currencies.`CurrencyName` AS `currencies_CurrencyName`, currencies.`Icon` AS `currencies_Icon`, currencies.`Symbol` AS `currencies_Symbol`, currencies.`BlockchainID` AS `currencies_BlockchainID`, currencies.`DecimalPlaces` AS `currencies_DecimalPlaces`, currencies.`IsToken` AS `currencies_IsToken`, currencies.`SmartContractAddress` AS `currencies_SmartContractAddress`, currencies.`CreatedAt` AS `currencies_CreatedAt`, currencies.`UpdatedAt` AS `currencies_UpdatedAt`, currencies.`CMC_ID` AS `currencies_CMC_ID`, blockchains.`BlockchainName` AS `blockchains_BlockchainName` 
FROM currencies INNER JOIN blockchains ON currencies.`BlockchainID` = blockchains.`BlockchainID`]
[parameters: [{}]]
(Background on this error at: https://sqlalche.me/e/20/e3q8)
2025-07-18 08:26:38 - All_Currencies - ERROR - Error fetching all currencies: (mysql.connector.errors.DatabaseError) 2003 (HY000): Can't connect to MySQL server on 'localhost:3306' (111)
(Background on this error at: https://sqlalche.me/e/20/4xp6)
2025-07-18 08:26:42 - All_Currencies - ERROR - Error fetching all currencies: (mysql.connector.errors.DatabaseError) 2003 (HY000): Can't connect to MySQL server on 'localhost:3306' (111)
(Background on this error at: https://sqlalche.me/e/20/4xp6)
2025-07-18 08:28:45 - All_Currencies - ERROR - Error fetching all currencies: (mysql.connector.errors.OperationalError) MySQL Connection not available.
[SQL: SELECT currencies.`CurrencyID` AS `currencies_CurrencyID`, currencies.`CurrencyName` AS `currencies_CurrencyName`, currencies.`Icon` AS `currencies_Icon`, currencies.`Symbol` AS `currencies_Symbol`, currencies.`BlockchainID` AS `currencies_BlockchainID`, currencies.`DecimalPlaces` AS `currencies_DecimalPlaces`, currencies.`IsToken` AS `currencies_IsToken`, currencies.`SmartContractAddress` AS `currencies_SmartContractAddress`, currencies.`CreatedAt` AS `currencies_CreatedAt`, currencies.`UpdatedAt` AS `currencies_UpdatedAt`, currencies.`CMC_ID` AS `currencies_CMC_ID`, blockchains.`BlockchainName` AS `blockchains_BlockchainName` 
FROM currencies INNER JOIN blockchains ON currencies.`BlockchainID` = blockchains.`BlockchainID`]
[parameters: [{}]]
(Background on this error at: https://sqlalche.me/e/20/e3q8)
2025-07-18 08:28:49 - All_Currencies - ERROR - Error fetching all currencies: (mysql.connector.errors.DatabaseError) 2003 (HY000): Can't connect to MySQL server on 'localhost:3306' (111)
(Background on this error at: https://sqlalche.me/e/20/4xp6)
2025-07-18 08:37:55 - All_Currencies - ERROR - Error fetching all currencies: (mysql.connector.errors.DatabaseError) 2003 (HY000): Can't connect to MySQL server on 'localhost:3306' (111)
(Background on this error at: https://sqlalche.me/e/20/4xp6)
2025-07-18 09:21:54 - All_Currencies - ERROR - Error fetching all currencies: (mysql.connector.errors.OperationalError) MySQL Connection not available.
[SQL: SELECT currencies.`CurrencyID` AS `currencies_CurrencyID`, currencies.`CurrencyName` AS `currencies_CurrencyName`, currencies.`Icon` AS `currencies_Icon`, currencies.`Symbol` AS `currencies_Symbol`, currencies.`BlockchainID` AS `currencies_BlockchainID`, currencies.`DecimalPlaces` AS `currencies_DecimalPlaces`, currencies.`IsToken` AS `currencies_IsToken`, currencies.`SmartContractAddress` AS `currencies_SmartContractAddress`, currencies.`CreatedAt` AS `currencies_CreatedAt`, currencies.`UpdatedAt` AS `currencies_UpdatedAt`, currencies.`CMC_ID` AS `currencies_CMC_ID`, blockchains.`BlockchainName` AS `blockchains_BlockchainName` 
FROM currencies INNER JOIN blockchains ON currencies.`BlockchainID` = blockchains.`BlockchainID`]
[parameters: [{}]]
(Background on this error at: https://sqlalche.me/e/20/e3q8)
2025-07-18 09:22:06 - All_Currencies - ERROR - Error fetching all currencies: (mysql.connector.errors.DatabaseError) 2003 (HY000): Can't connect to MySQL server on 'localhost:3306' (111)
(Background on this error at: https://sqlalche.me/e/20/4xp6)
2025-07-18 11:45:03 - All_Currencies - ERROR - Error fetching all currencies: (mysql.connector.errors.DatabaseError) 2003 (HY000): Can't connect to MySQL server on 'localhost:3306' (111)
(Background on this error at: https://sqlalche.me/e/20/4xp6)
2025-07-18 12:17:39 - All_Currencies - ERROR - Error fetching all currencies: (mysql.connector.errors.DatabaseError) 2003 (HY000): Can't connect to MySQL server on 'localhost:3306' (111)
(Background on this error at: https://sqlalche.me/e/20/4xp6)
2025-07-18 15:57:44 - All_Currencies - ERROR - Error fetching all currencies: (mysql.connector.errors.DatabaseError) 2003 (HY000): Can't connect to MySQL server on 'localhost:3306' (111)
(Background on this error at: https://sqlalche.me/e/20/4xp6)
2025-07-18 19:48:41 - All_Currencies - ERROR - Error fetching all currencies: (mysql.connector.errors.OperationalError) MySQL Connection not available.
[SQL: SELECT currencies.`CurrencyID` AS `currencies_CurrencyID`, currencies.`CurrencyName` AS `currencies_CurrencyName`, currencies.`Icon` AS `currencies_Icon`, currencies.`Symbol` AS `currencies_Symbol`, currencies.`BlockchainID` AS `currencies_BlockchainID`, currencies.`DecimalPlaces` AS `currencies_DecimalPlaces`, currencies.`IsToken` AS `currencies_IsToken`, currencies.`SmartContractAddress` AS `currencies_SmartContractAddress`, currencies.`CreatedAt` AS `currencies_CreatedAt`, currencies.`UpdatedAt` AS `currencies_UpdatedAt`, currencies.`CMC_ID` AS `currencies_CMC_ID`, blockchains.`BlockchainName` AS `blockchains_BlockchainName` 
FROM currencies INNER JOIN blockchains ON currencies.`BlockchainID` = blockchains.`BlockchainID`]
[parameters: [{}]]
(Background on this error at: https://sqlalche.me/e/20/e3q8)
2025-07-18 19:50:47 - All_Currencies - ERROR - Error fetching all currencies: (mysql.connector.errors.OperationalError) MySQL Connection not available.
[SQL: SELECT currencies.`CurrencyID` AS `currencies_CurrencyID`, currencies.`CurrencyName` AS `currencies_CurrencyName`, currencies.`Icon` AS `currencies_Icon`, currencies.`Symbol` AS `currencies_Symbol`, currencies.`BlockchainID` AS `currencies_BlockchainID`, currencies.`DecimalPlaces` AS `currencies_DecimalPlaces`, currencies.`IsToken` AS `currencies_IsToken`, currencies.`SmartContractAddress` AS `currencies_SmartContractAddress`, currencies.`CreatedAt` AS `currencies_CreatedAt`, currencies.`UpdatedAt` AS `currencies_UpdatedAt`, currencies.`CMC_ID` AS `currencies_CMC_ID`, blockchains.`BlockchainName` AS `blockchains_BlockchainName` 
FROM currencies INNER JOIN blockchains ON currencies.`BlockchainID` = blockchains.`BlockchainID`]
[parameters: [{}]]
(Background on this error at: https://sqlalche.me/e/20/e3q8)
2025-07-18 20:00:05 - All_Currencies - ERROR - Error fetching all currencies: (mysql.connector.errors.DatabaseError) 2003 (HY000): Can't connect to MySQL server on 'localhost:3306' (111)
(Background on this error at: https://sqlalche.me/e/20/4xp6)
2025-07-18 20:00:08 - All_Currencies - ERROR - Error fetching all currencies: (mysql.connector.errors.DatabaseError) 2003 (HY000): Can't connect to MySQL server on 'localhost:3306' (111)
(Background on this error at: https://sqlalche.me/e/20/4xp6)
2025-07-18 20:21:44 - All_Currencies - ERROR - Error fetching all currencies: (mysql.connector.errors.DatabaseError) 2003 (HY000): Can't connect to MySQL server on 'localhost:3306' (111)
(Background on this error at: https://sqlalche.me/e/20/4xp6)
2025-07-19 02:57:44 - All_Currencies - ERROR - Error fetching all currencies: (mysql.connector.errors.DatabaseError) 2003 (HY000): Can't connect to MySQL server on 'localhost:3306' (111)
(Background on this error at: https://sqlalche.me/e/20/4xp6)
