2025-07-17 06:03:37 - blockchain_api - DEBUG - Logger initialized for blockchain_api at level DEBUG
2025-07-17 06:03:38 - blockchain_api - DEBUG - Logger initialized for blockchain_api at level DEBUG
2025-07-17 06:03:38 - blockchain_api - DEBUG - Logger initialized for blockchain_api at level DEBUG
2025-07-17 06:09:08 - blockchain_api - DEBUG - Logger initialized for blockchain_api at level DEBUG
2025-07-17 06:09:08 - blockchain_api - DEBUG - Logger initialized for blockchain_api at level DEBUG
2025-07-17 06:09:08 - blockchain_api - DEBUG - Logger initialized for blockchain_api at level DEBUG
2025-07-17 06:11:48 - blockchain_api - DEBUG - Logger initialized for blockchain_api at level DEBUG
2025-07-17 06:11:49 - blockchain_api - DEBUG - Logger initialized for blockchain_api at level DEBUG
2025-07-17 06:11:49 - blockchain_api - DEBUG - Logger initialized for blockchain_api at level DEBUG
2025-07-17 06:27:40 - blockchain_api - DEBUG - Logger initialized for blockchain_api at level DEBUG
2025-07-17 06:27:40 - blockchain_api - DEBUG - Logger initialized for blockchain_api at level DEBUG
2025-07-17 06:27:40 - blockchain_api - DEBUG - Logger initialized for blockchain_api at level DEBUG
2025-07-17 06:31:32 - blockchain_api - DEBUG - Logger initialized for blockchain_api at level DEBUG
2025-07-17 06:31:32 - blockchain_api - DEBUG - Logger initialized for blockchain_api at level DEBUG
2025-07-17 06:31:32 - blockchain_api - DEBUG - Logger initialized for blockchain_api at level DEBUG
2025-07-17 06:35:29 - blockchain_api - DEBUG - Logger initialized for blockchain_api at level DEBUG
2025-07-17 06:35:29 - blockchain_api - DEBUG - Logger initialized for blockchain_api at level DEBUG
2025-07-17 06:35:30 - blockchain_api - DEBUG - Logger initialized for blockchain_api at level DEBUG
2025-07-17 06:36:41 - blockchain_api - DEBUG - Logger initialized for blockchain_api at level DEBUG
2025-07-17 06:36:42 - blockchain_api - DEBUG - Logger initialized for blockchain_api at level DEBUG
2025-07-17 06:36:42 - blockchain_api - DEBUG - Logger initialized for blockchain_api at level DEBUG
2025-07-17 06:59:04 - blockchain_api - DEBUG - Logger initialized for blockchain_api at level DEBUG
2025-07-17 06:59:04 - blockchain_api - DEBUG - Logger initialized for blockchain_api at level DEBUG
2025-07-17 06:59:04 - blockchain_api - DEBUG - Logger initialized for blockchain_api at level DEBUG
2025-07-17 07:00:52 - blockchain_api - DEBUG - Logger initialized for blockchain_api at level DEBUG
2025-07-17 07:00:52 - blockchain_api - DEBUG - Logger initialized for blockchain_api at level DEBUG
2025-07-17 07:00:52 - blockchain_api - DEBUG - Logger initialized for blockchain_api at level DEBUG
2025-07-17 07:01:10 - blockchain_api - DEBUG - Logger initialized for blockchain_api at level DEBUG
2025-07-17 07:01:10 - blockchain_api - DEBUG - Logger initialized for blockchain_api at level DEBUG
2025-07-17 07:01:11 - blockchain_api - DEBUG - Logger initialized for blockchain_api at level DEBUG
2025-07-17 07:16:40 - blockchain_api - DEBUG - Logger initialized for blockchain_api at level DEBUG
2025-07-17 07:16:40 - blockchain_api - DEBUG - Logger initialized for blockchain_api at level DEBUG
2025-07-17 07:16:40 - blockchain_api - DEBUG - Logger initialized for blockchain_api at level DEBUG
2025-07-17 07:17:07 - blockchain_api - ERROR - Error confirming transaction: No signing service available
2025-07-17 07:21:58 - blockchain_api - DEBUG - Logger initialized for blockchain_api at level DEBUG
2025-07-17 07:21:59 - blockchain_api - DEBUG - Logger initialized for blockchain_api at level DEBUG
2025-07-17 07:21:59 - blockchain_api - DEBUG - Logger initialized for blockchain_api at level DEBUG
2025-07-17 07:24:06 - blockchain_api - ERROR - Error confirming transaction: No signing service available
2025-07-17 07:28:24 - blockchain_api - DEBUG - Logger initialized for blockchain_api at level DEBUG
2025-07-17 07:28:24 - blockchain_api - DEBUG - Logger initialized for blockchain_api at level DEBUG
2025-07-17 07:28:25 - blockchain_api - DEBUG - Logger initialized for blockchain_api at level DEBUG
2025-07-17 07:28:43 - blockchain_api - ERROR - Error confirming transaction: No signing service available - Failed to sign transaction
2025-07-17 07:32:04 - blockchain_api - DEBUG - Logger initialized for blockchain_api at level DEBUG
2025-07-17 07:32:04 - blockchain_api - DEBUG - Logger initialized for blockchain_api at level DEBUG
2025-07-17 07:32:04 - blockchain_api - DEBUG - Logger initialized for blockchain_api at level DEBUG
2025-07-17 07:32:15 - blockchain_api - ERROR - Error confirming transaction: Tatum transaction failed: Tatum API error: 400, {"statusCode":400,"errorCode":"validation.failed","message":"Request validation failed. Please see data for additional information.","data":["txData must be shorter than or equal to 1000000 characters","txData should not be empty and should be at most 1000000 characters"],"dashboardLog":"https://dashboard.tatum.io/logs?id=6878a6ff2386b442a7fa2aee"}
2025-07-17 07:36:34 - blockchain_api - DEBUG - Logger initialized for blockchain_api at level DEBUG
2025-07-17 07:36:35 - blockchain_api - DEBUG - Logger initialized for blockchain_api at level DEBUG
2025-07-17 07:36:35 - blockchain_api - DEBUG - Logger initialized for blockchain_api at level DEBUG
2025-07-17 07:36:48 - blockchain_api - ERROR - Error confirming transaction: Tatum transaction failed: Tatum API error: 400, {"statusCode":400,"errorCode":"validation.failed","message":"Request validation failed. Please see data for additional information.","data":["txData must be shorter than or equal to 1000000 characters","txData should not be empty and should be at most 1000000 characters"],"dashboardLog":"https://dashboard.tatum.io/logs?id=6878a810ed8ea0aa62203ffd"}
2025-07-17 07:43:28 - blockchain_api - DEBUG - Logger initialized for blockchain_api at level DEBUG
2025-07-17 07:43:29 - blockchain_api - DEBUG - Logger initialized for blockchain_api at level DEBUG
2025-07-17 07:43:29 - blockchain_api - DEBUG - Logger initialized for blockchain_api at level DEBUG
2025-07-17 07:43:49 - blockchain_api - ERROR - Error confirming transaction: Tatum transaction failed: Tatum API error: 400, {"statusCode":400,"errorCode":"validation.failed","message":"Request validation failed. Please see data for additional information.","data":["txData must be shorter than or equal to 1000000 characters","txData should not be empty and should be at most 1000000 characters"],"dashboardLog":"https://dashboard.tatum.io/logs?id=6878a9b5674832060923d4be"}
2025-07-17 07:47:26 - blockchain_api - DEBUG - Logger initialized for blockchain_api at level DEBUG
2025-07-17 07:47:26 - blockchain_api - DEBUG - Logger initialized for blockchain_api at level DEBUG
2025-07-17 07:47:26 - blockchain_api - DEBUG - Logger initialized for blockchain_api at level DEBUG
2025-07-17 07:47:55 - blockchain_api - ERROR - Error confirming transaction: Failed to broadcast transaction via Tatum API
2025-07-17 07:54:34 - blockchain_api - DEBUG - Logger initialized for blockchain_api at level DEBUG
2025-07-17 07:54:35 - blockchain_api - DEBUG - Logger initialized for blockchain_api at level DEBUG
2025-07-17 07:54:35 - blockchain_api - DEBUG - Logger initialized for blockchain_api at level DEBUG
2025-07-17 07:55:57 - blockchain_api - ERROR - Error confirming transaction: Failed to broadcast transaction via Tatum API
2025-07-17 08:20:15 - blockchain_api - DEBUG - Logger initialized for blockchain_api at level DEBUG
2025-07-17 08:55:37 - blockchain_api - ERROR - Error confirming transaction: Failed to broadcast transaction via Tatum API
2025-07-17 10:46:55 - blockchain_api - DEBUG - Logger initialized for blockchain_api at level DEBUG
2025-07-17 10:47:14 - blockchain_api - DEBUG - Logger initialized for blockchain_api at level DEBUG
