2025-07-17 06:03:40 - schedule_config - DEBUG - Logger initialized for schedule_config at level DEBUG
2025-07-17 06:03:40 - schedule_config - INFO - Loading schedule configuration
2025-07-17 06:03:40 - schedule_config - INFO - Schedule configuration loaded: 5 schedules defined
2025-07-17 06:03:40 - schedule_config - INFO - Batch size set to: 50 coins per package
2025-07-17 06:03:40 - schedule_config - DEBUG - Schedule 1: Every 5 minutes for 1 package(s): [0]
2025-07-17 06:03:40 - schedule_config - DEBUG - Schedule 2: Every 10 minutes for 1 package(s): [1]
2025-07-17 06:03:40 - schedule_config - DEBUG - Schedule 3: Every 15 minutes for 1 package(s): [2]
2025-07-17 06:03:40 - schedule_config - DEBUG - Schedule 4: Every 60 minutes for 6 package(s): [3, 4, 5, 6, 7, 8]
2025-07-17 06:03:40 - schedule_config - DEBUG - Schedule 5: Every 180 minutes for 9 package(s): [9, 10, 11, 12, 13, 14, 15, 16, 17]
2025-07-17 06:03:40 - schedule_config - DEBUG - Logger initialized for schedule_config at level DEBUG
2025-07-17 06:03:40 - schedule_config - INFO - Loading schedule configuration
2025-07-17 06:03:40 - schedule_config - INFO - Schedule configuration loaded: 5 schedules defined
2025-07-17 06:03:40 - schedule_config - INFO - Batch size set to: 50 coins per package
2025-07-17 06:03:40 - schedule_config - DEBUG - Schedule 1: Every 5 minutes for 1 package(s): [0]
2025-07-17 06:03:40 - schedule_config - DEBUG - Schedule 2: Every 10 minutes for 1 package(s): [1]
2025-07-17 06:03:40 - schedule_config - DEBUG - Schedule 3: Every 15 minutes for 1 package(s): [2]
2025-07-17 06:03:40 - schedule_config - DEBUG - Schedule 4: Every 60 minutes for 6 package(s): [3, 4, 5, 6, 7, 8]
2025-07-17 06:03:40 - schedule_config - DEBUG - Schedule 5: Every 180 minutes for 9 package(s): [9, 10, 11, 12, 13, 14, 15, 16, 17]
2025-07-17 06:03:40 - schedule_config - DEBUG - Logger initialized for schedule_config at level DEBUG
2025-07-17 06:03:40 - schedule_config - INFO - Loading schedule configuration
2025-07-17 06:03:40 - schedule_config - INFO - Schedule configuration loaded: 5 schedules defined
2025-07-17 06:03:40 - schedule_config - INFO - Batch size set to: 50 coins per package
2025-07-17 06:03:40 - schedule_config - DEBUG - Schedule 1: Every 5 minutes for 1 package(s): [0]
2025-07-17 06:03:40 - schedule_config - DEBUG - Schedule 2: Every 10 minutes for 1 package(s): [1]
2025-07-17 06:03:40 - schedule_config - DEBUG - Schedule 3: Every 15 minutes for 1 package(s): [2]
2025-07-17 06:03:40 - schedule_config - DEBUG - Schedule 4: Every 60 minutes for 6 package(s): [3, 4, 5, 6, 7, 8]
2025-07-17 06:03:40 - schedule_config - DEBUG - Schedule 5: Every 180 minutes for 9 package(s): [9, 10, 11, 12, 13, 14, 15, 16, 17]
2025-07-17 06:09:10 - schedule_config - DEBUG - Logger initialized for schedule_config at level DEBUG
2025-07-17 06:09:10 - schedule_config - INFO - Loading schedule configuration
2025-07-17 06:09:10 - schedule_config - INFO - Schedule configuration loaded: 5 schedules defined
2025-07-17 06:09:10 - schedule_config - INFO - Batch size set to: 50 coins per package
2025-07-17 06:09:10 - schedule_config - DEBUG - Schedule 1: Every 5 minutes for 1 package(s): [0]
2025-07-17 06:09:10 - schedule_config - DEBUG - Schedule 2: Every 10 minutes for 1 package(s): [1]
2025-07-17 06:09:10 - schedule_config - DEBUG - Schedule 3: Every 15 minutes for 1 package(s): [2]
2025-07-17 06:09:10 - schedule_config - DEBUG - Schedule 4: Every 60 minutes for 6 package(s): [3, 4, 5, 6, 7, 8]
2025-07-17 06:09:10 - schedule_config - DEBUG - Schedule 5: Every 180 minutes for 9 package(s): [9, 10, 11, 12, 13, 14, 15, 16, 17]
2025-07-17 06:09:11 - schedule_config - DEBUG - Logger initialized for schedule_config at level DEBUG
2025-07-17 06:09:11 - schedule_config - INFO - Loading schedule configuration
2025-07-17 06:09:11 - schedule_config - INFO - Schedule configuration loaded: 5 schedules defined
2025-07-17 06:09:11 - schedule_config - INFO - Batch size set to: 50 coins per package
2025-07-17 06:09:11 - schedule_config - DEBUG - Schedule 1: Every 5 minutes for 1 package(s): [0]
2025-07-17 06:09:11 - schedule_config - DEBUG - Schedule 2: Every 10 minutes for 1 package(s): [1]
2025-07-17 06:09:11 - schedule_config - DEBUG - Schedule 3: Every 15 minutes for 1 package(s): [2]
2025-07-17 06:09:11 - schedule_config - DEBUG - Schedule 4: Every 60 minutes for 6 package(s): [3, 4, 5, 6, 7, 8]
2025-07-17 06:09:11 - schedule_config - DEBUG - Schedule 5: Every 180 minutes for 9 package(s): [9, 10, 11, 12, 13, 14, 15, 16, 17]
2025-07-17 06:09:11 - schedule_config - DEBUG - Logger initialized for schedule_config at level DEBUG
2025-07-17 06:09:11 - schedule_config - INFO - Loading schedule configuration
2025-07-17 06:09:11 - schedule_config - INFO - Schedule configuration loaded: 5 schedules defined
2025-07-17 06:09:11 - schedule_config - INFO - Batch size set to: 50 coins per package
2025-07-17 06:09:11 - schedule_config - DEBUG - Schedule 1: Every 5 minutes for 1 package(s): [0]
2025-07-17 06:09:11 - schedule_config - DEBUG - Schedule 2: Every 10 minutes for 1 package(s): [1]
2025-07-17 06:09:11 - schedule_config - DEBUG - Schedule 3: Every 15 minutes for 1 package(s): [2]
2025-07-17 06:09:11 - schedule_config - DEBUG - Schedule 4: Every 60 minutes for 6 package(s): [3, 4, 5, 6, 7, 8]
2025-07-17 06:09:11 - schedule_config - DEBUG - Schedule 5: Every 180 minutes for 9 package(s): [9, 10, 11, 12, 13, 14, 15, 16, 17]
2025-07-17 06:11:51 - schedule_config - DEBUG - Logger initialized for schedule_config at level DEBUG
2025-07-17 06:11:51 - schedule_config - INFO - Loading schedule configuration
2025-07-17 06:11:51 - schedule_config - INFO - Schedule configuration loaded: 5 schedules defined
2025-07-17 06:11:51 - schedule_config - INFO - Batch size set to: 50 coins per package
2025-07-17 06:11:51 - schedule_config - DEBUG - Schedule 1: Every 5 minutes for 1 package(s): [0]
2025-07-17 06:11:51 - schedule_config - DEBUG - Schedule 2: Every 10 minutes for 1 package(s): [1]
2025-07-17 06:11:51 - schedule_config - DEBUG - Schedule 3: Every 15 minutes for 1 package(s): [2]
2025-07-17 06:11:51 - schedule_config - DEBUG - Schedule 4: Every 60 minutes for 6 package(s): [3, 4, 5, 6, 7, 8]
2025-07-17 06:11:51 - schedule_config - DEBUG - Schedule 5: Every 180 minutes for 9 package(s): [9, 10, 11, 12, 13, 14, 15, 16, 17]
2025-07-17 06:11:51 - schedule_config - DEBUG - Logger initialized for schedule_config at level DEBUG
2025-07-17 06:11:51 - schedule_config - INFO - Loading schedule configuration
2025-07-17 06:11:51 - schedule_config - INFO - Schedule configuration loaded: 5 schedules defined
2025-07-17 06:11:51 - schedule_config - INFO - Batch size set to: 50 coins per package
2025-07-17 06:11:51 - schedule_config - DEBUG - Schedule 1: Every 5 minutes for 1 package(s): [0]
2025-07-17 06:11:51 - schedule_config - DEBUG - Schedule 2: Every 10 minutes for 1 package(s): [1]
2025-07-17 06:11:51 - schedule_config - DEBUG - Schedule 3: Every 15 minutes for 1 package(s): [2]
2025-07-17 06:11:51 - schedule_config - DEBUG - Schedule 4: Every 60 minutes for 6 package(s): [3, 4, 5, 6, 7, 8]
2025-07-17 06:11:51 - schedule_config - DEBUG - Schedule 5: Every 180 minutes for 9 package(s): [9, 10, 11, 12, 13, 14, 15, 16, 17]
2025-07-17 06:11:51 - schedule_config - DEBUG - Logger initialized for schedule_config at level DEBUG
2025-07-17 06:11:51 - schedule_config - INFO - Loading schedule configuration
2025-07-17 06:11:51 - schedule_config - INFO - Schedule configuration loaded: 5 schedules defined
2025-07-17 06:11:51 - schedule_config - INFO - Batch size set to: 50 coins per package
2025-07-17 06:11:51 - schedule_config - DEBUG - Schedule 1: Every 5 minutes for 1 package(s): [0]
2025-07-17 06:11:51 - schedule_config - DEBUG - Schedule 2: Every 10 minutes for 1 package(s): [1]
2025-07-17 06:11:51 - schedule_config - DEBUG - Schedule 3: Every 15 minutes for 1 package(s): [2]
2025-07-17 06:11:51 - schedule_config - DEBUG - Schedule 4: Every 60 minutes for 6 package(s): [3, 4, 5, 6, 7, 8]
2025-07-17 06:11:51 - schedule_config - DEBUG - Schedule 5: Every 180 minutes for 9 package(s): [9, 10, 11, 12, 13, 14, 15, 16, 17]
2025-07-17 06:27:42 - schedule_config - DEBUG - Logger initialized for schedule_config at level DEBUG
2025-07-17 06:27:42 - schedule_config - INFO - Loading schedule configuration
2025-07-17 06:27:42 - schedule_config - INFO - Schedule configuration loaded: 5 schedules defined
2025-07-17 06:27:42 - schedule_config - INFO - Batch size set to: 50 coins per package
2025-07-17 06:27:42 - schedule_config - DEBUG - Schedule 1: Every 5 minutes for 1 package(s): [0]
2025-07-17 06:27:42 - schedule_config - DEBUG - Schedule 2: Every 10 minutes for 1 package(s): [1]
2025-07-17 06:27:42 - schedule_config - DEBUG - Schedule 3: Every 15 minutes for 1 package(s): [2]
2025-07-17 06:27:42 - schedule_config - DEBUG - Schedule 4: Every 60 minutes for 6 package(s): [3, 4, 5, 6, 7, 8]
2025-07-17 06:27:42 - schedule_config - DEBUG - Schedule 5: Every 180 minutes for 9 package(s): [9, 10, 11, 12, 13, 14, 15, 16, 17]
2025-07-17 06:27:42 - schedule_config - DEBUG - Logger initialized for schedule_config at level DEBUG
2025-07-17 06:27:42 - schedule_config - INFO - Loading schedule configuration
2025-07-17 06:27:42 - schedule_config - INFO - Schedule configuration loaded: 5 schedules defined
2025-07-17 06:27:42 - schedule_config - INFO - Batch size set to: 50 coins per package
2025-07-17 06:27:42 - schedule_config - DEBUG - Schedule 1: Every 5 minutes for 1 package(s): [0]
2025-07-17 06:27:42 - schedule_config - DEBUG - Schedule 2: Every 10 minutes for 1 package(s): [1]
2025-07-17 06:27:42 - schedule_config - DEBUG - Schedule 3: Every 15 minutes for 1 package(s): [2]
2025-07-17 06:27:42 - schedule_config - DEBUG - Schedule 4: Every 60 minutes for 6 package(s): [3, 4, 5, 6, 7, 8]
2025-07-17 06:27:42 - schedule_config - DEBUG - Schedule 5: Every 180 minutes for 9 package(s): [9, 10, 11, 12, 13, 14, 15, 16, 17]
2025-07-17 06:27:43 - schedule_config - DEBUG - Logger initialized for schedule_config at level DEBUG
2025-07-17 06:27:43 - schedule_config - INFO - Loading schedule configuration
2025-07-17 06:27:43 - schedule_config - INFO - Schedule configuration loaded: 5 schedules defined
2025-07-17 06:27:43 - schedule_config - INFO - Batch size set to: 50 coins per package
2025-07-17 06:27:43 - schedule_config - DEBUG - Schedule 1: Every 5 minutes for 1 package(s): [0]
2025-07-17 06:27:43 - schedule_config - DEBUG - Schedule 2: Every 10 minutes for 1 package(s): [1]
2025-07-17 06:27:43 - schedule_config - DEBUG - Schedule 3: Every 15 minutes for 1 package(s): [2]
2025-07-17 06:27:43 - schedule_config - DEBUG - Schedule 4: Every 60 minutes for 6 package(s): [3, 4, 5, 6, 7, 8]
2025-07-17 06:27:43 - schedule_config - DEBUG - Schedule 5: Every 180 minutes for 9 package(s): [9, 10, 11, 12, 13, 14, 15, 16, 17]
2025-07-17 06:31:34 - schedule_config - DEBUG - Logger initialized for schedule_config at level DEBUG
2025-07-17 06:31:34 - schedule_config - INFO - Loading schedule configuration
2025-07-17 06:31:34 - schedule_config - INFO - Schedule configuration loaded: 5 schedules defined
2025-07-17 06:31:34 - schedule_config - INFO - Batch size set to: 50 coins per package
2025-07-17 06:31:34 - schedule_config - DEBUG - Schedule 1: Every 5 minutes for 1 package(s): [0]
2025-07-17 06:31:34 - schedule_config - DEBUG - Schedule 2: Every 10 minutes for 1 package(s): [1]
2025-07-17 06:31:34 - schedule_config - DEBUG - Schedule 3: Every 15 minutes for 1 package(s): [2]
2025-07-17 06:31:34 - schedule_config - DEBUG - Schedule 4: Every 60 minutes for 6 package(s): [3, 4, 5, 6, 7, 8]
2025-07-17 06:31:34 - schedule_config - DEBUG - Schedule 5: Every 180 minutes for 9 package(s): [9, 10, 11, 12, 13, 14, 15, 16, 17]
2025-07-17 06:31:35 - schedule_config - DEBUG - Logger initialized for schedule_config at level DEBUG
2025-07-17 06:31:35 - schedule_config - INFO - Loading schedule configuration
2025-07-17 06:31:35 - schedule_config - INFO - Schedule configuration loaded: 5 schedules defined
2025-07-17 06:31:35 - schedule_config - INFO - Batch size set to: 50 coins per package
2025-07-17 06:31:35 - schedule_config - DEBUG - Schedule 1: Every 5 minutes for 1 package(s): [0]
2025-07-17 06:31:35 - schedule_config - DEBUG - Schedule 2: Every 10 minutes for 1 package(s): [1]
2025-07-17 06:31:35 - schedule_config - DEBUG - Schedule 3: Every 15 minutes for 1 package(s): [2]
2025-07-17 06:31:35 - schedule_config - DEBUG - Schedule 4: Every 60 minutes for 6 package(s): [3, 4, 5, 6, 7, 8]
2025-07-17 06:31:35 - schedule_config - DEBUG - Schedule 5: Every 180 minutes for 9 package(s): [9, 10, 11, 12, 13, 14, 15, 16, 17]
2025-07-17 06:31:35 - schedule_config - DEBUG - Logger initialized for schedule_config at level DEBUG
2025-07-17 06:31:35 - schedule_config - INFO - Loading schedule configuration
2025-07-17 06:31:35 - schedule_config - INFO - Schedule configuration loaded: 5 schedules defined
2025-07-17 06:31:35 - schedule_config - INFO - Batch size set to: 50 coins per package
2025-07-17 06:31:35 - schedule_config - DEBUG - Schedule 1: Every 5 minutes for 1 package(s): [0]
2025-07-17 06:31:35 - schedule_config - DEBUG - Schedule 2: Every 10 minutes for 1 package(s): [1]
2025-07-17 06:31:35 - schedule_config - DEBUG - Schedule 3: Every 15 minutes for 1 package(s): [2]
2025-07-17 06:31:35 - schedule_config - DEBUG - Schedule 4: Every 60 minutes for 6 package(s): [3, 4, 5, 6, 7, 8]
2025-07-17 06:31:35 - schedule_config - DEBUG - Schedule 5: Every 180 minutes for 9 package(s): [9, 10, 11, 12, 13, 14, 15, 16, 17]
2025-07-17 06:35:31 - schedule_config - DEBUG - Logger initialized for schedule_config at level DEBUG
2025-07-17 06:35:31 - schedule_config - INFO - Loading schedule configuration
2025-07-17 06:35:31 - schedule_config - INFO - Schedule configuration loaded: 5 schedules defined
2025-07-17 06:35:31 - schedule_config - INFO - Batch size set to: 50 coins per package
2025-07-17 06:35:31 - schedule_config - DEBUG - Schedule 1: Every 5 minutes for 1 package(s): [0]
2025-07-17 06:35:31 - schedule_config - DEBUG - Schedule 2: Every 10 minutes for 1 package(s): [1]
2025-07-17 06:35:31 - schedule_config - DEBUG - Schedule 3: Every 15 minutes for 1 package(s): [2]
2025-07-17 06:35:31 - schedule_config - DEBUG - Schedule 4: Every 60 minutes for 6 package(s): [3, 4, 5, 6, 7, 8]
2025-07-17 06:35:31 - schedule_config - DEBUG - Schedule 5: Every 180 minutes for 9 package(s): [9, 10, 11, 12, 13, 14, 15, 16, 17]
2025-07-17 06:35:31 - schedule_config - DEBUG - Logger initialized for schedule_config at level DEBUG
2025-07-17 06:35:31 - schedule_config - INFO - Loading schedule configuration
2025-07-17 06:35:31 - schedule_config - INFO - Schedule configuration loaded: 5 schedules defined
2025-07-17 06:35:31 - schedule_config - INFO - Batch size set to: 50 coins per package
2025-07-17 06:35:31 - schedule_config - DEBUG - Schedule 1: Every 5 minutes for 1 package(s): [0]
2025-07-17 06:35:31 - schedule_config - DEBUG - Schedule 2: Every 10 minutes for 1 package(s): [1]
2025-07-17 06:35:31 - schedule_config - DEBUG - Schedule 3: Every 15 minutes for 1 package(s): [2]
2025-07-17 06:35:31 - schedule_config - DEBUG - Schedule 4: Every 60 minutes for 6 package(s): [3, 4, 5, 6, 7, 8]
2025-07-17 06:35:31 - schedule_config - DEBUG - Schedule 5: Every 180 minutes for 9 package(s): [9, 10, 11, 12, 13, 14, 15, 16, 17]
2025-07-17 06:35:32 - schedule_config - DEBUG - Logger initialized for schedule_config at level DEBUG
2025-07-17 06:35:32 - schedule_config - INFO - Loading schedule configuration
2025-07-17 06:35:32 - schedule_config - INFO - Schedule configuration loaded: 5 schedules defined
2025-07-17 06:35:32 - schedule_config - INFO - Batch size set to: 50 coins per package
2025-07-17 06:35:32 - schedule_config - DEBUG - Schedule 1: Every 5 minutes for 1 package(s): [0]
2025-07-17 06:35:32 - schedule_config - DEBUG - Schedule 2: Every 10 minutes for 1 package(s): [1]
2025-07-17 06:35:32 - schedule_config - DEBUG - Schedule 3: Every 15 minutes for 1 package(s): [2]
2025-07-17 06:35:32 - schedule_config - DEBUG - Schedule 4: Every 60 minutes for 6 package(s): [3, 4, 5, 6, 7, 8]
2025-07-17 06:35:32 - schedule_config - DEBUG - Schedule 5: Every 180 minutes for 9 package(s): [9, 10, 11, 12, 13, 14, 15, 16, 17]
2025-07-17 06:36:44 - schedule_config - DEBUG - Logger initialized for schedule_config at level DEBUG
2025-07-17 06:36:44 - schedule_config - INFO - Loading schedule configuration
2025-07-17 06:36:44 - schedule_config - INFO - Schedule configuration loaded: 5 schedules defined
2025-07-17 06:36:44 - schedule_config - INFO - Batch size set to: 50 coins per package
2025-07-17 06:36:44 - schedule_config - DEBUG - Schedule 1: Every 5 minutes for 1 package(s): [0]
2025-07-17 06:36:44 - schedule_config - DEBUG - Schedule 2: Every 10 minutes for 1 package(s): [1]
2025-07-17 06:36:44 - schedule_config - DEBUG - Schedule 3: Every 15 minutes for 1 package(s): [2]
2025-07-17 06:36:44 - schedule_config - DEBUG - Schedule 4: Every 60 minutes for 6 package(s): [3, 4, 5, 6, 7, 8]
2025-07-17 06:36:44 - schedule_config - DEBUG - Schedule 5: Every 180 minutes for 9 package(s): [9, 10, 11, 12, 13, 14, 15, 16, 17]
2025-07-17 06:36:44 - schedule_config - DEBUG - Logger initialized for schedule_config at level DEBUG
2025-07-17 06:36:44 - schedule_config - INFO - Loading schedule configuration
2025-07-17 06:36:44 - schedule_config - INFO - Schedule configuration loaded: 5 schedules defined
2025-07-17 06:36:44 - schedule_config - INFO - Batch size set to: 50 coins per package
2025-07-17 06:36:44 - schedule_config - DEBUG - Schedule 1: Every 5 minutes for 1 package(s): [0]
2025-07-17 06:36:44 - schedule_config - DEBUG - Schedule 2: Every 10 minutes for 1 package(s): [1]
2025-07-17 06:36:44 - schedule_config - DEBUG - Schedule 3: Every 15 minutes for 1 package(s): [2]
2025-07-17 06:36:44 - schedule_config - DEBUG - Schedule 4: Every 60 minutes for 6 package(s): [3, 4, 5, 6, 7, 8]
2025-07-17 06:36:44 - schedule_config - DEBUG - Schedule 5: Every 180 minutes for 9 package(s): [9, 10, 11, 12, 13, 14, 15, 16, 17]
2025-07-17 06:36:45 - schedule_config - DEBUG - Logger initialized for schedule_config at level DEBUG
2025-07-17 06:36:45 - schedule_config - INFO - Loading schedule configuration
2025-07-17 06:36:45 - schedule_config - INFO - Schedule configuration loaded: 5 schedules defined
2025-07-17 06:36:45 - schedule_config - INFO - Batch size set to: 50 coins per package
2025-07-17 06:36:45 - schedule_config - DEBUG - Schedule 1: Every 5 minutes for 1 package(s): [0]
2025-07-17 06:36:45 - schedule_config - DEBUG - Schedule 2: Every 10 minutes for 1 package(s): [1]
2025-07-17 06:36:45 - schedule_config - DEBUG - Schedule 3: Every 15 minutes for 1 package(s): [2]
2025-07-17 06:36:45 - schedule_config - DEBUG - Schedule 4: Every 60 minutes for 6 package(s): [3, 4, 5, 6, 7, 8]
2025-07-17 06:36:45 - schedule_config - DEBUG - Schedule 5: Every 180 minutes for 9 package(s): [9, 10, 11, 12, 13, 14, 15, 16, 17]
2025-07-17 06:59:06 - schedule_config - DEBUG - Logger initialized for schedule_config at level DEBUG
2025-07-17 06:59:06 - schedule_config - INFO - Loading schedule configuration
2025-07-17 06:59:06 - schedule_config - INFO - Schedule configuration loaded: 5 schedules defined
2025-07-17 06:59:06 - schedule_config - INFO - Batch size set to: 50 coins per package
2025-07-17 06:59:06 - schedule_config - DEBUG - Schedule 1: Every 5 minutes for 1 package(s): [0]
2025-07-17 06:59:06 - schedule_config - DEBUG - Schedule 2: Every 10 minutes for 1 package(s): [1]
2025-07-17 06:59:06 - schedule_config - DEBUG - Schedule 3: Every 15 minutes for 1 package(s): [2]
2025-07-17 06:59:06 - schedule_config - DEBUG - Schedule 4: Every 60 minutes for 6 package(s): [3, 4, 5, 6, 7, 8]
2025-07-17 06:59:06 - schedule_config - DEBUG - Schedule 5: Every 180 minutes for 9 package(s): [9, 10, 11, 12, 13, 14, 15, 16, 17]
2025-07-17 06:59:06 - schedule_config - DEBUG - Logger initialized for schedule_config at level DEBUG
2025-07-17 06:59:06 - schedule_config - INFO - Loading schedule configuration
2025-07-17 06:59:06 - schedule_config - INFO - Schedule configuration loaded: 5 schedules defined
2025-07-17 06:59:06 - schedule_config - INFO - Batch size set to: 50 coins per package
2025-07-17 06:59:06 - schedule_config - DEBUG - Schedule 1: Every 5 minutes for 1 package(s): [0]
2025-07-17 06:59:06 - schedule_config - DEBUG - Schedule 2: Every 10 minutes for 1 package(s): [1]
2025-07-17 06:59:06 - schedule_config - DEBUG - Schedule 3: Every 15 minutes for 1 package(s): [2]
2025-07-17 06:59:06 - schedule_config - DEBUG - Schedule 4: Every 60 minutes for 6 package(s): [3, 4, 5, 6, 7, 8]
2025-07-17 06:59:06 - schedule_config - DEBUG - Schedule 5: Every 180 minutes for 9 package(s): [9, 10, 11, 12, 13, 14, 15, 16, 17]
2025-07-17 06:59:07 - schedule_config - DEBUG - Logger initialized for schedule_config at level DEBUG
2025-07-17 06:59:07 - schedule_config - INFO - Loading schedule configuration
2025-07-17 06:59:07 - schedule_config - INFO - Schedule configuration loaded: 5 schedules defined
2025-07-17 06:59:07 - schedule_config - INFO - Batch size set to: 50 coins per package
2025-07-17 06:59:07 - schedule_config - DEBUG - Schedule 1: Every 5 minutes for 1 package(s): [0]
2025-07-17 06:59:07 - schedule_config - DEBUG - Schedule 2: Every 10 minutes for 1 package(s): [1]
2025-07-17 06:59:07 - schedule_config - DEBUG - Schedule 3: Every 15 minutes for 1 package(s): [2]
2025-07-17 06:59:07 - schedule_config - DEBUG - Schedule 4: Every 60 minutes for 6 package(s): [3, 4, 5, 6, 7, 8]
2025-07-17 06:59:07 - schedule_config - DEBUG - Schedule 5: Every 180 minutes for 9 package(s): [9, 10, 11, 12, 13, 14, 15, 16, 17]
2025-07-17 07:00:54 - schedule_config - DEBUG - Logger initialized for schedule_config at level DEBUG
2025-07-17 07:00:54 - schedule_config - INFO - Loading schedule configuration
2025-07-17 07:00:54 - schedule_config - INFO - Schedule configuration loaded: 5 schedules defined
2025-07-17 07:00:54 - schedule_config - INFO - Batch size set to: 50 coins per package
2025-07-17 07:00:54 - schedule_config - DEBUG - Schedule 1: Every 5 minutes for 1 package(s): [0]
2025-07-17 07:00:54 - schedule_config - DEBUG - Schedule 2: Every 10 minutes for 1 package(s): [1]
2025-07-17 07:00:54 - schedule_config - DEBUG - Schedule 3: Every 15 minutes for 1 package(s): [2]
2025-07-17 07:00:54 - schedule_config - DEBUG - Schedule 4: Every 60 minutes for 6 package(s): [3, 4, 5, 6, 7, 8]
2025-07-17 07:00:54 - schedule_config - DEBUG - Schedule 5: Every 180 minutes for 9 package(s): [9, 10, 11, 12, 13, 14, 15, 16, 17]
2025-07-17 07:00:54 - schedule_config - DEBUG - Logger initialized for schedule_config at level DEBUG
2025-07-17 07:00:54 - schedule_config - INFO - Loading schedule configuration
2025-07-17 07:00:54 - schedule_config - INFO - Schedule configuration loaded: 5 schedules defined
2025-07-17 07:00:54 - schedule_config - INFO - Batch size set to: 50 coins per package
2025-07-17 07:00:54 - schedule_config - DEBUG - Schedule 1: Every 5 minutes for 1 package(s): [0]
2025-07-17 07:00:54 - schedule_config - DEBUG - Schedule 2: Every 10 minutes for 1 package(s): [1]
2025-07-17 07:00:54 - schedule_config - DEBUG - Schedule 3: Every 15 minutes for 1 package(s): [2]
2025-07-17 07:00:54 - schedule_config - DEBUG - Schedule 4: Every 60 minutes for 6 package(s): [3, 4, 5, 6, 7, 8]
2025-07-17 07:00:54 - schedule_config - DEBUG - Schedule 5: Every 180 minutes for 9 package(s): [9, 10, 11, 12, 13, 14, 15, 16, 17]
2025-07-17 07:00:54 - schedule_config - DEBUG - Logger initialized for schedule_config at level DEBUG
2025-07-17 07:00:54 - schedule_config - INFO - Loading schedule configuration
2025-07-17 07:00:54 - schedule_config - INFO - Schedule configuration loaded: 5 schedules defined
2025-07-17 07:00:54 - schedule_config - INFO - Batch size set to: 50 coins per package
2025-07-17 07:00:54 - schedule_config - DEBUG - Schedule 1: Every 5 minutes for 1 package(s): [0]
2025-07-17 07:00:54 - schedule_config - DEBUG - Schedule 2: Every 10 minutes for 1 package(s): [1]
2025-07-17 07:00:54 - schedule_config - DEBUG - Schedule 3: Every 15 minutes for 1 package(s): [2]
2025-07-17 07:00:54 - schedule_config - DEBUG - Schedule 4: Every 60 minutes for 6 package(s): [3, 4, 5, 6, 7, 8]
2025-07-17 07:00:54 - schedule_config - DEBUG - Schedule 5: Every 180 minutes for 9 package(s): [9, 10, 11, 12, 13, 14, 15, 16, 17]
2025-07-17 07:01:13 - schedule_config - DEBUG - Logger initialized for schedule_config at level DEBUG
2025-07-17 07:01:13 - schedule_config - INFO - Loading schedule configuration
2025-07-17 07:01:13 - schedule_config - INFO - Schedule configuration loaded: 5 schedules defined
2025-07-17 07:01:13 - schedule_config - INFO - Batch size set to: 50 coins per package
2025-07-17 07:01:13 - schedule_config - DEBUG - Schedule 1: Every 5 minutes for 1 package(s): [0]
2025-07-17 07:01:13 - schedule_config - DEBUG - Schedule 2: Every 10 minutes for 1 package(s): [1]
2025-07-17 07:01:13 - schedule_config - DEBUG - Schedule 3: Every 15 minutes for 1 package(s): [2]
2025-07-17 07:01:13 - schedule_config - DEBUG - Schedule 4: Every 60 minutes for 6 package(s): [3, 4, 5, 6, 7, 8]
2025-07-17 07:01:13 - schedule_config - DEBUG - Schedule 5: Every 180 minutes for 9 package(s): [9, 10, 11, 12, 13, 14, 15, 16, 17]
2025-07-17 07:01:13 - schedule_config - DEBUG - Logger initialized for schedule_config at level DEBUG
2025-07-17 07:01:13 - schedule_config - INFO - Loading schedule configuration
2025-07-17 07:01:13 - schedule_config - INFO - Schedule configuration loaded: 5 schedules defined
2025-07-17 07:01:13 - schedule_config - INFO - Batch size set to: 50 coins per package
2025-07-17 07:01:13 - schedule_config - DEBUG - Schedule 1: Every 5 minutes for 1 package(s): [0]
2025-07-17 07:01:13 - schedule_config - DEBUG - Schedule 2: Every 10 minutes for 1 package(s): [1]
2025-07-17 07:01:13 - schedule_config - DEBUG - Schedule 3: Every 15 minutes for 1 package(s): [2]
2025-07-17 07:01:13 - schedule_config - DEBUG - Schedule 4: Every 60 minutes for 6 package(s): [3, 4, 5, 6, 7, 8]
2025-07-17 07:01:13 - schedule_config - DEBUG - Schedule 5: Every 180 minutes for 9 package(s): [9, 10, 11, 12, 13, 14, 15, 16, 17]
2025-07-17 07:01:14 - schedule_config - DEBUG - Logger initialized for schedule_config at level DEBUG
2025-07-17 07:01:14 - schedule_config - INFO - Loading schedule configuration
2025-07-17 07:01:14 - schedule_config - INFO - Schedule configuration loaded: 5 schedules defined
2025-07-17 07:01:14 - schedule_config - INFO - Batch size set to: 50 coins per package
2025-07-17 07:01:14 - schedule_config - DEBUG - Schedule 1: Every 5 minutes for 1 package(s): [0]
2025-07-17 07:01:14 - schedule_config - DEBUG - Schedule 2: Every 10 minutes for 1 package(s): [1]
2025-07-17 07:01:14 - schedule_config - DEBUG - Schedule 3: Every 15 minutes for 1 package(s): [2]
2025-07-17 07:01:14 - schedule_config - DEBUG - Schedule 4: Every 60 minutes for 6 package(s): [3, 4, 5, 6, 7, 8]
2025-07-17 07:01:14 - schedule_config - DEBUG - Schedule 5: Every 180 minutes for 9 package(s): [9, 10, 11, 12, 13, 14, 15, 16, 17]
2025-07-17 07:16:42 - schedule_config - DEBUG - Logger initialized for schedule_config at level DEBUG
2025-07-17 07:16:42 - schedule_config - INFO - Loading schedule configuration
2025-07-17 07:16:42 - schedule_config - INFO - Schedule configuration loaded: 5 schedules defined
2025-07-17 07:16:42 - schedule_config - INFO - Batch size set to: 50 coins per package
2025-07-17 07:16:42 - schedule_config - DEBUG - Schedule 1: Every 5 minutes for 1 package(s): [0]
2025-07-17 07:16:42 - schedule_config - DEBUG - Schedule 2: Every 10 minutes for 1 package(s): [1]
2025-07-17 07:16:42 - schedule_config - DEBUG - Schedule 3: Every 15 minutes for 1 package(s): [2]
2025-07-17 07:16:42 - schedule_config - DEBUG - Schedule 4: Every 60 minutes for 6 package(s): [3, 4, 5, 6, 7, 8]
2025-07-17 07:16:42 - schedule_config - DEBUG - Schedule 5: Every 180 minutes for 9 package(s): [9, 10, 11, 12, 13, 14, 15, 16, 17]
2025-07-17 07:16:42 - schedule_config - DEBUG - Logger initialized for schedule_config at level DEBUG
2025-07-17 07:16:42 - schedule_config - INFO - Loading schedule configuration
2025-07-17 07:16:42 - schedule_config - INFO - Schedule configuration loaded: 5 schedules defined
2025-07-17 07:16:42 - schedule_config - INFO - Batch size set to: 50 coins per package
2025-07-17 07:16:42 - schedule_config - DEBUG - Schedule 1: Every 5 minutes for 1 package(s): [0]
2025-07-17 07:16:42 - schedule_config - DEBUG - Schedule 2: Every 10 minutes for 1 package(s): [1]
2025-07-17 07:16:42 - schedule_config - DEBUG - Schedule 3: Every 15 minutes for 1 package(s): [2]
2025-07-17 07:16:42 - schedule_config - DEBUG - Schedule 4: Every 60 minutes for 6 package(s): [3, 4, 5, 6, 7, 8]
2025-07-17 07:16:42 - schedule_config - DEBUG - Schedule 5: Every 180 minutes for 9 package(s): [9, 10, 11, 12, 13, 14, 15, 16, 17]
2025-07-17 07:16:42 - schedule_config - DEBUG - Logger initialized for schedule_config at level DEBUG
2025-07-17 07:16:42 - schedule_config - INFO - Loading schedule configuration
2025-07-17 07:16:42 - schedule_config - INFO - Schedule configuration loaded: 5 schedules defined
2025-07-17 07:16:42 - schedule_config - INFO - Batch size set to: 50 coins per package
2025-07-17 07:16:42 - schedule_config - DEBUG - Schedule 1: Every 5 minutes for 1 package(s): [0]
2025-07-17 07:16:42 - schedule_config - DEBUG - Schedule 2: Every 10 minutes for 1 package(s): [1]
2025-07-17 07:16:42 - schedule_config - DEBUG - Schedule 3: Every 15 minutes for 1 package(s): [2]
2025-07-17 07:16:42 - schedule_config - DEBUG - Schedule 4: Every 60 minutes for 6 package(s): [3, 4, 5, 6, 7, 8]
2025-07-17 07:16:42 - schedule_config - DEBUG - Schedule 5: Every 180 minutes for 9 package(s): [9, 10, 11, 12, 13, 14, 15, 16, 17]
2025-07-17 07:22:01 - schedule_config - DEBUG - Logger initialized for schedule_config at level DEBUG
2025-07-17 07:22:01 - schedule_config - INFO - Loading schedule configuration
2025-07-17 07:22:01 - schedule_config - INFO - Schedule configuration loaded: 5 schedules defined
2025-07-17 07:22:01 - schedule_config - INFO - Batch size set to: 50 coins per package
2025-07-17 07:22:01 - schedule_config - DEBUG - Schedule 1: Every 5 minutes for 1 package(s): [0]
2025-07-17 07:22:01 - schedule_config - DEBUG - Schedule 2: Every 10 minutes for 1 package(s): [1]
2025-07-17 07:22:01 - schedule_config - DEBUG - Schedule 3: Every 15 minutes for 1 package(s): [2]
2025-07-17 07:22:01 - schedule_config - DEBUG - Schedule 4: Every 60 minutes for 6 package(s): [3, 4, 5, 6, 7, 8]
2025-07-17 07:22:01 - schedule_config - DEBUG - Schedule 5: Every 180 minutes for 9 package(s): [9, 10, 11, 12, 13, 14, 15, 16, 17]
2025-07-17 07:22:01 - schedule_config - DEBUG - Logger initialized for schedule_config at level DEBUG
2025-07-17 07:22:01 - schedule_config - INFO - Loading schedule configuration
2025-07-17 07:22:01 - schedule_config - INFO - Schedule configuration loaded: 5 schedules defined
2025-07-17 07:22:01 - schedule_config - INFO - Batch size set to: 50 coins per package
2025-07-17 07:22:01 - schedule_config - DEBUG - Schedule 1: Every 5 minutes for 1 package(s): [0]
2025-07-17 07:22:01 - schedule_config - DEBUG - Schedule 2: Every 10 minutes for 1 package(s): [1]
2025-07-17 07:22:01 - schedule_config - DEBUG - Schedule 3: Every 15 minutes for 1 package(s): [2]
2025-07-17 07:22:01 - schedule_config - DEBUG - Schedule 4: Every 60 minutes for 6 package(s): [3, 4, 5, 6, 7, 8]
2025-07-17 07:22:01 - schedule_config - DEBUG - Schedule 5: Every 180 minutes for 9 package(s): [9, 10, 11, 12, 13, 14, 15, 16, 17]
2025-07-17 07:22:01 - schedule_config - DEBUG - Logger initialized for schedule_config at level DEBUG
2025-07-17 07:22:01 - schedule_config - INFO - Loading schedule configuration
2025-07-17 07:22:01 - schedule_config - INFO - Schedule configuration loaded: 5 schedules defined
2025-07-17 07:22:01 - schedule_config - INFO - Batch size set to: 50 coins per package
2025-07-17 07:22:01 - schedule_config - DEBUG - Schedule 1: Every 5 minutes for 1 package(s): [0]
2025-07-17 07:22:01 - schedule_config - DEBUG - Schedule 2: Every 10 minutes for 1 package(s): [1]
2025-07-17 07:22:01 - schedule_config - DEBUG - Schedule 3: Every 15 minutes for 1 package(s): [2]
2025-07-17 07:22:01 - schedule_config - DEBUG - Schedule 4: Every 60 minutes for 6 package(s): [3, 4, 5, 6, 7, 8]
2025-07-17 07:22:01 - schedule_config - DEBUG - Schedule 5: Every 180 minutes for 9 package(s): [9, 10, 11, 12, 13, 14, 15, 16, 17]
2025-07-17 07:28:27 - schedule_config - DEBUG - Logger initialized for schedule_config at level DEBUG
2025-07-17 07:28:27 - schedule_config - INFO - Loading schedule configuration
2025-07-17 07:28:27 - schedule_config - INFO - Schedule configuration loaded: 5 schedules defined
2025-07-17 07:28:27 - schedule_config - INFO - Batch size set to: 50 coins per package
2025-07-17 07:28:27 - schedule_config - DEBUG - Schedule 1: Every 5 minutes for 1 package(s): [0]
2025-07-17 07:28:27 - schedule_config - DEBUG - Schedule 2: Every 10 minutes for 1 package(s): [1]
2025-07-17 07:28:27 - schedule_config - DEBUG - Schedule 3: Every 15 minutes for 1 package(s): [2]
2025-07-17 07:28:27 - schedule_config - DEBUG - Schedule 4: Every 60 minutes for 6 package(s): [3, 4, 5, 6, 7, 8]
2025-07-17 07:28:27 - schedule_config - DEBUG - Schedule 5: Every 180 minutes for 9 package(s): [9, 10, 11, 12, 13, 14, 15, 16, 17]
2025-07-17 07:28:27 - schedule_config - DEBUG - Logger initialized for schedule_config at level DEBUG
2025-07-17 07:28:27 - schedule_config - INFO - Loading schedule configuration
2025-07-17 07:28:27 - schedule_config - INFO - Schedule configuration loaded: 5 schedules defined
2025-07-17 07:28:27 - schedule_config - INFO - Batch size set to: 50 coins per package
2025-07-17 07:28:27 - schedule_config - DEBUG - Schedule 1: Every 5 minutes for 1 package(s): [0]
2025-07-17 07:28:27 - schedule_config - DEBUG - Schedule 2: Every 10 minutes for 1 package(s): [1]
2025-07-17 07:28:27 - schedule_config - DEBUG - Schedule 3: Every 15 minutes for 1 package(s): [2]
2025-07-17 07:28:27 - schedule_config - DEBUG - Schedule 4: Every 60 minutes for 6 package(s): [3, 4, 5, 6, 7, 8]
2025-07-17 07:28:27 - schedule_config - DEBUG - Schedule 5: Every 180 minutes for 9 package(s): [9, 10, 11, 12, 13, 14, 15, 16, 17]
2025-07-17 07:28:27 - schedule_config - DEBUG - Logger initialized for schedule_config at level DEBUG
2025-07-17 07:28:27 - schedule_config - INFO - Loading schedule configuration
2025-07-17 07:28:27 - schedule_config - INFO - Schedule configuration loaded: 5 schedules defined
2025-07-17 07:28:27 - schedule_config - INFO - Batch size set to: 50 coins per package
2025-07-17 07:28:27 - schedule_config - DEBUG - Schedule 1: Every 5 minutes for 1 package(s): [0]
2025-07-17 07:28:27 - schedule_config - DEBUG - Schedule 2: Every 10 minutes for 1 package(s): [1]
2025-07-17 07:28:27 - schedule_config - DEBUG - Schedule 3: Every 15 minutes for 1 package(s): [2]
2025-07-17 07:28:27 - schedule_config - DEBUG - Schedule 4: Every 60 minutes for 6 package(s): [3, 4, 5, 6, 7, 8]
2025-07-17 07:28:27 - schedule_config - DEBUG - Schedule 5: Every 180 minutes for 9 package(s): [9, 10, 11, 12, 13, 14, 15, 16, 17]
2025-07-17 07:32:06 - schedule_config - DEBUG - Logger initialized for schedule_config at level DEBUG
2025-07-17 07:32:06 - schedule_config - INFO - Loading schedule configuration
2025-07-17 07:32:06 - schedule_config - INFO - Schedule configuration loaded: 5 schedules defined
2025-07-17 07:32:06 - schedule_config - INFO - Batch size set to: 50 coins per package
2025-07-17 07:32:06 - schedule_config - DEBUG - Schedule 1: Every 5 minutes for 1 package(s): [0]
2025-07-17 07:32:06 - schedule_config - DEBUG - Schedule 2: Every 10 minutes for 1 package(s): [1]
2025-07-17 07:32:06 - schedule_config - DEBUG - Schedule 3: Every 15 minutes for 1 package(s): [2]
2025-07-17 07:32:06 - schedule_config - DEBUG - Schedule 4: Every 60 minutes for 6 package(s): [3, 4, 5, 6, 7, 8]
2025-07-17 07:32:06 - schedule_config - DEBUG - Schedule 5: Every 180 minutes for 9 package(s): [9, 10, 11, 12, 13, 14, 15, 16, 17]
2025-07-17 07:32:06 - schedule_config - DEBUG - Logger initialized for schedule_config at level DEBUG
2025-07-17 07:32:06 - schedule_config - INFO - Loading schedule configuration
2025-07-17 07:32:06 - schedule_config - INFO - Schedule configuration loaded: 5 schedules defined
2025-07-17 07:32:06 - schedule_config - INFO - Batch size set to: 50 coins per package
2025-07-17 07:32:06 - schedule_config - DEBUG - Schedule 1: Every 5 minutes for 1 package(s): [0]
2025-07-17 07:32:06 - schedule_config - DEBUG - Schedule 2: Every 10 minutes for 1 package(s): [1]
2025-07-17 07:32:06 - schedule_config - DEBUG - Schedule 3: Every 15 minutes for 1 package(s): [2]
2025-07-17 07:32:06 - schedule_config - DEBUG - Schedule 4: Every 60 minutes for 6 package(s): [3, 4, 5, 6, 7, 8]
2025-07-17 07:32:06 - schedule_config - DEBUG - Schedule 5: Every 180 minutes for 9 package(s): [9, 10, 11, 12, 13, 14, 15, 16, 17]
2025-07-17 07:32:07 - schedule_config - DEBUG - Logger initialized for schedule_config at level DEBUG
2025-07-17 07:32:07 - schedule_config - INFO - Loading schedule configuration
2025-07-17 07:32:07 - schedule_config - INFO - Schedule configuration loaded: 5 schedules defined
2025-07-17 07:32:07 - schedule_config - INFO - Batch size set to: 50 coins per package
2025-07-17 07:32:07 - schedule_config - DEBUG - Schedule 1: Every 5 minutes for 1 package(s): [0]
2025-07-17 07:32:07 - schedule_config - DEBUG - Schedule 2: Every 10 minutes for 1 package(s): [1]
2025-07-17 07:32:07 - schedule_config - DEBUG - Schedule 3: Every 15 minutes for 1 package(s): [2]
2025-07-17 07:32:07 - schedule_config - DEBUG - Schedule 4: Every 60 minutes for 6 package(s): [3, 4, 5, 6, 7, 8]
2025-07-17 07:32:07 - schedule_config - DEBUG - Schedule 5: Every 180 minutes for 9 package(s): [9, 10, 11, 12, 13, 14, 15, 16, 17]
2025-07-17 07:36:37 - schedule_config - DEBUG - Logger initialized for schedule_config at level DEBUG
2025-07-17 07:36:37 - schedule_config - INFO - Loading schedule configuration
2025-07-17 07:36:37 - schedule_config - INFO - Schedule configuration loaded: 5 schedules defined
2025-07-17 07:36:37 - schedule_config - INFO - Batch size set to: 50 coins per package
2025-07-17 07:36:37 - schedule_config - DEBUG - Schedule 1: Every 5 minutes for 1 package(s): [0]
2025-07-17 07:36:37 - schedule_config - DEBUG - Schedule 2: Every 10 minutes for 1 package(s): [1]
2025-07-17 07:36:37 - schedule_config - DEBUG - Schedule 3: Every 15 minutes for 1 package(s): [2]
2025-07-17 07:36:37 - schedule_config - DEBUG - Schedule 4: Every 60 minutes for 6 package(s): [3, 4, 5, 6, 7, 8]
2025-07-17 07:36:37 - schedule_config - DEBUG - Schedule 5: Every 180 minutes for 9 package(s): [9, 10, 11, 12, 13, 14, 15, 16, 17]
2025-07-17 07:36:37 - schedule_config - DEBUG - Logger initialized for schedule_config at level DEBUG
2025-07-17 07:36:37 - schedule_config - INFO - Loading schedule configuration
2025-07-17 07:36:37 - schedule_config - INFO - Schedule configuration loaded: 5 schedules defined
2025-07-17 07:36:37 - schedule_config - INFO - Batch size set to: 50 coins per package
2025-07-17 07:36:37 - schedule_config - DEBUG - Schedule 1: Every 5 minutes for 1 package(s): [0]
2025-07-17 07:36:37 - schedule_config - DEBUG - Schedule 2: Every 10 minutes for 1 package(s): [1]
2025-07-17 07:36:37 - schedule_config - DEBUG - Schedule 3: Every 15 minutes for 1 package(s): [2]
2025-07-17 07:36:37 - schedule_config - DEBUG - Schedule 4: Every 60 minutes for 6 package(s): [3, 4, 5, 6, 7, 8]
2025-07-17 07:36:37 - schedule_config - DEBUG - Schedule 5: Every 180 minutes for 9 package(s): [9, 10, 11, 12, 13, 14, 15, 16, 17]
2025-07-17 07:36:37 - schedule_config - DEBUG - Logger initialized for schedule_config at level DEBUG
2025-07-17 07:36:37 - schedule_config - INFO - Loading schedule configuration
2025-07-17 07:36:37 - schedule_config - INFO - Schedule configuration loaded: 5 schedules defined
2025-07-17 07:36:37 - schedule_config - INFO - Batch size set to: 50 coins per package
2025-07-17 07:36:37 - schedule_config - DEBUG - Schedule 1: Every 5 minutes for 1 package(s): [0]
2025-07-17 07:36:37 - schedule_config - DEBUG - Schedule 2: Every 10 minutes for 1 package(s): [1]
2025-07-17 07:36:37 - schedule_config - DEBUG - Schedule 3: Every 15 minutes for 1 package(s): [2]
2025-07-17 07:36:37 - schedule_config - DEBUG - Schedule 4: Every 60 minutes for 6 package(s): [3, 4, 5, 6, 7, 8]
2025-07-17 07:36:37 - schedule_config - DEBUG - Schedule 5: Every 180 minutes for 9 package(s): [9, 10, 11, 12, 13, 14, 15, 16, 17]
2025-07-17 07:43:30 - schedule_config - DEBUG - Logger initialized for schedule_config at level DEBUG
2025-07-17 07:43:30 - schedule_config - INFO - Loading schedule configuration
2025-07-17 07:43:30 - schedule_config - INFO - Schedule configuration loaded: 5 schedules defined
2025-07-17 07:43:30 - schedule_config - INFO - Batch size set to: 50 coins per package
2025-07-17 07:43:30 - schedule_config - DEBUG - Schedule 1: Every 5 minutes for 1 package(s): [0]
2025-07-17 07:43:30 - schedule_config - DEBUG - Schedule 2: Every 10 minutes for 1 package(s): [1]
2025-07-17 07:43:30 - schedule_config - DEBUG - Schedule 3: Every 15 minutes for 1 package(s): [2]
2025-07-17 07:43:30 - schedule_config - DEBUG - Schedule 4: Every 60 minutes for 6 package(s): [3, 4, 5, 6, 7, 8]
2025-07-17 07:43:30 - schedule_config - DEBUG - Schedule 5: Every 180 minutes for 9 package(s): [9, 10, 11, 12, 13, 14, 15, 16, 17]
2025-07-17 07:43:31 - schedule_config - DEBUG - Logger initialized for schedule_config at level DEBUG
2025-07-17 07:43:31 - schedule_config - INFO - Loading schedule configuration
2025-07-17 07:43:31 - schedule_config - INFO - Schedule configuration loaded: 5 schedules defined
2025-07-17 07:43:31 - schedule_config - INFO - Batch size set to: 50 coins per package
2025-07-17 07:43:31 - schedule_config - DEBUG - Schedule 1: Every 5 minutes for 1 package(s): [0]
2025-07-17 07:43:31 - schedule_config - DEBUG - Schedule 2: Every 10 minutes for 1 package(s): [1]
2025-07-17 07:43:31 - schedule_config - DEBUG - Schedule 3: Every 15 minutes for 1 package(s): [2]
2025-07-17 07:43:31 - schedule_config - DEBUG - Schedule 4: Every 60 minutes for 6 package(s): [3, 4, 5, 6, 7, 8]
2025-07-17 07:43:31 - schedule_config - DEBUG - Schedule 5: Every 180 minutes for 9 package(s): [9, 10, 11, 12, 13, 14, 15, 16, 17]
2025-07-17 07:43:31 - schedule_config - DEBUG - Logger initialized for schedule_config at level DEBUG
2025-07-17 07:43:31 - schedule_config - INFO - Loading schedule configuration
2025-07-17 07:43:31 - schedule_config - INFO - Schedule configuration loaded: 5 schedules defined
2025-07-17 07:43:31 - schedule_config - INFO - Batch size set to: 50 coins per package
2025-07-17 07:43:31 - schedule_config - DEBUG - Schedule 1: Every 5 minutes for 1 package(s): [0]
2025-07-17 07:43:31 - schedule_config - DEBUG - Schedule 2: Every 10 minutes for 1 package(s): [1]
2025-07-17 07:43:31 - schedule_config - DEBUG - Schedule 3: Every 15 minutes for 1 package(s): [2]
2025-07-17 07:43:31 - schedule_config - DEBUG - Schedule 4: Every 60 minutes for 6 package(s): [3, 4, 5, 6, 7, 8]
2025-07-17 07:43:31 - schedule_config - DEBUG - Schedule 5: Every 180 minutes for 9 package(s): [9, 10, 11, 12, 13, 14, 15, 16, 17]
2025-07-17 07:47:28 - schedule_config - DEBUG - Logger initialized for schedule_config at level DEBUG
2025-07-17 07:47:28 - schedule_config - INFO - Loading schedule configuration
2025-07-17 07:47:28 - schedule_config - INFO - Schedule configuration loaded: 5 schedules defined
2025-07-17 07:47:28 - schedule_config - INFO - Batch size set to: 50 coins per package
2025-07-17 07:47:28 - schedule_config - DEBUG - Schedule 1: Every 5 minutes for 1 package(s): [0]
2025-07-17 07:47:28 - schedule_config - DEBUG - Schedule 2: Every 10 minutes for 1 package(s): [1]
2025-07-17 07:47:28 - schedule_config - DEBUG - Schedule 3: Every 15 minutes for 1 package(s): [2]
2025-07-17 07:47:28 - schedule_config - DEBUG - Schedule 4: Every 60 minutes for 6 package(s): [3, 4, 5, 6, 7, 8]
2025-07-17 07:47:28 - schedule_config - DEBUG - Schedule 5: Every 180 minutes for 9 package(s): [9, 10, 11, 12, 13, 14, 15, 16, 17]
2025-07-17 07:47:28 - schedule_config - DEBUG - Logger initialized for schedule_config at level DEBUG
2025-07-17 07:47:28 - schedule_config - INFO - Loading schedule configuration
2025-07-17 07:47:28 - schedule_config - INFO - Schedule configuration loaded: 5 schedules defined
2025-07-17 07:47:28 - schedule_config - INFO - Batch size set to: 50 coins per package
2025-07-17 07:47:28 - schedule_config - DEBUG - Schedule 1: Every 5 minutes for 1 package(s): [0]
2025-07-17 07:47:28 - schedule_config - DEBUG - Schedule 2: Every 10 minutes for 1 package(s): [1]
2025-07-17 07:47:28 - schedule_config - DEBUG - Schedule 3: Every 15 minutes for 1 package(s): [2]
2025-07-17 07:47:28 - schedule_config - DEBUG - Schedule 4: Every 60 minutes for 6 package(s): [3, 4, 5, 6, 7, 8]
2025-07-17 07:47:28 - schedule_config - DEBUG - Schedule 5: Every 180 minutes for 9 package(s): [9, 10, 11, 12, 13, 14, 15, 16, 17]
2025-07-17 07:47:28 - schedule_config - DEBUG - Logger initialized for schedule_config at level DEBUG
2025-07-17 07:47:28 - schedule_config - INFO - Loading schedule configuration
2025-07-17 07:47:28 - schedule_config - INFO - Schedule configuration loaded: 5 schedules defined
2025-07-17 07:47:28 - schedule_config - INFO - Batch size set to: 50 coins per package
2025-07-17 07:47:28 - schedule_config - DEBUG - Schedule 1: Every 5 minutes for 1 package(s): [0]
2025-07-17 07:47:28 - schedule_config - DEBUG - Schedule 2: Every 10 minutes for 1 package(s): [1]
2025-07-17 07:47:28 - schedule_config - DEBUG - Schedule 3: Every 15 minutes for 1 package(s): [2]
2025-07-17 07:47:28 - schedule_config - DEBUG - Schedule 4: Every 60 minutes for 6 package(s): [3, 4, 5, 6, 7, 8]
2025-07-17 07:47:28 - schedule_config - DEBUG - Schedule 5: Every 180 minutes for 9 package(s): [9, 10, 11, 12, 13, 14, 15, 16, 17]
2025-07-17 07:54:36 - schedule_config - DEBUG - Logger initialized for schedule_config at level DEBUG
2025-07-17 07:54:36 - schedule_config - INFO - Loading schedule configuration
2025-07-17 07:54:36 - schedule_config - INFO - Schedule configuration loaded: 5 schedules defined
2025-07-17 07:54:36 - schedule_config - INFO - Batch size set to: 50 coins per package
2025-07-17 07:54:36 - schedule_config - DEBUG - Schedule 1: Every 5 minutes for 1 package(s): [0]
2025-07-17 07:54:36 - schedule_config - DEBUG - Schedule 2: Every 10 minutes for 1 package(s): [1]
2025-07-17 07:54:36 - schedule_config - DEBUG - Schedule 3: Every 15 minutes for 1 package(s): [2]
2025-07-17 07:54:36 - schedule_config - DEBUG - Schedule 4: Every 60 minutes for 6 package(s): [3, 4, 5, 6, 7, 8]
2025-07-17 07:54:36 - schedule_config - DEBUG - Schedule 5: Every 180 minutes for 9 package(s): [9, 10, 11, 12, 13, 14, 15, 16, 17]
2025-07-17 07:54:37 - schedule_config - DEBUG - Logger initialized for schedule_config at level DEBUG
2025-07-17 07:54:37 - schedule_config - INFO - Loading schedule configuration
2025-07-17 07:54:37 - schedule_config - INFO - Schedule configuration loaded: 5 schedules defined
2025-07-17 07:54:37 - schedule_config - INFO - Batch size set to: 50 coins per package
2025-07-17 07:54:37 - schedule_config - DEBUG - Schedule 1: Every 5 minutes for 1 package(s): [0]
2025-07-17 07:54:37 - schedule_config - DEBUG - Schedule 2: Every 10 minutes for 1 package(s): [1]
2025-07-17 07:54:37 - schedule_config - DEBUG - Schedule 3: Every 15 minutes for 1 package(s): [2]
2025-07-17 07:54:37 - schedule_config - DEBUG - Schedule 4: Every 60 minutes for 6 package(s): [3, 4, 5, 6, 7, 8]
2025-07-17 07:54:37 - schedule_config - DEBUG - Schedule 5: Every 180 minutes for 9 package(s): [9, 10, 11, 12, 13, 14, 15, 16, 17]
2025-07-17 07:54:37 - schedule_config - DEBUG - Logger initialized for schedule_config at level DEBUG
2025-07-17 07:54:37 - schedule_config - INFO - Loading schedule configuration
2025-07-17 07:54:37 - schedule_config - INFO - Schedule configuration loaded: 5 schedules defined
2025-07-17 07:54:37 - schedule_config - INFO - Batch size set to: 50 coins per package
2025-07-17 07:54:37 - schedule_config - DEBUG - Schedule 1: Every 5 minutes for 1 package(s): [0]
2025-07-17 07:54:37 - schedule_config - DEBUG - Schedule 2: Every 10 minutes for 1 package(s): [1]
2025-07-17 07:54:37 - schedule_config - DEBUG - Schedule 3: Every 15 minutes for 1 package(s): [2]
2025-07-17 07:54:37 - schedule_config - DEBUG - Schedule 4: Every 60 minutes for 6 package(s): [3, 4, 5, 6, 7, 8]
2025-07-17 07:54:37 - schedule_config - DEBUG - Schedule 5: Every 180 minutes for 9 package(s): [9, 10, 11, 12, 13, 14, 15, 16, 17]
2025-07-17 08:20:17 - schedule_config - DEBUG - Logger initialized for schedule_config at level DEBUG
2025-07-17 08:20:17 - schedule_config - INFO - Loading schedule configuration
2025-07-17 08:20:17 - schedule_config - INFO - Schedule configuration loaded: 5 schedules defined
2025-07-17 08:20:17 - schedule_config - INFO - Batch size set to: 50 coins per package
2025-07-17 08:20:17 - schedule_config - DEBUG - Schedule 1: Every 5 minutes for 1 package(s): [0]
2025-07-17 08:20:17 - schedule_config - DEBUG - Schedule 2: Every 10 minutes for 1 package(s): [1]
2025-07-17 08:20:17 - schedule_config - DEBUG - Schedule 3: Every 15 minutes for 1 package(s): [2]
2025-07-17 08:20:17 - schedule_config - DEBUG - Schedule 4: Every 60 minutes for 6 package(s): [3, 4, 5, 6, 7, 8]
2025-07-17 08:20:17 - schedule_config - DEBUG - Schedule 5: Every 180 minutes for 9 package(s): [9, 10, 11, 12, 13, 14, 15, 16, 17]
2025-07-17 10:46:57 - schedule_config - DEBUG - Logger initialized for schedule_config at level DEBUG
2025-07-17 10:46:57 - schedule_config - INFO - Loading schedule configuration
2025-07-17 10:46:57 - schedule_config - INFO - Schedule configuration loaded: 5 schedules defined
2025-07-17 10:46:57 - schedule_config - INFO - Batch size set to: 50 coins per package
2025-07-17 10:46:57 - schedule_config - DEBUG - Schedule 1: Every 5 minutes for 1 package(s): [0]
2025-07-17 10:46:57 - schedule_config - DEBUG - Schedule 2: Every 10 minutes for 1 package(s): [1]
2025-07-17 10:46:57 - schedule_config - DEBUG - Schedule 3: Every 15 minutes for 1 package(s): [2]
2025-07-17 10:46:57 - schedule_config - DEBUG - Schedule 4: Every 60 minutes for 6 package(s): [3, 4, 5, 6, 7, 8]
2025-07-17 10:46:57 - schedule_config - DEBUG - Schedule 5: Every 180 minutes for 9 package(s): [9, 10, 11, 12, 13, 14, 15, 16, 17]
2025-07-17 10:47:16 - schedule_config - DEBUG - Logger initialized for schedule_config at level DEBUG
2025-07-17 10:47:16 - schedule_config - INFO - Loading schedule configuration
2025-07-17 10:47:16 - schedule_config - INFO - Schedule configuration loaded: 5 schedules defined
2025-07-17 10:47:16 - schedule_config - INFO - Batch size set to: 50 coins per package
2025-07-17 10:47:16 - schedule_config - DEBUG - Schedule 1: Every 5 minutes for 1 package(s): [0]
2025-07-17 10:47:16 - schedule_config - DEBUG - Schedule 2: Every 10 minutes for 1 package(s): [1]
2025-07-17 10:47:16 - schedule_config - DEBUG - Schedule 3: Every 15 minutes for 1 package(s): [2]
2025-07-17 10:47:16 - schedule_config - DEBUG - Schedule 4: Every 60 minutes for 6 package(s): [3, 4, 5, 6, 7, 8]
2025-07-17 10:47:16 - schedule_config - DEBUG - Schedule 5: Every 180 minutes for 9 package(s): [9, 10, 11, 12, 13, 14, 15, 16, 17]
