2025-07-17 06:03:37 - tatum_service - DEBUG - Logger initialized for tatum_service at level DEBUG
2025-07-17 06:03:37 - tatum_service - DEBUG - Logger initialized for tatum_service at level DEBUG
2025-07-17 06:03:37 - tatum_service - DEBUG - Logger initialized for tatum_service at level DEBUG
2025-07-17 06:09:08 - tatum_service - DEBUG - Logger initialized for tatum_service at level DEBUG
2025-07-17 06:09:08 - tatum_service - DEBUG - Logger initialized for tatum_service at level DEBUG
2025-07-17 06:09:08 - tatum_service - DEBUG - Logger initialized for tatum_service at level DEBUG
2025-07-17 06:11:48 - tatum_service - DEBUG - Logger initialized for tatum_service at level DEBUG
2025-07-17 06:11:48 - tatum_service - DEBUG - Logger initialized for tatum_service at level DEBUG
2025-07-17 06:11:49 - tatum_service - DEBUG - Logger initialized for tatum_service at level DEBUG
2025-07-17 06:27:39 - tatum_service - DEBUG - Logger initialized for tatum_service at level DEBUG
2025-07-17 06:27:40 - tatum_service - DEBUG - Logger initialized for tatum_service at level DEBUG
2025-07-17 06:27:40 - tatum_service - DEBUG - Logger initialized for tatum_service at level DEBUG
2025-07-17 06:28:06 - tatum_service - DEBUG - Logger initialized for tatum_service at level DEBUG
2025-07-17 06:28:06 - tatum_service - DEBUG - Broadcasting transaction to: https://api.tatum.io/v3/polygon/broadcast
2025-07-17 06:28:06 - tatum_service - DEBUG - Making post request to https://api.tatum.io/v3/polygon/broadcast
2025-07-17 06:28:06 - tatum_service - DEBUG - Request data: {'txData': '0xf86c808504a817c80082520894b944f84569b9f32ff12443fbdc6ff38a605c4e2a87038d7ea4c68000802aa0a0c9c4cbaef4cd2a3f6c5b327d2e4c3d8e9f0a1b2c3d4e5f6a7b8c9d0e1f2a0a0c9c4cbaef4cd2a3f6c5b327d2e4c3d8e9f0a1b2c3d4e5f6a7b8c9d0e1f2'}
2025-07-17 06:28:06 - tatum_service - DEBUG - Response status code: 403
2025-07-17 06:28:06 - tatum_service - DEBUG - Response body: {"statusCode":403,"errorCode":"polygon.broadcast.failed","message":"Unable to broadcast transaction.","cause":"rlp: value size exceeds available input length [-32000]","dashboardLog":"https://dashboard.tatum.io/logs?id=687897f6e1f460b74171e813"}
2025-07-17 06:28:06 - tatum_service - ERROR - Tatum API error: 403, {"statusCode":403,"errorCode":"polygon.broadcast.failed","message":"Unable to broadcast transaction.","cause":"rlp: value size exceeds available input length [-32000]","dashboardLog":"https://dashboard.tatum.io/logs?id=687897f6e1f460b74171e813"}
2025-07-17 06:31:32 - tatum_service - DEBUG - Logger initialized for tatum_service at level DEBUG
2025-07-17 06:31:32 - tatum_service - DEBUG - Logger initialized for tatum_service at level DEBUG
2025-07-17 06:31:32 - tatum_service - DEBUG - Logger initialized for tatum_service at level DEBUG
2025-07-17 06:32:11 - tatum_service - DEBUG - Logger initialized for tatum_service at level DEBUG
2025-07-17 06:32:11 - tatum_service - DEBUG - Broadcasting transaction to: https://api.tatum.io/v3/polygon/broadcast
2025-07-17 06:32:11 - tatum_service - DEBUG - Making post request to https://api.tatum.io/v3/polygon/broadcast
2025-07-17 06:32:11 - tatum_service - DEBUG - Request data: {'txData': '0xf86c808504a817c80082520894b944f84569b9f32ff12443fbdc6ff38a605c4e2a87038d7ea4c68000802aa0a0c9c4cbaef4cd2a3f6c5b327d2e4c3d8e9f0a1b2c3d4e5f6a7b8c9d0e1f2a0a0c9c4cbaef4cd2a3f6c5b327d2e4c3d8e9f0a1b2c3d4e5f6a7b8c9d0e1f2'}
2025-07-17 06:32:12 - tatum_service - DEBUG - Response status code: 403
2025-07-17 06:32:12 - tatum_service - DEBUG - Response body: {"statusCode":403,"errorCode":"polygon.broadcast.failed","message":"Unable to broadcast transaction.","cause":"rlp: value size exceeds available input length [-32000]","dashboardLog":"https://dashboard.tatum.io/logs?id=687898ec600c176cad1d9c1c"}
2025-07-17 06:32:12 - tatum_service - ERROR - Tatum API error: 403, {"statusCode":403,"errorCode":"polygon.broadcast.failed","message":"Unable to broadcast transaction.","cause":"rlp: value size exceeds available input length [-32000]","dashboardLog":"https://dashboard.tatum.io/logs?id=687898ec600c176cad1d9c1c"}
2025-07-17 06:35:28 - tatum_service - DEBUG - Logger initialized for tatum_service at level DEBUG
2025-07-17 06:35:29 - tatum_service - DEBUG - Logger initialized for tatum_service at level DEBUG
2025-07-17 06:35:29 - tatum_service - DEBUG - Logger initialized for tatum_service at level DEBUG
2025-07-17 06:35:55 - tatum_service - DEBUG - Logger initialized for tatum_service at level DEBUG
2025-07-17 06:35:55 - tatum_service - DEBUG - Broadcasting transaction to: https://api.tatum.io/v3/polygon/broadcast
2025-07-17 06:35:55 - tatum_service - DEBUG - Making post request to https://api.tatum.io/v3/polygon/broadcast
2025-07-17 06:35:55 - tatum_service - DEBUG - Request data: {'txData': '0xf86c808504a817c80082520894b944f84569b9f32ff12443fbdc6ff38a605c4e2a87038d7ea4c68000802aa0a0c9c4cbaef4cd2a3f6c5b327d2e4c3d8e9f0a1b2c3d4e5f6a7b8c9d0e1f2a0a0c9c4cbaef4cd2a3f6c5b327d2e4c3d8e9f0a1b2c3d4e5f6a7b8c9d0e1f2'}
2025-07-17 06:35:55 - tatum_service - DEBUG - Response status code: 403
2025-07-17 06:35:55 - tatum_service - DEBUG - Response body: {"statusCode":403,"errorCode":"polygon.broadcast.failed","message":"Unable to broadcast transaction.","cause":"rlp: value size exceeds available input length [-32000]","dashboardLog":"https://dashboard.tatum.io/logs?id=687899cb600c176cad1d9d19"}
2025-07-17 06:35:55 - tatum_service - ERROR - Tatum API error: 403, {"statusCode":403,"errorCode":"polygon.broadcast.failed","message":"Unable to broadcast transaction.","cause":"rlp: value size exceeds available input length [-32000]","dashboardLog":"https://dashboard.tatum.io/logs?id=687899cb600c176cad1d9d19"}
2025-07-17 06:36:41 - tatum_service - DEBUG - Logger initialized for tatum_service at level DEBUG
2025-07-17 06:36:42 - tatum_service - DEBUG - Logger initialized for tatum_service at level DEBUG
2025-07-17 06:36:42 - tatum_service - DEBUG - Logger initialized for tatum_service at level DEBUG
2025-07-17 06:36:58 - tatum_service - DEBUG - Logger initialized for tatum_service at level DEBUG
2025-07-17 06:36:58 - tatum_service - DEBUG - Broadcasting transaction to: https://api.tatum.io/v3/polygon/broadcast
2025-07-17 06:36:58 - tatum_service - DEBUG - Making post request to https://api.tatum.io/v3/polygon/broadcast
2025-07-17 06:36:58 - tatum_service - DEBUG - Request data: {'txData': '0xf86c808504a817c80082520894b944f84569b9f32ff12443fbdc6ff38a605c4e2a87038d7ea4c68000802aa0a0c9c4cbaef4cd2a3f6c5b327d2e4c3d8e9f0a1b2c3d4e5f6a7b8c9d0e1f2a0a0c9c4cbaef4cd2a3f6c5b327d2e4c3d8e9f0a1b2c3d4e5f6a7b8c9d0e1f2'}
2025-07-17 06:36:58 - tatum_service - DEBUG - Response status code: 403
2025-07-17 06:36:58 - tatum_service - DEBUG - Response body: {"statusCode":403,"errorCode":"polygon.broadcast.failed","message":"Unable to broadcast transaction.","cause":"rlp: value size exceeds available input length [-32000]","dashboardLog":"https://dashboard.tatum.io/logs?id=68789a0a1628e032e30de5aa"}
2025-07-17 06:36:58 - tatum_service - ERROR - Tatum API error: 403, {"statusCode":403,"errorCode":"polygon.broadcast.failed","message":"Unable to broadcast transaction.","cause":"rlp: value size exceeds available input length [-32000]","dashboardLog":"https://dashboard.tatum.io/logs?id=68789a0a1628e032e30de5aa"}
2025-07-17 06:59:04 - tatum_service - DEBUG - Logger initialized for tatum_service at level DEBUG
2025-07-17 06:59:04 - tatum_service - DEBUG - Logger initialized for tatum_service at level DEBUG
2025-07-17 06:59:04 - tatum_service - DEBUG - Logger initialized for tatum_service at level DEBUG
2025-07-17 06:59:14 - tatum_service - DEBUG - Logger initialized for tatum_service at level DEBUG
2025-07-17 06:59:14 - tatum_service - DEBUG - Broadcasting transaction to: https://api.tatum.io/v3/polygon/broadcast
2025-07-17 06:59:14 - tatum_service - DEBUG - Making post request to https://api.tatum.io/v3/polygon/broadcast
2025-07-17 06:59:14 - tatum_service - DEBUG - Request data: {'txData': '0xf86c808504a817c80082520894b944f84569b9f32ff12443fbdc6ff38a605c4e2a87038d7ea4c68000802aa0a0c9c4cbaef4cd2a3f6c5b327d2e4c3d8e9f0a1b2c3d4e5f6a7b8c9d0e1f2a0a0c9c4cbaef4cd2a3f6c5b327d2e4c3d8e9f0a1b2c3d4e5f6a7b8c9d0e1f2'}
2025-07-17 06:59:14 - tatum_service - DEBUG - Response status code: 403
2025-07-17 06:59:14 - tatum_service - DEBUG - Response body: {"statusCode":403,"errorCode":"polygon.broadcast.failed","message":"Unable to broadcast transaction.","cause":"rlp: value size exceeds available input length [-32000]","dashboardLog":"https://dashboard.tatum.io/logs?id=68789f42600c176cad1da34c"}
2025-07-17 06:59:14 - tatum_service - ERROR - Tatum API error: 403, {"statusCode":403,"errorCode":"polygon.broadcast.failed","message":"Unable to broadcast transaction.","cause":"rlp: value size exceeds available input length [-32000]","dashboardLog":"https://dashboard.tatum.io/logs?id=68789f42600c176cad1da34c"}
2025-07-17 07:00:51 - tatum_service - DEBUG - Logger initialized for tatum_service at level DEBUG
2025-07-17 07:00:52 - tatum_service - DEBUG - Logger initialized for tatum_service at level DEBUG
2025-07-17 07:00:52 - tatum_service - DEBUG - Logger initialized for tatum_service at level DEBUG
2025-07-17 07:01:10 - tatum_service - DEBUG - Logger initialized for tatum_service at level DEBUG
2025-07-17 07:01:10 - tatum_service - DEBUG - Logger initialized for tatum_service at level DEBUG
2025-07-17 07:01:11 - tatum_service - DEBUG - Logger initialized for tatum_service at level DEBUG
2025-07-17 07:01:21 - tatum_service - DEBUG - Logger initialized for tatum_service at level DEBUG
2025-07-17 07:01:21 - tatum_service - DEBUG - Broadcasting transaction to: https://api.tatum.io/v3/polygon/broadcast
2025-07-17 07:01:21 - tatum_service - DEBUG - Making post request to https://api.tatum.io/v3/polygon/broadcast
2025-07-17 07:01:21 - tatum_service - DEBUG - Request data: {'txData': '0xf86d808506fc23ac0082520894742d35cc6634c0532925a3b8d4c9db96c4b4d8b687038d7ea4c6800080820136a01358ee259ad4f7096efd12d9daeb9cbe06662c4f259b5ec999df89052c719600a067423ab88debae95444243572578fc02d465c6d478725f16110a681a427a6b43'}
2025-07-17 07:01:21 - tatum_service - DEBUG - Response status code: 403
2025-07-17 07:01:21 - tatum_service - DEBUG - Response body: {"statusCode":403,"errorCode":"polygon.broadcast.failed","message":"Unable to broadcast transaction.","cause":"INTERNAL_ERROR: insufficient funds [-32000]","dashboardLog":"https://dashboard.tatum.io/logs?id=68789fc1daf2fb1782f1b471"}
2025-07-17 07:01:21 - tatum_service - ERROR - Tatum API error: 403, {"statusCode":403,"errorCode":"polygon.broadcast.failed","message":"Unable to broadcast transaction.","cause":"INTERNAL_ERROR: insufficient funds [-32000]","dashboardLog":"https://dashboard.tatum.io/logs?id=68789fc1daf2fb1782f1b471"}
2025-07-17 07:16:39 - tatum_service - DEBUG - Logger initialized for tatum_service at level DEBUG
2025-07-17 07:16:40 - tatum_service - DEBUG - Logger initialized for tatum_service at level DEBUG
2025-07-17 07:16:40 - tatum_service - DEBUG - Logger initialized for tatum_service at level DEBUG
2025-07-17 07:17:06 - tatum_service - DEBUG - Logger initialized for tatum_service at level DEBUG
2025-07-17 07:17:06 - tatum_service - DEBUG - Broadcasting transaction to: https://api.tatum.io/v3/polygon/broadcast
2025-07-17 07:17:06 - tatum_service - DEBUG - Making post request to https://api.tatum.io/v3/polygon/broadcast
2025-07-17 07:17:06 - tatum_service - DEBUG - Request data: {'txData': '0xf86c808504a817c80082520894b944f84569b9f32ff12443fbdc6ff38a605c4e2a87038d7ea4c68000802aa0a0c9c4cbaef4cd2a3f6c5b327d2e4c3d8e9f0a1b2c3d4e5f6a7b8c9d0e1f2a0a0c9c4cbaef4cd2a3f6c5b327d2e4c3d8e9f0a1b2c3d4e5f6a7b8c9d0e1f2'}
2025-07-17 07:17:06 - tatum_service - DEBUG - Response status code: 403
2025-07-17 07:17:06 - tatum_service - DEBUG - Response body: {"statusCode":403,"errorCode":"polygon.broadcast.failed","message":"Unable to broadcast transaction.","cause":"rlp: value size exceeds available input length [-32000]","dashboardLog":"https://dashboard.tatum.io/logs?id=6878a37208734b553413319e"}
2025-07-17 07:17:06 - tatum_service - ERROR - Tatum API error: 403, {"statusCode":403,"errorCode":"polygon.broadcast.failed","message":"Unable to broadcast transaction.","cause":"rlp: value size exceeds available input length [-32000]","dashboardLog":"https://dashboard.tatum.io/logs?id=6878a37208734b553413319e"}
2025-07-17 07:21:58 - tatum_service - DEBUG - Logger initialized for tatum_service at level DEBUG
2025-07-17 07:21:58 - tatum_service - DEBUG - Logger initialized for tatum_service at level DEBUG
2025-07-17 07:21:58 - tatum_service - DEBUG - Logger initialized for tatum_service at level DEBUG
2025-07-17 07:24:06 - tatum_service - DEBUG - Logger initialized for tatum_service at level DEBUG
2025-07-17 07:24:06 - tatum_service - DEBUG - Broadcasting transaction to: https://api.tatum.io/v3/polygon/broadcast
2025-07-17 07:24:06 - tatum_service - DEBUG - Making post request to https://api.tatum.io/v3/polygon/broadcast
2025-07-17 07:24:06 - tatum_service - DEBUG - Request data: {'txData': '0xf86d808506fc23ac0082520894742d35cc6634c0532925a3b8d4c9db96c4b4d8b687038d7ea4c6800080820136a036542ef7c39cbc417be79d1283f4c82cd3fcfe15d29f047480f615e7dfa97068a03128f8b901e3aec922505e6d2b321d54df86a4013977e54a75139623c21bc184'}
2025-07-17 07:24:06 - tatum_service - DEBUG - Response status code: 403
2025-07-17 07:24:06 - tatum_service - DEBUG - Response body: {"statusCode":403,"errorCode":"polygon.broadcast.failed","message":"Unable to broadcast transaction.","cause":"ALREADY_EXISTS: already known [-32000]","dashboardLog":"https://dashboard.tatum.io/logs?id=6878a516d7428c8907306251"}
2025-07-17 07:24:06 - tatum_service - ERROR - Tatum API error: 403, {"statusCode":403,"errorCode":"polygon.broadcast.failed","message":"Unable to broadcast transaction.","cause":"ALREADY_EXISTS: already known [-32000]","dashboardLog":"https://dashboard.tatum.io/logs?id=6878a516d7428c8907306251"}
2025-07-17 07:28:24 - tatum_service - DEBUG - Logger initialized for tatum_service at level DEBUG
2025-07-17 07:28:24 - tatum_service - DEBUG - Logger initialized for tatum_service at level DEBUG
2025-07-17 07:28:24 - tatum_service - DEBUG - Logger initialized for tatum_service at level DEBUG
2025-07-17 07:28:42 - tatum_service - DEBUG - Logger initialized for tatum_service at level DEBUG
2025-07-17 07:28:42 - tatum_service - DEBUG - Broadcasting transaction to: https://api.tatum.io/v3/polygon/broadcast
2025-07-17 07:28:42 - tatum_service - DEBUG - Making post request to https://api.tatum.io/v3/polygon/broadcast
2025-07-17 07:28:42 - tatum_service - DEBUG - Request data: {'txData': '0xf86d808506fc23ac0082520894742d35cc6634c0532925a3b8d4c9db96c4b4d8b687038d7ea4c6800080820136a036542ef7c39cbc417be79d1283f4c82cd3fcfe15d29f047480f615e7dfa97068a03128f8b901e3aec922505e6d2b321d54df86a4013977e54a75139623c21bc184'}
2025-07-17 07:28:42 - tatum_service - DEBUG - Response status code: 403
2025-07-17 07:28:42 - tatum_service - DEBUG - Response body: {"statusCode":403,"errorCode":"polygon.broadcast.failed","message":"Unable to broadcast transaction.","cause":"INTERNAL_ERROR: nonce too low [-32000]","dashboardLog":"https://dashboard.tatum.io/logs?id=6878a62a600c176cad1dab7a"}
2025-07-17 07:28:42 - tatum_service - ERROR - Tatum API error: 403, {"statusCode":403,"errorCode":"polygon.broadcast.failed","message":"Unable to broadcast transaction.","cause":"INTERNAL_ERROR: nonce too low [-32000]","dashboardLog":"https://dashboard.tatum.io/logs?id=6878a62a600c176cad1dab7a"}
2025-07-17 07:32:03 - tatum_service - DEBUG - Logger initialized for tatum_service at level DEBUG
2025-07-17 07:32:04 - tatum_service - DEBUG - Logger initialized for tatum_service at level DEBUG
2025-07-17 07:32:04 - tatum_service - DEBUG - Logger initialized for tatum_service at level DEBUG
2025-07-17 07:32:14 - tatum_service - DEBUG - Logger initialized for tatum_service at level DEBUG
2025-07-17 07:32:14 - tatum_service - DEBUG - Broadcasting transaction to: https://api.tatum.io/v3/polygon/broadcast
2025-07-17 07:32:14 - tatum_service - DEBUG - Making post request to https://api.tatum.io/v3/polygon/broadcast
2025-07-17 07:32:14 - tatum_service - DEBUG - Request data: {'txData': '0xf86d018506fc23ac0082520894742d35cc6634c0532925a3b8d4c9db96c4b4d8b687038d7ea4c6800080820135a0311839bf0c10fd4da953c3e8539481bd8a757e6074144b2387f139958eba3a6ba00f9d62240079e28cb767baa8118692c8b007b04eaf436d7746cf7846c395cff8'}
2025-07-17 07:32:15 - tatum_service - DEBUG - Response status code: 403
2025-07-17 07:32:15 - tatum_service - DEBUG - Response body: {"statusCode":403,"errorCode":"polygon.broadcast.failed","message":"Unable to broadcast transaction.","cause":"ALREADY_EXISTS: already known [-32000]","dashboardLog":"https://dashboard.tatum.io/logs?id=6878a6ff71119edd7f803574"}
2025-07-17 07:32:15 - tatum_service - ERROR - Tatum API error: 403, {"statusCode":403,"errorCode":"polygon.broadcast.failed","message":"Unable to broadcast transaction.","cause":"ALREADY_EXISTS: already known [-32000]","dashboardLog":"https://dashboard.tatum.io/logs?id=6878a6ff71119edd7f803574"}
2025-07-17 07:36:34 - tatum_service - DEBUG - Logger initialized for tatum_service at level DEBUG
2025-07-17 07:36:34 - tatum_service - DEBUG - Logger initialized for tatum_service at level DEBUG
2025-07-17 07:36:35 - tatum_service - DEBUG - Logger initialized for tatum_service at level DEBUG
2025-07-17 07:36:47 - tatum_service - DEBUG - Logger initialized for tatum_service at level DEBUG
2025-07-17 07:36:47 - tatum_service - DEBUG - Broadcasting transaction to: https://api.tatum.io/v3/polygon/broadcast
2025-07-17 07:36:47 - tatum_service - DEBUG - Making post request to https://api.tatum.io/v3/polygon/broadcast
2025-07-17 07:36:47 - tatum_service - DEBUG - Request data: {'txData': '0xf86d038506fc23ac0082520894742d35cc6634c0532925a3b8d4c9db96c4b4d8b687038d7ea4c6800080820136a0fcfda91254074046cbc8768d65880165fbf63f1d9bdf0ca1e9f9781cbf632b70a055ba32ef735635d4ca85d0ea68d8b4f3660d75eb5e8c9b3f211247b177e7e294'}
2025-07-17 07:36:47 - tatum_service - DEBUG - Response status code: 403
2025-07-17 07:36:47 - tatum_service - DEBUG - Response body: {"statusCode":403,"errorCode":"polygon.broadcast.failed","message":"Unable to broadcast transaction.","cause":"ALREADY_EXISTS: already known [-32000]","dashboardLog":"https://dashboard.tatum.io/logs?id=6878a80f08734b553413363e"}
2025-07-17 07:36:47 - tatum_service - ERROR - Tatum API error: 403, {"statusCode":403,"errorCode":"polygon.broadcast.failed","message":"Unable to broadcast transaction.","cause":"ALREADY_EXISTS: already known [-32000]","dashboardLog":"https://dashboard.tatum.io/logs?id=6878a80f08734b553413363e"}
2025-07-17 07:43:28 - tatum_service - DEBUG - Logger initialized for tatum_service at level DEBUG
2025-07-17 07:43:29 - tatum_service - DEBUG - Logger initialized for tatum_service at level DEBUG
2025-07-17 07:43:29 - tatum_service - DEBUG - Logger initialized for tatum_service at level DEBUG
2025-07-17 07:43:48 - tatum_service - DEBUG - Logger initialized for tatum_service at level DEBUG
2025-07-17 07:43:48 - tatum_service - DEBUG - Broadcasting transaction to: https://api.tatum.io/v3/polygon/broadcast
2025-07-17 07:43:48 - tatum_service - DEBUG - Making post request to https://api.tatum.io/v3/polygon/broadcast
2025-07-17 07:43:48 - tatum_service - DEBUG - Request data: {'txData': '0xf86d048506fc23ac0082520894742d35cc6634c0532925a3b8d4c9db96c4b4d8b687038d7ea4c6800080820135a01804eb3274acc44050d19b7139c6c821bfbaba06a65ecec5bac4723d0176c4a2a01ea29c1bf121e6fa620e9725e6292e93a471e4aece2cdb7c7586bdf4329052a6'}
2025-07-17 07:43:48 - tatum_service - DEBUG - Response status code: 403
2025-07-17 07:43:48 - tatum_service - DEBUG - Response body: {"statusCode":403,"errorCode":"polygon.broadcast.failed","message":"Unable to broadcast transaction.","cause":"ALREADY_EXISTS: already known [-32000]","dashboardLog":"https://dashboard.tatum.io/logs?id=6878a9b42386b442a7fa2d56"}
2025-07-17 07:43:48 - tatum_service - ERROR - Tatum API error: 403, {"statusCode":403,"errorCode":"polygon.broadcast.failed","message":"Unable to broadcast transaction.","cause":"ALREADY_EXISTS: already known [-32000]","dashboardLog":"https://dashboard.tatum.io/logs?id=6878a9b42386b442a7fa2d56"}
2025-07-17 07:47:25 - tatum_service - DEBUG - Logger initialized for tatum_service at level DEBUG
2025-07-17 07:47:26 - tatum_service - DEBUG - Logger initialized for tatum_service at level DEBUG
2025-07-17 07:47:26 - tatum_service - DEBUG - Logger initialized for tatum_service at level DEBUG
2025-07-17 07:47:54 - tatum_service - DEBUG - Logger initialized for tatum_service at level DEBUG
2025-07-17 07:47:54 - tatum_service - DEBUG - Broadcasting transaction to: https://api.tatum.io/v3/polygon/broadcast
2025-07-17 07:47:54 - tatum_service - DEBUG - Making post request to https://api.tatum.io/v3/polygon/broadcast
2025-07-17 07:47:54 - tatum_service - DEBUG - Request data: {'txData': '0xf86d058506fc23ac0082520894184ac75b74c77d5bf3b3bffb5ed26ae091b3fed187038d7ea4c6800080820136a05c1565091e7f5f499109d847004c4a1d53582818c26ed77232c6ba5c74887ce1a0446658a08f1faccb59d72a4c13ddb7fe7a1bbaf8473dfafdc397be3792eefe02'}
2025-07-17 07:47:54 - tatum_service - DEBUG - Response status code: 403
2025-07-17 07:47:54 - tatum_service - DEBUG - Response body: {"statusCode":403,"errorCode":"polygon.broadcast.failed","message":"Unable to broadcast transaction.","cause":"ALREADY_EXISTS: already known [-32000]","dashboardLog":"https://dashboard.tatum.io/logs?id=6878aaaa600c176cad1daf6b"}
2025-07-17 07:47:54 - tatum_service - ERROR - Tatum API error: 403, {"statusCode":403,"errorCode":"polygon.broadcast.failed","message":"Unable to broadcast transaction.","cause":"ALREADY_EXISTS: already known [-32000]","dashboardLog":"https://dashboard.tatum.io/logs?id=6878aaaa600c176cad1daf6b"}
2025-07-17 07:54:34 - tatum_service - DEBUG - Logger initialized for tatum_service at level DEBUG
2025-07-17 07:54:34 - tatum_service - DEBUG - Logger initialized for tatum_service at level DEBUG
2025-07-17 07:54:35 - tatum_service - DEBUG - Logger initialized for tatum_service at level DEBUG
2025-07-17 07:55:06 - tatum_service - DEBUG - Logger initialized for tatum_service at level DEBUG
2025-07-17 07:55:06 - tatum_service - DEBUG - Broadcasting transaction to: https://api.tatum.io/v3/polygon/broadcast
2025-07-17 07:55:06 - tatum_service - DEBUG - Making post request to https://api.tatum.io/v3/polygon/broadcast
2025-07-17 07:55:06 - tatum_service - DEBUG - Request data: {'txData': '0xf86d068506fc23ac0082520894184ac75b74c77d5bf3b3bffb5ed26ae091b3fed187038d7ea4c6800080820135a0a147d00204a423c0349eb3d88a9864ad2ddfe4902c1bc9d1130ee068812444e7a01fbf4a1bbd1d7e121a1e1ad006bd3c9786c696c3e542b987d324844b73c6c189'}
2025-07-17 07:55:06 - tatum_service - DEBUG - Response status code: 403
2025-07-17 07:55:06 - tatum_service - DEBUG - Response body: {"statusCode":403,"errorCode":"polygon.broadcast.failed","message":"Unable to broadcast transaction.","cause":"ALREADY_EXISTS: already known [-32000]","dashboardLog":"https://dashboard.tatum.io/logs?id=6878ac5ad7428c8907306926"}
2025-07-17 07:55:06 - tatum_service - ERROR - Tatum API error: 403, {"statusCode":403,"errorCode":"polygon.broadcast.failed","message":"Unable to broadcast transaction.","cause":"ALREADY_EXISTS: already known [-32000]","dashboardLog":"https://dashboard.tatum.io/logs?id=6878ac5ad7428c8907306926"}
2025-07-17 08:20:15 - tatum_service - DEBUG - Logger initialized for tatum_service at level DEBUG
2025-07-17 08:55:21 - tatum_service - DEBUG - Logger initialized for tatum_service at level DEBUG
2025-07-17 08:55:21 - tatum_service - DEBUG - Broadcasting transaction to: https://api.tatum.io/v3/polygon/broadcast
2025-07-17 08:55:21 - tatum_service - DEBUG - Making post request to https://api.tatum.io/v3/polygon/broadcast
2025-07-17 08:55:21 - tatum_service - DEBUG - Request data: {'txData': '0xf86d018506fc23ac0082520894184ac75b74c77d5bf3b3bffb5ed26ae091b3fed187038d7ea4c6800080820135a01ccef442e051a70465db9a1a01ace743b8983413d5e3547dae8a04b2156501eea02269e022dfbd5601c545ba37714f5135aca7487c476669efb7515f21fe1f59fa'}
2025-07-17 08:55:21 - tatum_service - DEBUG - Response status code: 403
2025-07-17 08:55:21 - tatum_service - DEBUG - Response body: {"statusCode":403,"errorCode":"polygon.broadcast.failed","message":"Unable to broadcast transaction.","cause":"INTERNAL_ERROR: nonce too low [-32000]","dashboardLog":"https://dashboard.tatum.io/logs?id=6878ba791628e032e30e090b"}
2025-07-17 08:55:21 - tatum_service - ERROR - Tatum API error: 403, {"statusCode":403,"errorCode":"polygon.broadcast.failed","message":"Unable to broadcast transaction.","cause":"INTERNAL_ERROR: nonce too low [-32000]","dashboardLog":"https://dashboard.tatum.io/logs?id=6878ba791628e032e30e090b"}
2025-07-17 10:46:55 - tatum_service - DEBUG - Logger initialized for tatum_service at level DEBUG
2025-07-17 10:47:14 - tatum_service - DEBUG - Logger initialized for tatum_service at level DEBUG
