2025-07-17 06:03:37 - tron_service - DEBUG - Logger initialized for tron_service at level DEBUG
2025-07-17 06:03:37 - tron_service - WARNING - TRON_NODE_URL environment variable is not set. Using default TRON node: https://api.trongrid.io
2025-07-17 06:03:37 - tron_service - ERROR - Failed to initialize TRON client: __init__() got an unexpected keyword argument 'provider_url'
2025-07-17 06:03:37 - tron_service - INFO - Tatum helper initialized for TRON service
2025-07-17 06:03:37 - tron_service - WARNING - TRON_NODE_URL environment variable is not set. Using default TRON node: https://api.trongrid.io
2025-07-17 06:03:37 - tron_service - ERROR - Failed to initialize TRON client: __init__() got an unexpected keyword argument 'provider_url'
2025-07-17 06:03:37 - tron_service - INFO - Tatum helper initialized for TRON service
2025-07-17 06:03:38 - tron_service - DEBUG - Logger initialized for tron_service at level DEBUG
2025-07-17 06:03:38 - tron_service - WARNING - TRON_NODE_URL environment variable is not set. Using default TRON node: https://api.trongrid.io
2025-07-17 06:03:38 - tron_service - ERROR - Failed to initialize TRON client: __init__() got an unexpected keyword argument 'provider_url'
2025-07-17 06:03:38 - tron_service - INFO - Tatum helper initialized for TRON service
2025-07-17 06:03:38 - tron_service - WARNING - TRON_NODE_URL environment variable is not set. Using default TRON node: https://api.trongrid.io
2025-07-17 06:03:38 - tron_service - ERROR - Failed to initialize TRON client: __init__() got an unexpected keyword argument 'provider_url'
2025-07-17 06:03:38 - tron_service - DEBUG - Logger initialized for tron_service at level DEBUG
2025-07-17 06:03:38 - tron_service - INFO - Tatum helper initialized for TRON service
2025-07-17 06:03:38 - tron_service - WARNING - TRON_NODE_URL environment variable is not set. Using default TRON node: https://api.trongrid.io
2025-07-17 06:03:38 - tron_service - ERROR - Failed to initialize TRON client: __init__() got an unexpected keyword argument 'provider_url'
2025-07-17 06:03:38 - tron_service - INFO - Tatum helper initialized for TRON service
2025-07-17 06:03:38 - tron_service - WARNING - TRON_NODE_URL environment variable is not set. Using default TRON node: https://api.trongrid.io
2025-07-17 06:03:38 - tron_service - ERROR - Failed to initialize TRON client: __init__() got an unexpected keyword argument 'provider_url'
2025-07-17 06:03:38 - tron_service - INFO - Tatum helper initialized for TRON service
2025-07-17 06:03:40 - tron_service - WARNING - TRON_NODE_URL environment variable is not set. Using default TRON node: https://api.trongrid.io
2025-07-17 06:03:40 - tron_service - ERROR - Failed to initialize TRON client: __init__() got an unexpected keyword argument 'provider_url'
2025-07-17 06:03:40 - tron_service - WARNING - TRON_NODE_URL environment variable is not set. Using default TRON node: https://api.trongrid.io
2025-07-17 06:03:40 - tron_service - ERROR - Failed to initialize TRON client: __init__() got an unexpected keyword argument 'provider_url'
2025-07-17 06:03:40 - tron_service - WARNING - TRON_NODE_URL environment variable is not set. Using default TRON node: https://api.trongrid.io
2025-07-17 06:03:40 - tron_service - ERROR - Failed to initialize TRON client: __init__() got an unexpected keyword argument 'provider_url'
2025-07-17 06:09:08 - tron_service - DEBUG - Logger initialized for tron_service at level DEBUG
2025-07-17 06:09:08 - tron_service - WARNING - TRON_NODE_URL environment variable is not set. Using default TRON node: https://api.trongrid.io
2025-07-17 06:09:08 - tron_service - ERROR - Failed to initialize TRON client: __init__() got an unexpected keyword argument 'provider_url'
2025-07-17 06:09:08 - tron_service - INFO - Tatum helper initialized for TRON service
2025-07-17 06:09:08 - tron_service - WARNING - TRON_NODE_URL environment variable is not set. Using default TRON node: https://api.trongrid.io
2025-07-17 06:09:08 - tron_service - ERROR - Failed to initialize TRON client: __init__() got an unexpected keyword argument 'provider_url'
2025-07-17 06:09:08 - tron_service - INFO - Tatum helper initialized for TRON service
2025-07-17 06:09:08 - tron_service - DEBUG - Logger initialized for tron_service at level DEBUG
2025-07-17 06:09:08 - tron_service - WARNING - TRON_NODE_URL environment variable is not set. Using default TRON node: https://api.trongrid.io
2025-07-17 06:09:08 - tron_service - ERROR - Failed to initialize TRON client: __init__() got an unexpected keyword argument 'provider_url'
2025-07-17 06:09:08 - tron_service - INFO - Tatum helper initialized for TRON service
2025-07-17 06:09:08 - tron_service - WARNING - TRON_NODE_URL environment variable is not set. Using default TRON node: https://api.trongrid.io
2025-07-17 06:09:08 - tron_service - ERROR - Failed to initialize TRON client: __init__() got an unexpected keyword argument 'provider_url'
2025-07-17 06:09:08 - tron_service - INFO - Tatum helper initialized for TRON service
2025-07-17 06:09:08 - tron_service - DEBUG - Logger initialized for tron_service at level DEBUG
2025-07-17 06:09:08 - tron_service - WARNING - TRON_NODE_URL environment variable is not set. Using default TRON node: https://api.trongrid.io
2025-07-17 06:09:08 - tron_service - ERROR - Failed to initialize TRON client: __init__() got an unexpected keyword argument 'provider_url'
2025-07-17 06:09:08 - tron_service - INFO - Tatum helper initialized for TRON service
2025-07-17 06:09:08 - tron_service - WARNING - TRON_NODE_URL environment variable is not set. Using default TRON node: https://api.trongrid.io
2025-07-17 06:09:08 - tron_service - ERROR - Failed to initialize TRON client: __init__() got an unexpected keyword argument 'provider_url'
2025-07-17 06:09:08 - tron_service - INFO - Tatum helper initialized for TRON service
2025-07-17 06:09:10 - tron_service - WARNING - TRON_NODE_URL environment variable is not set. Using default TRON node: https://api.trongrid.io
2025-07-17 06:09:10 - tron_service - ERROR - Failed to initialize TRON client: __init__() got an unexpected keyword argument 'provider_url'
2025-07-17 06:09:11 - tron_service - WARNING - TRON_NODE_URL environment variable is not set. Using default TRON node: https://api.trongrid.io
2025-07-17 06:09:11 - tron_service - ERROR - Failed to initialize TRON client: __init__() got an unexpected keyword argument 'provider_url'
2025-07-17 06:09:11 - tron_service - WARNING - TRON_NODE_URL environment variable is not set. Using default TRON node: https://api.trongrid.io
2025-07-17 06:09:11 - tron_service - ERROR - Failed to initialize TRON client: __init__() got an unexpected keyword argument 'provider_url'
2025-07-17 06:11:48 - tron_service - DEBUG - Logger initialized for tron_service at level DEBUG
2025-07-17 06:11:48 - tron_service - WARNING - TRON_NODE_URL environment variable is not set. Using default TRON node: https://api.trongrid.io
2025-07-17 06:11:48 - tron_service - ERROR - Failed to initialize TRON client: __init__() got an unexpected keyword argument 'provider_url'
2025-07-17 06:11:48 - tron_service - INFO - Tatum helper initialized for TRON service
2025-07-17 06:11:48 - tron_service - WARNING - TRON_NODE_URL environment variable is not set. Using default TRON node: https://api.trongrid.io
2025-07-17 06:11:48 - tron_service - ERROR - Failed to initialize TRON client: __init__() got an unexpected keyword argument 'provider_url'
2025-07-17 06:11:48 - tron_service - INFO - Tatum helper initialized for TRON service
2025-07-17 06:11:49 - tron_service - DEBUG - Logger initialized for tron_service at level DEBUG
2025-07-17 06:11:49 - tron_service - WARNING - TRON_NODE_URL environment variable is not set. Using default TRON node: https://api.trongrid.io
2025-07-17 06:11:49 - tron_service - ERROR - Failed to initialize TRON client: __init__() got an unexpected keyword argument 'provider_url'
2025-07-17 06:11:49 - tron_service - INFO - Tatum helper initialized for TRON service
2025-07-17 06:11:49 - tron_service - WARNING - TRON_NODE_URL environment variable is not set. Using default TRON node: https://api.trongrid.io
2025-07-17 06:11:49 - tron_service - ERROR - Failed to initialize TRON client: __init__() got an unexpected keyword argument 'provider_url'
2025-07-17 06:11:49 - tron_service - INFO - Tatum helper initialized for TRON service
2025-07-17 06:11:49 - tron_service - DEBUG - Logger initialized for tron_service at level DEBUG
2025-07-17 06:11:49 - tron_service - WARNING - TRON_NODE_URL environment variable is not set. Using default TRON node: https://api.trongrid.io
2025-07-17 06:11:49 - tron_service - ERROR - Failed to initialize TRON client: __init__() got an unexpected keyword argument 'provider_url'
2025-07-17 06:11:49 - tron_service - INFO - Tatum helper initialized for TRON service
2025-07-17 06:11:49 - tron_service - WARNING - TRON_NODE_URL environment variable is not set. Using default TRON node: https://api.trongrid.io
2025-07-17 06:11:49 - tron_service - ERROR - Failed to initialize TRON client: __init__() got an unexpected keyword argument 'provider_url'
2025-07-17 06:11:49 - tron_service - INFO - Tatum helper initialized for TRON service
2025-07-17 06:11:51 - tron_service - WARNING - TRON_NODE_URL environment variable is not set. Using default TRON node: https://api.trongrid.io
2025-07-17 06:11:51 - tron_service - ERROR - Failed to initialize TRON client: __init__() got an unexpected keyword argument 'provider_url'
2025-07-17 06:11:51 - tron_service - WARNING - TRON_NODE_URL environment variable is not set. Using default TRON node: https://api.trongrid.io
2025-07-17 06:11:51 - tron_service - ERROR - Failed to initialize TRON client: __init__() got an unexpected keyword argument 'provider_url'
2025-07-17 06:11:51 - tron_service - WARNING - TRON_NODE_URL environment variable is not set. Using default TRON node: https://api.trongrid.io
2025-07-17 06:11:51 - tron_service - ERROR - Failed to initialize TRON client: __init__() got an unexpected keyword argument 'provider_url'
2025-07-17 06:27:40 - tron_service - DEBUG - Logger initialized for tron_service at level DEBUG
2025-07-17 06:27:40 - tron_service - WARNING - TRON_NODE_URL environment variable is not set. Using default TRON node: https://api.trongrid.io
2025-07-17 06:27:40 - tron_service - ERROR - Failed to initialize TRON client: __init__() got an unexpected keyword argument 'provider_url'
2025-07-17 06:27:40 - tron_service - INFO - Tatum helper initialized for TRON service
2025-07-17 06:27:40 - tron_service - WARNING - TRON_NODE_URL environment variable is not set. Using default TRON node: https://api.trongrid.io
2025-07-17 06:27:40 - tron_service - ERROR - Failed to initialize TRON client: __init__() got an unexpected keyword argument 'provider_url'
2025-07-17 06:27:40 - tron_service - INFO - Tatum helper initialized for TRON service
2025-07-17 06:27:40 - tron_service - DEBUG - Logger initialized for tron_service at level DEBUG
2025-07-17 06:27:40 - tron_service - WARNING - TRON_NODE_URL environment variable is not set. Using default TRON node: https://api.trongrid.io
2025-07-17 06:27:40 - tron_service - ERROR - Failed to initialize TRON client: __init__() got an unexpected keyword argument 'provider_url'
2025-07-17 06:27:40 - tron_service - INFO - Tatum helper initialized for TRON service
2025-07-17 06:27:40 - tron_service - WARNING - TRON_NODE_URL environment variable is not set. Using default TRON node: https://api.trongrid.io
2025-07-17 06:27:40 - tron_service - ERROR - Failed to initialize TRON client: __init__() got an unexpected keyword argument 'provider_url'
2025-07-17 06:27:40 - tron_service - INFO - Tatum helper initialized for TRON service
2025-07-17 06:27:40 - tron_service - DEBUG - Logger initialized for tron_service at level DEBUG
2025-07-17 06:27:40 - tron_service - WARNING - TRON_NODE_URL environment variable is not set. Using default TRON node: https://api.trongrid.io
2025-07-17 06:27:40 - tron_service - ERROR - Failed to initialize TRON client: __init__() got an unexpected keyword argument 'provider_url'
2025-07-17 06:27:40 - tron_service - INFO - Tatum helper initialized for TRON service
2025-07-17 06:27:40 - tron_service - WARNING - TRON_NODE_URL environment variable is not set. Using default TRON node: https://api.trongrid.io
2025-07-17 06:27:40 - tron_service - ERROR - Failed to initialize TRON client: __init__() got an unexpected keyword argument 'provider_url'
2025-07-17 06:27:40 - tron_service - INFO - Tatum helper initialized for TRON service
2025-07-17 06:27:42 - tron_service - WARNING - TRON_NODE_URL environment variable is not set. Using default TRON node: https://api.trongrid.io
2025-07-17 06:27:42 - tron_service - ERROR - Failed to initialize TRON client: __init__() got an unexpected keyword argument 'provider_url'
2025-07-17 06:27:42 - tron_service - WARNING - TRON_NODE_URL environment variable is not set. Using default TRON node: https://api.trongrid.io
2025-07-17 06:27:42 - tron_service - ERROR - Failed to initialize TRON client: __init__() got an unexpected keyword argument 'provider_url'
2025-07-17 06:27:43 - tron_service - WARNING - TRON_NODE_URL environment variable is not set. Using default TRON node: https://api.trongrid.io
2025-07-17 06:27:43 - tron_service - ERROR - Failed to initialize TRON client: __init__() got an unexpected keyword argument 'provider_url'
2025-07-17 06:31:32 - tron_service - DEBUG - Logger initialized for tron_service at level DEBUG
2025-07-17 06:31:32 - tron_service - WARNING - TRON_NODE_URL environment variable is not set. Using default TRON node: https://api.trongrid.io
2025-07-17 06:31:32 - tron_service - ERROR - Failed to initialize TRON client: __init__() got an unexpected keyword argument 'provider_url'
2025-07-17 06:31:32 - tron_service - INFO - Tatum helper initialized for TRON service
2025-07-17 06:31:32 - tron_service - WARNING - TRON_NODE_URL environment variable is not set. Using default TRON node: https://api.trongrid.io
2025-07-17 06:31:32 - tron_service - ERROR - Failed to initialize TRON client: __init__() got an unexpected keyword argument 'provider_url'
2025-07-17 06:31:32 - tron_service - INFO - Tatum helper initialized for TRON service
2025-07-17 06:31:32 - tron_service - DEBUG - Logger initialized for tron_service at level DEBUG
2025-07-17 06:31:32 - tron_service - WARNING - TRON_NODE_URL environment variable is not set. Using default TRON node: https://api.trongrid.io
2025-07-17 06:31:32 - tron_service - ERROR - Failed to initialize TRON client: __init__() got an unexpected keyword argument 'provider_url'
2025-07-17 06:31:32 - tron_service - INFO - Tatum helper initialized for TRON service
2025-07-17 06:31:32 - tron_service - WARNING - TRON_NODE_URL environment variable is not set. Using default TRON node: https://api.trongrid.io
2025-07-17 06:31:32 - tron_service - ERROR - Failed to initialize TRON client: __init__() got an unexpected keyword argument 'provider_url'
2025-07-17 06:31:32 - tron_service - INFO - Tatum helper initialized for TRON service
2025-07-17 06:31:32 - tron_service - DEBUG - Logger initialized for tron_service at level DEBUG
2025-07-17 06:31:32 - tron_service - WARNING - TRON_NODE_URL environment variable is not set. Using default TRON node: https://api.trongrid.io
2025-07-17 06:31:32 - tron_service - ERROR - Failed to initialize TRON client: __init__() got an unexpected keyword argument 'provider_url'
2025-07-17 06:31:32 - tron_service - INFO - Tatum helper initialized for TRON service
2025-07-17 06:31:32 - tron_service - WARNING - TRON_NODE_URL environment variable is not set. Using default TRON node: https://api.trongrid.io
2025-07-17 06:31:32 - tron_service - ERROR - Failed to initialize TRON client: __init__() got an unexpected keyword argument 'provider_url'
2025-07-17 06:31:32 - tron_service - INFO - Tatum helper initialized for TRON service
2025-07-17 06:31:35 - tron_service - WARNING - TRON_NODE_URL environment variable is not set. Using default TRON node: https://api.trongrid.io
2025-07-17 06:31:35 - tron_service - ERROR - Failed to initialize TRON client: __init__() got an unexpected keyword argument 'provider_url'
2025-07-17 06:31:35 - tron_service - WARNING - TRON_NODE_URL environment variable is not set. Using default TRON node: https://api.trongrid.io
2025-07-17 06:31:35 - tron_service - ERROR - Failed to initialize TRON client: __init__() got an unexpected keyword argument 'provider_url'
2025-07-17 06:31:35 - tron_service - WARNING - TRON_NODE_URL environment variable is not set. Using default TRON node: https://api.trongrid.io
2025-07-17 06:31:35 - tron_service - ERROR - Failed to initialize TRON client: __init__() got an unexpected keyword argument 'provider_url'
2025-07-17 06:35:29 - tron_service - DEBUG - Logger initialized for tron_service at level DEBUG
2025-07-17 06:35:29 - tron_service - WARNING - TRON_NODE_URL environment variable is not set. Using default TRON node: https://api.trongrid.io
2025-07-17 06:35:29 - tron_service - ERROR - Failed to initialize TRON client: __init__() got an unexpected keyword argument 'provider_url'
2025-07-17 06:35:29 - tron_service - INFO - Tatum helper initialized for TRON service
2025-07-17 06:35:29 - tron_service - WARNING - TRON_NODE_URL environment variable is not set. Using default TRON node: https://api.trongrid.io
2025-07-17 06:35:29 - tron_service - ERROR - Failed to initialize TRON client: __init__() got an unexpected keyword argument 'provider_url'
2025-07-17 06:35:29 - tron_service - INFO - Tatum helper initialized for TRON service
2025-07-17 06:35:29 - tron_service - DEBUG - Logger initialized for tron_service at level DEBUG
2025-07-17 06:35:29 - tron_service - WARNING - TRON_NODE_URL environment variable is not set. Using default TRON node: https://api.trongrid.io
2025-07-17 06:35:29 - tron_service - ERROR - Failed to initialize TRON client: __init__() got an unexpected keyword argument 'provider_url'
2025-07-17 06:35:29 - tron_service - INFO - Tatum helper initialized for TRON service
2025-07-17 06:35:29 - tron_service - WARNING - TRON_NODE_URL environment variable is not set. Using default TRON node: https://api.trongrid.io
2025-07-17 06:35:29 - tron_service - ERROR - Failed to initialize TRON client: __init__() got an unexpected keyword argument 'provider_url'
2025-07-17 06:35:29 - tron_service - INFO - Tatum helper initialized for TRON service
2025-07-17 06:35:30 - tron_service - DEBUG - Logger initialized for tron_service at level DEBUG
2025-07-17 06:35:30 - tron_service - WARNING - TRON_NODE_URL environment variable is not set. Using default TRON node: https://api.trongrid.io
2025-07-17 06:35:30 - tron_service - ERROR - Failed to initialize TRON client: __init__() got an unexpected keyword argument 'provider_url'
2025-07-17 06:35:30 - tron_service - INFO - Tatum helper initialized for TRON service
2025-07-17 06:35:30 - tron_service - WARNING - TRON_NODE_URL environment variable is not set. Using default TRON node: https://api.trongrid.io
2025-07-17 06:35:30 - tron_service - ERROR - Failed to initialize TRON client: __init__() got an unexpected keyword argument 'provider_url'
2025-07-17 06:35:30 - tron_service - INFO - Tatum helper initialized for TRON service
2025-07-17 06:35:31 - tron_service - WARNING - TRON_NODE_URL environment variable is not set. Using default TRON node: https://api.trongrid.io
2025-07-17 06:35:31 - tron_service - ERROR - Failed to initialize TRON client: __init__() got an unexpected keyword argument 'provider_url'
2025-07-17 06:35:31 - tron_service - WARNING - TRON_NODE_URL environment variable is not set. Using default TRON node: https://api.trongrid.io
2025-07-17 06:35:31 - tron_service - ERROR - Failed to initialize TRON client: __init__() got an unexpected keyword argument 'provider_url'
2025-07-17 06:35:32 - tron_service - WARNING - TRON_NODE_URL environment variable is not set. Using default TRON node: https://api.trongrid.io
2025-07-17 06:35:32 - tron_service - ERROR - Failed to initialize TRON client: __init__() got an unexpected keyword argument 'provider_url'
2025-07-17 06:36:41 - tron_service - DEBUG - Logger initialized for tron_service at level DEBUG
2025-07-17 06:36:41 - tron_service - WARNING - TRON_NODE_URL environment variable is not set. Using default TRON node: https://api.trongrid.io
2025-07-17 06:36:41 - tron_service - ERROR - Failed to initialize TRON client: __init__() got an unexpected keyword argument 'provider_url'
2025-07-17 06:36:41 - tron_service - INFO - Tatum helper initialized for TRON service
2025-07-17 06:36:41 - tron_service - WARNING - TRON_NODE_URL environment variable is not set. Using default TRON node: https://api.trongrid.io
2025-07-17 06:36:41 - tron_service - ERROR - Failed to initialize TRON client: __init__() got an unexpected keyword argument 'provider_url'
2025-07-17 06:36:41 - tron_service - INFO - Tatum helper initialized for TRON service
2025-07-17 06:36:42 - tron_service - DEBUG - Logger initialized for tron_service at level DEBUG
2025-07-17 06:36:42 - tron_service - WARNING - TRON_NODE_URL environment variable is not set. Using default TRON node: https://api.trongrid.io
2025-07-17 06:36:42 - tron_service - ERROR - Failed to initialize TRON client: __init__() got an unexpected keyword argument 'provider_url'
2025-07-17 06:36:42 - tron_service - INFO - Tatum helper initialized for TRON service
2025-07-17 06:36:42 - tron_service - WARNING - TRON_NODE_URL environment variable is not set. Using default TRON node: https://api.trongrid.io
2025-07-17 06:36:42 - tron_service - ERROR - Failed to initialize TRON client: __init__() got an unexpected keyword argument 'provider_url'
2025-07-17 06:36:42 - tron_service - INFO - Tatum helper initialized for TRON service
2025-07-17 06:36:42 - tron_service - DEBUG - Logger initialized for tron_service at level DEBUG
2025-07-17 06:36:42 - tron_service - WARNING - TRON_NODE_URL environment variable is not set. Using default TRON node: https://api.trongrid.io
2025-07-17 06:36:42 - tron_service - ERROR - Failed to initialize TRON client: __init__() got an unexpected keyword argument 'provider_url'
2025-07-17 06:36:42 - tron_service - INFO - Tatum helper initialized for TRON service
2025-07-17 06:36:42 - tron_service - WARNING - TRON_NODE_URL environment variable is not set. Using default TRON node: https://api.trongrid.io
2025-07-17 06:36:42 - tron_service - ERROR - Failed to initialize TRON client: __init__() got an unexpected keyword argument 'provider_url'
2025-07-17 06:36:42 - tron_service - INFO - Tatum helper initialized for TRON service
2025-07-17 06:36:44 - tron_service - WARNING - TRON_NODE_URL environment variable is not set. Using default TRON node: https://api.trongrid.io
2025-07-17 06:36:44 - tron_service - ERROR - Failed to initialize TRON client: __init__() got an unexpected keyword argument 'provider_url'
2025-07-17 06:36:44 - tron_service - WARNING - TRON_NODE_URL environment variable is not set. Using default TRON node: https://api.trongrid.io
2025-07-17 06:36:44 - tron_service - ERROR - Failed to initialize TRON client: __init__() got an unexpected keyword argument 'provider_url'
2025-07-17 06:36:45 - tron_service - WARNING - TRON_NODE_URL environment variable is not set. Using default TRON node: https://api.trongrid.io
2025-07-17 06:36:45 - tron_service - ERROR - Failed to initialize TRON client: __init__() got an unexpected keyword argument 'provider_url'
2025-07-17 06:59:04 - tron_service - DEBUG - Logger initialized for tron_service at level DEBUG
2025-07-17 06:59:04 - tron_service - WARNING - TRON_NODE_URL environment variable is not set. Using default TRON node: https://api.trongrid.io
2025-07-17 06:59:04 - tron_service - DEBUG - Logger initialized for tron_service at level DEBUG
2025-07-17 06:59:04 - tron_service - ERROR - Failed to initialize TRON client: __init__() got an unexpected keyword argument 'provider_url'
2025-07-17 06:59:04 - tron_service - WARNING - TRON_NODE_URL environment variable is not set. Using default TRON node: https://api.trongrid.io
2025-07-17 06:59:04 - tron_service - INFO - Tatum helper initialized for TRON service
2025-07-17 06:59:04 - tron_service - ERROR - Failed to initialize TRON client: __init__() got an unexpected keyword argument 'provider_url'
2025-07-17 06:59:04 - tron_service - WARNING - TRON_NODE_URL environment variable is not set. Using default TRON node: https://api.trongrid.io
2025-07-17 06:59:04 - tron_service - ERROR - Failed to initialize TRON client: __init__() got an unexpected keyword argument 'provider_url'
2025-07-17 06:59:04 - tron_service - INFO - Tatum helper initialized for TRON service
2025-07-17 06:59:04 - tron_service - INFO - Tatum helper initialized for TRON service
2025-07-17 06:59:04 - tron_service - WARNING - TRON_NODE_URL environment variable is not set. Using default TRON node: https://api.trongrid.io
2025-07-17 06:59:04 - tron_service - ERROR - Failed to initialize TRON client: __init__() got an unexpected keyword argument 'provider_url'
2025-07-17 06:59:04 - tron_service - INFO - Tatum helper initialized for TRON service
2025-07-17 06:59:04 - tron_service - DEBUG - Logger initialized for tron_service at level DEBUG
2025-07-17 06:59:04 - tron_service - WARNING - TRON_NODE_URL environment variable is not set. Using default TRON node: https://api.trongrid.io
2025-07-17 06:59:04 - tron_service - ERROR - Failed to initialize TRON client: __init__() got an unexpected keyword argument 'provider_url'
2025-07-17 06:59:04 - tron_service - INFO - Tatum helper initialized for TRON service
2025-07-17 06:59:04 - tron_service - WARNING - TRON_NODE_URL environment variable is not set. Using default TRON node: https://api.trongrid.io
2025-07-17 06:59:04 - tron_service - ERROR - Failed to initialize TRON client: __init__() got an unexpected keyword argument 'provider_url'
2025-07-17 06:59:04 - tron_service - INFO - Tatum helper initialized for TRON service
2025-07-17 06:59:06 - tron_service - WARNING - TRON_NODE_URL environment variable is not set. Using default TRON node: https://api.trongrid.io
2025-07-17 06:59:06 - tron_service - ERROR - Failed to initialize TRON client: __init__() got an unexpected keyword argument 'provider_url'
2025-07-17 06:59:07 - tron_service - WARNING - TRON_NODE_URL environment variable is not set. Using default TRON node: https://api.trongrid.io
2025-07-17 06:59:07 - tron_service - ERROR - Failed to initialize TRON client: __init__() got an unexpected keyword argument 'provider_url'
2025-07-17 06:59:07 - tron_service - WARNING - TRON_NODE_URL environment variable is not set. Using default TRON node: https://api.trongrid.io
2025-07-17 06:59:07 - tron_service - ERROR - Failed to initialize TRON client: __init__() got an unexpected keyword argument 'provider_url'
2025-07-17 07:00:52 - tron_service - DEBUG - Logger initialized for tron_service at level DEBUG
2025-07-17 07:00:52 - tron_service - WARNING - TRON_NODE_URL environment variable is not set. Using default TRON node: https://api.trongrid.io
2025-07-17 07:00:52 - tron_service - ERROR - Failed to initialize TRON client: __init__() got an unexpected keyword argument 'provider_url'
2025-07-17 07:00:52 - tron_service - INFO - Tatum helper initialized for TRON service
2025-07-17 07:00:52 - tron_service - WARNING - TRON_NODE_URL environment variable is not set. Using default TRON node: https://api.trongrid.io
2025-07-17 07:00:52 - tron_service - ERROR - Failed to initialize TRON client: __init__() got an unexpected keyword argument 'provider_url'
2025-07-17 07:00:52 - tron_service - INFO - Tatum helper initialized for TRON service
2025-07-17 07:00:52 - tron_service - DEBUG - Logger initialized for tron_service at level DEBUG
2025-07-17 07:00:52 - tron_service - WARNING - TRON_NODE_URL environment variable is not set. Using default TRON node: https://api.trongrid.io
2025-07-17 07:00:52 - tron_service - ERROR - Failed to initialize TRON client: __init__() got an unexpected keyword argument 'provider_url'
2025-07-17 07:00:52 - tron_service - INFO - Tatum helper initialized for TRON service
2025-07-17 07:00:52 - tron_service - WARNING - TRON_NODE_URL environment variable is not set. Using default TRON node: https://api.trongrid.io
2025-07-17 07:00:52 - tron_service - ERROR - Failed to initialize TRON client: __init__() got an unexpected keyword argument 'provider_url'
2025-07-17 07:00:52 - tron_service - INFO - Tatum helper initialized for TRON service
2025-07-17 07:00:52 - tron_service - DEBUG - Logger initialized for tron_service at level DEBUG
2025-07-17 07:00:52 - tron_service - WARNING - TRON_NODE_URL environment variable is not set. Using default TRON node: https://api.trongrid.io
2025-07-17 07:00:52 - tron_service - ERROR - Failed to initialize TRON client: __init__() got an unexpected keyword argument 'provider_url'
2025-07-17 07:00:52 - tron_service - INFO - Tatum helper initialized for TRON service
2025-07-17 07:00:52 - tron_service - WARNING - TRON_NODE_URL environment variable is not set. Using default TRON node: https://api.trongrid.io
2025-07-17 07:00:52 - tron_service - ERROR - Failed to initialize TRON client: __init__() got an unexpected keyword argument 'provider_url'
2025-07-17 07:00:52 - tron_service - INFO - Tatum helper initialized for TRON service
2025-07-17 07:00:54 - tron_service - WARNING - TRON_NODE_URL environment variable is not set. Using default TRON node: https://api.trongrid.io
2025-07-17 07:00:54 - tron_service - ERROR - Failed to initialize TRON client: __init__() got an unexpected keyword argument 'provider_url'
2025-07-17 07:00:54 - tron_service - WARNING - TRON_NODE_URL environment variable is not set. Using default TRON node: https://api.trongrid.io
2025-07-17 07:00:54 - tron_service - ERROR - Failed to initialize TRON client: __init__() got an unexpected keyword argument 'provider_url'
2025-07-17 07:00:54 - tron_service - WARNING - TRON_NODE_URL environment variable is not set. Using default TRON node: https://api.trongrid.io
2025-07-17 07:00:54 - tron_service - ERROR - Failed to initialize TRON client: __init__() got an unexpected keyword argument 'provider_url'
2025-07-17 07:01:10 - tron_service - DEBUG - Logger initialized for tron_service at level DEBUG
2025-07-17 07:01:10 - tron_service - WARNING - TRON_NODE_URL environment variable is not set. Using default TRON node: https://api.trongrid.io
2025-07-17 07:01:10 - tron_service - ERROR - Failed to initialize TRON client: __init__() got an unexpected keyword argument 'provider_url'
2025-07-17 07:01:10 - tron_service - INFO - Tatum helper initialized for TRON service
2025-07-17 07:01:10 - tron_service - WARNING - TRON_NODE_URL environment variable is not set. Using default TRON node: https://api.trongrid.io
2025-07-17 07:01:10 - tron_service - ERROR - Failed to initialize TRON client: __init__() got an unexpected keyword argument 'provider_url'
2025-07-17 07:01:10 - tron_service - INFO - Tatum helper initialized for TRON service
2025-07-17 07:01:10 - tron_service - DEBUG - Logger initialized for tron_service at level DEBUG
2025-07-17 07:01:10 - tron_service - WARNING - TRON_NODE_URL environment variable is not set. Using default TRON node: https://api.trongrid.io
2025-07-17 07:01:10 - tron_service - ERROR - Failed to initialize TRON client: __init__() got an unexpected keyword argument 'provider_url'
2025-07-17 07:01:10 - tron_service - INFO - Tatum helper initialized for TRON service
2025-07-17 07:01:10 - tron_service - WARNING - TRON_NODE_URL environment variable is not set. Using default TRON node: https://api.trongrid.io
2025-07-17 07:01:10 - tron_service - ERROR - Failed to initialize TRON client: __init__() got an unexpected keyword argument 'provider_url'
2025-07-17 07:01:10 - tron_service - INFO - Tatum helper initialized for TRON service
2025-07-17 07:01:11 - tron_service - DEBUG - Logger initialized for tron_service at level DEBUG
2025-07-17 07:01:11 - tron_service - WARNING - TRON_NODE_URL environment variable is not set. Using default TRON node: https://api.trongrid.io
2025-07-17 07:01:11 - tron_service - ERROR - Failed to initialize TRON client: __init__() got an unexpected keyword argument 'provider_url'
2025-07-17 07:01:11 - tron_service - INFO - Tatum helper initialized for TRON service
2025-07-17 07:01:11 - tron_service - WARNING - TRON_NODE_URL environment variable is not set. Using default TRON node: https://api.trongrid.io
2025-07-17 07:01:11 - tron_service - ERROR - Failed to initialize TRON client: __init__() got an unexpected keyword argument 'provider_url'
2025-07-17 07:01:11 - tron_service - INFO - Tatum helper initialized for TRON service
2025-07-17 07:01:13 - tron_service - WARNING - TRON_NODE_URL environment variable is not set. Using default TRON node: https://api.trongrid.io
2025-07-17 07:01:13 - tron_service - ERROR - Failed to initialize TRON client: __init__() got an unexpected keyword argument 'provider_url'
2025-07-17 07:01:13 - tron_service - WARNING - TRON_NODE_URL environment variable is not set. Using default TRON node: https://api.trongrid.io
2025-07-17 07:01:13 - tron_service - ERROR - Failed to initialize TRON client: __init__() got an unexpected keyword argument 'provider_url'
2025-07-17 07:01:14 - tron_service - WARNING - TRON_NODE_URL environment variable is not set. Using default TRON node: https://api.trongrid.io
2025-07-17 07:01:14 - tron_service - ERROR - Failed to initialize TRON client: __init__() got an unexpected keyword argument 'provider_url'
2025-07-17 07:16:40 - tron_service - DEBUG - Logger initialized for tron_service at level DEBUG
2025-07-17 07:16:40 - tron_service - WARNING - TRON_NODE_URL environment variable is not set. Using default TRON node: https://api.trongrid.io
2025-07-17 07:16:40 - tron_service - ERROR - Failed to initialize TRON client: __init__() got an unexpected keyword argument 'provider_url'
2025-07-17 07:16:40 - tron_service - INFO - Tatum helper initialized for TRON service
2025-07-17 07:16:40 - tron_service - WARNING - TRON_NODE_URL environment variable is not set. Using default TRON node: https://api.trongrid.io
2025-07-17 07:16:40 - tron_service - ERROR - Failed to initialize TRON client: __init__() got an unexpected keyword argument 'provider_url'
2025-07-17 07:16:40 - tron_service - INFO - Tatum helper initialized for TRON service
2025-07-17 07:16:40 - tron_service - DEBUG - Logger initialized for tron_service at level DEBUG
2025-07-17 07:16:40 - tron_service - WARNING - TRON_NODE_URL environment variable is not set. Using default TRON node: https://api.trongrid.io
2025-07-17 07:16:40 - tron_service - ERROR - Failed to initialize TRON client: __init__() got an unexpected keyword argument 'provider_url'
2025-07-17 07:16:40 - tron_service - INFO - Tatum helper initialized for TRON service
2025-07-17 07:16:40 - tron_service - WARNING - TRON_NODE_URL environment variable is not set. Using default TRON node: https://api.trongrid.io
2025-07-17 07:16:40 - tron_service - ERROR - Failed to initialize TRON client: __init__() got an unexpected keyword argument 'provider_url'
2025-07-17 07:16:40 - tron_service - INFO - Tatum helper initialized for TRON service
2025-07-17 07:16:40 - tron_service - DEBUG - Logger initialized for tron_service at level DEBUG
2025-07-17 07:16:40 - tron_service - WARNING - TRON_NODE_URL environment variable is not set. Using default TRON node: https://api.trongrid.io
2025-07-17 07:16:40 - tron_service - ERROR - Failed to initialize TRON client: __init__() got an unexpected keyword argument 'provider_url'
2025-07-17 07:16:40 - tron_service - INFO - Tatum helper initialized for TRON service
2025-07-17 07:16:40 - tron_service - WARNING - TRON_NODE_URL environment variable is not set. Using default TRON node: https://api.trongrid.io
2025-07-17 07:16:40 - tron_service - ERROR - Failed to initialize TRON client: __init__() got an unexpected keyword argument 'provider_url'
2025-07-17 07:16:40 - tron_service - INFO - Tatum helper initialized for TRON service
2025-07-17 07:16:42 - tron_service - WARNING - TRON_NODE_URL environment variable is not set. Using default TRON node: https://api.trongrid.io
2025-07-17 07:16:42 - tron_service - ERROR - Failed to initialize TRON client: __init__() got an unexpected keyword argument 'provider_url'
2025-07-17 07:16:42 - tron_service - WARNING - TRON_NODE_URL environment variable is not set. Using default TRON node: https://api.trongrid.io
2025-07-17 07:16:42 - tron_service - ERROR - Failed to initialize TRON client: __init__() got an unexpected keyword argument 'provider_url'
2025-07-17 07:16:42 - tron_service - WARNING - TRON_NODE_URL environment variable is not set. Using default TRON node: https://api.trongrid.io
2025-07-17 07:16:42 - tron_service - ERROR - Failed to initialize TRON client: __init__() got an unexpected keyword argument 'provider_url'
2025-07-17 07:21:59 - tron_service - DEBUG - Logger initialized for tron_service at level DEBUG
2025-07-17 07:21:59 - tron_service - WARNING - TRON_NODE_URL environment variable is not set. Using default TRON node: https://api.trongrid.io
2025-07-17 07:21:59 - tron_service - ERROR - Failed to initialize TRON client: __init__() got an unexpected keyword argument 'provider_url'
2025-07-17 07:21:59 - tron_service - INFO - Tatum helper initialized for TRON service
2025-07-17 07:21:59 - tron_service - WARNING - TRON_NODE_URL environment variable is not set. Using default TRON node: https://api.trongrid.io
2025-07-17 07:21:59 - tron_service - ERROR - Failed to initialize TRON client: __init__() got an unexpected keyword argument 'provider_url'
2025-07-17 07:21:59 - tron_service - INFO - Tatum helper initialized for TRON service
2025-07-17 07:21:59 - tron_service - DEBUG - Logger initialized for tron_service at level DEBUG
2025-07-17 07:21:59 - tron_service - WARNING - TRON_NODE_URL environment variable is not set. Using default TRON node: https://api.trongrid.io
2025-07-17 07:21:59 - tron_service - ERROR - Failed to initialize TRON client: __init__() got an unexpected keyword argument 'provider_url'
2025-07-17 07:21:59 - tron_service - INFO - Tatum helper initialized for TRON service
2025-07-17 07:21:59 - tron_service - WARNING - TRON_NODE_URL environment variable is not set. Using default TRON node: https://api.trongrid.io
2025-07-17 07:21:59 - tron_service - ERROR - Failed to initialize TRON client: __init__() got an unexpected keyword argument 'provider_url'
2025-07-17 07:21:59 - tron_service - INFO - Tatum helper initialized for TRON service
2025-07-17 07:21:59 - tron_service - DEBUG - Logger initialized for tron_service at level DEBUG
2025-07-17 07:21:59 - tron_service - WARNING - TRON_NODE_URL environment variable is not set. Using default TRON node: https://api.trongrid.io
2025-07-17 07:21:59 - tron_service - ERROR - Failed to initialize TRON client: __init__() got an unexpected keyword argument 'provider_url'
2025-07-17 07:21:59 - tron_service - INFO - Tatum helper initialized for TRON service
2025-07-17 07:21:59 - tron_service - WARNING - TRON_NODE_URL environment variable is not set. Using default TRON node: https://api.trongrid.io
2025-07-17 07:21:59 - tron_service - ERROR - Failed to initialize TRON client: __init__() got an unexpected keyword argument 'provider_url'
2025-07-17 07:21:59 - tron_service - INFO - Tatum helper initialized for TRON service
2025-07-17 07:22:01 - tron_service - WARNING - TRON_NODE_URL environment variable is not set. Using default TRON node: https://api.trongrid.io
2025-07-17 07:22:01 - tron_service - ERROR - Failed to initialize TRON client: __init__() got an unexpected keyword argument 'provider_url'
2025-07-17 07:22:01 - tron_service - WARNING - TRON_NODE_URL environment variable is not set. Using default TRON node: https://api.trongrid.io
2025-07-17 07:22:01 - tron_service - ERROR - Failed to initialize TRON client: __init__() got an unexpected keyword argument 'provider_url'
2025-07-17 07:22:01 - tron_service - WARNING - TRON_NODE_URL environment variable is not set. Using default TRON node: https://api.trongrid.io
2025-07-17 07:22:01 - tron_service - ERROR - Failed to initialize TRON client: __init__() got an unexpected keyword argument 'provider_url'
2025-07-17 07:28:24 - tron_service - DEBUG - Logger initialized for tron_service at level DEBUG
2025-07-17 07:28:24 - tron_service - WARNING - TRON_NODE_URL environment variable is not set. Using default TRON node: https://api.trongrid.io
2025-07-17 07:28:24 - tron_service - ERROR - Failed to initialize TRON client: __init__() got an unexpected keyword argument 'provider_url'
2025-07-17 07:28:24 - tron_service - INFO - Tatum helper initialized for TRON service
2025-07-17 07:28:24 - tron_service - WARNING - TRON_NODE_URL environment variable is not set. Using default TRON node: https://api.trongrid.io
2025-07-17 07:28:24 - tron_service - ERROR - Failed to initialize TRON client: __init__() got an unexpected keyword argument 'provider_url'
2025-07-17 07:28:24 - tron_service - INFO - Tatum helper initialized for TRON service
2025-07-17 07:28:24 - tron_service - DEBUG - Logger initialized for tron_service at level DEBUG
2025-07-17 07:28:24 - tron_service - WARNING - TRON_NODE_URL environment variable is not set. Using default TRON node: https://api.trongrid.io
2025-07-17 07:28:24 - tron_service - ERROR - Failed to initialize TRON client: __init__() got an unexpected keyword argument 'provider_url'
2025-07-17 07:28:24 - tron_service - INFO - Tatum helper initialized for TRON service
2025-07-17 07:28:24 - tron_service - WARNING - TRON_NODE_URL environment variable is not set. Using default TRON node: https://api.trongrid.io
2025-07-17 07:28:24 - tron_service - ERROR - Failed to initialize TRON client: __init__() got an unexpected keyword argument 'provider_url'
2025-07-17 07:28:24 - tron_service - INFO - Tatum helper initialized for TRON service
2025-07-17 07:28:25 - tron_service - DEBUG - Logger initialized for tron_service at level DEBUG
2025-07-17 07:28:25 - tron_service - WARNING - TRON_NODE_URL environment variable is not set. Using default TRON node: https://api.trongrid.io
2025-07-17 07:28:25 - tron_service - ERROR - Failed to initialize TRON client: __init__() got an unexpected keyword argument 'provider_url'
2025-07-17 07:28:25 - tron_service - INFO - Tatum helper initialized for TRON service
2025-07-17 07:28:25 - tron_service - WARNING - TRON_NODE_URL environment variable is not set. Using default TRON node: https://api.trongrid.io
2025-07-17 07:28:25 - tron_service - ERROR - Failed to initialize TRON client: __init__() got an unexpected keyword argument 'provider_url'
2025-07-17 07:28:25 - tron_service - INFO - Tatum helper initialized for TRON service
2025-07-17 07:28:27 - tron_service - WARNING - TRON_NODE_URL environment variable is not set. Using default TRON node: https://api.trongrid.io
2025-07-17 07:28:27 - tron_service - ERROR - Failed to initialize TRON client: __init__() got an unexpected keyword argument 'provider_url'
2025-07-17 07:28:27 - tron_service - WARNING - TRON_NODE_URL environment variable is not set. Using default TRON node: https://api.trongrid.io
2025-07-17 07:28:27 - tron_service - ERROR - Failed to initialize TRON client: __init__() got an unexpected keyword argument 'provider_url'
2025-07-17 07:28:27 - tron_service - WARNING - TRON_NODE_URL environment variable is not set. Using default TRON node: https://api.trongrid.io
2025-07-17 07:28:27 - tron_service - ERROR - Failed to initialize TRON client: __init__() got an unexpected keyword argument 'provider_url'
2025-07-17 07:32:04 - tron_service - DEBUG - Logger initialized for tron_service at level DEBUG
2025-07-17 07:32:04 - tron_service - WARNING - TRON_NODE_URL environment variable is not set. Using default TRON node: https://api.trongrid.io
2025-07-17 07:32:04 - tron_service - ERROR - Failed to initialize TRON client: __init__() got an unexpected keyword argument 'provider_url'
2025-07-17 07:32:04 - tron_service - INFO - Tatum helper initialized for TRON service
2025-07-17 07:32:04 - tron_service - WARNING - TRON_NODE_URL environment variable is not set. Using default TRON node: https://api.trongrid.io
2025-07-17 07:32:04 - tron_service - ERROR - Failed to initialize TRON client: __init__() got an unexpected keyword argument 'provider_url'
2025-07-17 07:32:04 - tron_service - INFO - Tatum helper initialized for TRON service
2025-07-17 07:32:04 - tron_service - DEBUG - Logger initialized for tron_service at level DEBUG
2025-07-17 07:32:04 - tron_service - WARNING - TRON_NODE_URL environment variable is not set. Using default TRON node: https://api.trongrid.io
2025-07-17 07:32:04 - tron_service - ERROR - Failed to initialize TRON client: __init__() got an unexpected keyword argument 'provider_url'
2025-07-17 07:32:04 - tron_service - INFO - Tatum helper initialized for TRON service
2025-07-17 07:32:04 - tron_service - WARNING - TRON_NODE_URL environment variable is not set. Using default TRON node: https://api.trongrid.io
2025-07-17 07:32:04 - tron_service - ERROR - Failed to initialize TRON client: __init__() got an unexpected keyword argument 'provider_url'
2025-07-17 07:32:04 - tron_service - INFO - Tatum helper initialized for TRON service
2025-07-17 07:32:04 - tron_service - DEBUG - Logger initialized for tron_service at level DEBUG
2025-07-17 07:32:04 - tron_service - WARNING - TRON_NODE_URL environment variable is not set. Using default TRON node: https://api.trongrid.io
2025-07-17 07:32:04 - tron_service - ERROR - Failed to initialize TRON client: __init__() got an unexpected keyword argument 'provider_url'
2025-07-17 07:32:04 - tron_service - INFO - Tatum helper initialized for TRON service
2025-07-17 07:32:04 - tron_service - WARNING - TRON_NODE_URL environment variable is not set. Using default TRON node: https://api.trongrid.io
2025-07-17 07:32:04 - tron_service - ERROR - Failed to initialize TRON client: __init__() got an unexpected keyword argument 'provider_url'
2025-07-17 07:32:04 - tron_service - INFO - Tatum helper initialized for TRON service
2025-07-17 07:32:06 - tron_service - WARNING - TRON_NODE_URL environment variable is not set. Using default TRON node: https://api.trongrid.io
2025-07-17 07:32:06 - tron_service - ERROR - Failed to initialize TRON client: __init__() got an unexpected keyword argument 'provider_url'
2025-07-17 07:32:07 - tron_service - WARNING - TRON_NODE_URL environment variable is not set. Using default TRON node: https://api.trongrid.io
2025-07-17 07:32:07 - tron_service - ERROR - Failed to initialize TRON client: __init__() got an unexpected keyword argument 'provider_url'
2025-07-17 07:32:07 - tron_service - WARNING - TRON_NODE_URL environment variable is not set. Using default TRON node: https://api.trongrid.io
2025-07-17 07:32:07 - tron_service - ERROR - Failed to initialize TRON client: __init__() got an unexpected keyword argument 'provider_url'
2025-07-17 07:36:34 - tron_service - DEBUG - Logger initialized for tron_service at level DEBUG
2025-07-17 07:36:34 - tron_service - WARNING - TRON_NODE_URL environment variable is not set. Using default TRON node: https://api.trongrid.io
2025-07-17 07:36:34 - tron_service - ERROR - Failed to initialize TRON client: __init__() got an unexpected keyword argument 'provider_url'
2025-07-17 07:36:34 - tron_service - INFO - Tatum helper initialized for TRON service
2025-07-17 07:36:34 - tron_service - WARNING - TRON_NODE_URL environment variable is not set. Using default TRON node: https://api.trongrid.io
2025-07-17 07:36:34 - tron_service - ERROR - Failed to initialize TRON client: __init__() got an unexpected keyword argument 'provider_url'
2025-07-17 07:36:34 - tron_service - INFO - Tatum helper initialized for TRON service
2025-07-17 07:36:35 - tron_service - DEBUG - Logger initialized for tron_service at level DEBUG
2025-07-17 07:36:35 - tron_service - WARNING - TRON_NODE_URL environment variable is not set. Using default TRON node: https://api.trongrid.io
2025-07-17 07:36:35 - tron_service - ERROR - Failed to initialize TRON client: __init__() got an unexpected keyword argument 'provider_url'
2025-07-17 07:36:35 - tron_service - INFO - Tatum helper initialized for TRON service
2025-07-17 07:36:35 - tron_service - WARNING - TRON_NODE_URL environment variable is not set. Using default TRON node: https://api.trongrid.io
2025-07-17 07:36:35 - tron_service - ERROR - Failed to initialize TRON client: __init__() got an unexpected keyword argument 'provider_url'
2025-07-17 07:36:35 - tron_service - INFO - Tatum helper initialized for TRON service
2025-07-17 07:36:35 - tron_service - DEBUG - Logger initialized for tron_service at level DEBUG
2025-07-17 07:36:35 - tron_service - WARNING - TRON_NODE_URL environment variable is not set. Using default TRON node: https://api.trongrid.io
2025-07-17 07:36:35 - tron_service - ERROR - Failed to initialize TRON client: __init__() got an unexpected keyword argument 'provider_url'
2025-07-17 07:36:35 - tron_service - INFO - Tatum helper initialized for TRON service
2025-07-17 07:36:35 - tron_service - WARNING - TRON_NODE_URL environment variable is not set. Using default TRON node: https://api.trongrid.io
2025-07-17 07:36:35 - tron_service - ERROR - Failed to initialize TRON client: __init__() got an unexpected keyword argument 'provider_url'
2025-07-17 07:36:35 - tron_service - INFO - Tatum helper initialized for TRON service
2025-07-17 07:36:37 - tron_service - WARNING - TRON_NODE_URL environment variable is not set. Using default TRON node: https://api.trongrid.io
2025-07-17 07:36:37 - tron_service - ERROR - Failed to initialize TRON client: __init__() got an unexpected keyword argument 'provider_url'
2025-07-17 07:36:37 - tron_service - WARNING - TRON_NODE_URL environment variable is not set. Using default TRON node: https://api.trongrid.io
2025-07-17 07:36:37 - tron_service - ERROR - Failed to initialize TRON client: __init__() got an unexpected keyword argument 'provider_url'
2025-07-17 07:36:37 - tron_service - WARNING - TRON_NODE_URL environment variable is not set. Using default TRON node: https://api.trongrid.io
2025-07-17 07:36:37 - tron_service - ERROR - Failed to initialize TRON client: __init__() got an unexpected keyword argument 'provider_url'
2025-07-17 07:43:28 - tron_service - DEBUG - Logger initialized for tron_service at level DEBUG
2025-07-17 07:43:28 - tron_service - WARNING - TRON_NODE_URL environment variable is not set. Using default TRON node: https://api.trongrid.io
2025-07-17 07:43:28 - tron_service - ERROR - Failed to initialize TRON client: __init__() got an unexpected keyword argument 'provider_url'
2025-07-17 07:43:28 - tron_service - INFO - Tatum helper initialized for TRON service
2025-07-17 07:43:28 - tron_service - WARNING - TRON_NODE_URL environment variable is not set. Using default TRON node: https://api.trongrid.io
2025-07-17 07:43:28 - tron_service - ERROR - Failed to initialize TRON client: __init__() got an unexpected keyword argument 'provider_url'
2025-07-17 07:43:28 - tron_service - INFO - Tatum helper initialized for TRON service
2025-07-17 07:43:29 - tron_service - DEBUG - Logger initialized for tron_service at level DEBUG
2025-07-17 07:43:29 - tron_service - WARNING - TRON_NODE_URL environment variable is not set. Using default TRON node: https://api.trongrid.io
2025-07-17 07:43:29 - tron_service - ERROR - Failed to initialize TRON client: __init__() got an unexpected keyword argument 'provider_url'
2025-07-17 07:43:29 - tron_service - INFO - Tatum helper initialized for TRON service
2025-07-17 07:43:29 - tron_service - WARNING - TRON_NODE_URL environment variable is not set. Using default TRON node: https://api.trongrid.io
2025-07-17 07:43:29 - tron_service - ERROR - Failed to initialize TRON client: __init__() got an unexpected keyword argument 'provider_url'
2025-07-17 07:43:29 - tron_service - INFO - Tatum helper initialized for TRON service
2025-07-17 07:43:29 - tron_service - DEBUG - Logger initialized for tron_service at level DEBUG
2025-07-17 07:43:29 - tron_service - WARNING - TRON_NODE_URL environment variable is not set. Using default TRON node: https://api.trongrid.io
2025-07-17 07:43:29 - tron_service - ERROR - Failed to initialize TRON client: __init__() got an unexpected keyword argument 'provider_url'
2025-07-17 07:43:29 - tron_service - INFO - Tatum helper initialized for TRON service
2025-07-17 07:43:29 - tron_service - WARNING - TRON_NODE_URL environment variable is not set. Using default TRON node: https://api.trongrid.io
2025-07-17 07:43:29 - tron_service - ERROR - Failed to initialize TRON client: __init__() got an unexpected keyword argument 'provider_url'
2025-07-17 07:43:29 - tron_service - INFO - Tatum helper initialized for TRON service
2025-07-17 07:43:31 - tron_service - WARNING - TRON_NODE_URL environment variable is not set. Using default TRON node: https://api.trongrid.io
2025-07-17 07:43:31 - tron_service - ERROR - Failed to initialize TRON client: __init__() got an unexpected keyword argument 'provider_url'
2025-07-17 07:43:32 - tron_service - WARNING - TRON_NODE_URL environment variable is not set. Using default TRON node: https://api.trongrid.io
2025-07-17 07:43:32 - tron_service - ERROR - Failed to initialize TRON client: __init__() got an unexpected keyword argument 'provider_url'
2025-07-17 07:43:32 - tron_service - WARNING - TRON_NODE_URL environment variable is not set. Using default TRON node: https://api.trongrid.io
2025-07-17 07:43:32 - tron_service - ERROR - Failed to initialize TRON client: __init__() got an unexpected keyword argument 'provider_url'
2025-07-17 07:47:26 - tron_service - DEBUG - Logger initialized for tron_service at level DEBUG
2025-07-17 07:47:26 - tron_service - WARNING - TRON_NODE_URL environment variable is not set. Using default TRON node: https://api.trongrid.io
2025-07-17 07:47:26 - tron_service - ERROR - Failed to initialize TRON client: __init__() got an unexpected keyword argument 'provider_url'
2025-07-17 07:47:26 - tron_service - INFO - Tatum helper initialized for TRON service
2025-07-17 07:47:26 - tron_service - WARNING - TRON_NODE_URL environment variable is not set. Using default TRON node: https://api.trongrid.io
2025-07-17 07:47:26 - tron_service - ERROR - Failed to initialize TRON client: __init__() got an unexpected keyword argument 'provider_url'
2025-07-17 07:47:26 - tron_service - INFO - Tatum helper initialized for TRON service
2025-07-17 07:47:26 - tron_service - DEBUG - Logger initialized for tron_service at level DEBUG
2025-07-17 07:47:26 - tron_service - WARNING - TRON_NODE_URL environment variable is not set. Using default TRON node: https://api.trongrid.io
2025-07-17 07:47:26 - tron_service - ERROR - Failed to initialize TRON client: __init__() got an unexpected keyword argument 'provider_url'
2025-07-17 07:47:26 - tron_service - INFO - Tatum helper initialized for TRON service
2025-07-17 07:47:26 - tron_service - WARNING - TRON_NODE_URL environment variable is not set. Using default TRON node: https://api.trongrid.io
2025-07-17 07:47:26 - tron_service - ERROR - Failed to initialize TRON client: __init__() got an unexpected keyword argument 'provider_url'
2025-07-17 07:47:26 - tron_service - INFO - Tatum helper initialized for TRON service
2025-07-17 07:47:26 - tron_service - DEBUG - Logger initialized for tron_service at level DEBUG
2025-07-17 07:47:26 - tron_service - WARNING - TRON_NODE_URL environment variable is not set. Using default TRON node: https://api.trongrid.io
2025-07-17 07:47:26 - tron_service - ERROR - Failed to initialize TRON client: __init__() got an unexpected keyword argument 'provider_url'
2025-07-17 07:47:26 - tron_service - INFO - Tatum helper initialized for TRON service
2025-07-17 07:47:26 - tron_service - WARNING - TRON_NODE_URL environment variable is not set. Using default TRON node: https://api.trongrid.io
2025-07-17 07:47:26 - tron_service - ERROR - Failed to initialize TRON client: __init__() got an unexpected keyword argument 'provider_url'
2025-07-17 07:47:26 - tron_service - INFO - Tatum helper initialized for TRON service
2025-07-17 07:47:28 - tron_service - WARNING - TRON_NODE_URL environment variable is not set. Using default TRON node: https://api.trongrid.io
2025-07-17 07:47:28 - tron_service - ERROR - Failed to initialize TRON client: __init__() got an unexpected keyword argument 'provider_url'
2025-07-17 07:47:28 - tron_service - WARNING - TRON_NODE_URL environment variable is not set. Using default TRON node: https://api.trongrid.io
2025-07-17 07:47:28 - tron_service - ERROR - Failed to initialize TRON client: __init__() got an unexpected keyword argument 'provider_url'
2025-07-17 07:47:28 - tron_service - WARNING - TRON_NODE_URL environment variable is not set. Using default TRON node: https://api.trongrid.io
2025-07-17 07:47:28 - tron_service - ERROR - Failed to initialize TRON client: __init__() got an unexpected keyword argument 'provider_url'
2025-07-17 07:54:34 - tron_service - DEBUG - Logger initialized for tron_service at level DEBUG
2025-07-17 07:54:34 - tron_service - WARNING - TRON_NODE_URL environment variable is not set. Using default TRON node: https://api.trongrid.io
2025-07-17 07:54:34 - tron_service - ERROR - Failed to initialize TRON client: __init__() got an unexpected keyword argument 'provider_url'
2025-07-17 07:54:34 - tron_service - INFO - Tatum helper initialized for TRON service
2025-07-17 07:54:34 - tron_service - WARNING - TRON_NODE_URL environment variable is not set. Using default TRON node: https://api.trongrid.io
2025-07-17 07:54:34 - tron_service - ERROR - Failed to initialize TRON client: __init__() got an unexpected keyword argument 'provider_url'
2025-07-17 07:54:34 - tron_service - INFO - Tatum helper initialized for TRON service
2025-07-17 07:54:35 - tron_service - DEBUG - Logger initialized for tron_service at level DEBUG
2025-07-17 07:54:35 - tron_service - WARNING - TRON_NODE_URL environment variable is not set. Using default TRON node: https://api.trongrid.io
2025-07-17 07:54:35 - tron_service - ERROR - Failed to initialize TRON client: __init__() got an unexpected keyword argument 'provider_url'
2025-07-17 07:54:35 - tron_service - INFO - Tatum helper initialized for TRON service
2025-07-17 07:54:35 - tron_service - WARNING - TRON_NODE_URL environment variable is not set. Using default TRON node: https://api.trongrid.io
2025-07-17 07:54:35 - tron_service - ERROR - Failed to initialize TRON client: __init__() got an unexpected keyword argument 'provider_url'
2025-07-17 07:54:35 - tron_service - INFO - Tatum helper initialized for TRON service
2025-07-17 07:54:35 - tron_service - DEBUG - Logger initialized for tron_service at level DEBUG
2025-07-17 07:54:35 - tron_service - WARNING - TRON_NODE_URL environment variable is not set. Using default TRON node: https://api.trongrid.io
2025-07-17 07:54:35 - tron_service - ERROR - Failed to initialize TRON client: __init__() got an unexpected keyword argument 'provider_url'
2025-07-17 07:54:35 - tron_service - INFO - Tatum helper initialized for TRON service
2025-07-17 07:54:35 - tron_service - WARNING - TRON_NODE_URL environment variable is not set. Using default TRON node: https://api.trongrid.io
2025-07-17 07:54:35 - tron_service - ERROR - Failed to initialize TRON client: __init__() got an unexpected keyword argument 'provider_url'
2025-07-17 07:54:35 - tron_service - INFO - Tatum helper initialized for TRON service
2025-07-17 07:54:36 - tron_service - WARNING - TRON_NODE_URL environment variable is not set. Using default TRON node: https://api.trongrid.io
2025-07-17 07:54:36 - tron_service - ERROR - Failed to initialize TRON client: __init__() got an unexpected keyword argument 'provider_url'
2025-07-17 07:54:37 - tron_service - WARNING - TRON_NODE_URL environment variable is not set. Using default TRON node: https://api.trongrid.io
2025-07-17 07:54:37 - tron_service - ERROR - Failed to initialize TRON client: __init__() got an unexpected keyword argument 'provider_url'
2025-07-17 07:54:37 - tron_service - WARNING - TRON_NODE_URL environment variable is not set. Using default TRON node: https://api.trongrid.io
2025-07-17 07:54:37 - tron_service - ERROR - Failed to initialize TRON client: __init__() got an unexpected keyword argument 'provider_url'
2025-07-17 08:20:15 - tron_service - DEBUG - Logger initialized for tron_service at level DEBUG
2025-07-17 08:20:15 - tron_service - WARNING - TRON_NODE_URL environment variable is not set. Using default TRON node: https://api.trongrid.io
2025-07-17 08:20:15 - tron_service - ERROR - Failed to initialize TRON client: __init__() got an unexpected keyword argument 'provider_url'
2025-07-17 08:20:15 - tron_service - INFO - Tatum helper initialized for TRON service
2025-07-17 08:20:15 - tron_service - WARNING - TRON_NODE_URL environment variable is not set. Using default TRON node: https://api.trongrid.io
2025-07-17 08:20:15 - tron_service - ERROR - Failed to initialize TRON client: __init__() got an unexpected keyword argument 'provider_url'
2025-07-17 08:20:15 - tron_service - INFO - Tatum helper initialized for TRON service
2025-07-17 08:20:17 - tron_service - WARNING - TRON_NODE_URL environment variable is not set. Using default TRON node: https://api.trongrid.io
2025-07-17 08:20:17 - tron_service - ERROR - Failed to initialize TRON client: __init__() got an unexpected keyword argument 'provider_url'
2025-07-17 10:46:55 - tron_service - DEBUG - Logger initialized for tron_service at level DEBUG
2025-07-17 10:46:55 - tron_service - WARNING - TRON_NODE_URL environment variable is not set. Using default TRON node: https://api.trongrid.io
2025-07-17 10:46:55 - tron_service - ERROR - Failed to initialize TRON client: __init__() got an unexpected keyword argument 'provider_url'
2025-07-17 10:46:55 - tron_service - INFO - Tatum helper initialized for TRON service
2025-07-17 10:46:55 - tron_service - WARNING - TRON_NODE_URL environment variable is not set. Using default TRON node: https://api.trongrid.io
2025-07-17 10:46:55 - tron_service - ERROR - Failed to initialize TRON client: __init__() got an unexpected keyword argument 'provider_url'
2025-07-17 10:46:55 - tron_service - INFO - Tatum helper initialized for TRON service
2025-07-17 10:46:57 - tron_service - WARNING - TRON_NODE_URL environment variable is not set. Using default TRON node: https://api.trongrid.io
2025-07-17 10:46:57 - tron_service - ERROR - Failed to initialize TRON client: __init__() got an unexpected keyword argument 'provider_url'
2025-07-17 10:47:14 - tron_service - DEBUG - Logger initialized for tron_service at level DEBUG
2025-07-17 10:47:14 - tron_service - WARNING - TRON_NODE_URL environment variable is not set. Using default TRON node: https://api.trongrid.io
2025-07-17 10:47:14 - tron_service - ERROR - Failed to initialize TRON client: __init__() got an unexpected keyword argument 'provider_url'
2025-07-17 10:47:14 - tron_service - INFO - Tatum helper initialized for TRON service
2025-07-17 10:47:14 - tron_service - WARNING - TRON_NODE_URL environment variable is not set. Using default TRON node: https://api.trongrid.io
2025-07-17 10:47:14 - tron_service - ERROR - Failed to initialize TRON client: __init__() got an unexpected keyword argument 'provider_url'
2025-07-17 10:47:14 - tron_service - INFO - Tatum helper initialized for TRON service
2025-07-17 10:47:16 - tron_service - WARNING - TRON_NODE_URL environment variable is not set. Using default TRON node: https://api.trongrid.io
2025-07-17 10:47:16 - tron_service - ERROR - Failed to initialize TRON client: __init__() got an unexpected keyword argument 'provider_url'
