2025-08-01 10:47:57 - schedule_config - DEBUG - Logger initialized for schedule_config at level DEBUG
2025-08-01 10:47:57 - schedule_config - INFO - Loading schedule configuration
2025-08-01 10:47:57 - schedule_config - INFO - Schedule configuration loaded: 5 schedules defined
2025-08-01 10:47:57 - schedule_config - INFO - Batch size set to: 50 coins per package
2025-08-01 10:47:57 - schedule_config - DEBUG - Schedule 1: Every 5 minutes for 1 package(s): [0]
2025-08-01 10:47:57 - schedule_config - DEBUG - Schedule 2: Every 10 minutes for 1 package(s): [1]
2025-08-01 10:47:57 - schedule_config - DEBUG - Schedule 3: Every 15 minutes for 1 package(s): [2]
2025-08-01 10:47:57 - schedule_config - DEBUG - Schedule 4: Every 60 minutes for 6 package(s): [3, 4, 5, 6, 7, 8]
2025-08-01 10:47:57 - schedule_config - DEBUG - Schedule 5: Every 180 minutes for 9 package(s): [9, 10, 11, 12, 13, 14, 15, 16, 17]
2025-08-01 10:47:57 - schedule_config - DEBUG - Logger initialized for schedule_config at level DEBUG
2025-08-01 10:47:57 - schedule_config - INFO - Loading schedule configuration
2025-08-01 10:47:57 - schedule_config - INFO - Schedule configuration loaded: 5 schedules defined
2025-08-01 10:47:57 - schedule_config - INFO - Batch size set to: 50 coins per package
2025-08-01 10:47:57 - schedule_config - DEBUG - Schedule 1: Every 5 minutes for 1 package(s): [0]
2025-08-01 10:47:57 - schedule_config - DEBUG - Schedule 2: Every 10 minutes for 1 package(s): [1]
2025-08-01 10:47:57 - schedule_config - DEBUG - Schedule 3: Every 15 minutes for 1 package(s): [2]
2025-08-01 10:47:57 - schedule_config - DEBUG - Schedule 4: Every 60 minutes for 6 package(s): [3, 4, 5, 6, 7, 8]
2025-08-01 10:47:57 - schedule_config - DEBUG - Schedule 5: Every 180 minutes for 9 package(s): [9, 10, 11, 12, 13, 14, 15, 16, 17]
2025-08-01 10:47:57 - schedule_config - DEBUG - Logger initialized for schedule_config at level DEBUG
2025-08-01 10:47:57 - schedule_config - INFO - Loading schedule configuration
2025-08-01 10:47:57 - schedule_config - INFO - Schedule configuration loaded: 5 schedules defined
2025-08-01 10:47:57 - schedule_config - INFO - Batch size set to: 50 coins per package
2025-08-01 10:47:57 - schedule_config - DEBUG - Schedule 1: Every 5 minutes for 1 package(s): [0]
2025-08-01 10:47:57 - schedule_config - DEBUG - Schedule 2: Every 10 minutes for 1 package(s): [1]
2025-08-01 10:47:57 - schedule_config - DEBUG - Schedule 3: Every 15 minutes for 1 package(s): [2]
2025-08-01 10:47:57 - schedule_config - DEBUG - Schedule 4: Every 60 minutes for 6 package(s): [3, 4, 5, 6, 7, 8]
2025-08-01 10:47:57 - schedule_config - DEBUG - Schedule 5: Every 180 minutes for 9 package(s): [9, 10, 11, 12, 13, 14, 15, 16, 17]
2025-08-01 10:48:15 - schedule_config - DEBUG - Logger initialized for schedule_config at level DEBUG
2025-08-01 10:48:15 - schedule_config - INFO - Loading schedule configuration
2025-08-01 10:48:15 - schedule_config - INFO - Schedule configuration loaded: 5 schedules defined
2025-08-01 10:48:15 - schedule_config - INFO - Batch size set to: 50 coins per package
2025-08-01 10:48:15 - schedule_config - DEBUG - Schedule 1: Every 5 minutes for 1 package(s): [0]
2025-08-01 10:48:15 - schedule_config - DEBUG - Schedule 2: Every 10 minutes for 1 package(s): [1]
2025-08-01 10:48:15 - schedule_config - DEBUG - Schedule 3: Every 15 minutes for 1 package(s): [2]
2025-08-01 10:48:15 - schedule_config - DEBUG - Schedule 4: Every 60 minutes for 6 package(s): [3, 4, 5, 6, 7, 8]
2025-08-01 10:48:15 - schedule_config - DEBUG - Schedule 5: Every 180 minutes for 9 package(s): [9, 10, 11, 12, 13, 14, 15, 16, 17]
2025-08-01 10:48:15 - schedule_config - DEBUG - Logger initialized for schedule_config at level DEBUG
2025-08-01 10:48:15 - schedule_config - INFO - Loading schedule configuration
2025-08-01 10:48:15 - schedule_config - INFO - Schedule configuration loaded: 5 schedules defined
2025-08-01 10:48:15 - schedule_config - INFO - Batch size set to: 50 coins per package
2025-08-01 10:48:15 - schedule_config - DEBUG - Schedule 1: Every 5 minutes for 1 package(s): [0]
2025-08-01 10:48:15 - schedule_config - DEBUG - Schedule 2: Every 10 minutes for 1 package(s): [1]
2025-08-01 10:48:15 - schedule_config - DEBUG - Schedule 3: Every 15 minutes for 1 package(s): [2]
2025-08-01 10:48:15 - schedule_config - DEBUG - Schedule 4: Every 60 minutes for 6 package(s): [3, 4, 5, 6, 7, 8]
2025-08-01 10:48:15 - schedule_config - DEBUG - Schedule 5: Every 180 minutes for 9 package(s): [9, 10, 11, 12, 13, 14, 15, 16, 17]
2025-08-01 10:48:15 - schedule_config - DEBUG - Logger initialized for schedule_config at level DEBUG
2025-08-01 10:48:15 - schedule_config - INFO - Loading schedule configuration
2025-08-01 10:48:15 - schedule_config - INFO - Schedule configuration loaded: 5 schedules defined
2025-08-01 10:48:15 - schedule_config - INFO - Batch size set to: 50 coins per package
2025-08-01 10:48:15 - schedule_config - DEBUG - Schedule 1: Every 5 minutes for 1 package(s): [0]
2025-08-01 10:48:15 - schedule_config - DEBUG - Schedule 2: Every 10 minutes for 1 package(s): [1]
2025-08-01 10:48:15 - schedule_config - DEBUG - Schedule 3: Every 15 minutes for 1 package(s): [2]
2025-08-01 10:48:15 - schedule_config - DEBUG - Schedule 4: Every 60 minutes for 6 package(s): [3, 4, 5, 6, 7, 8]
2025-08-01 10:48:15 - schedule_config - DEBUG - Schedule 5: Every 180 minutes for 9 package(s): [9, 10, 11, 12, 13, 14, 15, 16, 17]
2025-08-01 10:50:53 - schedule_config - DEBUG - Logger initialized for schedule_config at level DEBUG
2025-08-01 10:50:53 - schedule_config - INFO - Loading schedule configuration
2025-08-01 10:50:53 - schedule_config - INFO - Schedule configuration loaded: 5 schedules defined
2025-08-01 10:50:53 - schedule_config - INFO - Batch size set to: 50 coins per package
2025-08-01 10:50:53 - schedule_config - DEBUG - Schedule 1: Every 5 minutes for 1 package(s): [0]
2025-08-01 10:50:53 - schedule_config - DEBUG - Schedule 2: Every 10 minutes for 1 package(s): [1]
2025-08-01 10:50:53 - schedule_config - DEBUG - Schedule 3: Every 15 minutes for 1 package(s): [2]
2025-08-01 10:50:53 - schedule_config - DEBUG - Schedule 4: Every 60 minutes for 6 package(s): [3, 4, 5, 6, 7, 8]
2025-08-01 10:50:53 - schedule_config - DEBUG - Schedule 5: Every 180 minutes for 9 package(s): [9, 10, 11, 12, 13, 14, 15, 16, 17]
2025-08-01 10:50:53 - schedule_config - DEBUG - Logger initialized for schedule_config at level DEBUG
2025-08-01 10:50:53 - schedule_config - INFO - Loading schedule configuration
2025-08-01 10:50:53 - schedule_config - INFO - Schedule configuration loaded: 5 schedules defined
2025-08-01 10:50:53 - schedule_config - INFO - Batch size set to: 50 coins per package
2025-08-01 10:50:53 - schedule_config - DEBUG - Schedule 1: Every 5 minutes for 1 package(s): [0]
2025-08-01 10:50:53 - schedule_config - DEBUG - Schedule 2: Every 10 minutes for 1 package(s): [1]
2025-08-01 10:50:53 - schedule_config - DEBUG - Schedule 3: Every 15 minutes for 1 package(s): [2]
2025-08-01 10:50:53 - schedule_config - DEBUG - Schedule 4: Every 60 minutes for 6 package(s): [3, 4, 5, 6, 7, 8]
2025-08-01 10:50:53 - schedule_config - DEBUG - Schedule 5: Every 180 minutes for 9 package(s): [9, 10, 11, 12, 13, 14, 15, 16, 17]
2025-08-01 10:50:53 - schedule_config - DEBUG - Logger initialized for schedule_config at level DEBUG
2025-08-01 10:50:53 - schedule_config - INFO - Loading schedule configuration
2025-08-01 10:50:53 - schedule_config - INFO - Schedule configuration loaded: 5 schedules defined
2025-08-01 10:50:53 - schedule_config - INFO - Batch size set to: 50 coins per package
2025-08-01 10:50:53 - schedule_config - DEBUG - Schedule 1: Every 5 minutes for 1 package(s): [0]
2025-08-01 10:50:53 - schedule_config - DEBUG - Schedule 2: Every 10 minutes for 1 package(s): [1]
2025-08-01 10:50:53 - schedule_config - DEBUG - Schedule 3: Every 15 minutes for 1 package(s): [2]
2025-08-01 10:50:53 - schedule_config - DEBUG - Schedule 4: Every 60 minutes for 6 package(s): [3, 4, 5, 6, 7, 8]
2025-08-01 10:50:53 - schedule_config - DEBUG - Schedule 5: Every 180 minutes for 9 package(s): [9, 10, 11, 12, 13, 14, 15, 16, 17]
2025-08-01 16:03:10 - schedule_config - DEBUG - Logger initialized for schedule_config at level DEBUG
2025-08-01 16:03:10 - schedule_config - INFO - Loading schedule configuration
2025-08-01 16:03:10 - schedule_config - INFO - Schedule configuration loaded: 5 schedules defined
2025-08-01 16:03:10 - schedule_config - INFO - Batch size set to: 50 coins per package
2025-08-01 16:03:10 - schedule_config - DEBUG - Schedule 1: Every 5 minutes for 1 package(s): [0]
2025-08-01 16:03:10 - schedule_config - DEBUG - Schedule 2: Every 10 minutes for 1 package(s): [1]
2025-08-01 16:03:10 - schedule_config - DEBUG - Schedule 3: Every 15 minutes for 1 package(s): [2]
2025-08-01 16:03:10 - schedule_config - DEBUG - Schedule 4: Every 60 minutes for 6 package(s): [3, 4, 5, 6, 7, 8]
2025-08-01 16:03:10 - schedule_config - DEBUG - Schedule 5: Every 180 minutes for 9 package(s): [9, 10, 11, 12, 13, 14, 15, 16, 17]
2025-08-01 16:03:11 - schedule_config - DEBUG - Logger initialized for schedule_config at level DEBUG
2025-08-01 16:03:11 - schedule_config - INFO - Loading schedule configuration
2025-08-01 16:03:11 - schedule_config - INFO - Schedule configuration loaded: 5 schedules defined
2025-08-01 16:03:11 - schedule_config - INFO - Batch size set to: 50 coins per package
2025-08-01 16:03:11 - schedule_config - DEBUG - Schedule 1: Every 5 minutes for 1 package(s): [0]
2025-08-01 16:03:11 - schedule_config - DEBUG - Schedule 2: Every 10 minutes for 1 package(s): [1]
2025-08-01 16:03:11 - schedule_config - DEBUG - Schedule 3: Every 15 minutes for 1 package(s): [2]
2025-08-01 16:03:11 - schedule_config - DEBUG - Schedule 4: Every 60 minutes for 6 package(s): [3, 4, 5, 6, 7, 8]
2025-08-01 16:03:11 - schedule_config - DEBUG - Schedule 5: Every 180 minutes for 9 package(s): [9, 10, 11, 12, 13, 14, 15, 16, 17]
2025-08-01 16:03:11 - schedule_config - DEBUG - Logger initialized for schedule_config at level DEBUG
2025-08-01 16:03:11 - schedule_config - INFO - Loading schedule configuration
2025-08-01 16:03:11 - schedule_config - INFO - Schedule configuration loaded: 5 schedules defined
2025-08-01 16:03:11 - schedule_config - INFO - Batch size set to: 50 coins per package
2025-08-01 16:03:11 - schedule_config - DEBUG - Schedule 1: Every 5 minutes for 1 package(s): [0]
2025-08-01 16:03:11 - schedule_config - DEBUG - Schedule 2: Every 10 minutes for 1 package(s): [1]
2025-08-01 16:03:11 - schedule_config - DEBUG - Schedule 3: Every 15 minutes for 1 package(s): [2]
2025-08-01 16:03:11 - schedule_config - DEBUG - Schedule 4: Every 60 minutes for 6 package(s): [3, 4, 5, 6, 7, 8]
2025-08-01 16:03:11 - schedule_config - DEBUG - Schedule 5: Every 180 minutes for 9 package(s): [9, 10, 11, 12, 13, 14, 15, 16, 17]
2025-08-01 16:13:31 - schedule_config - DEBUG - Logger initialized for schedule_config at level DEBUG
2025-08-01 16:13:31 - schedule_config - INFO - Loading schedule configuration
2025-08-01 16:13:31 - schedule_config - INFO - Schedule configuration loaded: 5 schedules defined
2025-08-01 16:13:31 - schedule_config - INFO - Batch size set to: 50 coins per package
2025-08-01 16:13:31 - schedule_config - DEBUG - Schedule 1: Every 5 minutes for 1 package(s): [0]
2025-08-01 16:13:31 - schedule_config - DEBUG - Schedule 2: Every 10 minutes for 1 package(s): [1]
2025-08-01 16:13:31 - schedule_config - DEBUG - Schedule 3: Every 15 minutes for 1 package(s): [2]
2025-08-01 16:13:31 - schedule_config - DEBUG - Schedule 4: Every 60 minutes for 6 package(s): [3, 4, 5, 6, 7, 8]
2025-08-01 16:13:31 - schedule_config - DEBUG - Schedule 5: Every 180 minutes for 9 package(s): [9, 10, 11, 12, 13, 14, 15, 16, 17]
2025-08-01 16:13:31 - schedule_config - DEBUG - Logger initialized for schedule_config at level DEBUG
2025-08-01 16:13:31 - schedule_config - INFO - Loading schedule configuration
2025-08-01 16:13:31 - schedule_config - INFO - Schedule configuration loaded: 5 schedules defined
2025-08-01 16:13:31 - schedule_config - INFO - Batch size set to: 50 coins per package
2025-08-01 16:13:31 - schedule_config - DEBUG - Schedule 1: Every 5 minutes for 1 package(s): [0]
2025-08-01 16:13:31 - schedule_config - DEBUG - Schedule 2: Every 10 minutes for 1 package(s): [1]
2025-08-01 16:13:31 - schedule_config - DEBUG - Schedule 3: Every 15 minutes for 1 package(s): [2]
2025-08-01 16:13:31 - schedule_config - DEBUG - Schedule 4: Every 60 minutes for 6 package(s): [3, 4, 5, 6, 7, 8]
2025-08-01 16:13:31 - schedule_config - DEBUG - Schedule 5: Every 180 minutes for 9 package(s): [9, 10, 11, 12, 13, 14, 15, 16, 17]
2025-08-01 16:13:32 - schedule_config - DEBUG - Logger initialized for schedule_config at level DEBUG
2025-08-01 16:13:32 - schedule_config - INFO - Loading schedule configuration
2025-08-01 16:13:32 - schedule_config - INFO - Schedule configuration loaded: 5 schedules defined
2025-08-01 16:13:32 - schedule_config - INFO - Batch size set to: 50 coins per package
2025-08-01 16:13:32 - schedule_config - DEBUG - Schedule 1: Every 5 minutes for 1 package(s): [0]
2025-08-01 16:13:32 - schedule_config - DEBUG - Schedule 2: Every 10 minutes for 1 package(s): [1]
2025-08-01 16:13:32 - schedule_config - DEBUG - Schedule 3: Every 15 minutes for 1 package(s): [2]
2025-08-01 16:13:32 - schedule_config - DEBUG - Schedule 4: Every 60 minutes for 6 package(s): [3, 4, 5, 6, 7, 8]
2025-08-01 16:13:32 - schedule_config - DEBUG - Schedule 5: Every 180 minutes for 9 package(s): [9, 10, 11, 12, 13, 14, 15, 16, 17]
2025-08-01 16:13:39 - schedule_config - DEBUG - Logger initialized for schedule_config at level DEBUG
2025-08-01 16:13:39 - schedule_config - INFO - Loading schedule configuration
2025-08-01 16:13:39 - schedule_config - INFO - Schedule configuration loaded: 5 schedules defined
2025-08-01 16:13:39 - schedule_config - INFO - Batch size set to: 50 coins per package
2025-08-01 16:13:39 - schedule_config - DEBUG - Schedule 1: Every 5 minutes for 1 package(s): [0]
2025-08-01 16:13:39 - schedule_config - DEBUG - Schedule 2: Every 10 minutes for 1 package(s): [1]
2025-08-01 16:13:39 - schedule_config - DEBUG - Schedule 3: Every 15 minutes for 1 package(s): [2]
2025-08-01 16:13:39 - schedule_config - DEBUG - Schedule 4: Every 60 minutes for 6 package(s): [3, 4, 5, 6, 7, 8]
2025-08-01 16:13:39 - schedule_config - DEBUG - Schedule 5: Every 180 minutes for 9 package(s): [9, 10, 11, 12, 13, 14, 15, 16, 17]
2025-08-01 16:13:39 - schedule_config - DEBUG - Logger initialized for schedule_config at level DEBUG
2025-08-01 16:13:39 - schedule_config - INFO - Loading schedule configuration
2025-08-01 16:13:39 - schedule_config - INFO - Schedule configuration loaded: 5 schedules defined
2025-08-01 16:13:39 - schedule_config - INFO - Batch size set to: 50 coins per package
2025-08-01 16:13:39 - schedule_config - DEBUG - Schedule 1: Every 5 minutes for 1 package(s): [0]
2025-08-01 16:13:39 - schedule_config - DEBUG - Schedule 2: Every 10 minutes for 1 package(s): [1]
2025-08-01 16:13:39 - schedule_config - DEBUG - Schedule 3: Every 15 minutes for 1 package(s): [2]
2025-08-01 16:13:39 - schedule_config - DEBUG - Schedule 4: Every 60 minutes for 6 package(s): [3, 4, 5, 6, 7, 8]
2025-08-01 16:13:39 - schedule_config - DEBUG - Schedule 5: Every 180 minutes for 9 package(s): [9, 10, 11, 12, 13, 14, 15, 16, 17]
2025-08-01 16:13:39 - schedule_config - DEBUG - Logger initialized for schedule_config at level DEBUG
2025-08-01 16:13:39 - schedule_config - INFO - Loading schedule configuration
2025-08-01 16:13:39 - schedule_config - INFO - Schedule configuration loaded: 5 schedules defined
2025-08-01 16:13:39 - schedule_config - INFO - Batch size set to: 50 coins per package
2025-08-01 16:13:39 - schedule_config - DEBUG - Schedule 1: Every 5 minutes for 1 package(s): [0]
2025-08-01 16:13:39 - schedule_config - DEBUG - Schedule 2: Every 10 minutes for 1 package(s): [1]
2025-08-01 16:13:39 - schedule_config - DEBUG - Schedule 3: Every 15 minutes for 1 package(s): [2]
2025-08-01 16:13:39 - schedule_config - DEBUG - Schedule 4: Every 60 minutes for 6 package(s): [3, 4, 5, 6, 7, 8]
2025-08-01 16:13:39 - schedule_config - DEBUG - Schedule 5: Every 180 minutes for 9 package(s): [9, 10, 11, 12, 13, 14, 15, 16, 17]
2025-08-01 16:16:21 - schedule_config - DEBUG - Logger initialized for schedule_config at level DEBUG
2025-08-01 16:16:21 - schedule_config - INFO - Loading schedule configuration
2025-08-01 16:16:21 - schedule_config - INFO - Schedule configuration loaded: 5 schedules defined
2025-08-01 16:16:21 - schedule_config - INFO - Batch size set to: 50 coins per package
2025-08-01 16:16:21 - schedule_config - DEBUG - Schedule 1: Every 5 minutes for 1 package(s): [0]
2025-08-01 16:16:21 - schedule_config - DEBUG - Schedule 2: Every 10 minutes for 1 package(s): [1]
2025-08-01 16:16:21 - schedule_config - DEBUG - Schedule 3: Every 15 minutes for 1 package(s): [2]
2025-08-01 16:16:21 - schedule_config - DEBUG - Schedule 4: Every 60 minutes for 6 package(s): [3, 4, 5, 6, 7, 8]
2025-08-01 16:16:21 - schedule_config - DEBUG - Schedule 5: Every 180 minutes for 9 package(s): [9, 10, 11, 12, 13, 14, 15, 16, 17]
2025-08-01 16:16:21 - schedule_config - DEBUG - Logger initialized for schedule_config at level DEBUG
2025-08-01 16:16:21 - schedule_config - INFO - Loading schedule configuration
2025-08-01 16:16:21 - schedule_config - INFO - Schedule configuration loaded: 5 schedules defined
2025-08-01 16:16:21 - schedule_config - INFO - Batch size set to: 50 coins per package
2025-08-01 16:16:21 - schedule_config - DEBUG - Schedule 1: Every 5 minutes for 1 package(s): [0]
2025-08-01 16:16:21 - schedule_config - DEBUG - Schedule 2: Every 10 minutes for 1 package(s): [1]
2025-08-01 16:16:21 - schedule_config - DEBUG - Schedule 3: Every 15 minutes for 1 package(s): [2]
2025-08-01 16:16:21 - schedule_config - DEBUG - Schedule 4: Every 60 minutes for 6 package(s): [3, 4, 5, 6, 7, 8]
2025-08-01 16:16:21 - schedule_config - DEBUG - Schedule 5: Every 180 minutes for 9 package(s): [9, 10, 11, 12, 13, 14, 15, 16, 17]
2025-08-01 16:16:21 - schedule_config - DEBUG - Logger initialized for schedule_config at level DEBUG
2025-08-01 16:16:21 - schedule_config - INFO - Loading schedule configuration
2025-08-01 16:16:21 - schedule_config - INFO - Schedule configuration loaded: 5 schedules defined
2025-08-01 16:16:21 - schedule_config - INFO - Batch size set to: 50 coins per package
2025-08-01 16:16:21 - schedule_config - DEBUG - Schedule 1: Every 5 minutes for 1 package(s): [0]
2025-08-01 16:16:21 - schedule_config - DEBUG - Schedule 2: Every 10 minutes for 1 package(s): [1]
2025-08-01 16:16:21 - schedule_config - DEBUG - Schedule 3: Every 15 minutes for 1 package(s): [2]
2025-08-01 16:16:21 - schedule_config - DEBUG - Schedule 4: Every 60 minutes for 6 package(s): [3, 4, 5, 6, 7, 8]
2025-08-01 16:16:21 - schedule_config - DEBUG - Schedule 5: Every 180 minutes for 9 package(s): [9, 10, 11, 12, 13, 14, 15, 16, 17]
2025-08-01 16:20:44 - schedule_config - DEBUG - Logger initialized for schedule_config at level DEBUG
2025-08-01 16:20:44 - schedule_config - INFO - Loading schedule configuration
2025-08-01 16:20:44 - schedule_config - INFO - Schedule configuration loaded: 5 schedules defined
2025-08-01 16:20:44 - schedule_config - INFO - Batch size set to: 50 coins per package
2025-08-01 16:20:44 - schedule_config - DEBUG - Schedule 1: Every 5 minutes for 1 package(s): [0]
2025-08-01 16:20:44 - schedule_config - DEBUG - Schedule 2: Every 10 minutes for 1 package(s): [1]
2025-08-01 16:20:44 - schedule_config - DEBUG - Schedule 3: Every 15 minutes for 1 package(s): [2]
2025-08-01 16:20:44 - schedule_config - DEBUG - Schedule 4: Every 60 minutes for 6 package(s): [3, 4, 5, 6, 7, 8]
2025-08-01 16:20:44 - schedule_config - DEBUG - Schedule 5: Every 180 minutes for 9 package(s): [9, 10, 11, 12, 13, 14, 15, 16, 17]
2025-08-01 16:20:44 - schedule_config - DEBUG - Logger initialized for schedule_config at level DEBUG
2025-08-01 16:20:44 - schedule_config - INFO - Loading schedule configuration
2025-08-01 16:20:44 - schedule_config - INFO - Schedule configuration loaded: 5 schedules defined
2025-08-01 16:20:44 - schedule_config - INFO - Batch size set to: 50 coins per package
2025-08-01 16:20:44 - schedule_config - DEBUG - Schedule 1: Every 5 minutes for 1 package(s): [0]
2025-08-01 16:20:44 - schedule_config - DEBUG - Schedule 2: Every 10 minutes for 1 package(s): [1]
2025-08-01 16:20:44 - schedule_config - DEBUG - Schedule 3: Every 15 minutes for 1 package(s): [2]
2025-08-01 16:20:44 - schedule_config - DEBUG - Schedule 4: Every 60 minutes for 6 package(s): [3, 4, 5, 6, 7, 8]
2025-08-01 16:20:44 - schedule_config - DEBUG - Schedule 5: Every 180 minutes for 9 package(s): [9, 10, 11, 12, 13, 14, 15, 16, 17]
2025-08-01 16:20:44 - schedule_config - DEBUG - Logger initialized for schedule_config at level DEBUG
2025-08-01 16:20:44 - schedule_config - INFO - Loading schedule configuration
2025-08-01 16:20:44 - schedule_config - INFO - Schedule configuration loaded: 5 schedules defined
2025-08-01 16:20:44 - schedule_config - INFO - Batch size set to: 50 coins per package
2025-08-01 16:20:44 - schedule_config - DEBUG - Schedule 1: Every 5 minutes for 1 package(s): [0]
2025-08-01 16:20:44 - schedule_config - DEBUG - Schedule 2: Every 10 minutes for 1 package(s): [1]
2025-08-01 16:20:44 - schedule_config - DEBUG - Schedule 3: Every 15 minutes for 1 package(s): [2]
2025-08-01 16:20:44 - schedule_config - DEBUG - Schedule 4: Every 60 minutes for 6 package(s): [3, 4, 5, 6, 7, 8]
2025-08-01 16:20:44 - schedule_config - DEBUG - Schedule 5: Every 180 minutes for 9 package(s): [9, 10, 11, 12, 13, 14, 15, 16, 17]
2025-08-01 16:22:26 - schedule_config - DEBUG - Logger initialized for schedule_config at level DEBUG
2025-08-01 16:22:26 - schedule_config - INFO - Loading schedule configuration
2025-08-01 16:22:26 - schedule_config - INFO - Schedule configuration loaded: 5 schedules defined
2025-08-01 16:22:26 - schedule_config - INFO - Batch size set to: 50 coins per package
2025-08-01 16:22:26 - schedule_config - DEBUG - Schedule 1: Every 5 minutes for 1 package(s): [0]
2025-08-01 16:22:26 - schedule_config - DEBUG - Schedule 2: Every 10 minutes for 1 package(s): [1]
2025-08-01 16:22:26 - schedule_config - DEBUG - Schedule 3: Every 15 minutes for 1 package(s): [2]
2025-08-01 16:22:26 - schedule_config - DEBUG - Schedule 4: Every 60 minutes for 6 package(s): [3, 4, 5, 6, 7, 8]
2025-08-01 16:22:26 - schedule_config - DEBUG - Schedule 5: Every 180 minutes for 9 package(s): [9, 10, 11, 12, 13, 14, 15, 16, 17]
2025-08-01 16:22:26 - schedule_config - DEBUG - Logger initialized for schedule_config at level DEBUG
2025-08-01 16:22:26 - schedule_config - INFO - Loading schedule configuration
2025-08-01 16:22:26 - schedule_config - INFO - Schedule configuration loaded: 5 schedules defined
2025-08-01 16:22:26 - schedule_config - INFO - Batch size set to: 50 coins per package
2025-08-01 16:22:26 - schedule_config - DEBUG - Schedule 1: Every 5 minutes for 1 package(s): [0]
2025-08-01 16:22:26 - schedule_config - DEBUG - Schedule 2: Every 10 minutes for 1 package(s): [1]
2025-08-01 16:22:26 - schedule_config - DEBUG - Schedule 3: Every 15 minutes for 1 package(s): [2]
2025-08-01 16:22:26 - schedule_config - DEBUG - Schedule 4: Every 60 minutes for 6 package(s): [3, 4, 5, 6, 7, 8]
2025-08-01 16:22:26 - schedule_config - DEBUG - Schedule 5: Every 180 minutes for 9 package(s): [9, 10, 11, 12, 13, 14, 15, 16, 17]
2025-08-01 16:22:26 - schedule_config - DEBUG - Logger initialized for schedule_config at level DEBUG
2025-08-01 16:22:26 - schedule_config - INFO - Loading schedule configuration
2025-08-01 16:22:26 - schedule_config - INFO - Schedule configuration loaded: 5 schedules defined
2025-08-01 16:22:26 - schedule_config - INFO - Batch size set to: 50 coins per package
2025-08-01 16:22:26 - schedule_config - DEBUG - Schedule 1: Every 5 minutes for 1 package(s): [0]
2025-08-01 16:22:26 - schedule_config - DEBUG - Schedule 2: Every 10 minutes for 1 package(s): [1]
2025-08-01 16:22:26 - schedule_config - DEBUG - Schedule 3: Every 15 minutes for 1 package(s): [2]
2025-08-01 16:22:26 - schedule_config - DEBUG - Schedule 4: Every 60 minutes for 6 package(s): [3, 4, 5, 6, 7, 8]
2025-08-01 16:22:26 - schedule_config - DEBUG - Schedule 5: Every 180 minutes for 9 package(s): [9, 10, 11, 12, 13, 14, 15, 16, 17]
2025-08-01 17:41:02 - schedule_config - DEBUG - Logger initialized for schedule_config at level DEBUG
2025-08-01 17:41:02 - schedule_config - INFO - Loading schedule configuration
2025-08-01 17:41:02 - schedule_config - INFO - Schedule configuration loaded: 5 schedules defined
2025-08-01 17:41:02 - schedule_config - INFO - Batch size set to: 50 coins per package
2025-08-01 17:41:02 - schedule_config - DEBUG - Schedule 1: Every 5 minutes for 1 package(s): [0]
2025-08-01 17:41:02 - schedule_config - DEBUG - Schedule 2: Every 10 minutes for 1 package(s): [1]
2025-08-01 17:41:02 - schedule_config - DEBUG - Schedule 3: Every 15 minutes for 1 package(s): [2]
2025-08-01 17:41:02 - schedule_config - DEBUG - Schedule 4: Every 60 minutes for 6 package(s): [3, 4, 5, 6, 7, 8]
2025-08-01 17:41:02 - schedule_config - DEBUG - Schedule 5: Every 180 minutes for 9 package(s): [9, 10, 11, 12, 13, 14, 15, 16, 17]
2025-08-01 17:41:02 - schedule_config - DEBUG - Logger initialized for schedule_config at level DEBUG
2025-08-01 17:41:02 - schedule_config - INFO - Loading schedule configuration
2025-08-01 17:41:02 - schedule_config - INFO - Schedule configuration loaded: 5 schedules defined
2025-08-01 17:41:02 - schedule_config - INFO - Batch size set to: 50 coins per package
2025-08-01 17:41:02 - schedule_config - DEBUG - Schedule 1: Every 5 minutes for 1 package(s): [0]
2025-08-01 17:41:02 - schedule_config - DEBUG - Schedule 2: Every 10 minutes for 1 package(s): [1]
2025-08-01 17:41:02 - schedule_config - DEBUG - Schedule 3: Every 15 minutes for 1 package(s): [2]
2025-08-01 17:41:02 - schedule_config - DEBUG - Schedule 4: Every 60 minutes for 6 package(s): [3, 4, 5, 6, 7, 8]
2025-08-01 17:41:02 - schedule_config - DEBUG - Schedule 5: Every 180 minutes for 9 package(s): [9, 10, 11, 12, 13, 14, 15, 16, 17]
2025-08-01 17:41:02 - schedule_config - DEBUG - Logger initialized for schedule_config at level DEBUG
2025-08-01 17:41:02 - schedule_config - INFO - Loading schedule configuration
2025-08-01 17:41:02 - schedule_config - INFO - Schedule configuration loaded: 5 schedules defined
2025-08-01 17:41:02 - schedule_config - INFO - Batch size set to: 50 coins per package
2025-08-01 17:41:02 - schedule_config - DEBUG - Schedule 1: Every 5 minutes for 1 package(s): [0]
2025-08-01 17:41:02 - schedule_config - DEBUG - Schedule 2: Every 10 minutes for 1 package(s): [1]
2025-08-01 17:41:02 - schedule_config - DEBUG - Schedule 3: Every 15 minutes for 1 package(s): [2]
2025-08-01 17:41:02 - schedule_config - DEBUG - Schedule 4: Every 60 minutes for 6 package(s): [3, 4, 5, 6, 7, 8]
2025-08-01 17:41:02 - schedule_config - DEBUG - Schedule 5: Every 180 minutes for 9 package(s): [9, 10, 11, 12, 13, 14, 15, 16, 17]
2025-08-01 17:41:29 - schedule_config - DEBUG - Logger initialized for schedule_config at level DEBUG
2025-08-01 17:41:29 - schedule_config - INFO - Loading schedule configuration
2025-08-01 17:41:29 - schedule_config - INFO - Schedule configuration loaded: 5 schedules defined
2025-08-01 17:41:29 - schedule_config - INFO - Batch size set to: 50 coins per package
2025-08-01 17:41:29 - schedule_config - DEBUG - Schedule 1: Every 5 minutes for 1 package(s): [0]
2025-08-01 17:41:29 - schedule_config - DEBUG - Schedule 2: Every 10 minutes for 1 package(s): [1]
2025-08-01 17:41:29 - schedule_config - DEBUG - Schedule 3: Every 15 minutes for 1 package(s): [2]
2025-08-01 17:41:29 - schedule_config - DEBUG - Schedule 4: Every 60 minutes for 6 package(s): [3, 4, 5, 6, 7, 8]
2025-08-01 17:41:29 - schedule_config - DEBUG - Schedule 5: Every 180 minutes for 9 package(s): [9, 10, 11, 12, 13, 14, 15, 16, 17]
2025-08-01 17:41:29 - schedule_config - DEBUG - Logger initialized for schedule_config at level DEBUG
2025-08-01 17:41:29 - schedule_config - INFO - Loading schedule configuration
2025-08-01 17:41:29 - schedule_config - INFO - Schedule configuration loaded: 5 schedules defined
2025-08-01 17:41:29 - schedule_config - INFO - Batch size set to: 50 coins per package
2025-08-01 17:41:29 - schedule_config - DEBUG - Schedule 1: Every 5 minutes for 1 package(s): [0]
2025-08-01 17:41:29 - schedule_config - DEBUG - Schedule 2: Every 10 minutes for 1 package(s): [1]
2025-08-01 17:41:29 - schedule_config - DEBUG - Schedule 3: Every 15 minutes for 1 package(s): [2]
2025-08-01 17:41:29 - schedule_config - DEBUG - Schedule 4: Every 60 minutes for 6 package(s): [3, 4, 5, 6, 7, 8]
2025-08-01 17:41:29 - schedule_config - DEBUG - Schedule 5: Every 180 minutes for 9 package(s): [9, 10, 11, 12, 13, 14, 15, 16, 17]
2025-08-01 17:41:29 - schedule_config - DEBUG - Logger initialized for schedule_config at level DEBUG
2025-08-01 17:41:29 - schedule_config - INFO - Loading schedule configuration
2025-08-01 17:41:29 - schedule_config - INFO - Schedule configuration loaded: 5 schedules defined
2025-08-01 17:41:29 - schedule_config - INFO - Batch size set to: 50 coins per package
2025-08-01 17:41:29 - schedule_config - DEBUG - Schedule 1: Every 5 minutes for 1 package(s): [0]
2025-08-01 17:41:29 - schedule_config - DEBUG - Schedule 2: Every 10 minutes for 1 package(s): [1]
2025-08-01 17:41:29 - schedule_config - DEBUG - Schedule 3: Every 15 minutes for 1 package(s): [2]
2025-08-01 17:41:29 - schedule_config - DEBUG - Schedule 4: Every 60 minutes for 6 package(s): [3, 4, 5, 6, 7, 8]
2025-08-01 17:41:29 - schedule_config - DEBUG - Schedule 5: Every 180 minutes for 9 package(s): [9, 10, 11, 12, 13, 14, 15, 16, 17]
2025-08-01 22:40:13 - schedule_config - DEBUG - Logger initialized for schedule_config at level DEBUG
2025-08-01 22:40:13 - schedule_config - INFO - Loading schedule configuration
2025-08-01 22:40:13 - schedule_config - INFO - Schedule configuration loaded: 5 schedules defined
2025-08-01 22:40:13 - schedule_config - INFO - Batch size set to: 50 coins per package
2025-08-01 22:40:13 - schedule_config - DEBUG - Schedule 1: Every 5 minutes for 1 package(s): [0]
2025-08-01 22:40:13 - schedule_config - DEBUG - Schedule 2: Every 10 minutes for 1 package(s): [1]
2025-08-01 22:40:13 - schedule_config - DEBUG - Schedule 3: Every 15 minutes for 1 package(s): [2]
2025-08-01 22:40:13 - schedule_config - DEBUG - Schedule 4: Every 60 minutes for 6 package(s): [3, 4, 5, 6, 7, 8]
2025-08-01 22:40:13 - schedule_config - DEBUG - Schedule 5: Every 180 minutes for 9 package(s): [9, 10, 11, 12, 13, 14, 15, 16, 17]
2025-08-01 22:40:13 - schedule_config - DEBUG - Logger initialized for schedule_config at level DEBUG
2025-08-01 22:40:13 - schedule_config - INFO - Loading schedule configuration
2025-08-01 22:40:13 - schedule_config - INFO - Schedule configuration loaded: 5 schedules defined
2025-08-01 22:40:13 - schedule_config - INFO - Batch size set to: 50 coins per package
2025-08-01 22:40:13 - schedule_config - DEBUG - Schedule 1: Every 5 minutes for 1 package(s): [0]
2025-08-01 22:40:13 - schedule_config - DEBUG - Schedule 2: Every 10 minutes for 1 package(s): [1]
2025-08-01 22:40:13 - schedule_config - DEBUG - Schedule 3: Every 15 minutes for 1 package(s): [2]
2025-08-01 22:40:13 - schedule_config - DEBUG - Schedule 4: Every 60 minutes for 6 package(s): [3, 4, 5, 6, 7, 8]
2025-08-01 22:40:13 - schedule_config - DEBUG - Schedule 5: Every 180 minutes for 9 package(s): [9, 10, 11, 12, 13, 14, 15, 16, 17]
2025-08-01 22:40:13 - schedule_config - DEBUG - Logger initialized for schedule_config at level DEBUG
2025-08-01 22:40:13 - schedule_config - INFO - Loading schedule configuration
2025-08-01 22:40:13 - schedule_config - INFO - Schedule configuration loaded: 5 schedules defined
2025-08-01 22:40:13 - schedule_config - INFO - Batch size set to: 50 coins per package
2025-08-01 22:40:13 - schedule_config - DEBUG - Schedule 1: Every 5 minutes for 1 package(s): [0]
2025-08-01 22:40:13 - schedule_config - DEBUG - Schedule 2: Every 10 minutes for 1 package(s): [1]
2025-08-01 22:40:13 - schedule_config - DEBUG - Schedule 3: Every 15 minutes for 1 package(s): [2]
2025-08-01 22:40:13 - schedule_config - DEBUG - Schedule 4: Every 60 minutes for 6 package(s): [3, 4, 5, 6, 7, 8]
2025-08-01 22:40:13 - schedule_config - DEBUG - Schedule 5: Every 180 minutes for 9 package(s): [9, 10, 11, 12, 13, 14, 15, 16, 17]
