2025-07-23 12:46:49 - All_Currencies - DEBUG - Logger initialized for All_Currencies at level DEBUG
2025-07-23 12:46:49 - All_Currencies - INFO - Initializing currency post module
2025-07-23 12:46:50 - All_Currencies - INFO - Initializing currency post module
2025-07-23 13:22:00 - All_Currencies - DEBUG - Logger initialized for All_Currencies at level DEBUG
2025-07-23 13:22:00 - All_Currencies - INFO - Initializing currency post module
2025-07-23 13:22:01 - All_Currencies - INFO - Initializing currency post module
2025-07-23 13:45:48 - All_Currencies - DEBUG - Logger initialized for All_Currencies at level DEBUG
2025-07-23 13:45:48 - All_Currencies - INFO - Initializing currency post module
2025-07-23 13:45:49 - All_Currencies - INFO - Initializing currency post module
2025-07-23 13:50:32 - All_Currencies - DEBUG - Logger initialized for All_Currencies at level DEBUG
2025-07-23 13:50:32 - All_Currencies - INFO - Initializing currency post module
2025-07-23 13:50:34 - All_Currencies - INFO - Initializing currency post module
2025-07-23 13:51:05 - All_Currencies - DEBUG - Logger initialized for All_Currencies at level DEBUG
2025-07-23 13:51:05 - All_Currencies - INFO - Initializing currency post module
2025-07-23 13:51:07 - All_Currencies - INFO - Initializing currency post module
2025-07-23 14:14:46 - All_Currencies - DEBUG - Logger initialized for All_Currencies at level DEBUG
2025-07-23 14:14:46 - All_Currencies - INFO - Initializing currency post module
2025-07-23 14:14:48 - All_Currencies - INFO - Initializing currency post module
2025-07-23 15:37:35 - All_Currencies - DEBUG - Logger initialized for All_Currencies at level DEBUG
2025-07-23 15:37:35 - All_Currencies - INFO - Initializing currency post module
2025-07-23 15:37:36 - All_Currencies - INFO - Initializing currency post module
2025-07-23 15:41:29 - All_Currencies - ERROR - Error fetching all currencies: (mysql.connector.errors.DatabaseError) 2003 (HY000): Can't connect to MySQL server on 'localhost:3306' (111)
(Background on this error at: https://sqlalche.me/e/20/4xp6)
2025-07-23 15:52:20 - All_Currencies - ERROR - Error fetching all currencies: (mysql.connector.errors.DatabaseError) 2003 (HY000): Can't connect to MySQL server on 'localhost:3306' (111)
(Background on this error at: https://sqlalche.me/e/20/4xp6)
2025-07-23 15:53:24 - All_Currencies - DEBUG - Logger initialized for All_Currencies at level DEBUG
2025-07-23 15:53:24 - All_Currencies - INFO - Initializing currency post module
2025-07-23 15:53:25 - All_Currencies - INFO - Initializing currency post module
2025-07-23 16:03:06 - All_Currencies - ERROR - Error fetching all currencies: (mysql.connector.errors.DatabaseError) 2003 (HY000): Can't connect to MySQL server on 'localhost:3306' (111)
(Background on this error at: https://sqlalche.me/e/20/4xp6)
2025-07-23 16:03:22 - All_Currencies - ERROR - Error fetching all currencies: (mysql.connector.errors.DatabaseError) 2003 (HY000): Can't connect to MySQL server on 'localhost:3306' (111)
(Background on this error at: https://sqlalche.me/e/20/4xp6)
2025-07-23 16:47:30 - All_Currencies - ERROR - Error fetching all currencies: (mysql.connector.errors.DatabaseError) 2003 (HY000): Can't connect to MySQL server on 'localhost:3306' (111)
(Background on this error at: https://sqlalche.me/e/20/4xp6)
2025-07-25 07:50:30 - All_Currencies - ERROR - Error fetching all currencies: (mysql.connector.errors.DatabaseError) 2003 (HY000): Can't connect to MySQL server on 'localhost:3306' (111)
(Background on this error at: https://sqlalche.me/e/20/4xp6)
2025-07-25 11:08:11 - All_Currencies - ERROR - Error fetching all currencies: (mysql.connector.errors.OperationalError) MySQL Connection not available.
[SQL: SELECT currencies.`CurrencyID` AS `currencies_CurrencyID`, currencies.`CurrencyName` AS `currencies_CurrencyName`, currencies.`Icon` AS `currencies_Icon`, currencies.`Symbol` AS `currencies_Symbol`, currencies.`BlockchainID` AS `currencies_BlockchainID`, currencies.`DecimalPlaces` AS `currencies_DecimalPlaces`, currencies.`IsToken` AS `currencies_IsToken`, currencies.`SmartContractAddress` AS `currencies_SmartContractAddress`, currencies.`CreatedAt` AS `currencies_CreatedAt`, currencies.`UpdatedAt` AS `currencies_UpdatedAt`, currencies.`CMC_ID` AS `currencies_CMC_ID`, blockchains.`BlockchainName` AS `blockchains_BlockchainName` 
FROM currencies INNER JOIN blockchains ON currencies.`BlockchainID` = blockchains.`BlockchainID`]
[parameters: [{}]]
(Background on this error at: https://sqlalche.me/e/20/e3q8)
2025-07-28 14:18:27 - All_Currencies - ERROR - Error fetching all currencies: (mysql.connector.errors.DatabaseError) 2003 (HY000): Can't connect to MySQL server on 'localhost:3306' (111)
(Background on this error at: https://sqlalche.me/e/20/4xp6)
2025-07-28 14:18:50 - All_Currencies - ERROR - Error fetching all currencies: (mysql.connector.errors.DatabaseError) 2003 (HY000): Can't connect to MySQL server on 'localhost:3306' (111)
(Background on this error at: https://sqlalche.me/e/20/4xp6)
2025-07-28 14:18:51 - All_Currencies - ERROR - Error fetching all currencies: (mysql.connector.errors.DatabaseError) 2003 (HY000): Can't connect to MySQL server on 'localhost:3306' (111)
(Background on this error at: https://sqlalche.me/e/20/4xp6)
2025-07-28 14:18:51 - All_Currencies - ERROR - Error fetching all currencies: (mysql.connector.errors.DatabaseError) 2003 (HY000): Can't connect to MySQL server on 'localhost:3306' (111)
(Background on this error at: https://sqlalche.me/e/20/4xp6)
2025-07-28 14:18:52 - All_Currencies - ERROR - Error fetching all currencies: (mysql.connector.errors.DatabaseError) 2003 (HY000): Can't connect to MySQL server on 'localhost:3306' (111)
(Background on this error at: https://sqlalche.me/e/20/4xp6)
2025-07-28 14:18:54 - All_Currencies - ERROR - Error fetching all currencies: (mysql.connector.errors.DatabaseError) 2003 (HY000): Can't connect to MySQL server on 'localhost:3306' (111)
(Background on this error at: https://sqlalche.me/e/20/4xp6)
2025-07-29 18:54:32 - All_Currencies - ERROR - Error fetching all currencies: (mysql.connector.errors.DatabaseError) 2003 (HY000): Can't connect to MySQL server on 'localhost:3306' (111)
(Background on this error at: https://sqlalche.me/e/20/4xp6)
