2025-07-23 12:46:49 - transaction_storage - DEBUG - Logger initialized for transaction_storage at level DEBUG
2025-07-23 12:46:49 - transaction_storage - INFO - Attempting Redis connection - URL: redis://:2a4efe20e40e332d@localhost:6379/0, Host: localhost, Port: 6379, DB: 0
2025-07-23 12:46:49 - transaction_storage - INFO - Trying Redis connection method: URL
2025-07-23 12:46:49 - transaction_storage - INFO - Redis connection successful using URL: True
2025-07-23 12:46:49 - transaction_storage - INFO - Using Redis storage for transactions
2025-07-23 13:22:00 - transaction_storage - DEBUG - Logger initialized for transaction_storage at level DEBUG
2025-07-23 13:22:00 - transaction_storage - INFO - Attempting Redis connection - URL: redis://:2a4efe20e40e332d@localhost:6379/0, Host: localhost, Port: 6379, DB: 0
2025-07-23 13:22:00 - transaction_storage - INFO - Trying Redis connection method: URL
2025-07-23 13:22:00 - transaction_storage - INFO - Redis connection successful using URL: True
2025-07-23 13:22:00 - transaction_storage - INFO - Using Redis storage for transactions
2025-07-23 13:45:48 - transaction_storage - DEBUG - Logger initialized for transaction_storage at level DEBUG
2025-07-23 13:45:48 - transaction_storage - INFO - Attempting Redis connection - URL: redis://:2a4efe20e40e332d@localhost:6379/0, Host: localhost, Port: 6379, DB: 0
2025-07-23 13:45:48 - transaction_storage - INFO - Trying Redis connection method: URL
2025-07-23 13:45:48 - transaction_storage - INFO - Redis connection successful using URL: True
2025-07-23 13:45:48 - transaction_storage - INFO - Using Redis storage for transactions
2025-07-23 13:50:32 - transaction_storage - DEBUG - Logger initialized for transaction_storage at level DEBUG
2025-07-23 13:50:32 - transaction_storage - INFO - Attempting Redis connection - URL: redis://:2a4efe20e40e332d@localhost:6379/0, Host: localhost, Port: 6379, DB: 0
2025-07-23 13:50:32 - transaction_storage - INFO - Trying Redis connection method: URL
2025-07-23 13:50:32 - transaction_storage - INFO - Redis connection successful using URL: True
2025-07-23 13:50:32 - transaction_storage - INFO - Using Redis storage for transactions
2025-07-23 13:51:05 - transaction_storage - DEBUG - Logger initialized for transaction_storage at level DEBUG
2025-07-23 13:51:05 - transaction_storage - INFO - Attempting Redis connection - URL: redis://:2a4efe20e40e332d@localhost:6379/0, Host: localhost, Port: 6379, DB: 0
2025-07-23 13:51:05 - transaction_storage - INFO - Trying Redis connection method: URL
2025-07-23 13:51:05 - transaction_storage - INFO - Redis connection successful using URL: True
2025-07-23 13:51:05 - transaction_storage - INFO - Using Redis storage for transactions
2025-07-23 14:14:46 - transaction_storage - DEBUG - Logger initialized for transaction_storage at level DEBUG
2025-07-23 14:14:46 - transaction_storage - INFO - Attempting Redis connection - URL: redis://:2a4efe20e40e332d@localhost:6379/0, Host: localhost, Port: 6379, DB: 0
2025-07-23 14:14:46 - transaction_storage - INFO - Trying Redis connection method: URL
2025-07-23 14:14:46 - transaction_storage - INFO - Redis connection successful using URL: True
2025-07-23 14:14:46 - transaction_storage - INFO - Using Redis storage for transactions
2025-07-23 15:37:35 - transaction_storage - DEBUG - Logger initialized for transaction_storage at level DEBUG
2025-07-23 15:37:35 - transaction_storage - INFO - Attempting Redis connection - URL: redis://:2a4efe20e40e332d@localhost:6379/0, Host: localhost, Port: 6379, DB: 0
2025-07-23 15:37:35 - transaction_storage - INFO - Trying Redis connection method: URL
2025-07-23 15:37:35 - transaction_storage - INFO - Redis connection successful using URL: True
2025-07-23 15:37:35 - transaction_storage - INFO - Using Redis storage for transactions
2025-07-23 15:53:24 - transaction_storage - DEBUG - Logger initialized for transaction_storage at level DEBUG
2025-07-23 15:53:24 - transaction_storage - INFO - Attempting Redis connection - URL: redis://:2a4efe20e40e332d@localhost:6379/0, Host: localhost, Port: 6379, DB: 0
2025-07-23 15:53:24 - transaction_storage - INFO - Trying Redis connection method: URL
2025-07-23 15:53:24 - transaction_storage - INFO - Redis connection successful using URL: True
2025-07-23 15:53:24 - transaction_storage - INFO - Using Redis storage for transactions
