2025-07-16 07:08:47 - balance - DEBUG - Logger initialized for balance at level DEBUG
2025-07-16 07:08:59 - balance - DEBUG - Logger initialized for balance at level DEBUG
2025-07-16 07:09:13 - balance - DEBUG - Logger initialized for balance at level DEBUG
2025-07-16 12:48:51 - balance - ERROR - Failed to update balances for user fef12e77-0b34-4ca6-8998-8a5d61e1e9fc: Error updating balance data: (mysql.connector.errors.OperationalError) MySQL Connection not available.
[SQL: DELETE FROM userholding WHERE userholding.`UserID` = %(UserID_1)s]
[parameters: [{}]]
(Background on this error at: https://sqlalche.me/e/20/e3q8)
2025-07-16 16:58:52 - balance - DEBUG - Logger initialized for balance at level DEBUG
2025-07-16 16:59:04 - balance - DEBUG - Logger initialized for balance at level DEBUG
2025-07-16 16:59:17 - balance - DEBUG - Logger initialized for balance at level DEBUG
2025-07-16 17:00:24 - balance - DEBUG - Logger initialized for balance at level DEBUG
2025-07-16 17:01:48 - balance - DEBUG - Logger initialized for balance at level DEBUG
2025-07-16 17:15:00 - balance - ERROR - Failed to update balances for user cad07e5a-5e89-4cac-bbdf-7fd938a90836: Error updating balance data: (mysql.connector.errors.OperationalError) MySQL Connection not available.
[SQL: DELETE FROM userholding WHERE userholding.`UserID` = %(UserID_1)s]
[parameters: [{}]]
(Background on this error at: https://sqlalche.me/e/20/e3q8)
2025-07-16 17:15:00 - balance - DEBUG - Logger initialized for balance at level DEBUG
2025-07-16 17:15:54 - balance - DEBUG - Logger initialized for balance at level DEBUG
2025-07-16 17:16:25 - balance - DEBUG - Logger initialized for balance at level DEBUG
2025-07-16 17:16:50 - balance - DEBUG - Logger initialized for balance at level DEBUG
2025-07-16 17:19:56 - balance - DEBUG - Logger initialized for balance at level DEBUG
2025-07-16 17:20:34 - balance - DEBUG - Logger initialized for balance at level DEBUG
2025-07-16 17:21:19 - balance - DEBUG - Logger initialized for balance at level DEBUG
2025-07-16 17:22:01 - balance - DEBUG - Logger initialized for balance at level DEBUG
2025-07-16 17:23:04 - balance - DEBUG - Logger initialized for balance at level DEBUG
2025-07-16 17:52:54 - balance - DEBUG - Logger initialized for balance at level DEBUG
2025-07-16 18:12:56 - balance - DEBUG - Logger initialized for balance at level DEBUG
2025-07-16 18:27:45 - balance - DEBUG - Logger initialized for balance at level DEBUG
2025-07-16 18:27:46 - balance - DEBUG - Logger initialized for balance at level DEBUG
2025-07-16 18:27:46 - balance - DEBUG - Logger initialized for balance at level DEBUG
2025-07-16 18:29:57 - balance - DEBUG - Logger initialized for balance at level DEBUG
2025-07-16 18:29:57 - balance - DEBUG - Logger initialized for balance at level DEBUG
2025-07-16 18:29:57 - balance - DEBUG - Logger initialized for balance at level DEBUG
2025-07-16 18:30:56 - balance - DEBUG - Logger initialized for balance at level DEBUG
2025-07-16 18:30:56 - balance - DEBUG - Logger initialized for balance at level DEBUG
2025-07-16 18:30:56 - balance - DEBUG - Logger initialized for balance at level DEBUG
2025-07-16 18:32:38 - balance - DEBUG - Logger initialized for balance at level DEBUG
2025-07-16 18:32:38 - balance - DEBUG - Logger initialized for balance at level DEBUG
2025-07-16 18:32:38 - balance - DEBUG - Logger initialized for balance at level DEBUG
2025-07-16 18:33:45 - balance - DEBUG - Logger initialized for balance at level DEBUG
2025-07-16 18:33:45 - balance - DEBUG - Logger initialized for balance at level DEBUG
2025-07-16 18:33:45 - balance - DEBUG - Logger initialized for balance at level DEBUG
2025-07-16 18:34:43 - balance - DEBUG - Logger initialized for balance at level DEBUG
2025-07-16 18:34:43 - balance - DEBUG - Logger initialized for balance at level DEBUG
2025-07-16 18:34:44 - balance - DEBUG - Logger initialized for balance at level DEBUG
2025-07-16 18:35:55 - balance - DEBUG - Logger initialized for balance at level DEBUG
2025-07-16 18:35:55 - balance - DEBUG - Logger initialized for balance at level DEBUG
2025-07-16 18:35:55 - balance - DEBUG - Logger initialized for balance at level DEBUG
2025-07-16 18:39:25 - balance - DEBUG - Logger initialized for balance at level DEBUG
2025-07-16 18:39:26 - balance - DEBUG - Logger initialized for balance at level DEBUG
2025-07-16 18:39:26 - balance - DEBUG - Logger initialized for balance at level DEBUG
2025-07-16 18:58:05 - balance - DEBUG - Logger initialized for balance at level DEBUG
2025-07-16 18:58:06 - balance - DEBUG - Logger initialized for balance at level DEBUG
2025-07-16 18:58:06 - balance - DEBUG - Logger initialized for balance at level DEBUG
2025-07-16 19:01:30 - balance - DEBUG - Logger initialized for balance at level DEBUG
2025-07-16 19:01:30 - balance - DEBUG - Logger initialized for balance at level DEBUG
2025-07-16 19:01:31 - balance - DEBUG - Logger initialized for balance at level DEBUG
2025-07-16 19:03:39 - balance - DEBUG - Logger initialized for balance at level DEBUG
2025-07-16 19:03:40 - balance - DEBUG - Logger initialized for balance at level DEBUG
2025-07-16 19:03:40 - balance - DEBUG - Logger initialized for balance at level DEBUG
2025-07-16 19:34:00 - balance - DEBUG - Logger initialized for balance at level DEBUG
2025-07-16 19:34:00 - balance - DEBUG - Logger initialized for balance at level DEBUG
2025-07-16 19:34:00 - balance - DEBUG - Logger initialized for balance at level DEBUG
2025-07-16 19:34:35 - balance - DEBUG - Logger initialized for balance at level DEBUG
2025-07-16 19:34:36 - balance - DEBUG - Logger initialized for balance at level DEBUG
2025-07-16 19:34:36 - balance - DEBUG - Logger initialized for balance at level DEBUG
2025-07-16 19:34:49 - balance - DEBUG - Logger initialized for balance at level DEBUG
2025-07-16 19:34:49 - balance - DEBUG - Logger initialized for balance at level DEBUG
2025-07-16 19:34:49 - balance - DEBUG - Logger initialized for balance at level DEBUG
2025-07-16 19:36:02 - balance - DEBUG - Logger initialized for balance at level DEBUG
2025-07-16 19:36:02 - balance - DEBUG - Logger initialized for balance at level DEBUG
2025-07-16 19:36:03 - balance - DEBUG - Logger initialized for balance at level DEBUG
2025-07-16 19:37:04 - balance - DEBUG - Logger initialized for balance at level DEBUG
2025-07-16 19:37:05 - balance - DEBUG - Logger initialized for balance at level DEBUG
2025-07-16 19:37:05 - balance - DEBUG - Logger initialized for balance at level DEBUG
2025-07-16 19:41:53 - balance - DEBUG - Logger initialized for balance at level DEBUG
2025-07-16 19:47:30 - balance - DEBUG - Logger initialized for balance at level DEBUG
2025-07-16 19:47:30 - balance - DEBUG - Logger initialized for balance at level DEBUG
2025-07-16 19:47:30 - balance - DEBUG - Logger initialized for balance at level DEBUG
2025-07-16 20:25:54 - balance - DEBUG - Logger initialized for balance at level DEBUG
2025-07-16 20:25:55 - balance - DEBUG - Logger initialized for balance at level DEBUG
2025-07-16 20:25:55 - balance - DEBUG - Logger initialized for balance at level DEBUG
2025-07-16 20:56:55 - balance - DEBUG - Logger initialized for balance at level DEBUG
2025-07-16 20:56:56 - balance - DEBUG - Logger initialized for balance at level DEBUG
2025-07-16 20:56:56 - balance - DEBUG - Logger initialized for balance at level DEBUG
2025-07-16 21:04:39 - balance - DEBUG - Logger initialized for balance at level DEBUG
2025-07-16 21:04:39 - balance - DEBUG - Logger initialized for balance at level DEBUG
2025-07-16 21:04:40 - balance - DEBUG - Logger initialized for balance at level DEBUG
2025-07-16 21:08:13 - balance - DEBUG - Logger initialized for balance at level DEBUG
2025-07-16 21:08:13 - balance - DEBUG - Logger initialized for balance at level DEBUG
2025-07-16 21:08:13 - balance - DEBUG - Logger initialized for balance at level DEBUG
2025-07-16 21:11:20 - balance - DEBUG - Logger initialized for balance at level DEBUG
2025-07-16 21:11:21 - balance - DEBUG - Logger initialized for balance at level DEBUG
2025-07-16 21:11:21 - balance - DEBUG - Logger initialized for balance at level DEBUG
2025-07-16 21:15:30 - balance - DEBUG - Logger initialized for balance at level DEBUG
2025-07-16 21:15:30 - balance - DEBUG - Logger initialized for balance at level DEBUG
2025-07-16 21:15:30 - balance - DEBUG - Logger initialized for balance at level DEBUG
2025-07-16 21:17:28 - balance - DEBUG - Logger initialized for balance at level DEBUG
2025-07-16 21:17:29 - balance - DEBUG - Logger initialized for balance at level DEBUG
2025-07-16 21:17:29 - balance - DEBUG - Logger initialized for balance at level DEBUG
2025-07-16 21:18:44 - balance - DEBUG - Logger initialized for balance at level DEBUG
2025-07-16 21:18:44 - balance - DEBUG - Logger initialized for balance at level DEBUG
2025-07-16 21:18:44 - balance - DEBUG - Logger initialized for balance at level DEBUG
2025-07-16 21:19:57 - balance - DEBUG - Logger initialized for balance at level DEBUG
2025-07-16 21:19:58 - balance - DEBUG - Logger initialized for balance at level DEBUG
2025-07-16 21:19:58 - balance - DEBUG - Logger initialized for balance at level DEBUG
2025-07-16 21:21:45 - balance - DEBUG - Logger initialized for balance at level DEBUG
2025-07-16 21:21:45 - balance - DEBUG - Logger initialized for balance at level DEBUG
2025-07-16 21:21:45 - balance - DEBUG - Logger initialized for balance at level DEBUG
2025-07-16 21:23:06 - balance - DEBUG - Logger initialized for balance at level DEBUG
2025-07-16 21:23:07 - balance - DEBUG - Logger initialized for balance at level DEBUG
2025-07-16 21:23:08 - balance - DEBUG - Logger initialized for balance at level DEBUG
2025-07-16 21:24:06 - balance - DEBUG - Logger initialized for balance at level DEBUG
2025-07-16 21:24:06 - balance - DEBUG - Logger initialized for balance at level DEBUG
2025-07-16 21:24:06 - balance - DEBUG - Logger initialized for balance at level DEBUG
2025-07-16 21:25:28 - balance - DEBUG - Logger initialized for balance at level DEBUG
2025-07-16 21:25:28 - balance - DEBUG - Logger initialized for balance at level DEBUG
2025-07-16 21:25:28 - balance - DEBUG - Logger initialized for balance at level DEBUG
2025-07-16 21:27:40 - balance - DEBUG - Logger initialized for balance at level DEBUG
2025-07-16 21:27:40 - balance - DEBUG - Logger initialized for balance at level DEBUG
2025-07-16 21:27:40 - balance - DEBUG - Logger initialized for balance at level DEBUG
2025-07-16 21:29:04 - balance - DEBUG - Logger initialized for balance at level DEBUG
2025-07-16 21:29:04 - balance - DEBUG - Logger initialized for balance at level DEBUG
2025-07-16 21:29:05 - balance - DEBUG - Logger initialized for balance at level DEBUG
2025-07-16 21:30:54 - balance - DEBUG - Logger initialized for balance at level DEBUG
2025-07-16 21:30:54 - balance - DEBUG - Logger initialized for balance at level DEBUG
2025-07-16 21:30:55 - balance - DEBUG - Logger initialized for balance at level DEBUG
2025-07-16 21:33:01 - balance - DEBUG - Logger initialized for balance at level DEBUG
2025-07-16 21:33:01 - balance - DEBUG - Logger initialized for balance at level DEBUG
2025-07-16 21:33:01 - balance - DEBUG - Logger initialized for balance at level DEBUG
2025-07-16 21:37:16 - balance - DEBUG - Logger initialized for balance at level DEBUG
2025-07-16 21:37:16 - balance - DEBUG - Logger initialized for balance at level DEBUG
2025-07-16 21:37:17 - balance - DEBUG - Logger initialized for balance at level DEBUG
2025-07-16 21:45:33 - balance - DEBUG - Logger initialized for balance at level DEBUG
2025-07-16 21:45:33 - balance - DEBUG - Logger initialized for balance at level DEBUG
2025-07-16 21:45:34 - balance - DEBUG - Logger initialized for balance at level DEBUG
2025-07-16 21:47:31 - balance - DEBUG - Logger initialized for balance at level DEBUG
2025-07-16 21:47:31 - balance - DEBUG - Logger initialized for balance at level DEBUG
2025-07-16 21:47:31 - balance - DEBUG - Logger initialized for balance at level DEBUG
2025-07-16 21:51:26 - balance - DEBUG - Logger initialized for balance at level DEBUG
2025-07-16 21:51:26 - balance - DEBUG - Logger initialized for balance at level DEBUG
2025-07-16 21:51:26 - balance - DEBUG - Logger initialized for balance at level DEBUG
2025-07-16 21:53:51 - balance - DEBUG - Logger initialized for balance at level DEBUG
2025-07-16 21:53:52 - balance - DEBUG - Logger initialized for balance at level DEBUG
2025-07-16 21:53:52 - balance - DEBUG - Logger initialized for balance at level DEBUG
2025-07-16 21:56:24 - balance - DEBUG - Logger initialized for balance at level DEBUG
2025-07-16 21:56:24 - balance - DEBUG - Logger initialized for balance at level DEBUG
2025-07-16 21:56:25 - balance - DEBUG - Logger initialized for balance at level DEBUG
2025-07-16 21:57:40 - balance - DEBUG - Logger initialized for balance at level DEBUG
2025-07-16 21:57:40 - balance - DEBUG - Logger initialized for balance at level DEBUG
2025-07-16 21:57:40 - balance - DEBUG - Logger initialized for balance at level DEBUG
2025-07-16 21:59:49 - balance - DEBUG - Logger initialized for balance at level DEBUG
2025-07-16 21:59:49 - balance - DEBUG - Logger initialized for balance at level DEBUG
2025-07-16 21:59:49 - balance - DEBUG - Logger initialized for balance at level DEBUG
2025-07-16 22:02:58 - balance - DEBUG - Logger initialized for balance at level DEBUG
2025-07-16 22:02:58 - balance - DEBUG - Logger initialized for balance at level DEBUG
2025-07-16 22:02:58 - balance - DEBUG - Logger initialized for balance at level DEBUG
2025-07-16 22:06:09 - balance - DEBUG - Logger initialized for balance at level DEBUG
2025-07-16 22:06:09 - balance - DEBUG - Logger initialized for balance at level DEBUG
2025-07-16 22:06:09 - balance - DEBUG - Logger initialized for balance at level DEBUG
2025-07-16 22:07:43 - balance - DEBUG - Logger initialized for balance at level DEBUG
2025-07-16 22:07:43 - balance - DEBUG - Logger initialized for balance at level DEBUG
2025-07-16 22:07:43 - balance - DEBUG - Logger initialized for balance at level DEBUG
2025-07-16 22:09:55 - balance - DEBUG - Logger initialized for balance at level DEBUG
2025-07-16 22:09:55 - balance - DEBUG - Logger initialized for balance at level DEBUG
2025-07-16 22:09:55 - balance - DEBUG - Logger initialized for balance at level DEBUG
2025-07-16 22:11:11 - balance - DEBUG - Logger initialized for balance at level DEBUG
2025-07-16 22:11:12 - balance - DEBUG - Logger initialized for balance at level DEBUG
2025-07-16 22:11:13 - balance - DEBUG - Logger initialized for balance at level DEBUG
2025-07-16 22:12:53 - balance - DEBUG - Logger initialized for balance at level DEBUG
2025-07-16 22:12:53 - balance - DEBUG - Logger initialized for balance at level DEBUG
2025-07-16 22:12:53 - balance - DEBUG - Logger initialized for balance at level DEBUG
2025-07-16 22:16:25 - balance - DEBUG - Logger initialized for balance at level DEBUG
2025-07-16 22:16:25 - balance - DEBUG - Logger initialized for balance at level DEBUG
2025-07-16 22:16:25 - balance - DEBUG - Logger initialized for balance at level DEBUG
2025-07-16 22:18:23 - balance - DEBUG - Logger initialized for balance at level DEBUG
2025-07-16 22:18:23 - balance - DEBUG - Logger initialized for balance at level DEBUG
2025-07-16 22:18:23 - balance - DEBUG - Logger initialized for balance at level DEBUG
