2025-07-16 07:08:47 - Send - DEBUG - Logger initialized for Send at level DEBUG
2025-07-16 07:08:59 - Send - DEBUG - Logger initialized for Send at level DEBUG
2025-07-16 07:09:13 - Send - DEBUG - Logger initialized for Send at level DEBUG
2025-07-16 16:58:52 - Send - DEBUG - Logger initialized for Send at level DEBUG
2025-07-16 16:59:04 - Send - DEBUG - Logger initialized for Send at level DEBUG
2025-07-16 16:59:17 - Send - DEBUG - Logger initialized for Send at level DEBUG
2025-07-16 17:00:24 - Send - DEBUG - Logger initialized for Send at level DEBUG
2025-07-16 17:01:48 - Send - DEBUG - Logger initialized for Send at level DEBUG
2025-07-16 17:15:00 - Send - DEBUG - Logger initialized for Send at level DEBUG
2025-07-16 17:15:54 - Send - DEBUG - Logger initialized for Send at level DEBUG
2025-07-16 17:16:25 - Send - DEBUG - Logger initialized for Send at level DEBUG
2025-07-16 17:16:50 - Send - DEBUG - Logger initialized for Send at level DEBUG
2025-07-16 17:19:56 - Send - DEBUG - Logger initialized for Send at level DEBUG
2025-07-16 17:20:34 - Send - DEBUG - Logger initialized for Send at level DEBUG
2025-07-16 17:21:19 - Send - DEBUG - Logger initialized for Send at level DEBUG
2025-07-16 17:22:01 - Send - DEBUG - Logger initialized for Send at level DEBUG
2025-07-16 17:23:04 - Send - DEBUG - Logger initialized for Send at level DEBUG
2025-07-16 17:52:52 - Send - ERROR - Error in send_transaction: Transaction not found or expired
2025-07-16 17:52:54 - Send - DEBUG - Logger initialized for Send at level DEBUG
2025-07-16 17:53:25 - Send - ERROR - Error in send_transaction: Transaction not found or expired
2025-07-16 17:57:01 - Send - ERROR - Error in send_transaction: Transaction not found or expired
2025-07-16 17:59:22 - Send - ERROR - Error in send_transaction: Error broadcasting transaction: Tatum transaction endpoint error: 403, {"statusCode":403,"errorCode":"tron.tx.sent.error","message":"Cannot send transaction.","cause":"Cannot transfer TRX to the same account","dashboardLog":"https://dashboard.tatum.io/logs?id=6877e87ae1f460b741710459"}
2025-07-16 17:59:40 - Send - ERROR - Error in send_transaction: Error broadcasting transaction: Tatum transaction endpoint error: 403, {"statusCode":403,"errorCode":"tron.tx.sent.error","message":"Cannot send transaction.","cause":"Invalid recipient address provided","dashboardLog":"https://dashboard.tatum.io/logs?id=6877e88c5cf4d9951a43ac3f"}
2025-07-16 18:01:51 - Send - ERROR - Error in send_transaction: Transaction not found or expired
2025-07-16 18:11:42 - Send - ERROR - Error in send_transaction: Transaction not found or expired
2025-07-16 18:12:56 - Send - DEBUG - Logger initialized for Send at level DEBUG
2025-07-16 18:15:49 - Send - ERROR - Error in send_transaction: Transaction not found or expired
2025-07-16 18:15:56 - Send - ERROR - Error in send_transaction: Transaction not found or expired
2025-07-16 18:27:45 - Send - DEBUG - Logger initialized for Send at level DEBUG
2025-07-16 18:27:46 - Send - DEBUG - Logger initialized for Send at level DEBUG
2025-07-16 18:27:46 - Send - DEBUG - Logger initialized for Send at level DEBUG
2025-07-16 18:29:57 - Send - DEBUG - Logger initialized for Send at level DEBUG
2025-07-16 18:29:57 - Send - DEBUG - Logger initialized for Send at level DEBUG
2025-07-16 18:29:57 - Send - DEBUG - Logger initialized for Send at level DEBUG
2025-07-16 18:30:56 - Send - DEBUG - Logger initialized for Send at level DEBUG
2025-07-16 18:30:56 - Send - DEBUG - Logger initialized for Send at level DEBUG
2025-07-16 18:30:56 - Send - DEBUG - Logger initialized for Send at level DEBUG
2025-07-16 18:32:38 - Send - DEBUG - Logger initialized for Send at level DEBUG
2025-07-16 18:32:38 - Send - DEBUG - Logger initialized for Send at level DEBUG
2025-07-16 18:32:38 - Send - DEBUG - Logger initialized for Send at level DEBUG
2025-07-16 18:33:45 - Send - DEBUG - Logger initialized for Send at level DEBUG
2025-07-16 18:33:45 - Send - DEBUG - Logger initialized for Send at level DEBUG
2025-07-16 18:33:45 - Send - DEBUG - Logger initialized for Send at level DEBUG
2025-07-16 18:34:43 - Send - DEBUG - Logger initialized for Send at level DEBUG
2025-07-16 18:34:43 - Send - DEBUG - Logger initialized for Send at level DEBUG
2025-07-16 18:34:44 - Send - DEBUG - Logger initialized for Send at level DEBUG
2025-07-16 18:35:55 - Send - DEBUG - Logger initialized for Send at level DEBUG
2025-07-16 18:35:55 - Send - DEBUG - Logger initialized for Send at level DEBUG
2025-07-16 18:35:55 - Send - DEBUG - Logger initialized for Send at level DEBUG
2025-07-16 18:39:25 - Send - DEBUG - Logger initialized for Send at level DEBUG
2025-07-16 18:39:26 - Send - DEBUG - Logger initialized for Send at level DEBUG
2025-07-16 18:39:26 - Send - DEBUG - Logger initialized for Send at level DEBUG
2025-07-16 18:58:05 - Send - DEBUG - Logger initialized for Send at level DEBUG
2025-07-16 18:58:06 - Send - DEBUG - Logger initialized for Send at level DEBUG
2025-07-16 18:58:06 - Send - DEBUG - Logger initialized for Send at level DEBUG
2025-07-16 19:01:30 - Send - DEBUG - Logger initialized for Send at level DEBUG
2025-07-16 19:01:30 - Send - DEBUG - Logger initialized for Send at level DEBUG
2025-07-16 19:01:31 - Send - DEBUG - Logger initialized for Send at level DEBUG
2025-07-16 19:03:39 - Send - DEBUG - Logger initialized for Send at level DEBUG
2025-07-16 19:03:40 - Send - DEBUG - Logger initialized for Send at level DEBUG
2025-07-16 19:03:40 - Send - DEBUG - Logger initialized for Send at level DEBUG
2025-07-16 19:34:00 - Send - DEBUG - Logger initialized for Send at level DEBUG
2025-07-16 19:34:00 - Send - DEBUG - Logger initialized for Send at level DEBUG
2025-07-16 19:34:00 - Send - DEBUG - Logger initialized for Send at level DEBUG
2025-07-16 19:34:35 - Send - DEBUG - Logger initialized for Send at level DEBUG
2025-07-16 19:34:36 - Send - DEBUG - Logger initialized for Send at level DEBUG
2025-07-16 19:34:36 - Send - DEBUG - Logger initialized for Send at level DEBUG
2025-07-16 19:34:49 - Send - DEBUG - Logger initialized for Send at level DEBUG
2025-07-16 19:34:49 - Send - DEBUG - Logger initialized for Send at level DEBUG
2025-07-16 19:34:49 - Send - DEBUG - Logger initialized for Send at level DEBUG
2025-07-16 19:36:02 - Send - DEBUG - Logger initialized for Send at level DEBUG
2025-07-16 19:36:02 - Send - DEBUG - Logger initialized for Send at level DEBUG
2025-07-16 19:36:03 - Send - DEBUG - Logger initialized for Send at level DEBUG
2025-07-16 19:37:04 - Send - DEBUG - Logger initialized for Send at level DEBUG
2025-07-16 19:37:05 - Send - DEBUG - Logger initialized for Send at level DEBUG
2025-07-16 19:37:05 - Send - DEBUG - Logger initialized for Send at level DEBUG
2025-07-16 19:41:53 - Send - DEBUG - Logger initialized for Send at level DEBUG
2025-07-16 19:47:30 - Send - DEBUG - Logger initialized for Send at level DEBUG
2025-07-16 19:47:30 - Send - DEBUG - Logger initialized for Send at level DEBUG
2025-07-16 19:47:30 - Send - DEBUG - Logger initialized for Send at level DEBUG
2025-07-16 20:25:54 - Send - DEBUG - Logger initialized for Send at level DEBUG
2025-07-16 20:25:55 - Send - DEBUG - Logger initialized for Send at level DEBUG
2025-07-16 20:25:55 - Send - DEBUG - Logger initialized for Send at level DEBUG
2025-07-16 20:56:55 - Send - DEBUG - Logger initialized for Send at level DEBUG
2025-07-16 20:56:56 - Send - DEBUG - Logger initialized for Send at level DEBUG
2025-07-16 20:56:56 - Send - DEBUG - Logger initialized for Send at level DEBUG
2025-07-16 20:57:39 - Send - ERROR - Error in send_transaction: Transaction not found or expired
2025-07-16 21:04:39 - Send - DEBUG - Logger initialized for Send at level DEBUG
2025-07-16 21:04:39 - Send - DEBUG - Logger initialized for Send at level DEBUG
2025-07-16 21:04:40 - Send - DEBUG - Logger initialized for Send at level DEBUG
2025-07-16 21:08:13 - Send - DEBUG - Logger initialized for Send at level DEBUG
2025-07-16 21:08:13 - Send - DEBUG - Logger initialized for Send at level DEBUG
2025-07-16 21:08:13 - Send - DEBUG - Logger initialized for Send at level DEBUG
2025-07-16 21:08:21 - Send - ERROR - Error in send_transaction: Transaction not found or expired
2025-07-16 21:11:20 - Send - DEBUG - Logger initialized for Send at level DEBUG
2025-07-16 21:11:21 - Send - DEBUG - Logger initialized for Send at level DEBUG
2025-07-16 21:11:21 - Send - DEBUG - Logger initialized for Send at level DEBUG
2025-07-16 21:11:31 - Send - ERROR - Error in send_transaction: Transaction not found or expired
2025-07-16 21:15:30 - Send - DEBUG - Logger initialized for Send at level DEBUG
2025-07-16 21:15:30 - Send - DEBUG - Logger initialized for Send at level DEBUG
2025-07-16 21:15:30 - Send - DEBUG - Logger initialized for Send at level DEBUG
2025-07-16 21:15:39 - Send - ERROR - Error in send_transaction: Transaction not found or expired
2025-07-16 21:17:28 - Send - DEBUG - Logger initialized for Send at level DEBUG
2025-07-16 21:17:29 - Send - DEBUG - Logger initialized for Send at level DEBUG
2025-07-16 21:17:29 - Send - DEBUG - Logger initialized for Send at level DEBUG
2025-07-16 21:18:44 - Send - DEBUG - Logger initialized for Send at level DEBUG
2025-07-16 21:18:44 - Send - DEBUG - Logger initialized for Send at level DEBUG
2025-07-16 21:18:44 - Send - DEBUG - Logger initialized for Send at level DEBUG
2025-07-16 21:19:57 - Send - DEBUG - Logger initialized for Send at level DEBUG
2025-07-16 21:19:58 - Send - DEBUG - Logger initialized for Send at level DEBUG
2025-07-16 21:19:58 - Send - DEBUG - Logger initialized for Send at level DEBUG
2025-07-16 21:21:45 - Send - DEBUG - Logger initialized for Send at level DEBUG
2025-07-16 21:21:45 - Send - DEBUG - Logger initialized for Send at level DEBUG
2025-07-16 21:21:45 - Send - DEBUG - Logger initialized for Send at level DEBUG
2025-07-16 21:23:06 - Send - DEBUG - Logger initialized for Send at level DEBUG
2025-07-16 21:23:07 - Send - DEBUG - Logger initialized for Send at level DEBUG
2025-07-16 21:23:08 - Send - DEBUG - Logger initialized for Send at level DEBUG
2025-07-16 21:24:06 - Send - DEBUG - Logger initialized for Send at level DEBUG
2025-07-16 21:24:06 - Send - DEBUG - Logger initialized for Send at level DEBUG
2025-07-16 21:24:06 - Send - DEBUG - Logger initialized for Send at level DEBUG
2025-07-16 21:25:28 - Send - DEBUG - Logger initialized for Send at level DEBUG
2025-07-16 21:25:28 - Send - DEBUG - Logger initialized for Send at level DEBUG
2025-07-16 21:25:28 - Send - DEBUG - Logger initialized for Send at level DEBUG
2025-07-16 21:27:40 - Send - DEBUG - Logger initialized for Send at level DEBUG
2025-07-16 21:27:40 - Send - DEBUG - Logger initialized for Send at level DEBUG
2025-07-16 21:27:40 - Send - DEBUG - Logger initialized for Send at level DEBUG
2025-07-16 21:29:04 - Send - DEBUG - Logger initialized for Send at level DEBUG
2025-07-16 21:29:04 - Send - DEBUG - Logger initialized for Send at level DEBUG
2025-07-16 21:29:05 - Send - DEBUG - Logger initialized for Send at level DEBUG
2025-07-16 21:29:19 - Send - ERROR - Error sending Polygon transaction: No signing service available
2025-07-16 21:30:54 - Send - DEBUG - Logger initialized for Send at level DEBUG
2025-07-16 21:30:54 - Send - DEBUG - Logger initialized for Send at level DEBUG
2025-07-16 21:30:55 - Send - DEBUG - Logger initialized for Send at level DEBUG
2025-07-16 21:33:01 - Send - DEBUG - Logger initialized for Send at level DEBUG
2025-07-16 21:33:01 - Send - DEBUG - Logger initialized for Send at level DEBUG
2025-07-16 21:33:01 - Send - DEBUG - Logger initialized for Send at level DEBUG
2025-07-16 21:33:48 - Send - ERROR - Error in Polygon prepare_transaction: Insufficient balance. Available: 0E-18 POL, Required: 0.001525000002604000 POL (Amount: 0.001 + Fee: 0.000525000002604000)
2025-07-16 21:37:16 - Send - DEBUG - Logger initialized for Send at level DEBUG
2025-07-16 21:37:16 - Send - DEBUG - Logger initialized for Send at level DEBUG
2025-07-16 21:37:17 - Send - DEBUG - Logger initialized for Send at level DEBUG
2025-07-16 21:37:26 - Send - ERROR - Error sending Polygon transaction: Transaction not found or expired
2025-07-16 21:45:33 - Send - DEBUG - Logger initialized for Send at level DEBUG
2025-07-16 21:45:33 - Send - DEBUG - Logger initialized for Send at level DEBUG
2025-07-16 21:45:33 - Send - DEBUG - Logger initialized for Send at level DEBUG
2025-07-16 21:46:14 - Send - ERROR - Error sending TRON transaction: Error broadcasting transaction: Tatum transaction endpoint error: 400, {"statusCode":400,"errorCode":"validation.failed","message":"Request validation failed. Please see data for additional information.","data":["fromPrivateKey must be a valid TRON private key or secret. Without special characters, it should be 64 characters long with valid checksum"],"dashboardLog":"https://dashboard.tatum.io/logs?id=68781da6e1f460b741715033"}
2025-07-16 21:47:31 - Send - DEBUG - Logger initialized for Send at level DEBUG
2025-07-16 21:47:31 - Send - DEBUG - Logger initialized for Send at level DEBUG
2025-07-16 21:47:31 - Send - DEBUG - Logger initialized for Send at level DEBUG
2025-07-16 21:48:55 - Send - ERROR - Error sending Polygon transaction: Transaction not found or expired
2025-07-16 21:51:26 - Send - DEBUG - Logger initialized for Send at level DEBUG
2025-07-16 21:51:26 - Send - DEBUG - Logger initialized for Send at level DEBUG
2025-07-16 21:51:26 - Send - DEBUG - Logger initialized for Send at level DEBUG
2025-07-16 21:51:49 - Send - ERROR - Error sending Polygon transaction: Transaction not found or expired
2025-07-16 21:53:51 - Send - DEBUG - Logger initialized for Send at level DEBUG
2025-07-16 21:53:52 - Send - DEBUG - Logger initialized for Send at level DEBUG
2025-07-16 21:53:52 - Send - DEBUG - Logger initialized for Send at level DEBUG
2025-07-16 21:54:01 - Send - ERROR - Error sending Polygon transaction: No signing service available
2025-07-16 21:56:24 - Send - DEBUG - Logger initialized for Send at level DEBUG
2025-07-16 21:56:24 - Send - DEBUG - Logger initialized for Send at level DEBUG
2025-07-16 21:56:25 - Send - DEBUG - Logger initialized for Send at level DEBUG
2025-07-16 21:56:35 - Send - ERROR - Error sending Polygon transaction: Transaction not found or expired
2025-07-16 21:57:40 - Send - DEBUG - Logger initialized for Send at level DEBUG
2025-07-16 21:57:40 - Send - DEBUG - Logger initialized for Send at level DEBUG
2025-07-16 21:57:40 - Send - DEBUG - Logger initialized for Send at level DEBUG
2025-07-16 21:57:47 - Send - ERROR - Error sending Polygon transaction: No signing service available
2025-07-16 21:59:49 - Send - DEBUG - Logger initialized for Send at level DEBUG
2025-07-16 21:59:49 - Send - DEBUG - Logger initialized for Send at level DEBUG
2025-07-16 21:59:49 - Send - DEBUG - Logger initialized for Send at level DEBUG
2025-07-16 22:00:09 - Send - ERROR - Error sending Polygon transaction: Transaction not found or expired
2025-07-16 22:02:58 - Send - DEBUG - Logger initialized for Send at level DEBUG
2025-07-16 22:02:58 - Send - DEBUG - Logger initialized for Send at level DEBUG
2025-07-16 22:02:58 - Send - DEBUG - Logger initialized for Send at level DEBUG
2025-07-16 22:03:05 - Send - ERROR - Error sending Polygon transaction: Transaction not found or expired
2025-07-16 22:06:09 - Send - DEBUG - Logger initialized for Send at level DEBUG
2025-07-16 22:06:09 - Send - DEBUG - Logger initialized for Send at level DEBUG
2025-07-16 22:06:09 - Send - DEBUG - Logger initialized for Send at level DEBUG
2025-07-16 22:06:22 - Send - ERROR - Error sending Polygon transaction: No signing service available
2025-07-16 22:07:43 - Send - DEBUG - Logger initialized for Send at level DEBUG
2025-07-16 22:07:43 - Send - DEBUG - Logger initialized for Send at level DEBUG
2025-07-16 22:07:43 - Send - DEBUG - Logger initialized for Send at level DEBUG
2025-07-16 22:07:52 - Send - ERROR - Transaction bf5f6346-2dd0-42db-b5c6-8353be4b0e19 not found in shared storage
2025-07-16 22:09:55 - Send - DEBUG - Logger initialized for Send at level DEBUG
2025-07-16 22:09:55 - Send - DEBUG - Logger initialized for Send at level DEBUG
2025-07-16 22:09:55 - Send - DEBUG - Logger initialized for Send at level DEBUG
2025-07-16 22:11:11 - Send - DEBUG - Logger initialized for Send at level DEBUG
2025-07-16 22:11:12 - Send - DEBUG - Logger initialized for Send at level DEBUG
2025-07-16 22:11:13 - Send - DEBUG - Logger initialized for Send at level DEBUG
2025-07-16 22:11:19 - Send - ERROR - Transaction 40347534-8a04-4549-b494-9219ae2f4d3e not found in shared storage
2025-07-16 22:12:53 - Send - DEBUG - Logger initialized for Send at level DEBUG
2025-07-16 22:12:53 - Send - DEBUG - Logger initialized for Send at level DEBUG
2025-07-16 22:12:53 - Send - DEBUG - Logger initialized for Send at level DEBUG
2025-07-16 22:13:00 - Send - ERROR - Transaction bf3ec351-8508-427d-9c1c-a5aa7bb1dd17 not found in shared storage
2025-07-16 22:16:25 - Send - DEBUG - Logger initialized for Send at level DEBUG
2025-07-16 22:16:25 - Send - DEBUG - Logger initialized for Send at level DEBUG
2025-07-16 22:16:25 - Send - DEBUG - Logger initialized for Send at level DEBUG
2025-07-16 22:16:40 - Send - ERROR - Error sending Polygon transaction: Error broadcasting transaction: 'TatumHelper' object has no attribute 'broadcast_transaction'
2025-07-16 22:18:04 - Send - ERROR - Transaction 39c75781-dc49-4998-ab22-b3bd7b0d69f6 not found in shared storage
2025-07-16 22:18:23 - Send - DEBUG - Logger initialized for Send at level DEBUG
2025-07-16 22:18:23 - Send - DEBUG - Logger initialized for Send at level DEBUG
2025-07-16 22:18:23 - Send - DEBUG - Logger initialized for Send at level DEBUG
2025-07-16 22:18:30 - Send - ERROR - Transaction 931054c2-ce60-4b82-88db-296609421d26 not found in shared storage
2025-07-17 05:54:37 - Send - ERROR - Error sending Polygon transaction: Failed to broadcast transaction via Tatum API
2025-07-17 06:03:12 - Send - ERROR - Transaction deb062a7-885f-484d-98b2-15ea80309a0c not found in shared storage
