2025-08-02 07:31:13 - balance_service - DEBUG - Logger initialized for balance_service at level DEBUG
2025-08-02 07:31:13 - balance_service - DEBUG - Logger initialized for balance_service at level DEBUG
2025-08-02 07:31:13 - balance_service - DEBUG - Logger initialized for balance_service at level DEBUG
2025-08-02 07:33:10 - balance_service - ERROR - Error getting simple user balance: (mysql.connector.errors.DatabaseError) 2003 (HY000): Can't connect to MySQL server on 'localhost:3306' (111)
(Background on this error at: https://sqlalche.me/e/20/4xp6)
2025-08-02 07:33:11 - balance_service - ERROR - Error getting simple user balance: (mysql.connector.errors.DatabaseError) 2003 (HY000): Can't connect to MySQL server on 'localhost:3306' (111)
(Background on this error at: https://sqlalche.me/e/20/4xp6)
2025-08-02 07:33:11 - balance_service - ERROR - Error getting simple user balance: (mysql.connector.errors.DatabaseError) 2003 (HY000): Can't connect to MySQL server on 'localhost:3306' (111)
(Background on this error at: https://sqlalche.me/e/20/4xp6)
2025-08-02 08:08:28 - balance_service - DEBUG - Logger initialized for balance_service at level DEBUG
2025-08-02 08:08:28 - balance_service - DEBUG - Logger initialized for balance_service at level DEBUG
2025-08-02 08:08:29 - balance_service - DEBUG - Logger initialized for balance_service at level DEBUG
2025-08-02 09:20:19 - balance_service - DEBUG - Logger initialized for balance_service at level DEBUG
2025-08-02 09:20:19 - balance_service - DEBUG - Logger initialized for balance_service at level DEBUG
2025-08-02 09:20:19 - balance_service - DEBUG - Logger initialized for balance_service at level DEBUG
2025-08-02 09:24:45 - balance_service - DEBUG - Logger initialized for balance_service at level DEBUG
2025-08-02 09:24:46 - balance_service - DEBUG - Logger initialized for balance_service at level DEBUG
2025-08-02 09:24:46 - balance_service - DEBUG - Logger initialized for balance_service at level DEBUG
2025-08-02 17:30:52 - balance_service - ERROR - Error getting simple user balance: (mysql.connector.errors.DatabaseError) 2003 (HY000): Can't connect to MySQL server on 'localhost:3306' (111)
(Background on this error at: https://sqlalche.me/e/20/4xp6)
2025-08-02 17:31:02 - balance_service - ERROR - Error getting simple user balance: (mysql.connector.errors.DatabaseError) 2003 (HY000): Can't connect to MySQL server on 'localhost:3306' (111)
(Background on this error at: https://sqlalche.me/e/20/4xp6)
2025-08-02 17:31:03 - balance_service - ERROR - Error getting simple user balance: (mysql.connector.errors.DatabaseError) 2003 (HY000): Can't connect to MySQL server on 'localhost:3306' (111)
(Background on this error at: https://sqlalche.me/e/20/4xp6)
2025-08-02 17:31:03 - balance_service - ERROR - Error getting simple user balance: (mysql.connector.errors.DatabaseError) 2003 (HY000): Can't connect to MySQL server on 'localhost:3306' (111)
(Background on this error at: https://sqlalche.me/e/20/4xp6)
2025-08-02 17:31:03 - balance_service - ERROR - Error getting simple user balance: (mysql.connector.errors.DatabaseError) 2003 (HY000): Can't connect to MySQL server on 'localhost:3306' (111)
(Background on this error at: https://sqlalche.me/e/20/4xp6)
2025-08-02 17:31:04 - balance_service - ERROR - Error getting simple user balance: (mysql.connector.errors.DatabaseError) 2003 (HY000): Can't connect to MySQL server on 'localhost:3306' (111)
(Background on this error at: https://sqlalche.me/e/20/4xp6)
2025-08-02 17:31:04 - balance_service - ERROR - Error getting simple user balance: (mysql.connector.errors.DatabaseError) 2003 (HY000): Can't connect to MySQL server on 'localhost:3306' (111)
(Background on this error at: https://sqlalche.me/e/20/4xp6)
2025-08-02 17:31:20 - balance_service - ERROR - Error getting simple user balance: (mysql.connector.errors.DatabaseError) 2003 (HY000): Can't connect to MySQL server on 'localhost:3306' (111)
(Background on this error at: https://sqlalche.me/e/20/4xp6)
2025-08-02 20:06:56 - balance_service - ERROR - Error getting simple user balance: (mysql.connector.errors.DatabaseError) 2003 (HY000): Can't connect to MySQL server on 'localhost:3306' (111)
(Background on this error at: https://sqlalche.me/e/20/4xp6)
2025-08-02 20:06:56 - balance_service - ERROR - Error getting simple user balance: (mysql.connector.errors.DatabaseError) 2003 (HY000): Can't connect to MySQL server on 'localhost:3306' (111)
(Background on this error at: https://sqlalche.me/e/20/4xp6)
2025-08-02 20:06:58 - balance_service - ERROR - Error getting simple user balance: (mysql.connector.errors.DatabaseError) 2003 (HY000): Can't connect to MySQL server on 'localhost:3306' (111)
(Background on this error at: https://sqlalche.me/e/20/4xp6)
2025-08-03 13:39:53 - balance_service - ERROR - Error getting simple user balance: (mysql.connector.errors.DatabaseError) 2003 (HY000): Can't connect to MySQL server on 'localhost:3306' (111)
(Background on this error at: https://sqlalche.me/e/20/4xp6)
2025-08-03 13:39:53 - balance_service - ERROR - Error getting simple user balance: (mysql.connector.errors.DatabaseError) 2003 (HY000): Can't connect to MySQL server on 'localhost:3306' (111)
(Background on this error at: https://sqlalche.me/e/20/4xp6)
2025-08-03 13:39:54 - balance_service - ERROR - Error getting simple user balance: (mysql.connector.errors.DatabaseError) 2003 (HY000): Can't connect to MySQL server on 'localhost:3306' (111)
(Background on this error at: https://sqlalche.me/e/20/4xp6)
2025-08-03 13:40:04 - balance_service - ERROR - Error getting simple user balance: (mysql.connector.errors.DatabaseError) 2003 (HY000): Can't connect to MySQL server on 'localhost:3306' (111)
(Background on this error at: https://sqlalche.me/e/20/4xp6)
2025-08-03 13:40:07 - balance_service - ERROR - Error getting simple user balance: (mysql.connector.errors.DatabaseError) 2003 (HY000): Can't connect to MySQL server on 'localhost:3306' (111)
(Background on this error at: https://sqlalche.me/e/20/4xp6)
2025-08-03 15:34:40 - balance_service - ERROR - Error getting simple user balance: (mysql.connector.errors.DatabaseError) 2003 (HY000): Can't connect to MySQL server on 'localhost:3306' (111)
(Background on this error at: https://sqlalche.me/e/20/4xp6)
2025-08-03 15:34:41 - balance_service - ERROR - Error getting simple user balance: (mysql.connector.errors.DatabaseError) 2003 (HY000): Can't connect to MySQL server on 'localhost:3306' (111)
(Background on this error at: https://sqlalche.me/e/20/4xp6)
2025-08-03 15:34:53 - balance_service - ERROR - Error getting simple user balance: (mysql.connector.errors.DatabaseError) 2003 (HY000): Can't connect to MySQL server on 'localhost:3306' (111)
(Background on this error at: https://sqlalche.me/e/20/4xp6)
2025-08-03 15:34:53 - balance_service - ERROR - Error getting simple user balance: (mysql.connector.errors.DatabaseError) 2003 (HY000): Can't connect to MySQL server on 'localhost:3306' (111)
(Background on this error at: https://sqlalche.me/e/20/4xp6)
2025-08-03 16:00:55 - balance_service - ERROR - Error getting simple user balance: (mysql.connector.errors.DatabaseError) 2003 (HY000): Can't connect to MySQL server on 'localhost:3306' (111)
(Background on this error at: https://sqlalche.me/e/20/4xp6)
2025-08-03 16:00:55 - balance_service - ERROR - Error getting simple user balance: (mysql.connector.errors.DatabaseError) 2003 (HY000): Can't connect to MySQL server on 'localhost:3306' (111)
(Background on this error at: https://sqlalche.me/e/20/4xp6)
2025-08-03 16:01:19 - balance_service - ERROR - Error getting simple user balance: (mysql.connector.errors.DatabaseError) 2003 (HY000): Can't connect to MySQL server on 'localhost:3306' (111)
(Background on this error at: https://sqlalche.me/e/20/4xp6)
2025-08-03 20:59:14 - balance_service - ERROR - Error getting simple user balance: (mysql.connector.errors.OperationalError) MySQL Connection not available.
[SQL: SELECT users.`UserID` AS `users_UserID`, users.`ID` AS `users_ID`, users.`Email` AS `users_Email`, users.`CreatedAt` AS `users_CreatedAt`, users.`UpdatedAt` AS `users_UpdatedAt`, users.`Device` AS `users_Device`, users.`IP` AS `users_IP` 
FROM users 
WHERE users.`UserID` = %(UserID_1)s 
 LIMIT %(param_1)s]
[parameters: [{}]]
(Background on this error at: https://sqlalche.me/e/20/e3q8)
2025-08-03 20:59:14 - balance_service - ERROR - Error getting simple user balance: (mysql.connector.errors.DatabaseError) 2003 (HY000): Can't connect to MySQL server on 'localhost:3306' (111)
(Background on this error at: https://sqlalche.me/e/20/4xp6)
2025-08-04 16:43:57 - balance_service - ERROR - Error getting simple user balance: (mysql.connector.errors.DatabaseError) 2003 (HY000): Can't connect to MySQL server on 'localhost:3306' (111)
(Background on this error at: https://sqlalche.me/e/20/4xp6)
2025-08-04 16:43:57 - balance_service - ERROR - Error getting simple user balance: (mysql.connector.errors.DatabaseError) 2003 (HY000): Can't connect to MySQL server on 'localhost:3306' (111)
(Background on this error at: https://sqlalche.me/e/20/4xp6)
2025-08-04 17:10:10 - balance_service - ERROR - Error getting simple user balance: (mysql.connector.errors.DatabaseError) 2003 (HY000): Can't connect to MySQL server on 'localhost:3306' (111)
(Background on this error at: https://sqlalche.me/e/20/4xp6)
2025-08-05 05:28:30 - balance_service - ERROR - Error getting simple user balance: (mysql.connector.errors.DatabaseError) 2003 (HY000): Can't connect to MySQL server on 'localhost:3306' (111)
(Background on this error at: https://sqlalche.me/e/20/4xp6)
2025-08-05 05:28:30 - balance_service - ERROR - Error getting simple user balance: (mysql.connector.errors.DatabaseError) 2003 (HY000): Can't connect to MySQL server on 'localhost:3306' (111)
(Background on this error at: https://sqlalche.me/e/20/4xp6)
2025-08-05 05:29:26 - balance_service - ERROR - Error getting simple user balance: (mysql.connector.errors.OperationalError) MySQL Connection not available.
[SQL: SELECT users.`UserID` AS `users_UserID`, users.`ID` AS `users_ID`, users.`Email` AS `users_Email`, users.`CreatedAt` AS `users_CreatedAt`, users.`UpdatedAt` AS `users_UpdatedAt`, users.`Device` AS `users_Device`, users.`IP` AS `users_IP` 
FROM users 
WHERE users.`UserID` = %(UserID_1)s 
 LIMIT %(param_1)s]
[parameters: [{}]]
(Background on this error at: https://sqlalche.me/e/20/e3q8)
2025-08-05 05:29:26 - balance_service - ERROR - Error getting simple user balance: (mysql.connector.errors.DatabaseError) 2003 (HY000): Can't connect to MySQL server on 'localhost:3306' (111)
(Background on this error at: https://sqlalche.me/e/20/4xp6)
2025-08-05 05:29:27 - balance_service - ERROR - Error getting simple user balance: (mysql.connector.errors.DatabaseError) 2003 (HY000): Can't connect to MySQL server on 'localhost:3306' (111)
(Background on this error at: https://sqlalche.me/e/20/4xp6)
2025-08-05 07:24:36 - balance_service - WARNING - No native currency found for blockchain Bitcoin
2025-08-05 07:24:36 - balance_service - WARNING - No native currency found for blockchain Avalanche
2025-08-05 07:24:36 - balance_service - WARNING - No native currency found for blockchain Arbitrum
2025-08-05 07:24:36 - balance_service - WARNING - No native currency found for blockchain Polkadot
2025-08-05 07:24:37 - balance_service - WARNING - خطا در دریافت موجودی TRC20 با API اصلی: 404 - {"timestamp":"2025-08-05T07:24:37.365+00:00","status":404,"error":"Not Found","path":"/v1/accounts/TA1nHE3jKHtrkQCQPaupVj6AC8V6rfUS88/tokens"}
2025-08-05 07:24:37 - balance_service - WARNING - خطا در دریافت موجودی TRC20 با API اصلی: 404 - {"timestamp":"2025-08-05T07:24:37.688+00:00","status":404,"error":"Not Found","path":"/v1/accounts/TA1nHE3jKHtrkQCQPaupVj6AC8V6rfUS88/tokens"}
2025-08-05 07:24:37 - balance_service - ERROR - Error getting EVM token balance on Avalanche: when sending a str, it must be a hex string. Got: 'FvwEAhmxKfeiG8SnEvq42hc6whRyY3EFYAvebMqDNDGCgxN5Z'
Traceback (most recent call last):
  File "/www/wwwroot/coinceeper.com/CC/services/balance_service.py", line 157, in get_token_balance
    address=Web3.to_checksum_address(contract_address),
  File "/www/wwwroot/coinceeper.com/CC/venv/lib64/python3.9/site-packages/web3/main.py", line 268, in to_checksum_address
    return to_checksum_address(value)
  File "/www/wwwroot/coinceeper.com/CC/venv/lib64/python3.9/site-packages/eth_utils/address.py", line 129, in to_checksum_address
    norm_address = to_normalized_address(value)
  File "/www/wwwroot/coinceeper.com/CC/venv/lib64/python3.9/site-packages/eth_utils/address.py", line 73, in to_normalized_address
    hex_address = hexstr_if_str(to_hex, value).lower()
  File "/www/wwwroot/coinceeper.com/CC/venv/lib64/python3.9/site-packages/eth_utils/conversions.py", line 195, in hexstr_if_str
    raise ValueError(
ValueError: when sending a str, it must be a hex string. Got: 'FvwEAhmxKfeiG8SnEvq42hc6whRyY3EFYAvebMqDNDGCgxN5Z'
2025-08-05 07:24:38 - balance_service - WARNING - خطا در دریافت موجودی TRC20 با API اصلی: 404 - {"timestamp":"2025-08-05T07:24:38.171+00:00","status":404,"error":"Not Found","path":"/v1/accounts/TA1nHE3jKHtrkQCQPaupVj6AC8V6rfUS88/tokens"}
2025-08-05 07:24:39 - balance_service - ERROR - خطا در استفاده از API جایگزین 8: HTTPSConnectionPool(host='api.tronstation.io', port=443): Max retries exceeded with url: /v1/accounts/TA1nHE3jKHtrkQCQPaupVj6AC8V6rfUS88/tokens (Caused by NameResolutionError("<urllib3.connection.HTTPSConnection object at 0x7f416e589550>: Failed to resolve 'api.tronstation.io' ([Errno -2] Name or service not known)"))
2025-08-05 07:24:39 - balance_service - ERROR - خطا در استفاده از API جایگزین 8: HTTPSConnectionPool(host='api.tronstation.io', port=443): Max retries exceeded with url: /v1/accounts/TA1nHE3jKHtrkQCQPaupVj6AC8V6rfUS88/tokens (Caused by NameResolutionError("<urllib3.connection.HTTPSConnection object at 0x7f416e5b9190>: Failed to resolve 'api.tronstation.io' ([Errno -2] Name or service not known)"))
2025-08-05 07:24:40 - balance_service - ERROR - خطا در استفاده از API جایگزین 8: HTTPSConnectionPool(host='api.tronstation.io', port=443): Max retries exceeded with url: /v1/accounts/TA1nHE3jKHtrkQCQPaupVj6AC8V6rfUS88/tokens (Caused by NameResolutionError("<urllib3.connection.HTTPSConnection object at 0x7f416e5b9d60>: Failed to resolve 'api.tronstation.io' ([Errno -2] Name or service not known)"))
2025-08-05 07:25:39 - balance_service - WARNING - No native currency found for blockchain Bitcoin
2025-08-05 07:25:39 - balance_service - WARNING - No native currency found for blockchain Avalanche
2025-08-05 07:25:39 - balance_service - WARNING - No native currency found for blockchain Arbitrum
2025-08-05 07:25:39 - balance_service - WARNING - No native currency found for blockchain Polkadot
2025-08-05 07:25:39 - balance_service - WARNING - خطا در دریافت موجودی TRC20 با API اصلی: 404 - {"timestamp":"2025-08-05T07:25:39.690+00:00","status":404,"error":"Not Found","path":"/v1/accounts/TA1nHE3jKHtrkQCQPaupVj6AC8V6rfUS88/tokens"}
2025-08-05 07:25:39 - balance_service - WARNING - خطا در دریافت موجودی TRC20 با API اصلی: 404 - {"timestamp":"2025-08-05T07:25:39.906+00:00","status":404,"error":"Not Found","path":"/v1/accounts/TA1nHE3jKHtrkQCQPaupVj6AC8V6rfUS88/tokens"}
2025-08-05 07:25:40 - balance_service - ERROR - Error getting EVM token balance on Avalanche: when sending a str, it must be a hex string. Got: 'FvwEAhmxKfeiG8SnEvq42hc6whRyY3EFYAvebMqDNDGCgxN5Z'
Traceback (most recent call last):
  File "/www/wwwroot/coinceeper.com/CC/services/balance_service.py", line 157, in get_token_balance
    address=Web3.to_checksum_address(contract_address),
  File "/www/wwwroot/coinceeper.com/CC/venv/lib64/python3.9/site-packages/web3/main.py", line 268, in to_checksum_address
    return to_checksum_address(value)
  File "/www/wwwroot/coinceeper.com/CC/venv/lib64/python3.9/site-packages/eth_utils/address.py", line 129, in to_checksum_address
    norm_address = to_normalized_address(value)
  File "/www/wwwroot/coinceeper.com/CC/venv/lib64/python3.9/site-packages/eth_utils/address.py", line 73, in to_normalized_address
    hex_address = hexstr_if_str(to_hex, value).lower()
  File "/www/wwwroot/coinceeper.com/CC/venv/lib64/python3.9/site-packages/eth_utils/conversions.py", line 195, in hexstr_if_str
    raise ValueError(
ValueError: when sending a str, it must be a hex string. Got: 'FvwEAhmxKfeiG8SnEvq42hc6whRyY3EFYAvebMqDNDGCgxN5Z'
2025-08-05 07:25:40 - balance_service - WARNING - خطا در دریافت موجودی TRC20 با API اصلی: 404 - {"timestamp":"2025-08-05T07:25:40.608+00:00","status":404,"error":"Not Found","path":"/v1/accounts/TA1nHE3jKHtrkQCQPaupVj6AC8V6rfUS88/tokens"}
2025-08-05 07:25:41 - balance_service - ERROR - خطا در استفاده از API جایگزین 8: HTTPSConnectionPool(host='api.tronstation.io', port=443): Max retries exceeded with url: /v1/accounts/TA1nHE3jKHtrkQCQPaupVj6AC8V6rfUS88/tokens (Caused by NameResolutionError("<urllib3.connection.HTTPSConnection object at 0x7f416e32f2b0>: Failed to resolve 'api.tronstation.io' ([Errno -2] Name or service not known)"))
2025-08-05 07:25:41 - balance_service - ERROR - خطا در استفاده از API جایگزین 8: HTTPSConnectionPool(host='api.tronstation.io', port=443): Max retries exceeded with url: /v1/accounts/TA1nHE3jKHtrkQCQPaupVj6AC8V6rfUS88/tokens (Caused by NameResolutionError("<urllib3.connection.HTTPSConnection object at 0x7f416e3b94c0>: Failed to resolve 'api.tronstation.io' ([Errno -2] Name or service not known)"))
2025-08-05 07:25:42 - balance_service - ERROR - خطا در استفاده از API جایگزین 8: HTTPSConnectionPool(host='api.tronstation.io', port=443): Max retries exceeded with url: /v1/accounts/TA1nHE3jKHtrkQCQPaupVj6AC8V6rfUS88/tokens (Caused by NameResolutionError("<urllib3.connection.HTTPSConnection object at 0x7f416e165820>: Failed to resolve 'api.tronstation.io' ([Errno -2] Name or service not known)"))
2025-08-05 07:26:55 - balance_service - WARNING - No native currency found for blockchain Bitcoin
2025-08-05 07:26:55 - balance_service - WARNING - No native currency found for blockchain Avalanche
2025-08-05 07:26:55 - balance_service - WARNING - No native currency found for blockchain Arbitrum
2025-08-05 07:26:55 - balance_service - WARNING - No native currency found for blockchain Polkadot
2025-08-05 07:26:56 - balance_service - WARNING - خطا در دریافت موجودی TRC20 با API اصلی: 404 - {"timestamp":"2025-08-05T07:26:56.405+00:00","status":404,"error":"Not Found","path":"/v1/accounts/TA1nHE3jKHtrkQCQPaupVj6AC8V6rfUS88/tokens"}
2025-08-05 07:26:56 - balance_service - WARNING - خطا در دریافت موجودی TRC20 با API اصلی: 404 - {"timestamp":"2025-08-05T07:26:56.654+00:00","status":404,"error":"Not Found","path":"/v1/accounts/TA1nHE3jKHtrkQCQPaupVj6AC8V6rfUS88/tokens"}
2025-08-05 07:26:56 - balance_service - ERROR - Error getting EVM token balance on Avalanche: when sending a str, it must be a hex string. Got: 'FvwEAhmxKfeiG8SnEvq42hc6whRyY3EFYAvebMqDNDGCgxN5Z'
Traceback (most recent call last):
  File "/www/wwwroot/coinceeper.com/CC/services/balance_service.py", line 157, in get_token_balance
    address=Web3.to_checksum_address(contract_address),
  File "/www/wwwroot/coinceeper.com/CC/venv/lib64/python3.9/site-packages/web3/main.py", line 268, in to_checksum_address
    return to_checksum_address(value)
  File "/www/wwwroot/coinceeper.com/CC/venv/lib64/python3.9/site-packages/eth_utils/address.py", line 129, in to_checksum_address
    norm_address = to_normalized_address(value)
  File "/www/wwwroot/coinceeper.com/CC/venv/lib64/python3.9/site-packages/eth_utils/address.py", line 73, in to_normalized_address
    hex_address = hexstr_if_str(to_hex, value).lower()
  File "/www/wwwroot/coinceeper.com/CC/venv/lib64/python3.9/site-packages/eth_utils/conversions.py", line 195, in hexstr_if_str
    raise ValueError(
ValueError: when sending a str, it must be a hex string. Got: 'FvwEAhmxKfeiG8SnEvq42hc6whRyY3EFYAvebMqDNDGCgxN5Z'
2025-08-05 07:26:57 - balance_service - WARNING - خطا در دریافت موجودی TRC20 با API اصلی: 404 - {"timestamp":"2025-08-05T07:26:57.170+00:00","status":404,"error":"Not Found","path":"/v1/accounts/TA1nHE3jKHtrkQCQPaupVj6AC8V6rfUS88/tokens"}
2025-08-05 07:26:58 - balance_service - ERROR - خطا در استفاده از API جایگزین 8: HTTPSConnectionPool(host='api.tronstation.io', port=443): Max retries exceeded with url: /v1/accounts/TA1nHE3jKHtrkQCQPaupVj6AC8V6rfUS88/tokens (Caused by NameResolutionError("<urllib3.connection.HTTPSConnection object at 0x7f416e4211f0>: Failed to resolve 'api.tronstation.io' ([Errno -2] Name or service not known)"))
2025-08-05 07:26:58 - balance_service - ERROR - خطا در استفاده از API جایگزین 8: HTTPSConnectionPool(host='api.tronstation.io', port=443): Max retries exceeded with url: /v1/accounts/TA1nHE3jKHtrkQCQPaupVj6AC8V6rfUS88/tokens (Caused by NameResolutionError("<urllib3.connection.HTTPSConnection object at 0x7f416e481520>: Failed to resolve 'api.tronstation.io' ([Errno -2] Name or service not known)"))
2025-08-05 07:26:59 - balance_service - ERROR - خطا در استفاده از API جایگزین 8: HTTPSConnectionPool(host='api.tronstation.io', port=443): Max retries exceeded with url: /v1/accounts/TA1nHE3jKHtrkQCQPaupVj6AC8V6rfUS88/tokens (Caused by NameResolutionError("<urllib3.connection.HTTPSConnection object at 0x7f416e4d6940>: Failed to resolve 'api.tronstation.io' ([Errno -2] Name or service not known)"))
2025-08-05 11:18:25 - balance_service - WARNING - No native currency found for blockchain Bitcoin
2025-08-05 11:18:25 - balance_service - WARNING - No native currency found for blockchain Avalanche
2025-08-05 11:18:25 - balance_service - WARNING - No native currency found for blockchain Arbitrum
2025-08-05 11:18:25 - balance_service - WARNING - No native currency found for blockchain Polkadot
2025-08-05 11:18:26 - balance_service - WARNING - خطا در دریافت موجودی TRC20 با API اصلی: 404 - {"timestamp":"2025-08-05T11:18:26.156+00:00","status":404,"error":"Not Found","path":"/v1/accounts/TEMQtbiL4jA4EoVdt9wrXvBeK662xSzdrM/tokens"}
2025-08-05 11:18:26 - balance_service - WARNING - خطا در دریافت موجودی TRC20 با API اصلی: 404 - {"timestamp":"2025-08-05T11:18:26.438+00:00","status":404,"error":"Not Found","path":"/v1/accounts/TEMQtbiL4jA4EoVdt9wrXvBeK662xSzdrM/tokens"}
2025-08-05 11:18:27 - balance_service - ERROR - Error getting EVM token balance on Avalanche: when sending a str, it must be a hex string. Got: 'FvwEAhmxKfeiG8SnEvq42hc6whRyY3EFYAvebMqDNDGCgxN5Z'
Traceback (most recent call last):
  File "/www/wwwroot/coinceeper.com/CC/services/balance_service.py", line 157, in get_token_balance
    address=Web3.to_checksum_address(contract_address),
  File "/www/wwwroot/coinceeper.com/CC/venv/lib64/python3.9/site-packages/web3/main.py", line 268, in to_checksum_address
    return to_checksum_address(value)
  File "/www/wwwroot/coinceeper.com/CC/venv/lib64/python3.9/site-packages/eth_utils/address.py", line 129, in to_checksum_address
    norm_address = to_normalized_address(value)
  File "/www/wwwroot/coinceeper.com/CC/venv/lib64/python3.9/site-packages/eth_utils/address.py", line 73, in to_normalized_address
    hex_address = hexstr_if_str(to_hex, value).lower()
  File "/www/wwwroot/coinceeper.com/CC/venv/lib64/python3.9/site-packages/eth_utils/conversions.py", line 195, in hexstr_if_str
    raise ValueError(
ValueError: when sending a str, it must be a hex string. Got: 'FvwEAhmxKfeiG8SnEvq42hc6whRyY3EFYAvebMqDNDGCgxN5Z'
2025-08-05 11:18:27 - balance_service - WARNING - خطا در دریافت موجودی TRC20 با API اصلی: 404 - {"timestamp":"2025-08-05T11:18:27.099+00:00","status":404,"error":"Not Found","path":"/v1/accounts/TEMQtbiL4jA4EoVdt9wrXvBeK662xSzdrM/tokens"}
2025-08-05 11:18:27 - balance_service - ERROR - خطا در استفاده از API جایگزین 8: HTTPSConnectionPool(host='api.tronstation.io', port=443): Max retries exceeded with url: /v1/accounts/TEMQtbiL4jA4EoVdt9wrXvBeK662xSzdrM/tokens (Caused by NameResolutionError("<urllib3.connection.HTTPSConnection object at 0x7f417397c400>: Failed to resolve 'api.tronstation.io' ([Errno -2] Name or service not known)"))
2025-08-05 11:18:28 - balance_service - ERROR - خطا در استفاده از API جایگزین 8: HTTPSConnectionPool(host='api.tronstation.io', port=443): Max retries exceeded with url: /v1/accounts/TEMQtbiL4jA4EoVdt9wrXvBeK662xSzdrM/tokens (Caused by NameResolutionError("<urllib3.connection.HTTPSConnection object at 0x7f417397c730>: Failed to resolve 'api.tronstation.io' ([Errno -2] Name or service not known)"))
2025-08-05 11:18:29 - balance_service - ERROR - خطا در استفاده از API جایگزین 8: HTTPSConnectionPool(host='api.tronstation.io', port=443): Max retries exceeded with url: /v1/accounts/TEMQtbiL4jA4EoVdt9wrXvBeK662xSzdrM/tokens (Caused by NameResolutionError("<urllib3.connection.HTTPSConnection object at 0x7f4173964b20>: Failed to resolve 'api.tronstation.io' ([Errno -2] Name or service not known)"))
