2025-08-02 07:31:17 - notification_api - DEBUG - Logger initialized for notification_api at level DEBUG
2025-08-02 07:31:17 - notification_api - DEBUG - Logger initialized for notification_api at level DEBUG
2025-08-02 07:31:17 - notification_api - DEBUG - Logger initialized for notification_api at level DEBUG
2025-08-02 08:08:32 - notification_api - DEBUG - Logger initialized for notification_api at level DEBUG
2025-08-02 08:08:32 - notification_api - DEBUG - Logger initialized for notification_api at level DEBUG
2025-08-02 08:08:32 - notification_api - DEBUG - Logger initialized for notification_api at level DEBUG
2025-08-02 09:20:23 - notification_api - DEBUG - Logger initialized for notification_api at level DEBUG
2025-08-02 09:20:23 - notification_api - DEBUG - Logger initialized for notification_api at level DEBUG
2025-08-02 09:20:23 - notification_api - DEBUG - Logger initialized for notification_api at level DEBUG
2025-08-02 09:24:48 - notification_api - DEBUG - Logger initialized for notification_api at level DEBUG
2025-08-02 09:24:49 - notification_api - DEBUG - Logger initialized for notification_api at level DEBUG
2025-08-02 09:24:49 - notification_api - DEBUG - Logger initialized for notification_api at level DEBUG
2025-08-03 16:36:26 - notification_api - INFO - درخواست ثبت دستگاه جدید دریافت شد
2025-08-03 16:36:26 - notification_api - INFO - درخواست برای کاربر: c11dcae2-af01-40a0-8cae-a7a441a2f52b
2025-08-03 16:36:26 - notification_api - INFO - درخواست برای کیف پول: New wallet 1
2025-08-03 16:36:26 - notification_api - INFO - طول توکن دستگاه: 38 کاراکتر
2025-08-03 16:36:26 - notification_api - INFO - دستگاه: samsung SM-S928B, نوع: flutter
2025-08-03 16:36:26 - notification_api - WARNING - کیف پول با شناسه New wallet 1 برای کاربر c11dcae2-af01-40a0-8cae-a7a441a2f52b یافت نشد
2025-08-03 16:36:26 - notification_api - WARNING - خطای اعتبارسنجی: کیف پول با شناسه New wallet 1 برای کاربر c11dcae2-af01-40a0-8cae-a7a441a2f52b یافت نشد
2025-08-03 16:36:30 - notification_api - INFO - درخواست ثبت دستگاه جدید دریافت شد
2025-08-03 16:36:30 - notification_api - INFO - درخواست برای کاربر: c11dcae2-af01-40a0-8cae-a7a441a2f52b
2025-08-03 16:36:30 - notification_api - INFO - درخواست برای کیف پول: New wallet 1
2025-08-03 16:36:30 - notification_api - INFO - طول توکن دستگاه: 38 کاراکتر
2025-08-03 16:36:30 - notification_api - INFO - دستگاه: samsung SM-S928B, نوع: flutter
2025-08-03 16:36:30 - notification_api - WARNING - کیف پول با شناسه New wallet 1 برای کاربر c11dcae2-af01-40a0-8cae-a7a441a2f52b یافت نشد
2025-08-03 16:36:30 - notification_api - WARNING - خطای اعتبارسنجی: کیف پول با شناسه New wallet 1 برای کاربر c11dcae2-af01-40a0-8cae-a7a441a2f52b یافت نشد
2025-08-05 07:24:24 - notification_api - INFO - درخواست ثبت دستگاه جدید دریافت شد
2025-08-05 07:24:24 - notification_api - INFO - درخواست برای کاربر: 6e22d30b-0cba-418f-946d-b8db6632615b
2025-08-05 07:24:24 - notification_api - INFO - درخواست برای کیف پول: New wallet 1
2025-08-05 07:24:24 - notification_api - INFO - طول توکن دستگاه: 27 کاراکتر
2025-08-05 07:24:24 - notification_api - INFO - دستگاه: iPad, نوع: flutter
2025-08-05 07:24:24 - notification_api - WARNING - کیف پول با شناسه New wallet 1 برای کاربر 6e22d30b-0cba-418f-946d-b8db6632615b یافت نشد
2025-08-05 07:24:24 - notification_api - WARNING - خطای اعتبارسنجی: کیف پول با شناسه New wallet 1 برای کاربر 6e22d30b-0cba-418f-946d-b8db6632615b یافت نشد
2025-08-05 07:24:27 - notification_api - INFO - درخواست ثبت دستگاه جدید دریافت شد
2025-08-05 07:24:27 - notification_api - INFO - درخواست برای کاربر: 6e22d30b-0cba-418f-946d-b8db6632615b
2025-08-05 07:24:27 - notification_api - INFO - درخواست برای کیف پول: New wallet 1
2025-08-05 07:24:27 - notification_api - INFO - طول توکن دستگاه: 27 کاراکتر
2025-08-05 07:24:27 - notification_api - INFO - دستگاه: iPad, نوع: flutter
2025-08-05 07:24:27 - notification_api - WARNING - کیف پول با شناسه New wallet 1 برای کاربر 6e22d30b-0cba-418f-946d-b8db6632615b یافت نشد
2025-08-05 07:24:27 - notification_api - WARNING - خطای اعتبارسنجی: کیف پول با شناسه New wallet 1 برای کاربر 6e22d30b-0cba-418f-946d-b8db6632615b یافت نشد
2025-08-05 07:24:34 - notification_api - INFO - درخواست ثبت دستگاه جدید دریافت شد
2025-08-05 07:24:34 - notification_api - INFO - درخواست برای کاربر: 6e22d30b-0cba-418f-946d-b8db6632615b
2025-08-05 07:24:34 - notification_api - INFO - درخواست برای کیف پول: New wallet 1
2025-08-05 07:24:34 - notification_api - INFO - طول توکن دستگاه: 27 کاراکتر
2025-08-05 07:24:34 - notification_api - INFO - دستگاه: iPad, نوع: flutter
2025-08-05 07:24:34 - notification_api - WARNING - کیف پول با شناسه New wallet 1 برای کاربر 6e22d30b-0cba-418f-946d-b8db6632615b یافت نشد
2025-08-05 07:24:34 - notification_api - WARNING - خطای اعتبارسنجی: کیف پول با شناسه New wallet 1 برای کاربر 6e22d30b-0cba-418f-946d-b8db6632615b یافت نشد
2025-08-05 07:25:25 - notification_api - INFO - درخواست ثبت دستگاه جدید دریافت شد
2025-08-05 07:25:25 - notification_api - INFO - درخواست برای کاربر: 0a2389d9-5a96-455a-92e8-0f9d535c3dc0
2025-08-05 07:25:25 - notification_api - INFO - درخواست برای کیف پول: New wallet 2
2025-08-05 07:25:25 - notification_api - INFO - طول توکن دستگاه: 27 کاراکتر
2025-08-05 07:25:25 - notification_api - INFO - دستگاه: iPad, نوع: flutter
2025-08-05 07:25:25 - notification_api - WARNING - کیف پول با شناسه New wallet 2 برای کاربر 0a2389d9-5a96-455a-92e8-0f9d535c3dc0 یافت نشد
2025-08-05 07:25:25 - notification_api - WARNING - خطای اعتبارسنجی: کیف پول با شناسه New wallet 2 برای کاربر 0a2389d9-5a96-455a-92e8-0f9d535c3dc0 یافت نشد
2025-08-05 07:25:29 - notification_api - INFO - درخواست ثبت دستگاه جدید دریافت شد
2025-08-05 07:25:29 - notification_api - INFO - درخواست برای کاربر: 0a2389d9-5a96-455a-92e8-0f9d535c3dc0
2025-08-05 07:25:29 - notification_api - INFO - درخواست برای کیف پول: New wallet 2
2025-08-05 07:25:29 - notification_api - INFO - طول توکن دستگاه: 27 کاراکتر
2025-08-05 07:25:29 - notification_api - INFO - دستگاه: iPad, نوع: flutter
2025-08-05 07:25:29 - notification_api - WARNING - کیف پول با شناسه New wallet 2 برای کاربر 0a2389d9-5a96-455a-92e8-0f9d535c3dc0 یافت نشد
2025-08-05 07:25:29 - notification_api - WARNING - خطای اعتبارسنجی: کیف پول با شناسه New wallet 2 برای کاربر 0a2389d9-5a96-455a-92e8-0f9d535c3dc0 یافت نشد
2025-08-05 07:26:14 - notification_api - INFO - درخواست ثبت دستگاه جدید دریافت شد
2025-08-05 07:26:14 - notification_api - INFO - درخواست برای کاربر: 6e22d30b-0cba-418f-946d-b8db6632615b
2025-08-05 07:26:14 - notification_api - INFO - درخواست برای کیف پول: New wallet 1
2025-08-05 07:26:14 - notification_api - INFO - طول توکن دستگاه: 27 کاراکتر
2025-08-05 07:26:14 - notification_api - INFO - دستگاه: iPad, نوع: flutter
2025-08-05 07:26:14 - notification_api - WARNING - کیف پول با شناسه New wallet 1 برای کاربر 6e22d30b-0cba-418f-946d-b8db6632615b یافت نشد
2025-08-05 07:26:14 - notification_api - WARNING - خطای اعتبارسنجی: کیف پول با شناسه New wallet 1 برای کاربر 6e22d30b-0cba-418f-946d-b8db6632615b یافت نشد
2025-08-05 07:26:17 - notification_api - INFO - درخواست ثبت دستگاه جدید دریافت شد
2025-08-05 07:26:17 - notification_api - INFO - درخواست برای کاربر: 6e22d30b-0cba-418f-946d-b8db6632615b
2025-08-05 07:26:17 - notification_api - INFO - درخواست برای کیف پول: New wallet 1
2025-08-05 07:26:17 - notification_api - INFO - طول توکن دستگاه: 27 کاراکتر
2025-08-05 07:26:17 - notification_api - INFO - دستگاه: iPad, نوع: flutter
2025-08-05 07:26:17 - notification_api - WARNING - کیف پول با شناسه New wallet 1 برای کاربر 6e22d30b-0cba-418f-946d-b8db6632615b یافت نشد
2025-08-05 07:26:17 - notification_api - WARNING - خطای اعتبارسنجی: کیف پول با شناسه New wallet 1 برای کاربر 6e22d30b-0cba-418f-946d-b8db6632615b یافت نشد
2025-08-05 07:26:23 - notification_api - INFO - درخواست ثبت دستگاه جدید دریافت شد
2025-08-05 07:26:23 - notification_api - INFO - درخواست برای کاربر: 6e22d30b-0cba-418f-946d-b8db6632615b
2025-08-05 07:26:23 - notification_api - INFO - درخواست برای کیف پول: New wallet 1
2025-08-05 07:26:23 - notification_api - INFO - طول توکن دستگاه: 27 کاراکتر
2025-08-05 07:26:23 - notification_api - INFO - دستگاه: iPad, نوع: flutter
2025-08-05 07:26:23 - notification_api - WARNING - کیف پول با شناسه New wallet 1 برای کاربر 6e22d30b-0cba-418f-946d-b8db6632615b یافت نشد
2025-08-05 07:26:23 - notification_api - WARNING - خطای اعتبارسنجی: کیف پول با شناسه New wallet 1 برای کاربر 6e22d30b-0cba-418f-946d-b8db6632615b یافت نشد
2025-08-05 07:26:55 - notification_api - INFO - درخواست ثبت دستگاه جدید دریافت شد
2025-08-05 07:26:55 - notification_api - INFO - درخواست برای کاربر: 6e22d30b-0cba-418f-946d-b8db6632615b
2025-08-05 07:26:55 - notification_api - INFO - درخواست برای کیف پول: mohamamd
2025-08-05 07:26:55 - notification_api - INFO - طول توکن دستگاه: 27 کاراکتر
2025-08-05 07:26:55 - notification_api - INFO - دستگاه: iPad, نوع: flutter
2025-08-05 07:26:55 - notification_api - WARNING - کیف پول با شناسه mohamamd برای کاربر 6e22d30b-0cba-418f-946d-b8db6632615b یافت نشد
2025-08-05 07:26:55 - notification_api - WARNING - خطای اعتبارسنجی: کیف پول با شناسه mohamamd برای کاربر 6e22d30b-0cba-418f-946d-b8db6632615b یافت نشد
2025-08-05 07:27:04 - notification_api - INFO - درخواست ثبت دستگاه جدید دریافت شد
2025-08-05 07:27:04 - notification_api - INFO - درخواست برای کاربر: 6e22d30b-0cba-418f-946d-b8db6632615b
2025-08-05 07:27:04 - notification_api - INFO - درخواست برای کیف پول: mohamamd
2025-08-05 07:27:04 - notification_api - INFO - طول توکن دستگاه: 27 کاراکتر
2025-08-05 07:27:04 - notification_api - INFO - دستگاه: iPad, نوع: flutter
2025-08-05 07:27:04 - notification_api - WARNING - کیف پول با شناسه mohamamd برای کاربر 6e22d30b-0cba-418f-946d-b8db6632615b یافت نشد
2025-08-05 07:27:04 - notification_api - WARNING - خطای اعتبارسنجی: کیف پول با شناسه mohamamd برای کاربر 6e22d30b-0cba-418f-946d-b8db6632615b یافت نشد
2025-08-05 07:48:32 - notification_api - INFO - درخواست ثبت دستگاه جدید دریافت شد
2025-08-05 07:48:32 - notification_api - INFO - درخواست برای کاربر: 6e22d30b-0cba-418f-946d-b8db6632615b
2025-08-05 07:48:32 - notification_api - INFO - درخواست برای کیف پول: mohamamd
2025-08-05 07:48:32 - notification_api - INFO - طول توکن دستگاه: 27 کاراکتر
2025-08-05 07:48:32 - notification_api - INFO - دستگاه: iPad, نوع: flutter
2025-08-05 07:48:32 - notification_api - WARNING - کیف پول با شناسه mohamamd برای کاربر 6e22d30b-0cba-418f-946d-b8db6632615b یافت نشد
2025-08-05 07:48:32 - notification_api - WARNING - خطای اعتبارسنجی: کیف پول با شناسه mohamamd برای کاربر 6e22d30b-0cba-418f-946d-b8db6632615b یافت نشد
2025-08-05 07:48:36 - notification_api - INFO - درخواست ثبت دستگاه جدید دریافت شد
2025-08-05 07:48:36 - notification_api - INFO - درخواست برای کاربر: 6e22d30b-0cba-418f-946d-b8db6632615b
2025-08-05 07:48:36 - notification_api - INFO - درخواست برای کیف پول: mohamamd
2025-08-05 07:48:36 - notification_api - INFO - طول توکن دستگاه: 27 کاراکتر
2025-08-05 07:48:36 - notification_api - INFO - دستگاه: iPad, نوع: flutter
2025-08-05 07:48:36 - notification_api - WARNING - کیف پول با شناسه mohamamd برای کاربر 6e22d30b-0cba-418f-946d-b8db6632615b یافت نشد
2025-08-05 07:48:36 - notification_api - WARNING - خطای اعتبارسنجی: کیف پول با شناسه mohamamd برای کاربر 6e22d30b-0cba-418f-946d-b8db6632615b یافت نشد
2025-08-05 07:55:54 - notification_api - INFO - درخواست ثبت دستگاه جدید دریافت شد
2025-08-05 07:55:54 - notification_api - INFO - درخواست برای کاربر: 6e22d30b-0cba-418f-946d-b8db6632615b
2025-08-05 07:55:54 - notification_api - INFO - درخواست برای کیف پول: mohamamd
2025-08-05 07:55:54 - notification_api - INFO - طول توکن دستگاه: 27 کاراکتر
2025-08-05 07:55:54 - notification_api - INFO - دستگاه: iPad, نوع: flutter
2025-08-05 07:55:54 - notification_api - WARNING - کیف پول با شناسه mohamamd برای کاربر 6e22d30b-0cba-418f-946d-b8db6632615b یافت نشد
2025-08-05 07:55:54 - notification_api - WARNING - خطای اعتبارسنجی: کیف پول با شناسه mohamamd برای کاربر 6e22d30b-0cba-418f-946d-b8db6632615b یافت نشد
2025-08-05 07:56:00 - notification_api - INFO - درخواست ثبت دستگاه جدید دریافت شد
2025-08-05 07:56:00 - notification_api - INFO - درخواست برای کاربر: 6e22d30b-0cba-418f-946d-b8db6632615b
2025-08-05 07:56:00 - notification_api - INFO - درخواست برای کیف پول: mohamamd
2025-08-05 07:56:00 - notification_api - INFO - طول توکن دستگاه: 27 کاراکتر
2025-08-05 07:56:00 - notification_api - INFO - دستگاه: iPad, نوع: flutter
2025-08-05 07:56:00 - notification_api - WARNING - کیف پول با شناسه mohamamd برای کاربر 6e22d30b-0cba-418f-946d-b8db6632615b یافت نشد
2025-08-05 07:56:00 - notification_api - WARNING - خطای اعتبارسنجی: کیف پول با شناسه mohamamd برای کاربر 6e22d30b-0cba-418f-946d-b8db6632615b یافت نشد
2025-08-05 07:59:25 - notification_api - INFO - درخواست ثبت دستگاه جدید دریافت شد
2025-08-05 07:59:25 - notification_api - INFO - درخواست برای کاربر: c1bf9df0-8263-41f1-844f-2e587f9b4050
2025-08-05 07:59:25 - notification_api - INFO - درخواست برای کیف پول: Imported wallet 1
2025-08-05 07:59:25 - notification_api - INFO - طول توکن دستگاه: 26 کاراکتر
2025-08-05 07:59:25 - notification_api - INFO - دستگاه: iPhone, نوع: flutter
2025-08-05 07:59:25 - notification_api - WARNING - کیف پول با شناسه Imported wallet 1 برای کاربر c1bf9df0-8263-41f1-844f-2e587f9b4050 یافت نشد
2025-08-05 07:59:25 - notification_api - WARNING - خطای اعتبارسنجی: کیف پول با شناسه Imported wallet 1 برای کاربر c1bf9df0-8263-41f1-844f-2e587f9b4050 یافت نشد
2025-08-05 07:59:29 - notification_api - INFO - درخواست ثبت دستگاه جدید دریافت شد
2025-08-05 07:59:29 - notification_api - INFO - درخواست برای کاربر: c1bf9df0-8263-41f1-844f-2e587f9b4050
2025-08-05 07:59:29 - notification_api - INFO - درخواست برای کیف پول: Imported wallet 1
2025-08-05 07:59:29 - notification_api - INFO - طول توکن دستگاه: 26 کاراکتر
2025-08-05 07:59:29 - notification_api - INFO - دستگاه: iPhone, نوع: flutter
2025-08-05 07:59:29 - notification_api - WARNING - کیف پول با شناسه Imported wallet 1 برای کاربر c1bf9df0-8263-41f1-844f-2e587f9b4050 یافت نشد
2025-08-05 07:59:29 - notification_api - WARNING - خطای اعتبارسنجی: کیف پول با شناسه Imported wallet 1 برای کاربر c1bf9df0-8263-41f1-844f-2e587f9b4050 یافت نشد
2025-08-05 07:59:36 - notification_api - INFO - درخواست ثبت دستگاه جدید دریافت شد
2025-08-05 07:59:36 - notification_api - INFO - درخواست برای کاربر: c1bf9df0-8263-41f1-844f-2e587f9b4050
2025-08-05 07:59:36 - notification_api - INFO - درخواست برای کیف پول: Imported wallet 1
2025-08-05 07:59:36 - notification_api - INFO - طول توکن دستگاه: 26 کاراکتر
2025-08-05 07:59:36 - notification_api - INFO - دستگاه: iPhone, نوع: flutter
2025-08-05 07:59:36 - notification_api - WARNING - کیف پول با شناسه Imported wallet 1 برای کاربر c1bf9df0-8263-41f1-844f-2e587f9b4050 یافت نشد
2025-08-05 07:59:36 - notification_api - WARNING - خطای اعتبارسنجی: کیف پول با شناسه Imported wallet 1 برای کاربر c1bf9df0-8263-41f1-844f-2e587f9b4050 یافت نشد
2025-08-05 10:00:20 - notification_api - INFO - درخواست ثبت دستگاه جدید دریافت شد
2025-08-05 10:00:20 - notification_api - INFO - درخواست برای کاربر: 853527b7-b9e6-453d-934f-c4d4ab7e6535
2025-08-05 10:00:20 - notification_api - INFO - درخواست برای کیف پول: 73191802-8139-485d-b5b4-3d886407b3f0
2025-08-05 10:00:20 - notification_api - INFO - طول توکن دستگاه: 142 کاراکتر
2025-08-05 10:00:20 - notification_api - INFO - دستگاه: SM-S918B, نوع: android
2025-08-05 10:00:20 - notification_api - INFO - توکن دستگاه جدید با شناسه 296 ثبت شد برای کاربر 853527b7-b9e6-453d-934f-c4d4ab7e6535 و کیف پول 73191802-8139-485d-b5b4-3d886407b3f0
