2025-07-18 20:32:40 - price_service - DEBUG - Logger initialized for price_service at level DEBUG
2025-07-18 20:32:40 - price_service - INFO - Initializing price service module
2025-07-18 20:32:41 - price_service - INFO - Initializing price service module
2025-07-18 20:33:05 - price_service - DEBUG - Logger initialized for price_service at level DEBUG
2025-07-18 20:33:05 - price_service - INFO - Initializing price service module
2025-07-18 20:33:06 - price_service - INFO - Initializing price service module
2025-07-19 06:33:01 - price_service - WARNING - No price record found for 2 in USD, using default values
2025-07-19 06:33:01 - price_service - WARNING - No price record found for 4 in USD, using default values
2025-07-19 06:33:01 - price_service - WARNING - No price record found for 5 in USD, using default values
2025-07-19 06:33:01 - price_service - WARNING - No price record found for 6 in USD, using default values
2025-07-19 06:33:01 - price_service - WARNING - No price record found for 7 in USD, using default values
2025-07-19 06:33:01 - price_service - WARNING - No price record found for 8 in USD, using default values
2025-07-19 06:33:01 - price_service - WARNING - No price record found for 2 in USD, using default values
2025-07-19 06:33:01 - price_service - WARNING - No price record found for 4 in USD, using default values
2025-07-19 06:33:01 - price_service - WARNING - No price record found for 5 in USD, using default values
2025-07-19 06:33:01 - price_service - WARNING - No price record found for 6 in USD, using default values
2025-07-19 06:33:01 - price_service - WARNING - No price record found for 7 in USD, using default values
2025-07-19 06:33:01 - price_service - WARNING - No price record found for 8 in USD, using default values
2025-07-19 06:33:01 - price_service - WARNING - No price record found for 2 in USD, using default values
2025-07-19 06:33:01 - price_service - WARNING - No price record found for 4 in USD, using default values
2025-07-19 06:33:01 - price_service - WARNING - No price record found for 5 in USD, using default values
2025-07-19 06:33:01 - price_service - WARNING - No price record found for 6 in USD, using default values
2025-07-19 06:33:01 - price_service - WARNING - No price record found for 7 in USD, using default values
2025-07-19 06:33:01 - price_service - WARNING - No price record found for 8 in USD, using default values
2025-07-19 06:33:03 - price_service - WARNING - No price record found for 2 in USD, using default values
2025-07-19 06:33:03 - price_service - WARNING - No price record found for 4 in USD, using default values
2025-07-19 06:33:03 - price_service - WARNING - No price record found for 5 in USD, using default values
2025-07-19 06:33:03 - price_service - WARNING - No price record found for 6 in USD, using default values
2025-07-19 06:33:03 - price_service - WARNING - No price record found for 7 in USD, using default values
2025-07-19 06:33:03 - price_service - WARNING - No price record found for 8 in USD, using default values
2025-07-19 07:11:55 - price_service - WARNING - No price record found for 1 in IRR, using default values
2025-07-19 07:11:55 - price_service - WARNING - No price record found for 16 in IRR, using default values
2025-07-19 07:11:55 - price_service - WARNING - No price record found for 18 in IRR, using default values
2025-07-19 07:11:56 - price_service - WARNING - No price record found for 1 in IRR, using default values
2025-07-19 07:11:56 - price_service - WARNING - No price record found for 16 in IRR, using default values
2025-07-19 07:11:56 - price_service - WARNING - No price record found for 18 in IRR, using default values
2025-07-19 07:12:03 - price_service - WARNING - No price record found for 1 in IRR, using default values
2025-07-19 07:12:03 - price_service - WARNING - No price record found for 16 in IRR, using default values
2025-07-19 07:12:03 - price_service - WARNING - No price record found for 18 in IRR, using default values
2025-07-19 07:12:04 - price_service - WARNING - No price record found for 1 in IRR, using default values
2025-07-19 07:12:04 - price_service - WARNING - No price record found for 16 in IRR, using default values
2025-07-19 07:12:04 - price_service - WARNING - No price record found for 18 in IRR, using default values
2025-07-19 07:12:06 - price_service - WARNING - No price record found for 1 in IRR, using default values
2025-07-19 07:12:06 - price_service - WARNING - No price record found for 16 in IRR, using default values
2025-07-19 07:12:06 - price_service - WARNING - No price record found for 17 in IRR, using default values
2025-07-19 07:12:06 - price_service - WARNING - No price record found for 18 in IRR, using default values
2025-07-19 07:12:07 - price_service - WARNING - No price record found for 1 in IRR, using default values
2025-07-19 07:12:07 - price_service - WARNING - No price record found for 15 in IRR, using default values
2025-07-19 07:12:07 - price_service - WARNING - No price record found for 16 in IRR, using default values
2025-07-19 07:12:07 - price_service - WARNING - No price record found for 17 in IRR, using default values
2025-07-19 07:12:07 - price_service - WARNING - No price record found for 18 in IRR, using default values
2025-07-19 07:12:21 - price_service - WARNING - No price record found for 1 in IRR, using default values
2025-07-19 07:12:21 - price_service - WARNING - No price record found for 16 in IRR, using default values
2025-07-19 07:12:21 - price_service - WARNING - No price record found for 18 in IRR, using default values
2025-07-19 07:12:22 - price_service - WARNING - No price record found for 1 in IRR, using default values
2025-07-19 07:12:22 - price_service - WARNING - No price record found for 16 in IRR, using default values
2025-07-19 07:12:22 - price_service - WARNING - No price record found for 18 in IRR, using default values
2025-07-19 07:12:22 - price_service - WARNING - No price record found for 1 in IRR, using default values
2025-07-19 07:12:22 - price_service - WARNING - No price record found for 16 in IRR, using default values
2025-07-19 07:12:22 - price_service - WARNING - No price record found for 18 in IRR, using default values
2025-07-19 07:12:24 - price_service - WARNING - No price record found for 1 in IRR, using default values
2025-07-19 07:12:24 - price_service - WARNING - No price record found for 15 in IRR, using default values
2025-07-19 07:12:24 - price_service - WARNING - No price record found for 16 in IRR, using default values
2025-07-19 07:12:24 - price_service - WARNING - No price record found for 17 in IRR, using default values
2025-07-19 07:12:24 - price_service - WARNING - No price record found for 18 in IRR, using default values
2025-07-19 07:20:45 - price_service - WARNING - No price record found for 1 in IRR, using default values
2025-07-19 07:20:45 - price_service - WARNING - No price record found for 16 in IRR, using default values
2025-07-19 07:20:45 - price_service - WARNING - No price record found for 18 in IRR, using default values
2025-07-19 07:20:52 - price_service - WARNING - No price record found for 1 in IRR, using default values
2025-07-19 07:20:52 - price_service - WARNING - No price record found for 16 in IRR, using default values
2025-07-19 07:20:52 - price_service - WARNING - No price record found for 18 in IRR, using default values
2025-07-19 08:00:58 - price_service - WARNING - No price record found for 1 in IRR, using default values
2025-07-19 08:00:58 - price_service - WARNING - No price record found for 15 in IRR, using default values
2025-07-19 08:00:58 - price_service - WARNING - No price record found for 16 in IRR, using default values
2025-07-19 08:00:58 - price_service - WARNING - No price record found for 17 in IRR, using default values
2025-07-19 08:00:58 - price_service - WARNING - No price record found for 18 in IRR, using default values
2025-07-19 08:00:59 - price_service - WARNING - No price record found for 1 in IRR, using default values
2025-07-19 08:00:59 - price_service - WARNING - No price record found for 15 in IRR, using default values
2025-07-19 08:00:59 - price_service - WARNING - No price record found for 16 in IRR, using default values
2025-07-19 08:00:59 - price_service - WARNING - No price record found for 17 in IRR, using default values
2025-07-19 08:00:59 - price_service - WARNING - No price record found for 18 in IRR, using default values
2025-07-19 08:01:07 - price_service - WARNING - No price record found for 1 in IRR, using default values
2025-07-19 08:01:07 - price_service - WARNING - No price record found for 16 in IRR, using default values
2025-07-19 08:01:07 - price_service - WARNING - No price record found for 18 in IRR, using default values
2025-07-19 08:01:07 - price_service - WARNING - No price record found for 1 in IRR, using default values
2025-07-19 08:01:07 - price_service - WARNING - No price record found for 16 in IRR, using default values
2025-07-19 08:01:07 - price_service - WARNING - No price record found for 18 in IRR, using default values
2025-07-19 08:01:07 - price_service - WARNING - No price record found for 1 in IRR, using default values
2025-07-19 08:01:07 - price_service - WARNING - No price record found for 16 in IRR, using default values
2025-07-19 08:01:07 - price_service - WARNING - No price record found for 18 in IRR, using default values
2025-07-19 08:01:14 - price_service - WARNING - No price record found for 1 in IRR, using default values
2025-07-19 08:01:14 - price_service - WARNING - No price record found for 16 in IRR, using default values
2025-07-19 08:01:14 - price_service - WARNING - No price record found for 18 in IRR, using default values
2025-07-19 08:01:15 - price_service - WARNING - No price record found for 1 in IRR, using default values
2025-07-19 08:01:15 - price_service - WARNING - No price record found for 15 in IRR, using default values
2025-07-19 08:01:15 - price_service - WARNING - No price record found for 16 in IRR, using default values
2025-07-19 08:01:15 - price_service - WARNING - No price record found for 18 in IRR, using default values
2025-07-19 08:01:16 - price_service - WARNING - No price record found for 1 in IRR, using default values
2025-07-19 08:01:16 - price_service - WARNING - No price record found for 13 in IRR, using default values
2025-07-19 08:01:16 - price_service - WARNING - No price record found for 15 in IRR, using default values
2025-07-19 08:01:16 - price_service - WARNING - No price record found for 16 in IRR, using default values
2025-07-19 08:01:16 - price_service - WARNING - No price record found for 18 in IRR, using default values
2025-07-19 08:01:44 - price_service - WARNING - No price record found for 1 in IRR, using default values
2025-07-19 08:01:44 - price_service - WARNING - No price record found for 15 in IRR, using default values
2025-07-19 08:01:44 - price_service - WARNING - No price record found for 16 in IRR, using default values
2025-07-19 08:01:44 - price_service - WARNING - No price record found for 17 in IRR, using default values
2025-07-19 08:01:44 - price_service - WARNING - No price record found for 18 in IRR, using default values
2025-07-19 08:01:44 - price_service - WARNING - No price record found for 1 in IRR, using default values
2025-07-19 08:01:44 - price_service - WARNING - No price record found for 15 in IRR, using default values
2025-07-19 08:01:44 - price_service - WARNING - No price record found for 16 in IRR, using default values
2025-07-19 08:01:44 - price_service - WARNING - No price record found for 17 in IRR, using default values
2025-07-19 08:01:44 - price_service - WARNING - No price record found for 18 in IRR, using default values
2025-07-19 08:01:45 - price_service - WARNING - No price record found for 1 in IRR, using default values
2025-07-19 08:01:45 - price_service - WARNING - No price record found for 15 in IRR, using default values
2025-07-19 08:01:45 - price_service - WARNING - No price record found for 16 in IRR, using default values
2025-07-19 08:01:45 - price_service - WARNING - No price record found for 17 in IRR, using default values
2025-07-19 08:01:45 - price_service - WARNING - No price record found for 18 in IRR, using default values
2025-07-19 08:03:06 - price_service - WARNING - No price record found for 1 in IRR, using default values
2025-07-19 08:03:06 - price_service - WARNING - No price record found for 16 in IRR, using default values
2025-07-19 08:03:06 - price_service - WARNING - No price record found for 18 in IRR, using default values
2025-07-19 08:03:08 - price_service - WARNING - No price record found for 1 in IRR, using default values
2025-07-19 08:03:08 - price_service - WARNING - No price record found for 16 in IRR, using default values
2025-07-19 08:03:08 - price_service - WARNING - No price record found for 18 in IRR, using default values
2025-07-19 08:03:20 - price_service - WARNING - No price record found for 1 in IRR, using default values
2025-07-19 08:03:20 - price_service - WARNING - No price record found for 16 in IRR, using default values
2025-07-19 08:03:20 - price_service - WARNING - No price record found for 18 in IRR, using default values
2025-07-19 08:03:21 - price_service - WARNING - No price record found for 1 in IRR, using default values
2025-07-19 08:03:21 - price_service - WARNING - No price record found for 10 in IRR, using default values
2025-07-19 08:03:21 - price_service - WARNING - No price record found for 16 in IRR, using default values
2025-07-19 08:03:21 - price_service - WARNING - No price record found for 18 in IRR, using default values
2025-07-19 08:03:22 - price_service - WARNING - No price record found for 1 in IRR, using default values
2025-07-19 08:03:22 - price_service - WARNING - No price record found for 10 in IRR, using default values
2025-07-19 08:03:22 - price_service - WARNING - No price record found for 11 in IRR, using default values
2025-07-19 08:03:22 - price_service - WARNING - No price record found for 16 in IRR, using default values
2025-07-19 08:03:22 - price_service - WARNING - No price record found for 18 in IRR, using default values
2025-07-19 08:03:32 - price_service - WARNING - No price record found for 1 in IRR, using default values
2025-07-19 08:03:32 - price_service - WARNING - No price record found for 10 in IRR, using default values
2025-07-19 08:03:32 - price_service - WARNING - No price record found for 11 in IRR, using default values
2025-07-19 08:03:32 - price_service - WARNING - No price record found for 12 in IRR, using default values
2025-07-19 08:03:32 - price_service - WARNING - No price record found for 16 in IRR, using default values
2025-07-19 08:03:32 - price_service - WARNING - No price record found for 18 in IRR, using default values
2025-07-19 08:03:33 - price_service - WARNING - No price record found for 1 in IRR, using default values
2025-07-19 08:03:33 - price_service - WARNING - No price record found for 10 in IRR, using default values
2025-07-19 08:03:33 - price_service - WARNING - No price record found for 11 in IRR, using default values
2025-07-19 08:03:33 - price_service - WARNING - No price record found for 12 in IRR, using default values
2025-07-19 08:03:33 - price_service - WARNING - No price record found for 16 in IRR, using default values
2025-07-19 08:03:33 - price_service - WARNING - No price record found for 18 in IRR, using default values
2025-07-19 08:13:04 - price_service - WARNING - No price record found for 1 in IRR, using default values
2025-07-19 08:13:04 - price_service - WARNING - No price record found for 16 in IRR, using default values
2025-07-19 08:13:04 - price_service - WARNING - No price record found for 18 in IRR, using default values
2025-07-19 08:13:04 - price_service - WARNING - No price record found for 1 in IRR, using default values
2025-07-19 08:13:04 - price_service - WARNING - No price record found for 16 in IRR, using default values
2025-07-19 08:13:04 - price_service - WARNING - No price record found for 18 in IRR, using default values
2025-07-19 08:13:05 - price_service - WARNING - No price record found for 1 in IRR, using default values
2025-07-19 08:13:05 - price_service - WARNING - No price record found for 16 in IRR, using default values
2025-07-19 08:13:05 - price_service - WARNING - No price record found for 18 in IRR, using default values
2025-07-19 08:13:26 - price_service - WARNING - No price record found for 1 in IRR, using default values
2025-07-19 08:13:26 - price_service - WARNING - No price record found for 16 in IRR, using default values
2025-07-19 08:13:26 - price_service - WARNING - No price record found for 18 in IRR, using default values
2025-07-19 08:13:26 - price_service - WARNING - No price record found for 1 in IRR, using default values
2025-07-19 08:13:26 - price_service - WARNING - No price record found for 16 in IRR, using default values
2025-07-19 08:13:26 - price_service - WARNING - No price record found for 18 in IRR, using default values
2025-07-19 08:13:27 - price_service - WARNING - No price record found for 1 in IRR, using default values
2025-07-19 08:13:27 - price_service - WARNING - No price record found for 16 in IRR, using default values
2025-07-19 08:13:27 - price_service - WARNING - No price record found for 18 in IRR, using default values
2025-07-19 08:13:27 - price_service - WARNING - No price record found for 1 in IRR, using default values
2025-07-19 08:13:27 - price_service - WARNING - No price record found for 16 in IRR, using default values
2025-07-19 08:13:27 - price_service - WARNING - No price record found for 18 in IRR, using default values
2025-07-19 08:13:29 - price_service - WARNING - No price record found for 1 in IRR, using default values
2025-07-19 08:13:29 - price_service - WARNING - No price record found for 10 in IRR, using default values
2025-07-19 08:13:29 - price_service - WARNING - No price record found for 16 in IRR, using default values
2025-07-19 08:13:29 - price_service - WARNING - No price record found for 18 in IRR, using default values
2025-07-19 08:13:29 - price_service - WARNING - No price record found for 1 in IRR, using default values
2025-07-19 08:13:29 - price_service - WARNING - No price record found for 10 in IRR, using default values
2025-07-19 08:13:29 - price_service - WARNING - No price record found for 11 in IRR, using default values
2025-07-19 08:13:29 - price_service - WARNING - No price record found for 16 in IRR, using default values
2025-07-19 08:13:29 - price_service - WARNING - No price record found for 18 in IRR, using default values
2025-07-19 08:23:42 - price_service - WARNING - No price record found for 1 in IRR, using default values
2025-07-19 08:23:42 - price_service - WARNING - No price record found for 16 in IRR, using default values
2025-07-19 08:23:42 - price_service - WARNING - No price record found for 18 in IRR, using default values
2025-07-19 08:23:43 - price_service - WARNING - No price record found for 1 in IRR, using default values
2025-07-19 08:23:43 - price_service - WARNING - No price record found for 16 in IRR, using default values
2025-07-19 08:23:43 - price_service - WARNING - No price record found for 18 in IRR, using default values
2025-07-19 08:23:49 - price_service - WARNING - No price record found for 1 in IRR, using default values
2025-07-19 08:23:49 - price_service - WARNING - No price record found for 15 in IRR, using default values
2025-07-19 08:23:49 - price_service - WARNING - No price record found for 16 in IRR, using default values
2025-07-19 08:23:49 - price_service - WARNING - No price record found for 17 in IRR, using default values
2025-07-19 08:23:49 - price_service - WARNING - No price record found for 18 in IRR, using default values
2025-07-19 08:23:50 - price_service - WARNING - No price record found for 1 in IRR, using default values
2025-07-19 08:23:50 - price_service - WARNING - No price record found for 15 in IRR, using default values
2025-07-19 08:23:50 - price_service - WARNING - No price record found for 16 in IRR, using default values
2025-07-19 08:23:50 - price_service - WARNING - No price record found for 17 in IRR, using default values
2025-07-19 08:23:50 - price_service - WARNING - No price record found for 18 in IRR, using default values
2025-07-19 08:23:50 - price_service - WARNING - No price record found for 1 in IRR, using default values
2025-07-19 08:23:50 - price_service - WARNING - No price record found for 15 in IRR, using default values
2025-07-19 08:23:50 - price_service - WARNING - No price record found for 16 in IRR, using default values
2025-07-19 08:23:50 - price_service - WARNING - No price record found for 17 in IRR, using default values
2025-07-19 08:23:50 - price_service - WARNING - No price record found for 18 in IRR, using default values
2025-07-19 09:26:20 - price_service - WARNING - No price record found for 1 in IRR, using default values
2025-07-19 09:26:20 - price_service - WARNING - No price record found for 16 in IRR, using default values
2025-07-19 09:26:20 - price_service - WARNING - No price record found for 18 in IRR, using default values
2025-07-19 09:27:11 - price_service - WARNING - No price record found for 1 in IRR, using default values
2025-07-19 09:27:11 - price_service - WARNING - No price record found for 16 in IRR, using default values
2025-07-19 09:27:11 - price_service - WARNING - No price record found for 18 in IRR, using default values
2025-07-19 09:27:13 - price_service - WARNING - No price record found for 1 in IRR, using default values
2025-07-19 09:27:13 - price_service - WARNING - No price record found for 16 in IRR, using default values
2025-07-19 09:27:13 - price_service - WARNING - No price record found for 18 in IRR, using default values
2025-07-19 09:27:16 - price_service - WARNING - No price record found for 1 in IRR, using default values
2025-07-19 09:27:16 - price_service - WARNING - No price record found for 10 in IRR, using default values
2025-07-19 09:27:16 - price_service - WARNING - No price record found for 11 in IRR, using default values
2025-07-19 09:27:16 - price_service - WARNING - No price record found for 16 in IRR, using default values
2025-07-19 09:27:16 - price_service - WARNING - No price record found for 18 in IRR, using default values
2025-07-19 09:27:28 - price_service - WARNING - No price record found for 1 in IRR, using default values
2025-07-19 09:27:28 - price_service - WARNING - No price record found for 16 in IRR, using default values
2025-07-19 09:27:28 - price_service - WARNING - No price record found for 18 in IRR, using default values
2025-07-19 09:31:47 - price_service - WARNING - No price record found for 1 in IRR, using default values
2025-07-19 09:31:47 - price_service - WARNING - No price record found for 15 in IRR, using default values
2025-07-19 09:31:47 - price_service - WARNING - No price record found for 16 in IRR, using default values
2025-07-19 09:31:47 - price_service - WARNING - No price record found for 17 in IRR, using default values
2025-07-19 09:31:47 - price_service - WARNING - No price record found for 18 in IRR, using default values
2025-07-19 09:31:47 - price_service - WARNING - No price record found for 1 in IRR, using default values
2025-07-19 09:31:47 - price_service - WARNING - No price record found for 15 in IRR, using default values
2025-07-19 09:31:47 - price_service - WARNING - No price record found for 16 in IRR, using default values
2025-07-19 09:31:47 - price_service - WARNING - No price record found for 17 in IRR, using default values
2025-07-19 09:31:47 - price_service - WARNING - No price record found for 18 in IRR, using default values
2025-07-19 09:36:39 - price_service - WARNING - No price record found for 1 in IRR, using default values
2025-07-19 09:36:39 - price_service - WARNING - No price record found for 16 in IRR, using default values
2025-07-19 09:36:40 - price_service - WARNING - No price record found for 1 in IRR, using default values
2025-07-19 09:36:40 - price_service - WARNING - No price record found for 16 in IRR, using default values
2025-07-19 09:36:40 - price_service - WARNING - No price record found for 1 in IRR, using default values
2025-07-19 09:36:40 - price_service - WARNING - No price record found for 16 in IRR, using default values
2025-07-19 09:36:40 - price_service - WARNING - No price record found for 18 in IRR, using default values
2025-07-19 09:36:40 - price_service - WARNING - No price record found for 8518 in IRR, using default values
2025-07-19 09:36:45 - price_service - WARNING - No price record found for 1 in IRR, using default values
2025-07-19 09:36:45 - price_service - WARNING - No price record found for 16 in IRR, using default values
2025-07-19 09:36:45 - price_service - WARNING - No price record found for 18 in IRR, using default values
2025-07-19 09:36:45 - price_service - WARNING - No price record found for 8518 in IRR, using default values
2025-07-19 09:36:45 - price_service - WARNING - No price record found for 1 in IRR, using default values
2025-07-19 09:36:45 - price_service - WARNING - No price record found for 16 in IRR, using default values
2025-07-19 09:36:45 - price_service - WARNING - No price record found for 18 in IRR, using default values
2025-07-19 09:36:45 - price_service - WARNING - No price record found for 8518 in IRR, using default values
2025-07-19 09:36:46 - price_service - WARNING - No price record found for 1 in IRR, using default values
2025-07-19 09:36:46 - price_service - WARNING - No price record found for 10 in IRR, using default values
2025-07-19 09:36:46 - price_service - WARNING - No price record found for 16 in IRR, using default values
2025-07-19 09:36:46 - price_service - WARNING - No price record found for 18 in IRR, using default values
2025-07-19 09:36:46 - price_service - WARNING - No price record found for 8518 in IRR, using default values
2025-07-19 09:36:55 - price_service - WARNING - No price record found for 1 in IRR, using default values
2025-07-19 09:36:55 - price_service - WARNING - No price record found for 16 in IRR, using default values
2025-07-19 09:36:56 - price_service - WARNING - No price record found for 1 in IRR, using default values
2025-07-19 09:36:56 - price_service - WARNING - No price record found for 16 in IRR, using default values
2025-07-19 09:39:20 - price_service - WARNING - No price record found for 1 in IRR, using default values
2025-07-19 09:39:20 - price_service - WARNING - No price record found for 16 in IRR, using default values
2025-07-19 09:39:21 - price_service - WARNING - No price record found for 1 in IRR, using default values
2025-07-19 09:39:21 - price_service - WARNING - No price record found for 16 in IRR, using default values
2025-07-19 09:39:48 - price_service - WARNING - No price record found for 1 in IRR, using default values
2025-07-19 09:39:48 - price_service - WARNING - No price record found for 16 in IRR, using default values
2025-07-19 09:39:48 - price_service - WARNING - No price record found for 18 in IRR, using default values
2025-07-19 09:39:49 - price_service - WARNING - No price record found for 1 in IRR, using default values
2025-07-19 09:39:49 - price_service - WARNING - No price record found for 16 in IRR, using default values
2025-07-19 09:39:49 - price_service - WARNING - No price record found for 18 in IRR, using default values
2025-07-19 09:39:50 - price_service - WARNING - No price record found for 1 in IRR, using default values
2025-07-19 09:39:50 - price_service - WARNING - No price record found for 16 in IRR, using default values
2025-07-19 09:39:50 - price_service - WARNING - No price record found for 18 in IRR, using default values
2025-07-19 09:39:51 - price_service - WARNING - No price record found for 1 in IRR, using default values
2025-07-19 09:39:51 - price_service - WARNING - No price record found for 16 in IRR, using default values
2025-07-19 09:39:51 - price_service - WARNING - No price record found for 18 in IRR, using default values
2025-07-19 09:39:51 - price_service - WARNING - No price record found for 1 in IRR, using default values
2025-07-19 09:39:51 - price_service - WARNING - No price record found for 16 in IRR, using default values
2025-07-19 09:39:51 - price_service - WARNING - No price record found for 18 in IRR, using default values
2025-07-19 09:39:53 - price_service - WARNING - No price record found for 1 in IRR, using default values
2025-07-19 09:39:53 - price_service - WARNING - No price record found for 15 in IRR, using default values
2025-07-19 09:39:53 - price_service - WARNING - No price record found for 16 in IRR, using default values
2025-07-19 09:39:53 - price_service - WARNING - No price record found for 18 in IRR, using default values
2025-07-19 09:39:59 - price_service - WARNING - No price record found for 1 in IRR, using default values
2025-07-19 09:39:59 - price_service - WARNING - No price record found for 15 in IRR, using default values
2025-07-19 09:39:59 - price_service - WARNING - No price record found for 16 in IRR, using default values
2025-07-19 09:39:59 - price_service - WARNING - No price record found for 18 in IRR, using default values
2025-07-19 09:39:59 - price_service - WARNING - No price record found for 1 in IRR, using default values
2025-07-19 09:39:59 - price_service - WARNING - No price record found for 15 in IRR, using default values
2025-07-19 09:39:59 - price_service - WARNING - No price record found for 16 in IRR, using default values
2025-07-19 09:39:59 - price_service - WARNING - No price record found for 18 in IRR, using default values
2025-07-19 09:40:01 - price_service - WARNING - No price record found for 1 in IRR, using default values
2025-07-19 09:40:01 - price_service - WARNING - No price record found for 13 in IRR, using default values
2025-07-19 09:40:01 - price_service - WARNING - No price record found for 15 in IRR, using default values
2025-07-19 09:40:01 - price_service - WARNING - No price record found for 16 in IRR, using default values
2025-07-19 09:40:01 - price_service - WARNING - No price record found for 18 in IRR, using default values
2025-07-19 09:40:18 - price_service - WARNING - No price record found for 8518 in IRR, using default values
2025-07-19 09:40:18 - price_service - WARNING - No price record found for 8518 in IRR, using default values
2025-07-19 09:40:19 - price_service - WARNING - No price record found for 8518 in IRR, using default values
2025-07-19 09:40:23 - price_service - WARNING - No price record found for 18 in IRR, using default values
2025-07-19 09:40:23 - price_service - WARNING - No price record found for 8518 in IRR, using default values
2025-07-19 09:40:24 - price_service - WARNING - No price record found for 18 in IRR, using default values
2025-07-19 09:40:24 - price_service - WARNING - No price record found for 8518 in IRR, using default values
2025-07-19 10:01:29 - price_service - WARNING - No price record found for 1 in IRR, using default values
2025-07-19 10:01:29 - price_service - WARNING - No price record found for 16 in IRR, using default values
2025-07-19 10:01:29 - price_service - WARNING - No price record found for 18 in IRR, using default values
2025-07-19 10:01:29 - price_service - WARNING - No price record found for 1 in IRR, using default values
2025-07-19 10:01:29 - price_service - WARNING - No price record found for 16 in IRR, using default values
2025-07-19 10:01:29 - price_service - WARNING - No price record found for 18 in IRR, using default values
2025-07-19 10:01:31 - price_service - WARNING - No price record found for 1 in IRR, using default values
2025-07-19 10:01:31 - price_service - WARNING - No price record found for 10 in IRR, using default values
2025-07-19 10:01:31 - price_service - WARNING - No price record found for 16 in IRR, using default values
2025-07-19 10:01:31 - price_service - WARNING - No price record found for 18 in IRR, using default values
2025-07-19 10:01:31 - price_service - WARNING - No price record found for 1 in IRR, using default values
2025-07-19 10:01:31 - price_service - WARNING - No price record found for 10 in IRR, using default values
2025-07-19 10:01:31 - price_service - WARNING - No price record found for 11 in IRR, using default values
2025-07-19 10:01:31 - price_service - WARNING - No price record found for 16 in IRR, using default values
2025-07-19 10:01:31 - price_service - WARNING - No price record found for 18 in IRR, using default values
2025-07-19 10:01:46 - price_service - WARNING - No price record found for 1 in IRR, using default values
2025-07-19 10:01:46 - price_service - WARNING - No price record found for 10 in IRR, using default values
2025-07-19 10:01:46 - price_service - WARNING - No price record found for 11 in IRR, using default values
2025-07-19 10:01:46 - price_service - WARNING - No price record found for 16 in IRR, using default values
2025-07-19 10:01:46 - price_service - WARNING - No price record found for 18 in IRR, using default values
2025-07-19 10:01:54 - price_service - WARNING - No price record found for 1 in IRR, using default values
2025-07-19 10:01:54 - price_service - WARNING - No price record found for 16 in IRR, using default values
2025-07-19 10:01:54 - price_service - WARNING - No price record found for 18 in IRR, using default values
2025-07-19 10:01:55 - price_service - WARNING - No price record found for 1 in IRR, using default values
2025-07-19 10:01:55 - price_service - WARNING - No price record found for 16 in IRR, using default values
2025-07-19 10:01:55 - price_service - WARNING - No price record found for 18 in IRR, using default values
2025-07-19 10:01:55 - price_service - WARNING - No price record found for 1 in IRR, using default values
2025-07-19 10:01:55 - price_service - WARNING - No price record found for 16 in IRR, using default values
2025-07-19 10:01:55 - price_service - WARNING - No price record found for 18 in IRR, using default values
2025-07-19 10:04:06 - price_service - WARNING - No price record found for 18 in IRR, using default values
2025-07-19 10:04:06 - price_service - WARNING - No price record found for 8518 in IRR, using default values
2025-07-19 10:04:07 - price_service - WARNING - No price record found for 18 in IRR, using default values
2025-07-19 10:04:07 - price_service - WARNING - No price record found for 8518 in IRR, using default values
2025-07-19 10:04:07 - price_service - WARNING - No price record found for 18 in IRR, using default values
2025-07-19 10:04:07 - price_service - WARNING - No price record found for 8518 in IRR, using default values
2025-07-19 10:05:05 - price_service - WARNING - No price record found for 18 in IRR, using default values
2025-07-19 10:05:05 - price_service - WARNING - No price record found for 8518 in IRR, using default values
2025-07-19 10:05:05 - price_service - WARNING - No price record found for 18 in IRR, using default values
2025-07-19 10:05:05 - price_service - WARNING - No price record found for 8518 in IRR, using default values
2025-07-19 10:05:08 - price_service - WARNING - No price record found for 17 in IRR, using default values
2025-07-19 10:05:08 - price_service - WARNING - No price record found for 18 in IRR, using default values
2025-07-19 10:05:08 - price_service - WARNING - No price record found for 8518 in IRR, using default values
2025-07-19 10:05:09 - price_service - WARNING - No price record found for 16 in IRR, using default values
2025-07-19 10:05:09 - price_service - WARNING - No price record found for 17 in IRR, using default values
2025-07-19 10:05:09 - price_service - WARNING - No price record found for 18 in IRR, using default values
2025-07-19 10:05:09 - price_service - WARNING - No price record found for 8518 in IRR, using default values
2025-07-19 10:05:11 - price_service - WARNING - No price record found for 16 in IRR, using default values
2025-07-19 10:05:11 - price_service - WARNING - No price record found for 17 in IRR, using default values
2025-07-19 10:05:11 - price_service - WARNING - No price record found for 18 in IRR, using default values
2025-07-19 10:05:11 - price_service - WARNING - No price record found for 8518 in IRR, using default values
2025-07-19 10:05:34 - price_service - WARNING - No price record found for 15 in IRR, using default values
2025-07-19 10:05:34 - price_service - WARNING - No price record found for 16 in IRR, using default values
2025-07-19 10:05:34 - price_service - WARNING - No price record found for 17 in IRR, using default values
2025-07-19 10:05:34 - price_service - WARNING - No price record found for 18 in IRR, using default values
2025-07-19 10:05:34 - price_service - WARNING - No price record found for 8518 in IRR, using default values
2025-07-19 10:05:36 - price_service - WARNING - No price record found for 15 in IRR, using default values
2025-07-19 10:05:36 - price_service - WARNING - No price record found for 16 in IRR, using default values
2025-07-19 10:05:36 - price_service - WARNING - No price record found for 17 in IRR, using default values
2025-07-19 10:05:36 - price_service - WARNING - No price record found for 18 in IRR, using default values
2025-07-19 10:05:36 - price_service - WARNING - No price record found for 8518 in IRR, using default values
2025-07-19 10:08:11 - price_service - WARNING - No price record found for 1 in IRR, using default values
2025-07-19 10:08:11 - price_service - WARNING - No price record found for 10 in IRR, using default values
2025-07-19 10:08:11 - price_service - WARNING - No price record found for 11 in IRR, using default values
2025-07-19 10:08:11 - price_service - WARNING - No price record found for 16 in IRR, using default values
2025-07-19 10:08:11 - price_service - WARNING - No price record found for 18 in IRR, using default values
2025-07-19 10:08:11 - price_service - WARNING - No price record found for 1 in IRR, using default values
2025-07-19 10:08:11 - price_service - WARNING - No price record found for 10 in IRR, using default values
2025-07-19 10:08:11 - price_service - WARNING - No price record found for 11 in IRR, using default values
2025-07-19 10:08:11 - price_service - WARNING - No price record found for 16 in IRR, using default values
2025-07-19 10:08:11 - price_service - WARNING - No price record found for 18 in IRR, using default values
2025-07-19 10:08:22 - price_service - WARNING - No price record found for 1 in IRR, using default values
2025-07-19 10:08:22 - price_service - WARNING - No price record found for 10 in IRR, using default values
2025-07-19 10:08:22 - price_service - WARNING - No price record found for 11 in IRR, using default values
2025-07-19 10:08:22 - price_service - WARNING - No price record found for 16 in IRR, using default values
2025-07-19 10:08:22 - price_service - WARNING - No price record found for 18 in IRR, using default values
2025-07-19 10:08:23 - price_service - WARNING - No price record found for 1 in IRR, using default values
2025-07-19 10:08:23 - price_service - WARNING - No price record found for 10 in IRR, using default values
2025-07-19 10:08:23 - price_service - WARNING - No price record found for 11 in IRR, using default values
2025-07-19 10:08:23 - price_service - WARNING - No price record found for 16 in IRR, using default values
2025-07-19 10:08:23 - price_service - WARNING - No price record found for 18 in IRR, using default values
2025-07-19 10:08:53 - price_service - WARNING - No price record found for 15 in IRR, using default values
2025-07-19 10:08:53 - price_service - WARNING - No price record found for 16 in IRR, using default values
2025-07-19 10:08:53 - price_service - WARNING - No price record found for 17 in IRR, using default values
2025-07-19 10:08:53 - price_service - WARNING - No price record found for 18 in IRR, using default values
2025-07-19 10:08:53 - price_service - WARNING - No price record found for 8518 in IRR, using default values
2025-07-19 10:08:54 - price_service - WARNING - No price record found for 15 in IRR, using default values
2025-07-19 10:08:54 - price_service - WARNING - No price record found for 16 in IRR, using default values
2025-07-19 10:08:54 - price_service - WARNING - No price record found for 17 in IRR, using default values
2025-07-19 10:08:54 - price_service - WARNING - No price record found for 18 in IRR, using default values
2025-07-19 10:08:54 - price_service - WARNING - No price record found for 8518 in IRR, using default values
2025-07-19 10:08:54 - price_service - WARNING - No price record found for 15 in IRR, using default values
2025-07-19 10:08:54 - price_service - WARNING - No price record found for 16 in IRR, using default values
2025-07-19 10:08:54 - price_service - WARNING - No price record found for 17 in IRR, using default values
2025-07-19 10:08:54 - price_service - WARNING - No price record found for 18 in IRR, using default values
2025-07-19 10:08:54 - price_service - WARNING - No price record found for 8518 in IRR, using default values
2025-07-19 10:09:01 - price_service - WARNING - No price record found for 1 in IRR, using default values
2025-07-19 10:09:01 - price_service - WARNING - No price record found for 10 in IRR, using default values
2025-07-19 10:09:01 - price_service - WARNING - No price record found for 11 in IRR, using default values
2025-07-19 10:09:01 - price_service - WARNING - No price record found for 16 in IRR, using default values
2025-07-19 10:09:01 - price_service - WARNING - No price record found for 18 in IRR, using default values
2025-07-19 10:09:06 - price_service - WARNING - No price record found for 1 in IRR, using default values
2025-07-19 10:09:06 - price_service - WARNING - No price record found for 10 in IRR, using default values
2025-07-19 10:09:06 - price_service - WARNING - No price record found for 11 in IRR, using default values
2025-07-19 10:09:06 - price_service - WARNING - No price record found for 16 in IRR, using default values
2025-07-19 10:09:06 - price_service - WARNING - No price record found for 17 in IRR, using default values
2025-07-19 10:09:06 - price_service - WARNING - No price record found for 18 in IRR, using default values
2025-07-19 10:13:49 - price_service - WARNING - No price record found for 1 in IRR, using default values
2025-07-19 10:13:49 - price_service - WARNING - No price record found for 16 in IRR, using default values
2025-07-19 10:13:49 - price_service - WARNING - No price record found for 18 in IRR, using default values
2025-07-19 10:13:49 - price_service - WARNING - No price record found for 1 in IRR, using default values
2025-07-19 10:13:49 - price_service - WARNING - No price record found for 16 in IRR, using default values
2025-07-19 10:13:49 - price_service - WARNING - No price record found for 18 in IRR, using default values
2025-07-19 10:13:51 - price_service - WARNING - No price record found for 1 in IRR, using default values
2025-07-19 10:13:51 - price_service - WARNING - No price record found for 16 in IRR, using default values
2025-07-19 10:13:51 - price_service - WARNING - No price record found for 18 in IRR, using default values
2025-07-19 10:13:51 - price_service - WARNING - No price record found for 1 in IRR, using default values
2025-07-19 10:13:51 - price_service - WARNING - No price record found for 16 in IRR, using default values
2025-07-19 10:13:51 - price_service - WARNING - No price record found for 18 in IRR, using default values
2025-07-19 10:13:53 - price_service - WARNING - No price record found for 1 in IRR, using default values
2025-07-19 10:13:53 - price_service - WARNING - No price record found for 15 in IRR, using default values
2025-07-19 10:13:53 - price_service - WARNING - No price record found for 16 in IRR, using default values
2025-07-19 10:13:53 - price_service - WARNING - No price record found for 18 in IRR, using default values
2025-07-19 10:13:54 - price_service - WARNING - No price record found for 1 in IRR, using default values
2025-07-19 10:13:54 - price_service - WARNING - No price record found for 13 in IRR, using default values
2025-07-19 10:13:54 - price_service - WARNING - No price record found for 15 in IRR, using default values
2025-07-19 10:13:54 - price_service - WARNING - No price record found for 16 in IRR, using default values
2025-07-19 10:13:54 - price_service - WARNING - No price record found for 18 in IRR, using default values
2025-07-19 10:22:26 - price_service - WARNING - No price record found for 1 in IRR, using default values
2025-07-19 10:22:26 - price_service - WARNING - No price record found for 13 in IRR, using default values
2025-07-19 10:22:26 - price_service - WARNING - No price record found for 15 in IRR, using default values
2025-07-19 10:22:26 - price_service - WARNING - No price record found for 16 in IRR, using default values
2025-07-19 10:22:26 - price_service - WARNING - No price record found for 18 in IRR, using default values
2025-07-19 10:22:27 - price_service - WARNING - No price record found for 1 in IRR, using default values
2025-07-19 10:22:27 - price_service - WARNING - No price record found for 13 in IRR, using default values
2025-07-19 10:22:27 - price_service - WARNING - No price record found for 15 in IRR, using default values
2025-07-19 10:22:27 - price_service - WARNING - No price record found for 16 in IRR, using default values
2025-07-19 10:22:27 - price_service - WARNING - No price record found for 18 in IRR, using default values
2025-07-19 10:22:30 - price_service - WARNING - No price record found for 1 in IRR, using default values
2025-07-19 10:22:30 - price_service - WARNING - No price record found for 13 in IRR, using default values
2025-07-19 10:22:30 - price_service - WARNING - No price record found for 15 in IRR, using default values
2025-07-19 10:22:30 - price_service - WARNING - No price record found for 16 in IRR, using default values
2025-07-19 10:22:30 - price_service - WARNING - No price record found for 18 in IRR, using default values
2025-07-19 10:24:55 - price_service - WARNING - No price record found for 1 in IRR, using default values
2025-07-19 10:24:55 - price_service - WARNING - No price record found for 10 in IRR, using default values
2025-07-19 10:24:55 - price_service - WARNING - No price record found for 11 in IRR, using default values
2025-07-19 10:24:55 - price_service - WARNING - No price record found for 16 in IRR, using default values
2025-07-19 10:24:55 - price_service - WARNING - No price record found for 17 in IRR, using default values
2025-07-19 10:24:55 - price_service - WARNING - No price record found for 18 in IRR, using default values
2025-07-19 10:25:03 - price_service - WARNING - No price record found for 1 in IRR, using default values
2025-07-19 10:25:03 - price_service - WARNING - No price record found for 10 in IRR, using default values
2025-07-19 10:25:03 - price_service - WARNING - No price record found for 11 in IRR, using default values
2025-07-19 10:25:03 - price_service - WARNING - No price record found for 16 in IRR, using default values
2025-07-19 10:25:03 - price_service - WARNING - No price record found for 18 in IRR, using default values
2025-07-19 10:25:03 - price_service - WARNING - No price record found for 1 in IRR, using default values
2025-07-19 10:25:03 - price_service - WARNING - No price record found for 10 in IRR, using default values
2025-07-19 10:25:03 - price_service - WARNING - No price record found for 11 in IRR, using default values
2025-07-19 10:25:03 - price_service - WARNING - No price record found for 16 in IRR, using default values
2025-07-19 10:25:03 - price_service - WARNING - No price record found for 18 in IRR, using default values
2025-07-19 10:25:04 - price_service - WARNING - No price record found for 1 in IRR, using default values
2025-07-19 10:25:04 - price_service - WARNING - No price record found for 10 in IRR, using default values
2025-07-19 10:25:04 - price_service - WARNING - No price record found for 11 in IRR, using default values
2025-07-19 10:25:04 - price_service - WARNING - No price record found for 16 in IRR, using default values
2025-07-19 10:25:04 - price_service - WARNING - No price record found for 18 in IRR, using default values
2025-07-19 10:28:14 - price_service - WARNING - No price record found for 1 in IRR, using default values
2025-07-19 10:28:14 - price_service - WARNING - No price record found for 10 in IRR, using default values
2025-07-19 10:28:14 - price_service - WARNING - No price record found for 11 in IRR, using default values
2025-07-19 10:28:14 - price_service - WARNING - No price record found for 16 in IRR, using default values
2025-07-19 10:28:14 - price_service - WARNING - No price record found for 18 in IRR, using default values
2025-07-19 10:28:14 - price_service - WARNING - No price record found for 1 in IRR, using default values
2025-07-19 10:28:14 - price_service - WARNING - No price record found for 10 in IRR, using default values
2025-07-19 10:28:14 - price_service - WARNING - No price record found for 11 in IRR, using default values
2025-07-19 10:28:14 - price_service - WARNING - No price record found for 16 in IRR, using default values
2025-07-19 10:28:14 - price_service - WARNING - No price record found for 18 in IRR, using default values
2025-07-19 10:28:14 - price_service - WARNING - No price record found for 1 in IRR, using default values
2025-07-19 10:28:14 - price_service - WARNING - No price record found for 10 in IRR, using default values
2025-07-19 10:28:14 - price_service - WARNING - No price record found for 11 in IRR, using default values
2025-07-19 10:28:14 - price_service - WARNING - No price record found for 16 in IRR, using default values
2025-07-19 10:28:14 - price_service - WARNING - No price record found for 18 in IRR, using default values
2025-07-19 10:31:32 - price_service - WARNING - No price record found for 1 in IRR, using default values
2025-07-19 10:31:32 - price_service - WARNING - No price record found for 10 in IRR, using default values
2025-07-19 10:31:32 - price_service - WARNING - No price record found for 11 in IRR, using default values
2025-07-19 10:31:32 - price_service - WARNING - No price record found for 16 in IRR, using default values
2025-07-19 10:31:32 - price_service - WARNING - No price record found for 18 in IRR, using default values
2025-07-19 10:31:34 - price_service - WARNING - No price record found for 1 in IRR, using default values
2025-07-19 10:31:34 - price_service - WARNING - No price record found for 10 in IRR, using default values
2025-07-19 10:31:34 - price_service - WARNING - No price record found for 11 in IRR, using default values
2025-07-19 10:31:34 - price_service - WARNING - No price record found for 16 in IRR, using default values
2025-07-19 10:31:34 - price_service - WARNING - No price record found for 18 in IRR, using default values
2025-07-19 10:31:40 - price_service - WARNING - No price record found for 1 in IRR, using default values
2025-07-19 10:31:40 - price_service - WARNING - No price record found for 10 in IRR, using default values
2025-07-19 10:31:40 - price_service - WARNING - No price record found for 11 in IRR, using default values
2025-07-19 10:31:40 - price_service - WARNING - No price record found for 16 in IRR, using default values
2025-07-19 10:31:40 - price_service - WARNING - No price record found for 18 in IRR, using default values
2025-07-19 10:36:19 - price_service - WARNING - No price record found for 1 in IRR, using default values
2025-07-19 10:36:19 - price_service - WARNING - No price record found for 10 in IRR, using default values
2025-07-19 10:36:19 - price_service - WARNING - No price record found for 11 in IRR, using default values
2025-07-19 10:36:19 - price_service - WARNING - No price record found for 16 in IRR, using default values
2025-07-19 10:36:19 - price_service - WARNING - No price record found for 18 in IRR, using default values
2025-07-19 10:36:20 - price_service - WARNING - No price record found for 1 in IRR, using default values
2025-07-19 10:36:20 - price_service - WARNING - No price record found for 10 in IRR, using default values
2025-07-19 10:36:20 - price_service - WARNING - No price record found for 11 in IRR, using default values
2025-07-19 10:36:20 - price_service - WARNING - No price record found for 16 in IRR, using default values
2025-07-19 10:36:20 - price_service - WARNING - No price record found for 18 in IRR, using default values
2025-07-19 10:36:30 - price_service - WARNING - No price record found for 1 in IRR, using default values
2025-07-19 10:36:30 - price_service - WARNING - No price record found for 10 in IRR, using default values
2025-07-19 10:36:30 - price_service - WARNING - No price record found for 11 in IRR, using default values
2025-07-19 10:36:30 - price_service - WARNING - No price record found for 16 in IRR, using default values
2025-07-19 10:36:30 - price_service - WARNING - No price record found for 18 in IRR, using default values
2025-07-19 10:39:31 - price_service - WARNING - No price record found for 1 in IRR, using default values
2025-07-19 10:39:31 - price_service - WARNING - No price record found for 10 in IRR, using default values
2025-07-19 10:39:31 - price_service - WARNING - No price record found for 11 in IRR, using default values
2025-07-19 10:39:31 - price_service - WARNING - No price record found for 16 in IRR, using default values
2025-07-19 10:39:31 - price_service - WARNING - No price record found for 18 in IRR, using default values
2025-07-19 10:39:32 - price_service - WARNING - No price record found for 1 in IRR, using default values
2025-07-19 10:39:32 - price_service - WARNING - No price record found for 10 in IRR, using default values
2025-07-19 10:39:32 - price_service - WARNING - No price record found for 11 in IRR, using default values
2025-07-19 10:39:32 - price_service - WARNING - No price record found for 16 in IRR, using default values
2025-07-19 10:39:32 - price_service - WARNING - No price record found for 18 in IRR, using default values
2025-07-19 10:45:09 - price_service - WARNING - No price record found for 1 in IRR, using default values
2025-07-19 10:45:09 - price_service - WARNING - No price record found for 10 in IRR, using default values
2025-07-19 10:45:09 - price_service - WARNING - No price record found for 11 in IRR, using default values
2025-07-19 10:45:09 - price_service - WARNING - No price record found for 16 in IRR, using default values
2025-07-19 10:45:09 - price_service - WARNING - No price record found for 18 in IRR, using default values
2025-07-19 10:45:10 - price_service - WARNING - No price record found for 1 in IRR, using default values
2025-07-19 10:45:10 - price_service - WARNING - No price record found for 10 in IRR, using default values
2025-07-19 10:45:10 - price_service - WARNING - No price record found for 11 in IRR, using default values
2025-07-19 10:45:10 - price_service - WARNING - No price record found for 16 in IRR, using default values
2025-07-19 10:45:10 - price_service - WARNING - No price record found for 18 in IRR, using default values
2025-07-19 10:45:10 - price_service - WARNING - No price record found for 1 in IRR, using default values
2025-07-19 10:45:10 - price_service - WARNING - No price record found for 10 in IRR, using default values
2025-07-19 10:45:10 - price_service - WARNING - No price record found for 11 in IRR, using default values
2025-07-19 10:45:10 - price_service - WARNING - No price record found for 16 in IRR, using default values
2025-07-19 10:45:10 - price_service - WARNING - No price record found for 18 in IRR, using default values
2025-07-19 10:45:27 - price_service - WARNING - No price record found for 1 in IRR, using default values
2025-07-19 10:45:27 - price_service - WARNING - No price record found for 10 in IRR, using default values
2025-07-19 10:45:27 - price_service - WARNING - No price record found for 11 in IRR, using default values
2025-07-19 10:45:27 - price_service - WARNING - No price record found for 16 in IRR, using default values
2025-07-19 10:45:27 - price_service - WARNING - No price record found for 18 in IRR, using default values
2025-07-19 10:45:31 - price_service - WARNING - No price record found for 2 in USD, using default values
2025-07-19 10:45:31 - price_service - WARNING - No price record found for 4 in USD, using default values
2025-07-19 10:45:31 - price_service - WARNING - No price record found for 5 in USD, using default values
2025-07-19 10:45:31 - price_service - WARNING - No price record found for 6 in USD, using default values
2025-07-19 10:45:31 - price_service - WARNING - No price record found for 7 in USD, using default values
2025-07-19 10:45:31 - price_service - WARNING - No price record found for 8 in USD, using default values
2025-07-19 10:45:31 - price_service - WARNING - No price record found for 2 in USD, using default values
2025-07-19 10:45:31 - price_service - WARNING - No price record found for 4 in USD, using default values
2025-07-19 10:45:31 - price_service - WARNING - No price record found for 5 in USD, using default values
2025-07-19 10:45:31 - price_service - WARNING - No price record found for 6 in USD, using default values
2025-07-19 10:45:31 - price_service - WARNING - No price record found for 7 in USD, using default values
2025-07-19 10:45:31 - price_service - WARNING - No price record found for 8 in USD, using default values
2025-07-19 10:45:31 - price_service - WARNING - No price record found for 2 in USD, using default values
2025-07-19 10:45:31 - price_service - WARNING - No price record found for 4 in USD, using default values
2025-07-19 10:45:31 - price_service - WARNING - No price record found for 5 in USD, using default values
2025-07-19 10:45:31 - price_service - WARNING - No price record found for 6 in USD, using default values
2025-07-19 10:45:31 - price_service - WARNING - No price record found for 7 in USD, using default values
2025-07-19 10:45:31 - price_service - WARNING - No price record found for 8 in USD, using default values
2025-07-19 10:45:31 - price_service - WARNING - No price record found for 2 in USD, using default values
2025-07-19 10:45:31 - price_service - WARNING - No price record found for 4 in USD, using default values
2025-07-19 10:45:31 - price_service - WARNING - No price record found for 5 in USD, using default values
2025-07-19 10:45:31 - price_service - WARNING - No price record found for 6 in USD, using default values
2025-07-19 10:45:31 - price_service - WARNING - No price record found for 7 in USD, using default values
2025-07-19 10:45:31 - price_service - WARNING - No price record found for 8 in USD, using default values
2025-07-19 10:45:32 - price_service - WARNING - No price record found for 2 in USD, using default values
2025-07-19 10:45:32 - price_service - WARNING - No price record found for 4 in USD, using default values
2025-07-19 10:45:32 - price_service - WARNING - No price record found for 5 in USD, using default values
2025-07-19 10:45:32 - price_service - WARNING - No price record found for 6 in USD, using default values
2025-07-19 10:45:32 - price_service - WARNING - No price record found for 7 in USD, using default values
2025-07-19 10:45:32 - price_service - WARNING - No price record found for 8 in USD, using default values
2025-07-19 10:45:32 - price_service - WARNING - No price record found for 2 in USD, using default values
2025-07-19 10:45:32 - price_service - WARNING - No price record found for 4 in USD, using default values
2025-07-19 10:45:32 - price_service - WARNING - No price record found for 5 in USD, using default values
2025-07-19 10:45:32 - price_service - WARNING - No price record found for 6 in USD, using default values
2025-07-19 10:45:32 - price_service - WARNING - No price record found for 7 in USD, using default values
2025-07-19 10:45:32 - price_service - WARNING - No price record found for 8 in USD, using default values
2025-07-19 10:45:32 - price_service - WARNING - No price record found for 2 in USD, using default values
2025-07-19 10:45:32 - price_service - WARNING - No price record found for 4 in USD, using default values
2025-07-19 10:45:32 - price_service - WARNING - No price record found for 5 in USD, using default values
2025-07-19 10:45:32 - price_service - WARNING - No price record found for 6 in USD, using default values
2025-07-19 10:45:32 - price_service - WARNING - No price record found for 7 in USD, using default values
2025-07-19 10:45:32 - price_service - WARNING - No price record found for 8 in USD, using default values
2025-07-19 10:45:36 - price_service - WARNING - No price record found for 2 in USD, using default values
2025-07-19 10:45:36 - price_service - WARNING - No price record found for 4 in USD, using default values
2025-07-19 10:45:36 - price_service - WARNING - No price record found for 5 in USD, using default values
2025-07-19 10:45:36 - price_service - WARNING - No price record found for 6 in USD, using default values
2025-07-19 10:45:36 - price_service - WARNING - No price record found for 7 in USD, using default values
2025-07-19 10:45:36 - price_service - WARNING - No price record found for 8 in USD, using default values
2025-07-19 10:45:51 - price_service - WARNING - No price record found for 2 in USD, using default values
2025-07-19 10:45:51 - price_service - WARNING - No price record found for 4 in USD, using default values
2025-07-19 10:45:51 - price_service - WARNING - No price record found for 5 in USD, using default values
2025-07-19 10:45:51 - price_service - WARNING - No price record found for 6 in USD, using default values
2025-07-19 10:45:51 - price_service - WARNING - No price record found for 7 in USD, using default values
2025-07-19 10:45:51 - price_service - WARNING - No price record found for 8 in USD, using default values
2025-07-19 10:46:02 - price_service - WARNING - No price record found for 2 in USD, using default values
2025-07-19 10:46:02 - price_service - WARNING - No price record found for 4 in USD, using default values
2025-07-19 10:46:02 - price_service - WARNING - No price record found for 5 in USD, using default values
2025-07-19 10:46:02 - price_service - WARNING - No price record found for 6 in USD, using default values
2025-07-19 10:46:02 - price_service - WARNING - No price record found for 7 in USD, using default values
2025-07-19 10:46:02 - price_service - WARNING - No price record found for 8 in USD, using default values
2025-07-19 10:46:02 - price_service - WARNING - No price record found for 2 in USD, using default values
2025-07-19 10:46:02 - price_service - WARNING - No price record found for 4 in USD, using default values
2025-07-19 10:46:02 - price_service - WARNING - No price record found for 5 in USD, using default values
2025-07-19 10:46:02 - price_service - WARNING - No price record found for 6 in USD, using default values
2025-07-19 10:46:02 - price_service - WARNING - No price record found for 7 in USD, using default values
2025-07-19 10:46:02 - price_service - WARNING - No price record found for 8 in USD, using default values
2025-07-19 10:46:02 - price_service - WARNING - No price record found for 2 in USD, using default values
2025-07-19 10:46:02 - price_service - WARNING - No price record found for 4 in USD, using default values
2025-07-19 10:46:02 - price_service - WARNING - No price record found for 5 in USD, using default values
2025-07-19 10:46:02 - price_service - WARNING - No price record found for 6 in USD, using default values
2025-07-19 10:46:02 - price_service - WARNING - No price record found for 7 in USD, using default values
2025-07-19 10:46:02 - price_service - WARNING - No price record found for 8 in USD, using default values
2025-07-19 10:46:04 - price_service - WARNING - No price record found for 2 in USD, using default values
2025-07-19 10:46:04 - price_service - WARNING - No price record found for 4 in USD, using default values
2025-07-19 10:46:04 - price_service - WARNING - No price record found for 5 in USD, using default values
2025-07-19 10:46:04 - price_service - WARNING - No price record found for 6 in USD, using default values
2025-07-19 10:46:04 - price_service - WARNING - No price record found for 7 in USD, using default values
2025-07-19 10:46:04 - price_service - WARNING - No price record found for 8 in USD, using default values
2025-07-19 10:46:21 - price_service - WARNING - No price record found for 2 in USD, using default values
2025-07-19 10:46:21 - price_service - WARNING - No price record found for 4 in USD, using default values
2025-07-19 10:46:21 - price_service - WARNING - No price record found for 5 in USD, using default values
2025-07-19 10:46:21 - price_service - WARNING - No price record found for 6 in USD, using default values
2025-07-19 10:46:21 - price_service - WARNING - No price record found for 7 in USD, using default values
2025-07-19 10:46:21 - price_service - WARNING - No price record found for 8 in USD, using default values
