2025-07-18 20:32:40 - Recive - DEBUG - Logger initialized for Recive at level DEBUG
2025-07-18 20:32:40 - Recive - INFO - Initializing receive transaction module
2025-07-18 20:32:41 - Recive - INFO - Initializing receive transaction module
2025-07-18 20:33:05 - Recive - DEBUG - Logger initialized for Recive at level DEBUG
2025-07-18 20:33:05 - Recive - INFO - Initializing receive transaction module
2025-07-18 20:33:06 - Recive - INFO - Initializing receive transaction module
2025-07-18 22:14:44 - Recive - WARNING - Blockchain not found for symbol: netcoincapital (normalized: netcoincapital)
2025-07-18 22:14:44 - Recive - WARNING - No address found for user 6e3ef325-23f9-4d54-8100-0931eaa351d5 on blockchain Netcoincapital
2025-07-18 22:14:45 - Recive - WARNING - Blockchain not found for symbol: netcoincapital (normalized: netcoincapital)
2025-07-18 22:14:45 - Recive - WARNING - No address found for user 6e3ef325-23f9-4d54-8100-0931eaa351d5 on blockchain Netcoincapital
2025-07-18 22:14:46 - Recive - WARNING - Blockchain not found for symbol: netcoincapital (normalized: netcoincapital)
2025-07-18 22:14:46 - Recive - WARNING - No address found for user 6e3ef325-23f9-4d54-8100-0931eaa351d5 on blockchain Netcoincapital
2025-07-18 22:14:47 - Recive - WARNING - Blockchain not found for symbol: netcoincapital (normalized: netcoincapital)
2025-07-18 22:14:47 - Recive - WARNING - No address found for user 6e3ef325-23f9-4d54-8100-0931eaa351d5 on blockchain Netcoincapital
2025-07-18 22:14:48 - Recive - WARNING - Blockchain not found for symbol: netcoincapital (normalized: netcoincapital)
2025-07-18 22:14:48 - Recive - WARNING - No address found for user 6e3ef325-23f9-4d54-8100-0931eaa351d5 on blockchain Netcoincapital
2025-07-18 22:14:52 - Recive - WARNING - Blockchain not found for symbol: netcoincapital (normalized: netcoincapital)
2025-07-18 22:14:52 - Recive - WARNING - No address found for user 6e3ef325-23f9-4d54-8100-0931eaa351d5 on blockchain Netcoincapital
2025-07-18 22:14:55 - Recive - WARNING - Blockchain not found for symbol: netcoincapital (normalized: netcoincapital)
2025-07-18 22:14:55 - Recive - WARNING - No address found for user 6e3ef325-23f9-4d54-8100-0931eaa351d5 on blockchain Netcoincapital
2025-07-19 10:40:00 - Recive - ERROR - Error in get_user_address: (mysql.connector.errors.DatabaseError) 2003 (HY000): Can't connect to MySQL server on 'localhost:3306' (111)
(Background on this error at: https://sqlalche.me/e/20/4xp6)
2025-07-19 10:40:00 - Recive - WARNING - No address found for user c1bf9df0-8263-41f1-844f-2e587f9b4050 on blockchain polygon
