2025-07-31 10:30:41 - balance_service - DEBUG - Logger initialized for balance_service at level DEBUG
2025-07-31 10:31:21 - balance_service - DEBUG - Logger initialized for balance_service at level DEBUG
2025-07-31 10:31:51 - balance_service - DEBUG - Logger initialized for balance_service at level DEBUG
2025-07-31 10:32:25 - balance_service - DEBUG - Logger initialized for balance_service at level DEBUG
2025-07-31 10:33:17 - balance_service - DEBUG - Logger initialized for balance_service at level DEBUG
2025-07-31 10:33:54 - balance_service - DEBUG - Logger initialized for balance_service at level DEBUG
2025-07-31 10:34:25 - balance_service - DEBUG - Logger initialized for balance_service at level DEBUG
2025-07-31 10:34:45 - balance_service - DEBUG - Logger initialized for balance_service at level DEBUG
2025-07-31 10:35:01 - balance_service - DEBUG - Logger initialized for balance_service at level DEBUG
2025-07-31 10:35:39 - balance_service - DEBUG - Logger initialized for balance_service at level DEBUG
2025-07-31 10:37:10 - balance_service - DEBUG - Logger initialized for balance_service at level DEBUG
2025-07-31 10:38:08 - balance_service - DEBUG - Logger initialized for balance_service at level DEBUG
2025-07-31 10:38:38 - balance_service - DEBUG - Logger initialized for balance_service at level DEBUG
2025-07-31 10:40:06 - balance_service - DEBUG - Logger initialized for balance_service at level DEBUG
2025-07-31 10:40:09 - balance_service - DEBUG - Logger initialized for balance_service at level DEBUG
2025-07-31 10:40:11 - balance_service - DEBUG - Logger initialized for balance_service at level DEBUG
2025-07-31 10:40:14 - balance_service - DEBUG - Logger initialized for balance_service at level DEBUG
2025-07-31 10:40:16 - balance_service - DEBUG - Logger initialized for balance_service at level DEBUG
2025-07-31 10:40:19 - balance_service - DEBUG - Logger initialized for balance_service at level DEBUG
2025-07-31 10:40:22 - balance_service - DEBUG - Logger initialized for balance_service at level DEBUG
2025-07-31 10:40:24 - balance_service - DEBUG - Logger initialized for balance_service at level DEBUG
2025-07-31 10:40:27 - balance_service - DEBUG - Logger initialized for balance_service at level DEBUG
2025-07-31 10:40:29 - balance_service - DEBUG - Logger initialized for balance_service at level DEBUG
2025-07-31 10:40:32 - balance_service - DEBUG - Logger initialized for balance_service at level DEBUG
2025-07-31 10:40:34 - balance_service - DEBUG - Logger initialized for balance_service at level DEBUG
2025-07-31 10:40:37 - balance_service - DEBUG - Logger initialized for balance_service at level DEBUG
2025-07-31 10:40:39 - balance_service - DEBUG - Logger initialized for balance_service at level DEBUG
2025-07-31 10:40:42 - balance_service - DEBUG - Logger initialized for balance_service at level DEBUG
2025-07-31 10:40:45 - balance_service - DEBUG - Logger initialized for balance_service at level DEBUG
2025-07-31 10:40:47 - balance_service - DEBUG - Logger initialized for balance_service at level DEBUG
2025-07-31 10:40:50 - balance_service - DEBUG - Logger initialized for balance_service at level DEBUG
2025-07-31 10:40:53 - balance_service - DEBUG - Logger initialized for balance_service at level DEBUG
2025-07-31 10:40:55 - balance_service - DEBUG - Logger initialized for balance_service at level DEBUG
2025-07-31 10:40:57 - balance_service - DEBUG - Logger initialized for balance_service at level DEBUG
2025-07-31 10:41:00 - balance_service - DEBUG - Logger initialized for balance_service at level DEBUG
2025-07-31 10:41:03 - balance_service - DEBUG - Logger initialized for balance_service at level DEBUG
2025-07-31 10:41:05 - balance_service - DEBUG - Logger initialized for balance_service at level DEBUG
2025-07-31 10:41:08 - balance_service - DEBUG - Logger initialized for balance_service at level DEBUG
2025-07-31 10:41:10 - balance_service - DEBUG - Logger initialized for balance_service at level DEBUG
2025-07-31 10:41:13 - balance_service - DEBUG - Logger initialized for balance_service at level DEBUG
2025-07-31 10:41:15 - balance_service - DEBUG - Logger initialized for balance_service at level DEBUG
2025-07-31 10:41:18 - balance_service - DEBUG - Logger initialized for balance_service at level DEBUG
2025-07-31 10:41:20 - balance_service - DEBUG - Logger initialized for balance_service at level DEBUG
2025-07-31 10:41:23 - balance_service - DEBUG - Logger initialized for balance_service at level DEBUG
2025-07-31 10:41:25 - balance_service - DEBUG - Logger initialized for balance_service at level DEBUG
2025-07-31 10:41:28 - balance_service - DEBUG - Logger initialized for balance_service at level DEBUG
2025-07-31 10:41:30 - balance_service - DEBUG - Logger initialized for balance_service at level DEBUG
2025-07-31 10:41:33 - balance_service - DEBUG - Logger initialized for balance_service at level DEBUG
2025-07-31 10:41:35 - balance_service - DEBUG - Logger initialized for balance_service at level DEBUG
2025-07-31 10:41:38 - balance_service - DEBUG - Logger initialized for balance_service at level DEBUG
2025-07-31 10:41:40 - balance_service - DEBUG - Logger initialized for balance_service at level DEBUG
2025-07-31 10:41:42 - balance_service - DEBUG - Logger initialized for balance_service at level DEBUG
2025-07-31 10:41:45 - balance_service - DEBUG - Logger initialized for balance_service at level DEBUG
2025-07-31 10:41:47 - balance_service - DEBUG - Logger initialized for balance_service at level DEBUG
2025-07-31 10:41:50 - balance_service - DEBUG - Logger initialized for balance_service at level DEBUG
2025-07-31 10:41:52 - balance_service - DEBUG - Logger initialized for balance_service at level DEBUG
2025-07-31 10:41:55 - balance_service - DEBUG - Logger initialized for balance_service at level DEBUG
2025-07-31 10:41:59 - balance_service - DEBUG - Logger initialized for balance_service at level DEBUG
2025-07-31 10:41:59 - balance_service - DEBUG - Logger initialized for balance_service at level DEBUG
2025-07-31 10:41:59 - balance_service - DEBUG - Logger initialized for balance_service at level DEBUG
2025-07-31 10:42:08 - balance_service - DEBUG - Logger initialized for balance_service at level DEBUG
2025-07-31 10:42:08 - balance_service - DEBUG - Logger initialized for balance_service at level DEBUG
2025-07-31 10:42:08 - balance_service - DEBUG - Logger initialized for balance_service at level DEBUG
2025-07-31 10:55:45 - balance_service - WARNING - No native currency found for blockchain Bitcoin
2025-07-31 10:55:45 - balance_service - WARNING - No native currency found for blockchain Avalanche
2025-07-31 10:55:45 - balance_service - WARNING - No native currency found for blockchain Arbitrum
2025-07-31 10:55:45 - balance_service - WARNING - No native currency found for blockchain Polkadot
2025-07-31 10:55:46 - balance_service - WARNING - خطا در دریافت موجودی TRC20 با API اصلی: 404 - {"timestamp":"2025-07-31T10:55:46.317+00:00","status":404,"error":"Not Found","path":"/v1/accounts/TFvs1Zq5FLtzEfdpp4dBSbbmX9DDuYuUfC/tokens"}
2025-07-31 10:55:46 - balance_service - WARNING - خطا در دریافت موجودی TRC20 با API اصلی: 404 - {"timestamp":"2025-07-31T10:55:46.639+00:00","status":404,"error":"Not Found","path":"/v1/accounts/TFvs1Zq5FLtzEfdpp4dBSbbmX9DDuYuUfC/tokens"}
2025-07-31 10:55:47 - balance_service - ERROR - Error getting EVM token balance on Avalanche: when sending a str, it must be a hex string. Got: 'FvwEAhmxKfeiG8SnEvq42hc6whRyY3EFYAvebMqDNDGCgxN5Z'
Traceback (most recent call last):
  File "/www/wwwroot/coinceeper.com/CC/services/balance_service.py", line 157, in get_token_balance
    address=Web3.to_checksum_address(contract_address),
  File "/www/wwwroot/coinceeper.com/CC/venv/lib64/python3.9/site-packages/web3/main.py", line 268, in to_checksum_address
    return to_checksum_address(value)
  File "/www/wwwroot/coinceeper.com/CC/venv/lib64/python3.9/site-packages/eth_utils/address.py", line 129, in to_checksum_address
    norm_address = to_normalized_address(value)
  File "/www/wwwroot/coinceeper.com/CC/venv/lib64/python3.9/site-packages/eth_utils/address.py", line 73, in to_normalized_address
    hex_address = hexstr_if_str(to_hex, value).lower()
  File "/www/wwwroot/coinceeper.com/CC/venv/lib64/python3.9/site-packages/eth_utils/conversions.py", line 195, in hexstr_if_str
    raise ValueError(
ValueError: when sending a str, it must be a hex string. Got: 'FvwEAhmxKfeiG8SnEvq42hc6whRyY3EFYAvebMqDNDGCgxN5Z'
2025-07-31 10:55:47 - balance_service - WARNING - خطا در دریافت موجودی TRC20 با API اصلی: 404 - {"timestamp":"2025-07-31T10:55:47.076+00:00","status":404,"error":"Not Found","path":"/v1/accounts/TFvs1Zq5FLtzEfdpp4dBSbbmX9DDuYuUfC/tokens"}
2025-07-31 10:55:48 - balance_service - ERROR - خطا در استفاده از API جایگزین 8: HTTPSConnectionPool(host='api.tronstation.io', port=443): Max retries exceeded with url: /v1/accounts/TFvs1Zq5FLtzEfdpp4dBSbbmX9DDuYuUfC/tokens (Caused by NameResolutionError("<urllib3.connection.HTTPSConnection object at 0x7f45687d2f10>: Failed to resolve 'api.tronstation.io' ([Errno -2] Name or service not known)"))
2025-07-31 10:55:48 - balance_service - ERROR - خطا در استفاده از API جایگزین 8: HTTPSConnectionPool(host='api.tronstation.io', port=443): Max retries exceeded with url: /v1/accounts/TFvs1Zq5FLtzEfdpp4dBSbbmX9DDuYuUfC/tokens (Caused by NameResolutionError("<urllib3.connection.HTTPSConnection object at 0x7f45687850a0>: Failed to resolve 'api.tronstation.io' ([Errno -2] Name or service not known)"))
2025-07-31 10:55:49 - balance_service - ERROR - خطا در استفاده از API جایگزین 8: HTTPSConnectionPool(host='api.tronstation.io', port=443): Max retries exceeded with url: /v1/accounts/TFvs1Zq5FLtzEfdpp4dBSbbmX9DDuYuUfC/tokens (Caused by NameResolutionError("<urllib3.connection.HTTPSConnection object at 0x7f457807c160>: Failed to resolve 'api.tronstation.io' ([Errno -2] Name or service not known)"))
2025-07-31 11:17:08 - balance_service - WARNING - No native currency found for blockchain Bitcoin
2025-07-31 11:17:08 - balance_service - WARNING - No native currency found for blockchain Avalanche
2025-07-31 11:17:08 - balance_service - WARNING - No native currency found for blockchain Arbitrum
2025-07-31 11:17:08 - balance_service - WARNING - No native currency found for blockchain Polkadot
2025-07-31 11:17:09 - balance_service - WARNING - خطا در دریافت موجودی TRC20 با API اصلی: 404 - {"timestamp":"2025-07-31T11:17:09.355+00:00","status":404,"error":"Not Found","path":"/v1/accounts/TSz4VTtQ75uSyT9CkjXUqzNjf3FwPD5cAT/tokens"}
2025-07-31 11:17:09 - balance_service - WARNING - خطا در دریافت موجودی TRC20 با API اصلی: 404 - {"timestamp":"2025-07-31T11:17:09.715+00:00","status":404,"error":"Not Found","path":"/v1/accounts/TSz4VTtQ75uSyT9CkjXUqzNjf3FwPD5cAT/tokens"}
2025-07-31 11:17:10 - balance_service - ERROR - Error getting EVM token balance on Avalanche: when sending a str, it must be a hex string. Got: 'FvwEAhmxKfeiG8SnEvq42hc6whRyY3EFYAvebMqDNDGCgxN5Z'
Traceback (most recent call last):
  File "/www/wwwroot/coinceeper.com/CC/services/balance_service.py", line 157, in get_token_balance
    address=Web3.to_checksum_address(contract_address),
  File "/www/wwwroot/coinceeper.com/CC/venv/lib64/python3.9/site-packages/web3/main.py", line 268, in to_checksum_address
    return to_checksum_address(value)
  File "/www/wwwroot/coinceeper.com/CC/venv/lib64/python3.9/site-packages/eth_utils/address.py", line 129, in to_checksum_address
    norm_address = to_normalized_address(value)
  File "/www/wwwroot/coinceeper.com/CC/venv/lib64/python3.9/site-packages/eth_utils/address.py", line 73, in to_normalized_address
    hex_address = hexstr_if_str(to_hex, value).lower()
  File "/www/wwwroot/coinceeper.com/CC/venv/lib64/python3.9/site-packages/eth_utils/conversions.py", line 195, in hexstr_if_str
    raise ValueError(
ValueError: when sending a str, it must be a hex string. Got: 'FvwEAhmxKfeiG8SnEvq42hc6whRyY3EFYAvebMqDNDGCgxN5Z'
2025-07-31 11:17:10 - balance_service - WARNING - خطا در دریافت موجودی TRC20 با API اصلی: 404 - {"timestamp":"2025-07-31T11:17:10.445+00:00","status":404,"error":"Not Found","path":"/v1/accounts/TSz4VTtQ75uSyT9CkjXUqzNjf3FwPD5cAT/tokens"}
2025-07-31 11:17:11 - balance_service - ERROR - خطا در استفاده از API جایگزین 8: HTTPSConnectionPool(host='api.tronstation.io', port=443): Max retries exceeded with url: /v1/accounts/TSz4VTtQ75uSyT9CkjXUqzNjf3FwPD5cAT/tokens (Caused by NameResolutionError("<urllib3.connection.HTTPSConnection object at 0x7f4578178850>: Failed to resolve 'api.tronstation.io' ([Errno -2] Name or service not known)"))
2025-07-31 11:17:11 - balance_service - ERROR - خطا در استفاده از API جایگزین 8: HTTPSConnectionPool(host='api.tronstation.io', port=443): Max retries exceeded with url: /v1/accounts/TSz4VTtQ75uSyT9CkjXUqzNjf3FwPD5cAT/tokens (Caused by NameResolutionError("<urllib3.connection.HTTPSConnection object at 0x7f457927e490>: Failed to resolve 'api.tronstation.io' ([Errno -2] Name or service not known)"))
2025-07-31 11:17:12 - balance_service - ERROR - خطا در استفاده از API جایگزین 8: HTTPSConnectionPool(host='api.tronstation.io', port=443): Max retries exceeded with url: /v1/accounts/TSz4VTtQ75uSyT9CkjXUqzNjf3FwPD5cAT/tokens (Caused by NameResolutionError("<urllib3.connection.HTTPSConnection object at 0x7f457927e340>: Failed to resolve 'api.tronstation.io' ([Errno -2] Name or service not known)"))
2025-07-31 15:05:41 - balance_service - ERROR - Error getting simple user balance: (mysql.connector.errors.DatabaseError) 2003 (HY000): Can't connect to MySQL server on 'localhost:3306' (111)
(Background on this error at: https://sqlalche.me/e/20/4xp6)
2025-07-31 16:11:55 - balance_service - ERROR - Error getting simple user balance: (mysql.connector.errors.DatabaseError) 2003 (HY000): Can't connect to MySQL server on 'localhost:3306' (111)
(Background on this error at: https://sqlalche.me/e/20/4xp6)
2025-07-31 16:11:55 - balance_service - ERROR - Error getting simple user balance: (mysql.connector.errors.DatabaseError) 2003 (HY000): Can't connect to MySQL server on 'localhost:3306' (111)
(Background on this error at: https://sqlalche.me/e/20/4xp6)
2025-07-31 17:19:32 - balance_service - WARNING - No native currency found for blockchain Bitcoin
2025-07-31 17:19:32 - balance_service - WARNING - No native currency found for blockchain Avalanche
2025-07-31 17:19:32 - balance_service - WARNING - No native currency found for blockchain Arbitrum
2025-07-31 17:19:32 - balance_service - WARNING - No native currency found for blockchain Polkadot
2025-07-31 17:19:33 - balance_service - WARNING - خطا در دریافت موجودی TRC20 با API اصلی: 404 - {"timestamp":"2025-07-31T17:19:33.832+00:00","status":404,"error":"Not Found","path":"/v1/accounts/TMwNzqBn8ejegWJfBrQkY3rXXgWzQ9UNRh/tokens"}
2025-07-31 17:19:34 - balance_service - WARNING - خطا در دریافت موجودی TRC20 با API اصلی: 404 - {"timestamp":"2025-07-31T17:19:34.192+00:00","status":404,"error":"Not Found","path":"/v1/accounts/TMwNzqBn8ejegWJfBrQkY3rXXgWzQ9UNRh/tokens"}
2025-07-31 17:19:34 - balance_service - ERROR - Error getting EVM token balance on Avalanche: when sending a str, it must be a hex string. Got: 'FvwEAhmxKfeiG8SnEvq42hc6whRyY3EFYAvebMqDNDGCgxN5Z'
Traceback (most recent call last):
  File "/www/wwwroot/coinceeper.com/CC/services/balance_service.py", line 157, in get_token_balance
    address=Web3.to_checksum_address(contract_address),
  File "/www/wwwroot/coinceeper.com/CC/venv/lib64/python3.9/site-packages/web3/main.py", line 268, in to_checksum_address
    return to_checksum_address(value)
  File "/www/wwwroot/coinceeper.com/CC/venv/lib64/python3.9/site-packages/eth_utils/address.py", line 129, in to_checksum_address
    norm_address = to_normalized_address(value)
  File "/www/wwwroot/coinceeper.com/CC/venv/lib64/python3.9/site-packages/eth_utils/address.py", line 73, in to_normalized_address
    hex_address = hexstr_if_str(to_hex, value).lower()
  File "/www/wwwroot/coinceeper.com/CC/venv/lib64/python3.9/site-packages/eth_utils/conversions.py", line 195, in hexstr_if_str
    raise ValueError(
ValueError: when sending a str, it must be a hex string. Got: 'FvwEAhmxKfeiG8SnEvq42hc6whRyY3EFYAvebMqDNDGCgxN5Z'
2025-07-31 17:19:34 - balance_service - WARNING - خطا در دریافت موجودی TRC20 با API اصلی: 404 - {"timestamp":"2025-07-31T17:19:34.860+00:00","status":404,"error":"Not Found","path":"/v1/accounts/TMwNzqBn8ejegWJfBrQkY3rXXgWzQ9UNRh/tokens"}
2025-07-31 17:19:35 - balance_service - ERROR - خطا در استفاده از API جایگزین 8: HTTPSConnectionPool(host='api.tronstation.io', port=443): Max retries exceeded with url: /v1/accounts/TMwNzqBn8ejegWJfBrQkY3rXXgWzQ9UNRh/tokens (Caused by NameResolutionError("<urllib3.connection.HTTPSConnection object at 0x7f457809fca0>: Failed to resolve 'api.tronstation.io' ([Errno -2] Name or service not known)"))
2025-07-31 17:19:36 - balance_service - ERROR - خطا در استفاده از API جایگزین 8: HTTPSConnectionPool(host='api.tronstation.io', port=443): Max retries exceeded with url: /v1/accounts/TMwNzqBn8ejegWJfBrQkY3rXXgWzQ9UNRh/tokens (Caused by NameResolutionError("<urllib3.connection.HTTPSConnection object at 0x7f456bf9b2e0>: Failed to resolve 'api.tronstation.io' ([Errno -2] Name or service not known)"))
2025-07-31 17:19:36 - balance_service - ERROR - خطا در استفاده از API جایگزین 8: HTTPSConnectionPool(host='api.tronstation.io', port=443): Max retries exceeded with url: /v1/accounts/TMwNzqBn8ejegWJfBrQkY3rXXgWzQ9UNRh/tokens (Caused by NameResolutionError("<urllib3.connection.HTTPSConnection object at 0x7f456bd15c10>: Failed to resolve 'api.tronstation.io' ([Errno -2] Name or service not known)"))
2025-07-31 17:28:40 - balance_service - ERROR - Error getting simple user balance: (mysql.connector.errors.OperationalError) MySQL Connection not available.
[SQL: SELECT users.`UserID` AS `users_UserID`, users.`ID` AS `users_ID`, users.`Email` AS `users_Email`, users.`CreatedAt` AS `users_CreatedAt`, users.`UpdatedAt` AS `users_UpdatedAt`, users.`Device` AS `users_Device`, users.`IP` AS `users_IP` 
FROM users 
WHERE users.`UserID` = %(UserID_1)s 
 LIMIT %(param_1)s]
[parameters: [{}]]
(Background on this error at: https://sqlalche.me/e/20/e3q8)
2025-07-31 17:28:40 - balance_service - ERROR - Error getting simple user balance: (mysql.connector.errors.OperationalError) MySQL Connection not available.
[SQL: SELECT users.`UserID` AS `users_UserID`, users.`ID` AS `users_ID`, users.`Email` AS `users_Email`, users.`CreatedAt` AS `users_CreatedAt`, users.`UpdatedAt` AS `users_UpdatedAt`, users.`Device` AS `users_Device`, users.`IP` AS `users_IP` 
FROM users 
WHERE users.`UserID` = %(UserID_1)s 
 LIMIT %(param_1)s]
[parameters: [{}]]
(Background on this error at: https://sqlalche.me/e/20/e3q8)
2025-07-31 17:28:41 - balance_service - ERROR - Error getting simple user balance: (mysql.connector.errors.DatabaseError) 2003 (HY000): Can't connect to MySQL server on 'localhost:3306' (111)
(Background on this error at: https://sqlalche.me/e/20/4xp6)
2025-07-31 17:28:42 - balance_service - ERROR - Error getting simple user balance: (mysql.connector.errors.DatabaseError) 2003 (HY000): Can't connect to MySQL server on 'localhost:3306' (111)
(Background on this error at: https://sqlalche.me/e/20/4xp6)
2025-07-31 17:28:42 - balance_service - ERROR - Error getting simple user balance: (mysql.connector.errors.DatabaseError) 2003 (HY000): Can't connect to MySQL server on 'localhost:3306' (111)
(Background on this error at: https://sqlalche.me/e/20/4xp6)
2025-07-31 17:28:43 - balance_service - ERROR - Error getting simple user balance: (mysql.connector.errors.DatabaseError) 2003 (HY000): Can't connect to MySQL server on 'localhost:3306' (111)
(Background on this error at: https://sqlalche.me/e/20/4xp6)
2025-07-31 17:28:56 - balance_service - ERROR - Error getting simple user balance: (mysql.connector.errors.OperationalError) MySQL Connection not available.
[SQL: SELECT users.`UserID` AS `users_UserID`, users.`ID` AS `users_ID`, users.`Email` AS `users_Email`, users.`CreatedAt` AS `users_CreatedAt`, users.`UpdatedAt` AS `users_UpdatedAt`, users.`Device` AS `users_Device`, users.`IP` AS `users_IP` 
FROM users 
WHERE users.`UserID` = %(UserID_1)s 
 LIMIT %(param_1)s]
[parameters: [{}]]
(Background on this error at: https://sqlalche.me/e/20/e3q8)
2025-07-31 17:28:57 - balance_service - ERROR - Error getting simple user balance: (mysql.connector.errors.OperationalError) MySQL Connection not available.
[SQL: SELECT users.`UserID` AS `users_UserID`, users.`ID` AS `users_ID`, users.`Email` AS `users_Email`, users.`CreatedAt` AS `users_CreatedAt`, users.`UpdatedAt` AS `users_UpdatedAt`, users.`Device` AS `users_Device`, users.`IP` AS `users_IP` 
FROM users 
WHERE users.`UserID` = %(UserID_1)s 
 LIMIT %(param_1)s]
[parameters: [{}]]
(Background on this error at: https://sqlalche.me/e/20/e3q8)
2025-07-31 17:28:57 - balance_service - ERROR - Error getting simple user balance: (mysql.connector.errors.DatabaseError) 2003 (HY000): Can't connect to MySQL server on 'localhost:3306' (111)
(Background on this error at: https://sqlalche.me/e/20/4xp6)
2025-07-31 17:28:57 - balance_service - ERROR - Error getting simple user balance: (mysql.connector.errors.DatabaseError) 2003 (HY000): Can't connect to MySQL server on 'localhost:3306' (111)
(Background on this error at: https://sqlalche.me/e/20/4xp6)
2025-07-31 20:20:57 - balance_service - WARNING - No native currency found for blockchain Bitcoin
2025-07-31 20:20:57 - balance_service - WARNING - No native currency found for blockchain Avalanche
2025-07-31 20:20:57 - balance_service - WARNING - No native currency found for blockchain Arbitrum
2025-07-31 20:20:57 - balance_service - WARNING - No native currency found for blockchain Polkadot
2025-07-31 20:20:58 - balance_service - WARNING - خطا در دریافت موجودی TRC20 با API اصلی: 404 - {"timestamp":"2025-07-31T20:20:58.303+00:00","status":404,"error":"Not Found","path":"/v1/accounts/TH1Suc3ZjBM8aGH1bhMqoGRyaUjv9PWay5/tokens"}
2025-07-31 20:20:58 - balance_service - WARNING - خطا در دریافت موجودی TRC20 با API اصلی: 404 - {"timestamp":"2025-07-31T20:20:58.570+00:00","status":404,"error":"Not Found","path":"/v1/accounts/TH1Suc3ZjBM8aGH1bhMqoGRyaUjv9PWay5/tokens"}
2025-07-31 20:20:59 - balance_service - ERROR - Error getting EVM token balance on Avalanche: when sending a str, it must be a hex string. Got: 'FvwEAhmxKfeiG8SnEvq42hc6whRyY3EFYAvebMqDNDGCgxN5Z'
Traceback (most recent call last):
  File "/www/wwwroot/coinceeper.com/CC/services/balance_service.py", line 157, in get_token_balance
    address=Web3.to_checksum_address(contract_address),
  File "/www/wwwroot/coinceeper.com/CC/venv/lib64/python3.9/site-packages/web3/main.py", line 268, in to_checksum_address
    return to_checksum_address(value)
  File "/www/wwwroot/coinceeper.com/CC/venv/lib64/python3.9/site-packages/eth_utils/address.py", line 129, in to_checksum_address
    norm_address = to_normalized_address(value)
  File "/www/wwwroot/coinceeper.com/CC/venv/lib64/python3.9/site-packages/eth_utils/address.py", line 73, in to_normalized_address
    hex_address = hexstr_if_str(to_hex, value).lower()
  File "/www/wwwroot/coinceeper.com/CC/venv/lib64/python3.9/site-packages/eth_utils/conversions.py", line 195, in hexstr_if_str
    raise ValueError(
ValueError: when sending a str, it must be a hex string. Got: 'FvwEAhmxKfeiG8SnEvq42hc6whRyY3EFYAvebMqDNDGCgxN5Z'
2025-07-31 20:20:59 - balance_service - WARNING - خطا در دریافت موجودی TRC20 با API اصلی: 404 - {"timestamp":"2025-07-31T20:20:59.086+00:00","status":404,"error":"Not Found","path":"/v1/accounts/TH1Suc3ZjBM8aGH1bhMqoGRyaUjv9PWay5/tokens"}
2025-07-31 20:21:00 - balance_service - ERROR - خطا در استفاده از API جایگزین 8: HTTPSConnectionPool(host='api.tronstation.io', port=443): Max retries exceeded with url: /v1/accounts/TH1Suc3ZjBM8aGH1bhMqoGRyaUjv9PWay5/tokens (Caused by NameResolutionError("<urllib3.connection.HTTPSConnection object at 0x7f457846f9a0>: Failed to resolve 'api.tronstation.io' ([Errno -2] Name or service not known)"))
2025-07-31 20:21:00 - balance_service - ERROR - خطا در استفاده از API جایگزین 8: HTTPSConnectionPool(host='api.tronstation.io', port=443): Max retries exceeded with url: /v1/accounts/TH1Suc3ZjBM8aGH1bhMqoGRyaUjv9PWay5/tokens (Caused by NameResolutionError("<urllib3.connection.HTTPSConnection object at 0x7f45784fb880>: Failed to resolve 'api.tronstation.io' ([Errno -2] Name or service not known)"))
2025-07-31 20:21:01 - balance_service - ERROR - خطا در استفاده از API جایگزین 8: HTTPSConnectionPool(host='api.tronstation.io', port=443): Max retries exceeded with url: /v1/accounts/TH1Suc3ZjBM8aGH1bhMqoGRyaUjv9PWay5/tokens (Caused by NameResolutionError("<urllib3.connection.HTTPSConnection object at 0x7f457847ed30>: Failed to resolve 'api.tronstation.io' ([Errno -2] Name or service not known)"))
2025-07-31 20:24:43 - balance_service - ERROR - Error getting simple user balance: (mysql.connector.errors.DatabaseError) 2003 (HY000): Can't connect to MySQL server on 'localhost:3306' (111)
(Background on this error at: https://sqlalche.me/e/20/4xp6)
2025-07-31 20:24:43 - balance_service - ERROR - Error getting simple user balance: (mysql.connector.errors.DatabaseError) 2003 (HY000): Can't connect to MySQL server on 'localhost:3306' (111)
(Background on this error at: https://sqlalche.me/e/20/4xp6)
2025-07-31 20:24:44 - balance_service - ERROR - Error getting simple user balance: (mysql.connector.errors.DatabaseError) 2003 (HY000): Can't connect to MySQL server on 'localhost:3306' (111)
(Background on this error at: https://sqlalche.me/e/20/4xp6)
2025-07-31 21:52:43 - balance_service - ERROR - Error getting simple user balance: (mysql.connector.errors.DatabaseError) 2003 (HY000): Can't connect to MySQL server on 'localhost:3306' (111)
(Background on this error at: https://sqlalche.me/e/20/4xp6)
2025-08-01 02:55:39 - balance_service - WARNING - No native currency found for blockchain Bitcoin
2025-08-01 02:55:39 - balance_service - WARNING - No native currency found for blockchain Avalanche
2025-08-01 02:55:39 - balance_service - WARNING - No native currency found for blockchain Arbitrum
2025-08-01 02:55:39 - balance_service - WARNING - No native currency found for blockchain Polkadot
2025-08-01 02:55:39 - balance_service - WARNING - خطا در دریافت موجودی TRC20 با API اصلی: 404 - {"timestamp":"2025-08-01T02:55:39.655+00:00","status":404,"error":"Not Found","path":"/v1/accounts/TCCtwzCj6aDR9kQbrZoLDGbYUkayBvtBJR/tokens"}
2025-08-01 02:55:40 - balance_service - WARNING - خطا در دریافت موجودی TRC20 با API اصلی: 404 - {"timestamp":"2025-08-01T02:55:40.045+00:00","status":404,"error":"Not Found","path":"/v1/accounts/TCCtwzCj6aDR9kQbrZoLDGbYUkayBvtBJR/tokens"}
2025-08-01 02:55:40 - balance_service - WARNING - خطا در دریافت موجودی TRC20 با API اصلی: 404 - {"timestamp":"2025-08-01T02:55:40.762+00:00","status":404,"error":"Not Found","path":"/v1/accounts/TCCtwzCj6aDR9kQbrZoLDGbYUkayBvtBJR/tokens"}
2025-08-01 02:55:41 - balance_service - ERROR - Error getting EVM token balance on Avalanche: when sending a str, it must be a hex string. Got: 'FvwEAhmxKfeiG8SnEvq42hc6whRyY3EFYAvebMqDNDGCgxN5Z'
Traceback (most recent call last):
  File "/www/wwwroot/coinceeper.com/CC/services/balance_service.py", line 157, in get_token_balance
    address=Web3.to_checksum_address(contract_address),
  File "/www/wwwroot/coinceeper.com/CC/venv/lib64/python3.9/site-packages/web3/main.py", line 268, in to_checksum_address
    return to_checksum_address(value)
  File "/www/wwwroot/coinceeper.com/CC/venv/lib64/python3.9/site-packages/eth_utils/address.py", line 129, in to_checksum_address
    norm_address = to_normalized_address(value)
  File "/www/wwwroot/coinceeper.com/CC/venv/lib64/python3.9/site-packages/eth_utils/address.py", line 73, in to_normalized_address
    hex_address = hexstr_if_str(to_hex, value).lower()
  File "/www/wwwroot/coinceeper.com/CC/venv/lib64/python3.9/site-packages/eth_utils/conversions.py", line 195, in hexstr_if_str
    raise ValueError(
ValueError: when sending a str, it must be a hex string. Got: 'FvwEAhmxKfeiG8SnEvq42hc6whRyY3EFYAvebMqDNDGCgxN5Z'
2025-08-01 02:55:41 - balance_service - ERROR - خطا در استفاده از API جایگزین 8: HTTPSConnectionPool(host='api.tronstation.io', port=443): Max retries exceeded with url: /v1/accounts/TCCtwzCj6aDR9kQbrZoLDGbYUkayBvtBJR/tokens (Caused by NameResolutionError("<urllib3.connection.HTTPSConnection object at 0x7f45785c5940>: Failed to resolve 'api.tronstation.io' ([Errno -2] Name or service not known)"))
2025-08-01 02:55:42 - balance_service - ERROR - خطا در استفاده از API جایگزین 8: HTTPSConnectionPool(host='api.tronstation.io', port=443): Max retries exceeded with url: /v1/accounts/TCCtwzCj6aDR9kQbrZoLDGbYUkayBvtBJR/tokens (Caused by NameResolutionError("<urllib3.connection.HTTPSConnection object at 0x7f45785e47c0>: Failed to resolve 'api.tronstation.io' ([Errno -2] Name or service not known)"))
2025-08-01 02:55:42 - balance_service - ERROR - خطا در استفاده از API جایگزین 8: HTTPSConnectionPool(host='api.tronstation.io', port=443): Max retries exceeded with url: /v1/accounts/TCCtwzCj6aDR9kQbrZoLDGbYUkayBvtBJR/tokens (Caused by NameResolutionError("<urllib3.connection.HTTPSConnection object at 0x7f45785e4d00>: Failed to resolve 'api.tronstation.io' ([Errno -2] Name or service not known)"))
2025-08-01 04:17:57 - balance_service - ERROR - Error getting simple user balance: (mysql.connector.errors.DatabaseError) 2003 (HY000): Can't connect to MySQL server on 'localhost:3306' (111)
(Background on this error at: https://sqlalche.me/e/20/4xp6)
2025-08-01 04:17:58 - balance_service - ERROR - Error getting simple user balance: (mysql.connector.errors.DatabaseError) 2003 (HY000): Can't connect to MySQL server on 'localhost:3306' (111)
(Background on this error at: https://sqlalche.me/e/20/4xp6)
2025-08-01 04:50:41 - balance_service - ERROR - Error getting simple user balance: (mysql.connector.errors.DatabaseError) 2003 (HY000): Can't connect to MySQL server on 'localhost:3306' (111)
(Background on this error at: https://sqlalche.me/e/20/4xp6)
2025-08-01 04:50:45 - balance_service - ERROR - Error getting simple user balance: (mysql.connector.errors.DatabaseError) 2003 (HY000): Can't connect to MySQL server on 'localhost:3306' (111)
(Background on this error at: https://sqlalche.me/e/20/4xp6)
2025-08-01 04:50:45 - balance_service - ERROR - Error getting simple user balance: (mysql.connector.errors.DatabaseError) 2003 (HY000): Can't connect to MySQL server on 'localhost:3306' (111)
(Background on this error at: https://sqlalche.me/e/20/4xp6)
2025-08-01 04:50:46 - balance_service - ERROR - Error getting simple user balance: (mysql.connector.errors.DatabaseError) 2003 (HY000): Can't connect to MySQL server on 'localhost:3306' (111)
(Background on this error at: https://sqlalche.me/e/20/4xp6)
2025-08-01 04:50:46 - balance_service - ERROR - Error getting simple user balance: (mysql.connector.errors.DatabaseError) 2003 (HY000): Can't connect to MySQL server on 'localhost:3306' (111)
(Background on this error at: https://sqlalche.me/e/20/4xp6)
2025-08-01 04:51:00 - balance_service - ERROR - Error getting simple user balance: (mysql.connector.errors.DatabaseError) 2003 (HY000): Can't connect to MySQL server on 'localhost:3306' (111)
(Background on this error at: https://sqlalche.me/e/20/4xp6)
2025-08-01 06:41:47 - balance_service - WARNING - No native currency found for blockchain Bitcoin
2025-08-01 06:41:47 - balance_service - WARNING - No native currency found for blockchain Avalanche
2025-08-01 06:41:47 - balance_service - WARNING - No native currency found for blockchain Arbitrum
2025-08-01 06:41:47 - balance_service - WARNING - No native currency found for blockchain Polkadot
2025-08-01 06:41:55 - balance_service - WARNING - خطا در دریافت موجودی TRC20 با API اصلی: 404 - {"timestamp":"2025-08-01T06:41:55.498+00:00","status":404,"error":"Not Found","path":"/v1/accounts/TTkqidV3ab7rrRznpPKNLhxsyRgVmk7GNi/tokens"}
2025-08-01 06:41:55 - balance_service - WARNING - خطا در دریافت موجودی TRC20 با API اصلی: 404 - {"timestamp":"2025-08-01T06:41:55.768+00:00","status":404,"error":"Not Found","path":"/v1/accounts/TTkqidV3ab7rrRznpPKNLhxsyRgVmk7GNi/tokens"}
2025-08-01 06:41:56 - balance_service - ERROR - Error getting EVM token balance on Avalanche: when sending a str, it must be a hex string. Got: 'FvwEAhmxKfeiG8SnEvq42hc6whRyY3EFYAvebMqDNDGCgxN5Z'
Traceback (most recent call last):
  File "/www/wwwroot/coinceeper.com/CC/services/balance_service.py", line 157, in get_token_balance
    address=Web3.to_checksum_address(contract_address),
  File "/www/wwwroot/coinceeper.com/CC/venv/lib64/python3.9/site-packages/web3/main.py", line 268, in to_checksum_address
    return to_checksum_address(value)
  File "/www/wwwroot/coinceeper.com/CC/venv/lib64/python3.9/site-packages/eth_utils/address.py", line 129, in to_checksum_address
    norm_address = to_normalized_address(value)
  File "/www/wwwroot/coinceeper.com/CC/venv/lib64/python3.9/site-packages/eth_utils/address.py", line 73, in to_normalized_address
    hex_address = hexstr_if_str(to_hex, value).lower()
  File "/www/wwwroot/coinceeper.com/CC/venv/lib64/python3.9/site-packages/eth_utils/conversions.py", line 195, in hexstr_if_str
    raise ValueError(
ValueError: when sending a str, it must be a hex string. Got: 'FvwEAhmxKfeiG8SnEvq42hc6whRyY3EFYAvebMqDNDGCgxN5Z'
2025-08-01 06:41:56 - balance_service - WARNING - خطا در دریافت موجودی TRC20 با API اصلی: 404 - {"timestamp":"2025-08-01T06:41:56.295+00:00","status":404,"error":"Not Found","path":"/v1/accounts/TTkqidV3ab7rrRznpPKNLhxsyRgVmk7GNi/tokens"}
2025-08-01 06:41:57 - balance_service - ERROR - خطا در استفاده از API جایگزین 8: HTTPSConnectionPool(host='api.tronstation.io', port=443): Max retries exceeded with url: /v1/accounts/TTkqidV3ab7rrRznpPKNLhxsyRgVmk7GNi/tokens (Caused by NameResolutionError("<urllib3.connection.HTTPSConnection object at 0x7f45782449d0>: Failed to resolve 'api.tronstation.io' ([Errno -2] Name or service not known)"))
2025-08-01 06:41:57 - balance_service - ERROR - خطا در استفاده از API جایگزین 8: HTTPSConnectionPool(host='api.tronstation.io', port=443): Max retries exceeded with url: /v1/accounts/TTkqidV3ab7rrRznpPKNLhxsyRgVmk7GNi/tokens (Caused by NameResolutionError("<urllib3.connection.HTTPSConnection object at 0x7f457824c370>: Failed to resolve 'api.tronstation.io' ([Errno -2] Name or service not known)"))
2025-08-01 06:41:58 - balance_service - ERROR - خطا در استفاده از API جایگزین 8: HTTPSConnectionPool(host='api.tronstation.io', port=443): Max retries exceeded with url: /v1/accounts/TTkqidV3ab7rrRznpPKNLhxsyRgVmk7GNi/tokens (Caused by NameResolutionError("<urllib3.connection.HTTPSConnection object at 0x7f4578240100>: Failed to resolve 'api.tronstation.io' ([Errno -2] Name or service not known)"))
2025-08-01 06:51:12 - balance_service - WARNING - No native currency found for blockchain Bitcoin
2025-08-01 06:51:12 - balance_service - WARNING - No native currency found for blockchain Avalanche
2025-08-01 06:51:12 - balance_service - WARNING - No native currency found for blockchain Arbitrum
2025-08-01 06:51:12 - balance_service - WARNING - No native currency found for blockchain Polkadot
2025-08-01 06:51:13 - balance_service - WARNING - خطا در دریافت موجودی TRC20 با API اصلی: 404 - {"timestamp":"2025-08-01T06:51:13.311+00:00","status":404,"error":"Not Found","path":"/v1/accounts/TYpfrBLTGm7GdP3nrsLQi55RCeQY9MHFVR/tokens"}
2025-08-01 06:51:13 - balance_service - WARNING - خطا در دریافت موجودی TRC20 با API اصلی: 404 - {"timestamp":"2025-08-01T06:51:13.629+00:00","status":404,"error":"Not Found","path":"/v1/accounts/TYpfrBLTGm7GdP3nrsLQi55RCeQY9MHFVR/tokens"}
2025-08-01 06:51:13 - balance_service - ERROR - Error getting EVM token balance on Avalanche: when sending a str, it must be a hex string. Got: 'FvwEAhmxKfeiG8SnEvq42hc6whRyY3EFYAvebMqDNDGCgxN5Z'
Traceback (most recent call last):
  File "/www/wwwroot/coinceeper.com/CC/services/balance_service.py", line 157, in get_token_balance
    address=Web3.to_checksum_address(contract_address),
  File "/www/wwwroot/coinceeper.com/CC/venv/lib64/python3.9/site-packages/web3/main.py", line 268, in to_checksum_address
    return to_checksum_address(value)
  File "/www/wwwroot/coinceeper.com/CC/venv/lib64/python3.9/site-packages/eth_utils/address.py", line 129, in to_checksum_address
    norm_address = to_normalized_address(value)
  File "/www/wwwroot/coinceeper.com/CC/venv/lib64/python3.9/site-packages/eth_utils/address.py", line 73, in to_normalized_address
    hex_address = hexstr_if_str(to_hex, value).lower()
  File "/www/wwwroot/coinceeper.com/CC/venv/lib64/python3.9/site-packages/eth_utils/conversions.py", line 195, in hexstr_if_str
    raise ValueError(
ValueError: when sending a str, it must be a hex string. Got: 'FvwEAhmxKfeiG8SnEvq42hc6whRyY3EFYAvebMqDNDGCgxN5Z'
2025-08-01 06:51:14 - balance_service - WARNING - خطا در دریافت موجودی TRC20 با API اصلی: 404 - {"timestamp":"2025-08-01T06:51:14.076+00:00","status":404,"error":"Not Found","path":"/v1/accounts/TYpfrBLTGm7GdP3nrsLQi55RCeQY9MHFVR/tokens"}
2025-08-01 06:51:15 - balance_service - ERROR - خطا در استفاده از API جایگزین 8: HTTPSConnectionPool(host='api.tronstation.io', port=443): Max retries exceeded with url: /v1/accounts/TYpfrBLTGm7GdP3nrsLQi55RCeQY9MHFVR/tokens (Caused by NameResolutionError("<urllib3.connection.HTTPSConnection object at 0x7f45786ccca0>: Failed to resolve 'api.tronstation.io' ([Errno -2] Name or service not known)"))
2025-08-01 06:51:15 - balance_service - ERROR - خطا در استفاده از API جایگزین 8: HTTPSConnectionPool(host='api.tronstation.io', port=443): Max retries exceeded with url: /v1/accounts/TYpfrBLTGm7GdP3nrsLQi55RCeQY9MHFVR/tokens (Caused by NameResolutionError("<urllib3.connection.HTTPSConnection object at 0x7f457871dca0>: Failed to resolve 'api.tronstation.io' ([Errno -2] Name or service not known)"))
2025-08-01 06:51:15 - balance_service - ERROR - خطا در استفاده از API جایگزین 8: HTTPSConnectionPool(host='api.tronstation.io', port=443): Max retries exceeded with url: /v1/accounts/TYpfrBLTGm7GdP3nrsLQi55RCeQY9MHFVR/tokens (Caused by NameResolutionError("<urllib3.connection.HTTPSConnection object at 0x7f457870d1f0>: Failed to resolve 'api.tronstation.io' ([Errno -2] Name or service not known)"))
2025-08-01 06:51:15 - balance_service - WARNING - Error getting token decimals, using default 18: 429 Client Error: Too Many Requests for url: https://mainnet.infura.io/v3/a8ab43a04ce044de988a838d92f478a7
