2025-08-11 07:34:48 - api_key_manager - DEBUG - Logger initialized for api_key_manager at level DEBUG
2025-08-11 07:34:48 - api_key_manager - INFO - Initializing API key manager
2025-08-11 07:34:48 - api_key_manager - DEBUG - Logger initialized for api_key_manager at level DEBUG
2025-08-11 07:34:48 - api_key_manager - INFO - Initializing API key manager
2025-08-11 07:34:48 - api_key_manager - DEBUG - Logger initialized for api_key_manager at level DEBUG
2025-08-11 07:34:48 - api_key_manager - INFO - Initializing API key manager
2025-08-11 07:35:14 - api_key_manager - DEBUG - Logger initialized for api_key_manager at level DEBUG
2025-08-11 07:35:14 - api_key_manager - INFO - Initializing API key manager
2025-08-11 07:35:14 - api_key_manager - DEBUG - Logger initialized for api_key_manager at level DEBUG
2025-08-11 07:35:14 - api_key_manager - INFO - Initializing API key manager
2025-08-11 07:35:14 - api_key_manager - DEBUG - Logger initialized for api_key_manager at level DEBUG
2025-08-11 07:35:14 - api_key_manager - INFO - Initializing API key manager
2025-08-11 12:13:07 - api_key_manager - DEBUG - Logger initialized for api_key_manager at level DEBUG
2025-08-11 12:13:07 - api_key_manager - INFO - Initializing API key manager
2025-08-11 12:13:08 - api_key_manager - DEBUG - Logger initialized for api_key_manager at level DEBUG
2025-08-11 12:13:08 - api_key_manager - INFO - Initializing API key manager
2025-08-11 12:13:08 - api_key_manager - DEBUG - Logger initialized for api_key_manager at level DEBUG
2025-08-11 12:13:08 - api_key_manager - INFO - Initializing API key manager
2025-08-11 12:46:45 - api_key_manager - DEBUG - Logger initialized for api_key_manager at level DEBUG
2025-08-11 12:46:45 - api_key_manager - INFO - Initializing API key manager
2025-08-11 12:46:47 - api_key_manager - INFO - Loaded 28 CoinMarketCap API keys
2025-08-11 12:46:47 - api_key_manager - DEBUG - Selected API key for coinmarketcap: 8cabe14b...
2025-08-11 12:46:49 - api_key_manager - DEBUG - Logger initialized for api_key_manager at level DEBUG
2025-08-11 12:46:49 - api_key_manager - INFO - Initializing API key manager
2025-08-11 12:46:50 - api_key_manager - INFO - Loaded 28 CoinMarketCap API keys
2025-08-11 12:46:50 - api_key_manager - DEBUG - Selected API key for coinmarketcap: 3949a597...
2025-08-11 12:46:52 - api_key_manager - DEBUG - Selected API key for coinmarketcap: 3949a597...
2025-08-11 12:46:53 - api_key_manager - DEBUG - Logger initialized for api_key_manager at level DEBUG
2025-08-11 12:46:53 - api_key_manager - INFO - Initializing API key manager
2025-08-11 12:46:54 - api_key_manager - DEBUG - Logger initialized for api_key_manager at level DEBUG
2025-08-11 12:46:54 - api_key_manager - INFO - Initializing API key manager
2025-08-11 12:46:55 - api_key_manager - INFO - Loaded 28 CoinMarketCap API keys
2025-08-11 12:46:55 - api_key_manager - DEBUG - Selected API key for coinmarketcap: d5a0c29f...
2025-08-11 12:46:57 - api_key_manager - DEBUG - Selected API key for coinmarketcap: 9e840a2e...
2025-08-11 12:47:01 - api_key_manager - DEBUG - Selected API key for coinmarketcap: 8cabe14b...
2025-08-11 12:47:07 - api_key_manager - DEBUG - Selected API key for coinmarketcap: 3949a597...
2025-08-11 12:47:07 - api_key_manager - DEBUG - Selected API key for coinmarketcap: 32822298...
2025-08-11 12:47:12 - api_key_manager - DEBUG - Selected API key for coinmarketcap: 11c6a14b...
2025-08-11 12:47:12 - api_key_manager - DEBUG - Selected API key for coinmarketcap: a1afa999...
2025-08-11 12:47:12 - api_key_manager - DEBUG - Selected API key for coinmarketcap: 1b2949ee...
2025-08-11 12:47:16 - api_key_manager - DEBUG - Selected API key for coinmarketcap: e4938def...
2025-08-11 12:47:16 - api_key_manager - DEBUG - Selected API key for coinmarketcap: a1afa999...
2025-08-11 12:47:17 - api_key_manager - DEBUG - Selected API key for coinmarketcap: 01b554da...
2025-08-11 12:47:21 - api_key_manager - DEBUG - Selected API key for coinmarketcap: 7f7ce154...
2025-08-11 12:47:28 - api_key_manager - DEBUG - Selected API key for coinmarketcap: 01b554da...
2025-08-11 12:47:28 - api_key_manager - DEBUG - Selected API key for coinmarketcap: 3949a597...
2025-08-11 12:47:32 - api_key_manager - DEBUG - Selected API key for coinmarketcap: 3949a597...
2025-08-11 12:47:32 - api_key_manager - DEBUG - Selected API key for coinmarketcap: 54271eb9...
2025-08-11 12:47:33 - api_key_manager - DEBUG - Selected API key for coinmarketcap: 3949a597...
2025-08-11 12:47:36 - api_key_manager - DEBUG - Selected API key for coinmarketcap: 8cabe14b...
2025-08-11 12:47:36 - api_key_manager - DEBUG - Selected API key for coinmarketcap: 3949a597...
2025-08-11 12:47:38 - api_key_manager - DEBUG - Selected API key for coinmarketcap: 3949a597...
2025-08-11 12:47:41 - api_key_manager - DEBUG - Selected API key for coinmarketcap: 93a1eb9c...
2025-08-11 12:47:48 - api_key_manager - DEBUG - Selected API key for coinmarketcap: 8cabe14b...
2025-08-11 12:47:48 - api_key_manager - DEBUG - Selected API key for coinmarketcap: fd4b869f...
2025-08-11 12:47:53 - api_key_manager - DEBUG - Selected API key for coinmarketcap: 1b2949ee...
2025-08-11 12:47:53 - api_key_manager - DEBUG - Selected API key for coinmarketcap: 3949a597...
2025-08-11 12:47:53 - api_key_manager - DEBUG - Selected API key for coinmarketcap: 32822298...
2025-08-11 12:47:56 - api_key_manager - DEBUG - Selected API key for coinmarketcap: 3ca91db4...
2025-08-11 12:47:56 - api_key_manager - DEBUG - Selected API key for coinmarketcap: e4938def...
2025-08-11 12:47:58 - api_key_manager - DEBUG - Selected API key for coinmarketcap: 3949a597...
2025-08-11 12:48:08 - api_key_manager - DEBUG - Selected API key for coinmarketcap: 0d216d8a...
2025-08-11 12:48:09 - api_key_manager - DEBUG - Selected API key for coinmarketcap: bbae831b...
2025-08-11 12:48:13 - api_key_manager - DEBUG - Logger initialized for api_key_manager at level DEBUG
2025-08-11 12:48:13 - api_key_manager - INFO - Initializing API key manager
2025-08-11 12:48:13 - api_key_manager - DEBUG - Selected API key for coinmarketcap: 0d216d8a...
2025-08-11 12:48:13 - api_key_manager - DEBUG - Selected API key for coinmarketcap: e4938def...
2025-08-11 12:48:14 - api_key_manager - DEBUG - Selected API key for coinmarketcap: 3949a597...
2025-08-11 12:48:18 - api_key_manager - DEBUG - Selected API key for coinmarketcap: 3949a597...
2025-08-11 12:48:29 - api_key_manager - DEBUG - Selected API key for coinmarketcap: 93a1eb9c...
2025-08-11 12:48:29 - api_key_manager - DEBUG - Selected API key for coinmarketcap: 41ad37a0...
2025-08-11 12:48:33 - api_key_manager - DEBUG - Selected API key for coinmarketcap: 3949a597...
2025-08-11 12:48:34 - api_key_manager - DEBUG - Selected API key for coinmarketcap: fd4b869f...
2025-08-11 12:48:34 - api_key_manager - DEBUG - Selected API key for coinmarketcap: be1e1502...
2025-08-11 12:48:39 - api_key_manager - DEBUG - Selected API key for coinmarketcap: be1e1502...
2025-08-11 12:48:45 - api_key_manager - DEBUG - Logger initialized for api_key_manager at level DEBUG
2025-08-11 12:48:45 - api_key_manager - INFO - Initializing API key manager
2025-08-11 12:48:49 - api_key_manager - DEBUG - Selected API key for coinmarketcap: 7f7ce154...
2025-08-11 12:48:49 - api_key_manager - DEBUG - Selected API key for coinmarketcap: 3949a597...
2025-08-11 12:48:54 - api_key_manager - DEBUG - Selected API key for coinmarketcap: 32822298...
2025-08-11 12:48:54 - api_key_manager - DEBUG - Selected API key for coinmarketcap: 41ad37a0...
2025-08-11 12:48:54 - api_key_manager - DEBUG - Selected API key for coinmarketcap: 7f7ce154...
2025-08-11 12:48:59 - api_key_manager - DEBUG - Selected API key for coinmarketcap: 3949a597...
2025-08-11 12:49:09 - api_key_manager - DEBUG - Selected API key for coinmarketcap: 0d216d8a...
2025-08-11 12:49:10 - api_key_manager - DEBUG - Selected API key for coinmarketcap: e4938def...
2025-08-11 12:49:14 - api_key_manager - DEBUG - Selected API key for coinmarketcap: 11c6a14b...
2025-08-11 12:49:14 - api_key_manager - DEBUG - Selected API key for coinmarketcap: 3ca91db4...
2025-08-11 12:49:15 - api_key_manager - DEBUG - Selected API key for coinmarketcap: 9e840a2e...
2025-08-11 12:49:19 - api_key_manager - DEBUG - Selected API key for coinmarketcap: 32822298...
2025-08-11 12:49:30 - api_key_manager - DEBUG - Selected API key for coinmarketcap: 3949a597...
2025-08-11 12:49:30 - api_key_manager - DEBUG - Selected API key for coinmarketcap: 11c6a14b...
2025-08-11 12:49:35 - api_key_manager - DEBUG - Selected API key for coinmarketcap: 7f7ce154...
2025-08-11 12:49:35 - api_key_manager - DEBUG - Selected API key for coinmarketcap: 93a1eb9c...
2025-08-11 12:49:35 - api_key_manager - DEBUG - Selected API key for coinmarketcap: 11c6a14b...
2025-08-11 12:49:40 - api_key_manager - DEBUG - Selected API key for coinmarketcap: 93a1eb9c...
2025-08-11 12:49:50 - api_key_manager - DEBUG - Selected API key for coinmarketcap: 41ad37a0...
2025-08-11 12:49:50 - api_key_manager - DEBUG - Selected API key for coinmarketcap: 9e840a2e...
2025-08-11 12:49:55 - api_key_manager - DEBUG - Selected API key for coinmarketcap: 3949a597...
2025-08-11 12:49:55 - api_key_manager - DEBUG - Selected API key for coinmarketcap: c723bbf3...
2025-08-11 12:49:55 - api_key_manager - DEBUG - Selected API key for coinmarketcap: a748f24b...
2025-08-11 12:50:00 - api_key_manager - DEBUG - Selected API key for coinmarketcap: 3949a597...
2025-08-11 12:50:06 - api_key_manager - DEBUG - Logger initialized for api_key_manager at level DEBUG
2025-08-11 12:50:06 - api_key_manager - INFO - Initializing API key manager
2025-08-11 12:50:11 - api_key_manager - DEBUG - Selected API key for coinmarketcap: c723bbf3...
2025-08-11 12:50:11 - api_key_manager - DEBUG - Selected API key for coinmarketcap: 54271eb9...
2025-08-11 12:50:15 - api_key_manager - DEBUG - Selected API key for coinmarketcap: 93a1eb9c...
2025-08-11 12:50:15 - api_key_manager - DEBUG - Selected API key for coinmarketcap: 3949a597...
2025-08-11 12:50:16 - api_key_manager - DEBUG - Selected API key for coinmarketcap: c723bbf3...
2025-08-11 12:50:20 - api_key_manager - DEBUG - Selected API key for coinmarketcap: 3949a597...
2025-08-11 12:50:31 - api_key_manager - DEBUG - Selected API key for coinmarketcap: 7f7ce154...
2025-08-11 12:50:31 - api_key_manager - DEBUG - Selected API key for coinmarketcap: 01b554da...
2025-08-11 12:50:36 - api_key_manager - DEBUG - Selected API key for coinmarketcap: be1e1502...
2025-08-11 12:50:36 - api_key_manager - DEBUG - Selected API key for coinmarketcap: 54271eb9...
2025-08-11 12:50:36 - api_key_manager - DEBUG - Selected API key for coinmarketcap: 32822298...
2025-08-11 12:50:41 - api_key_manager - DEBUG - Selected API key for coinmarketcap: 01b554da...
2025-08-11 12:50:51 - api_key_manager - DEBUG - Selected API key for coinmarketcap: 41ad37a0...
2025-08-11 12:50:51 - api_key_manager - DEBUG - Selected API key for coinmarketcap: 93a1eb9c...
2025-08-11 12:50:56 - api_key_manager - DEBUG - Selected API key for coinmarketcap: d5a0c29f...
2025-08-11 12:50:56 - api_key_manager - DEBUG - Selected API key for coinmarketcap: e4938def...
2025-08-11 12:50:56 - api_key_manager - DEBUG - Selected API key for coinmarketcap: 3ca91db4...
2025-08-11 12:51:01 - api_key_manager - DEBUG - Selected API key for coinmarketcap: be1e1502...
2025-08-11 12:51:01 - api_key_manager - DEBUG - Selected API key for coinmarketcap: 01b554da...
2025-08-11 12:51:06 - api_key_manager - DEBUG - Selected API key for coinmarketcap: 93a1eb9c...
2025-08-11 12:51:12 - api_key_manager - DEBUG - Selected API key for coinmarketcap: 3ca91db4...
2025-08-11 12:51:12 - api_key_manager - DEBUG - Selected API key for coinmarketcap: 3949a597...
2025-08-11 12:51:17 - api_key_manager - DEBUG - Selected API key for coinmarketcap: 0d216d8a...
2025-08-11 12:51:17 - api_key_manager - DEBUG - Selected API key for coinmarketcap: c723bbf3...
2025-08-11 12:51:21 - api_key_manager - DEBUG - Selected API key for coinmarketcap: 3949a597...
2025-08-11 12:51:21 - api_key_manager - DEBUG - Selected API key for coinmarketcap: 1b2949ee...
2025-08-11 12:51:22 - api_key_manager - DEBUG - Selected API key for coinmarketcap: 3949a597...
2025-08-11 12:51:27 - api_key_manager - DEBUG - Selected API key for coinmarketcap: 3949a597...
2025-08-11 12:51:37 - api_key_manager - DEBUG - Selected API key for coinmarketcap: 3949a597...
2025-08-11 12:51:37 - api_key_manager - DEBUG - Selected API key for coinmarketcap: 7f7ce154...
2025-08-11 12:51:42 - api_key_manager - DEBUG - Selected API key for coinmarketcap: 3ca91db4...
2025-08-11 12:51:42 - api_key_manager - DEBUG - Selected API key for coinmarketcap: e4938def...
2025-08-11 12:51:43 - api_key_manager - DEBUG - Selected API key for coinmarketcap: e4938def...
2025-08-11 12:51:47 - api_key_manager - DEBUG - Selected API key for coinmarketcap: 7f7ce154...
2025-08-11 12:51:58 - api_key_manager - DEBUG - Selected API key for coinmarketcap: a748f24b...
2025-08-11 12:51:58 - api_key_manager - DEBUG - Selected API key for coinmarketcap: 3949a597...
2025-08-11 12:52:02 - api_key_manager - DEBUG - Selected API key for coinmarketcap: 0d216d8a...
2025-08-11 12:52:02 - api_key_manager - DEBUG - Selected API key for coinmarketcap: bbae831b...
2025-08-11 12:52:03 - api_key_manager - DEBUG - Selected API key for coinmarketcap: d5a0c29f...
2025-08-11 12:52:03 - api_key_manager - DEBUG - Selected API key for coinmarketcap: e4938def...
2025-08-11 12:52:07 - api_key_manager - DEBUG - Selected API key for coinmarketcap: 1b2949ee...
2025-08-11 12:52:08 - api_key_manager - DEBUG - Selected API key for coinmarketcap: 3949a597...
2025-08-11 13:42:40 - api_key_manager - DEBUG - Logger initialized for api_key_manager at level DEBUG
2025-08-11 13:42:40 - api_key_manager - INFO - Initializing API key manager
2025-08-11 13:44:48 - api_key_manager - DEBUG - Logger initialized for api_key_manager at level DEBUG
2025-08-11 13:44:48 - api_key_manager - INFO - Initializing API key manager
2025-08-11 13:44:48 - api_key_manager - DEBUG - Logger initialized for api_key_manager at level DEBUG
2025-08-11 13:44:48 - api_key_manager - INFO - Initializing API key manager
2025-08-11 14:07:58 - api_key_manager - DEBUG - Logger initialized for api_key_manager at level DEBUG
2025-08-11 14:07:58 - api_key_manager - INFO - Initializing API key manager
2025-08-11 14:10:04 - api_key_manager - DEBUG - Logger initialized for api_key_manager at level DEBUG
2025-08-11 14:10:04 - api_key_manager - INFO - Initializing API key manager
2025-08-11 14:10:04 - api_key_manager - DEBUG - Logger initialized for api_key_manager at level DEBUG
2025-08-11 14:10:04 - api_key_manager - INFO - Initializing API key manager
2025-08-11 14:12:53 - api_key_manager - DEBUG - Logger initialized for api_key_manager at level DEBUG
2025-08-11 14:12:53 - api_key_manager - INFO - Initializing API key manager
2025-08-11 14:15:07 - api_key_manager - DEBUG - Logger initialized for api_key_manager at level DEBUG
2025-08-11 14:15:07 - api_key_manager - INFO - Initializing API key manager
2025-08-11 14:17:10 - api_key_manager - DEBUG - Logger initialized for api_key_manager at level DEBUG
2025-08-11 14:17:10 - api_key_manager - INFO - Initializing API key manager
2025-08-11 14:24:16 - api_key_manager - DEBUG - Logger initialized for api_key_manager at level DEBUG
2025-08-11 14:24:16 - api_key_manager - INFO - Initializing API key manager
2025-08-11 14:25:17 - api_key_manager - DEBUG - Logger initialized for api_key_manager at level DEBUG
2025-08-11 14:25:17 - api_key_manager - INFO - Initializing API key manager
2025-08-11 14:26:19 - api_key_manager - DEBUG - Logger initialized for api_key_manager at level DEBUG
2025-08-11 14:26:19 - api_key_manager - INFO - Initializing API key manager
2025-08-11 14:31:22 - api_key_manager - DEBUG - Logger initialized for api_key_manager at level DEBUG
2025-08-11 14:31:22 - api_key_manager - INFO - Initializing API key manager
2025-08-11 14:32:27 - api_key_manager - DEBUG - Logger initialized for api_key_manager at level DEBUG
2025-08-11 14:32:27 - api_key_manager - INFO - Initializing API key manager
2025-08-11 14:33:25 - api_key_manager - DEBUG - Logger initialized for api_key_manager at level DEBUG
2025-08-11 14:33:25 - api_key_manager - INFO - Initializing API key manager
2025-08-11 14:34:15 - api_key_manager - DEBUG - Logger initialized for api_key_manager at level DEBUG
2025-08-11 14:34:15 - api_key_manager - INFO - Initializing API key manager
2025-08-11 14:43:15 - api_key_manager - DEBUG - Logger initialized for api_key_manager at level DEBUG
2025-08-11 14:43:15 - api_key_manager - INFO - Initializing API key manager
2025-08-11 15:00:06 - api_key_manager - DEBUG - Logger initialized for api_key_manager at level DEBUG
2025-08-11 15:00:06 - api_key_manager - INFO - Initializing API key manager
2025-08-11 15:00:06 - api_key_manager - DEBUG - Logger initialized for api_key_manager at level DEBUG
2025-08-11 15:00:06 - api_key_manager - INFO - Initializing API key manager
2025-08-11 15:00:10 - api_key_manager - DEBUG - Logger initialized for api_key_manager at level DEBUG
2025-08-11 15:00:10 - api_key_manager - INFO - Initializing API key manager
2025-08-11 15:05:14 - api_key_manager - DEBUG - Logger initialized for api_key_manager at level DEBUG
2025-08-11 15:05:14 - api_key_manager - INFO - Initializing API key manager
2025-08-11 15:07:12 - api_key_manager - DEBUG - Logger initialized for api_key_manager at level DEBUG
2025-08-11 15:07:12 - api_key_manager - INFO - Initializing API key manager
2025-08-11 15:07:12 - api_key_manager - DEBUG - Logger initialized for api_key_manager at level DEBUG
2025-08-11 15:07:12 - api_key_manager - INFO - Initializing API key manager
2025-08-11 15:12:19 - api_key_manager - DEBUG - Logger initialized for api_key_manager at level DEBUG
2025-08-11 15:12:19 - api_key_manager - INFO - Initializing API key manager
2025-08-11 15:16:46 - api_key_manager - DEBUG - Logger initialized for api_key_manager at level DEBUG
2025-08-11 15:16:46 - api_key_manager - INFO - Initializing API key manager
2025-08-11 15:17:27 - api_key_manager - DEBUG - Logger initialized for api_key_manager at level DEBUG
2025-08-11 15:17:27 - api_key_manager - INFO - Initializing API key manager
2025-08-11 15:17:35 - api_key_manager - DEBUG - Logger initialized for api_key_manager at level DEBUG
2025-08-11 15:17:35 - api_key_manager - INFO - Initializing API key manager
2025-08-11 15:23:52 - api_key_manager - DEBUG - Logger initialized for api_key_manager at level DEBUG
2025-08-11 15:23:52 - api_key_manager - INFO - Initializing API key manager
2025-08-11 15:24:33 - api_key_manager - DEBUG - Logger initialized for api_key_manager at level DEBUG
2025-08-11 15:24:33 - api_key_manager - INFO - Initializing API key manager
2025-08-11 15:24:41 - api_key_manager - DEBUG - Logger initialized for api_key_manager at level DEBUG
2025-08-11 15:24:41 - api_key_manager - INFO - Initializing API key manager
2025-08-11 15:30:58 - api_key_manager - DEBUG - Logger initialized for api_key_manager at level DEBUG
2025-08-11 15:30:58 - api_key_manager - INFO - Initializing API key manager
2025-08-11 15:31:39 - api_key_manager - DEBUG - Logger initialized for api_key_manager at level DEBUG
2025-08-11 15:31:39 - api_key_manager - INFO - Initializing API key manager
2025-08-11 15:31:47 - api_key_manager - DEBUG - Logger initialized for api_key_manager at level DEBUG
2025-08-11 15:31:47 - api_key_manager - INFO - Initializing API key manager
2025-08-11 15:38:04 - api_key_manager - DEBUG - Logger initialized for api_key_manager at level DEBUG
2025-08-11 15:38:04 - api_key_manager - INFO - Initializing API key manager
2025-08-11 15:38:45 - api_key_manager - DEBUG - Logger initialized for api_key_manager at level DEBUG
2025-08-11 15:38:45 - api_key_manager - INFO - Initializing API key manager
2025-08-11 15:38:53 - api_key_manager - DEBUG - Logger initialized for api_key_manager at level DEBUG
2025-08-11 15:38:53 - api_key_manager - INFO - Initializing API key manager
2025-08-11 15:45:10 - api_key_manager - DEBUG - Logger initialized for api_key_manager at level DEBUG
2025-08-11 15:45:10 - api_key_manager - INFO - Initializing API key manager
2025-08-11 15:45:51 - api_key_manager - DEBUG - Logger initialized for api_key_manager at level DEBUG
2025-08-11 15:45:51 - api_key_manager - INFO - Initializing API key manager
2025-08-11 15:45:59 - api_key_manager - DEBUG - Logger initialized for api_key_manager at level DEBUG
2025-08-11 15:45:59 - api_key_manager - INFO - Initializing API key manager
2025-08-11 15:52:36 - api_key_manager - DEBUG - Logger initialized for api_key_manager at level DEBUG
2025-08-11 15:52:36 - api_key_manager - INFO - Initializing API key manager
2025-08-11 16:24:45 - api_key_manager - DEBUG - Logger initialized for api_key_manager at level DEBUG
2025-08-11 16:24:45 - api_key_manager - INFO - Initializing API key manager
2025-08-11 16:24:45 - api_key_manager - DEBUG - Logger initialized for api_key_manager at level DEBUG
2025-08-11 16:24:45 - api_key_manager - INFO - Initializing API key manager
2025-08-11 16:24:45 - api_key_manager - DEBUG - Logger initialized for api_key_manager at level DEBUG
2025-08-11 16:24:45 - api_key_manager - INFO - Initializing API key manager
2025-08-11 16:31:51 - api_key_manager - DEBUG - Logger initialized for api_key_manager at level DEBUG
2025-08-11 16:31:51 - api_key_manager - INFO - Initializing API key manager
2025-08-11 16:31:51 - api_key_manager - DEBUG - Logger initialized for api_key_manager at level DEBUG
2025-08-11 16:31:51 - api_key_manager - INFO - Initializing API key manager
2025-08-11 16:31:51 - api_key_manager - DEBUG - Logger initialized for api_key_manager at level DEBUG
2025-08-11 16:31:51 - api_key_manager - INFO - Initializing API key manager
2025-08-11 16:38:57 - api_key_manager - DEBUG - Logger initialized for api_key_manager at level DEBUG
2025-08-11 16:38:57 - api_key_manager - INFO - Initializing API key manager
2025-08-11 16:38:57 - api_key_manager - DEBUG - Logger initialized for api_key_manager at level DEBUG
2025-08-11 16:38:57 - api_key_manager - INFO - Initializing API key manager
2025-08-11 16:39:01 - api_key_manager - DEBUG - Logger initialized for api_key_manager at level DEBUG
2025-08-11 16:39:01 - api_key_manager - INFO - Initializing API key manager
2025-08-11 16:44:09 - api_key_manager - DEBUG - Logger initialized for api_key_manager at level DEBUG
2025-08-11 16:44:09 - api_key_manager - INFO - Initializing API key manager
2025-08-11 16:46:07 - api_key_manager - DEBUG - Logger initialized for api_key_manager at level DEBUG
2025-08-11 16:46:07 - api_key_manager - INFO - Initializing API key manager
2025-08-11 16:46:11 - api_key_manager - DEBUG - Logger initialized for api_key_manager at level DEBUG
2025-08-11 16:46:11 - api_key_manager - INFO - Initializing API key manager
2025-08-11 16:51:15 - api_key_manager - DEBUG - Logger initialized for api_key_manager at level DEBUG
2025-08-11 16:51:15 - api_key_manager - INFO - Initializing API key manager
2025-08-11 16:51:56 - api_key_manager - DEBUG - Logger initialized for api_key_manager at level DEBUG
2025-08-11 16:51:56 - api_key_manager - INFO - Initializing API key manager
2025-08-11 16:53:13 - api_key_manager - DEBUG - Logger initialized for api_key_manager at level DEBUG
2025-08-11 16:53:13 - api_key_manager - INFO - Initializing API key manager
2025-08-11 16:56:53 - api_key_manager - DEBUG - Logger initialized for api_key_manager at level DEBUG
2025-08-11 16:56:53 - api_key_manager - INFO - Initializing API key manager
2025-08-11 16:58:21 - api_key_manager - DEBUG - Logger initialized for api_key_manager at level DEBUG
2025-08-11 16:58:21 - api_key_manager - INFO - Initializing API key manager
2025-08-11 17:00:19 - api_key_manager - DEBUG - Logger initialized for api_key_manager at level DEBUG
2025-08-11 17:00:19 - api_key_manager - INFO - Initializing API key manager
2025-08-11 17:07:01 - api_key_manager - DEBUG - Logger initialized for api_key_manager at level DEBUG
2025-08-11 17:07:01 - api_key_manager - INFO - Initializing API key manager
2025-08-11 17:07:01 - api_key_manager - DEBUG - Logger initialized for api_key_manager at level DEBUG
2025-08-11 17:07:01 - api_key_manager - INFO - Initializing API key manager
2025-08-11 17:07:01 - api_key_manager - DEBUG - Logger initialized for api_key_manager at level DEBUG
2025-08-11 17:07:01 - api_key_manager - INFO - Initializing API key manager
2025-08-11 17:12:12 - api_key_manager - DEBUG - Logger initialized for api_key_manager at level DEBUG
2025-08-11 17:12:12 - api_key_manager - INFO - Initializing API key manager
2025-08-11 17:14:07 - api_key_manager - DEBUG - Logger initialized for api_key_manager at level DEBUG
2025-08-11 17:14:07 - api_key_manager - INFO - Initializing API key manager
2025-08-11 17:14:07 - api_key_manager - DEBUG - Logger initialized for api_key_manager at level DEBUG
2025-08-11 17:14:07 - api_key_manager - INFO - Initializing API key manager
2025-08-11 17:18:25 - api_key_manager - DEBUG - Logger initialized for api_key_manager at level DEBUG
2025-08-11 17:18:25 - api_key_manager - INFO - Initializing API key manager
2025-08-11 17:21:17 - api_key_manager - DEBUG - Logger initialized for api_key_manager at level DEBUG
2025-08-11 17:21:17 - api_key_manager - INFO - Initializing API key manager
2025-08-11 17:23:20 - api_key_manager - DEBUG - Logger initialized for api_key_manager at level DEBUG
2025-08-11 17:23:20 - api_key_manager - INFO - Initializing API key manager
2025-08-11 17:23:20 - api_key_manager - DEBUG - Logger initialized for api_key_manager at level DEBUG
2025-08-11 17:23:20 - api_key_manager - INFO - Initializing API key manager
2025-08-11 17:26:20 - api_key_manager - DEBUG - Logger initialized for api_key_manager at level DEBUG
2025-08-11 17:26:20 - api_key_manager - INFO - Initializing API key manager
2025-08-11 17:29:24 - api_key_manager - DEBUG - Logger initialized for api_key_manager at level DEBUG
2025-08-11 17:29:24 - api_key_manager - INFO - Initializing API key manager
2025-08-11 17:31:42 - api_key_manager - DEBUG - Logger initialized for api_key_manager at level DEBUG
2025-08-11 17:31:42 - api_key_manager - INFO - Initializing API key manager
2025-08-11 17:33:53 - api_key_manager - DEBUG - Logger initialized for api_key_manager at level DEBUG
2025-08-11 17:33:53 - api_key_manager - INFO - Initializing API key manager
2025-08-11 17:36:04 - api_key_manager - DEBUG - Logger initialized for api_key_manager at level DEBUG
2025-08-11 17:36:04 - api_key_manager - INFO - Initializing API key manager
2025-08-11 17:36:40 - api_key_manager - DEBUG - Logger initialized for api_key_manager at level DEBUG
2025-08-11 17:36:40 - api_key_manager - INFO - Initializing API key manager
2025-08-11 17:36:40 - api_key_manager - DEBUG - Logger initialized for api_key_manager at level DEBUG
2025-08-11 17:36:40 - api_key_manager - INFO - Initializing API key manager
2025-08-11 17:36:40 - api_key_manager - DEBUG - Logger initialized for api_key_manager at level DEBUG
2025-08-11 17:36:40 - api_key_manager - INFO - Initializing API key manager
2025-08-11 17:38:15 - api_key_manager - DEBUG - Logger initialized for api_key_manager at level DEBUG
2025-08-11 17:38:15 - api_key_manager - INFO - Initializing API key manager
2025-08-11 17:40:27 - api_key_manager - DEBUG - Logger initialized for api_key_manager at level DEBUG
2025-08-11 17:40:27 - api_key_manager - INFO - Initializing API key manager
2025-08-11 17:42:38 - api_key_manager - DEBUG - Logger initialized for api_key_manager at level DEBUG
2025-08-11 17:42:38 - api_key_manager - INFO - Initializing API key manager
2025-08-11 17:44:49 - api_key_manager - DEBUG - Logger initialized for api_key_manager at level DEBUG
2025-08-11 17:44:49 - api_key_manager - INFO - Initializing API key manager
2025-08-11 17:47:00 - api_key_manager - DEBUG - Logger initialized for api_key_manager at level DEBUG
2025-08-11 17:47:00 - api_key_manager - INFO - Initializing API key manager
2025-08-11 17:49:15 - api_key_manager - DEBUG - Logger initialized for api_key_manager at level DEBUG
2025-08-11 17:49:15 - api_key_manager - INFO - Initializing API key manager
2025-08-11 17:49:22 - api_key_manager - DEBUG - Logger initialized for api_key_manager at level DEBUG
2025-08-11 17:49:22 - api_key_manager - INFO - Initializing API key manager
2025-08-11 17:51:26 - api_key_manager - DEBUG - Logger initialized for api_key_manager at level DEBUG
2025-08-11 17:51:26 - api_key_manager - INFO - Initializing API key manager
2025-08-11 17:53:37 - api_key_manager - DEBUG - Logger initialized for api_key_manager at level DEBUG
2025-08-11 17:53:37 - api_key_manager - INFO - Initializing API key manager
2025-08-11 17:53:41 - api_key_manager - DEBUG - Logger initialized for api_key_manager at level DEBUG
2025-08-11 17:53:41 - api_key_manager - INFO - Initializing API key manager
2025-08-11 17:55:52 - api_key_manager - DEBUG - Logger initialized for api_key_manager at level DEBUG
2025-08-11 17:55:52 - api_key_manager - INFO - Initializing API key manager
2025-08-11 17:58:04 - api_key_manager - DEBUG - Logger initialized for api_key_manager at level DEBUG
2025-08-11 17:58:04 - api_key_manager - INFO - Initializing API key manager
2025-08-11 18:00:19 - api_key_manager - DEBUG - Logger initialized for api_key_manager at level DEBUG
2025-08-11 18:00:19 - api_key_manager - INFO - Initializing API key manager
2025-08-11 18:02:34 - api_key_manager - DEBUG - Logger initialized for api_key_manager at level DEBUG
2025-08-11 18:02:34 - api_key_manager - INFO - Initializing API key manager
2025-08-11 18:02:51 - api_key_manager - DEBUG - Logger initialized for api_key_manager at level DEBUG
2025-08-11 18:02:51 - api_key_manager - INFO - Initializing API key manager
2025-08-11 18:02:51 - api_key_manager - DEBUG - Logger initialized for api_key_manager at level DEBUG
2025-08-11 18:02:51 - api_key_manager - INFO - Initializing API key manager
2025-08-11 18:04:49 - api_key_manager - DEBUG - Logger initialized for api_key_manager at level DEBUG
2025-08-11 18:04:49 - api_key_manager - INFO - Initializing API key manager
2025-08-11 18:05:31 - api_key_manager - DEBUG - Logger initialized for api_key_manager at level DEBUG
2025-08-11 18:05:31 - api_key_manager - INFO - Initializing API key manager
2025-08-11 18:05:31 - api_key_manager - DEBUG - Logger initialized for api_key_manager at level DEBUG
2025-08-11 18:05:31 - api_key_manager - INFO - Initializing API key manager
2025-08-11 18:07:00 - api_key_manager - DEBUG - Logger initialized for api_key_manager at level DEBUG
2025-08-11 18:07:00 - api_key_manager - INFO - Initializing API key manager
2025-08-11 18:09:15 - api_key_manager - DEBUG - Logger initialized for api_key_manager at level DEBUG
2025-08-11 18:09:15 - api_key_manager - INFO - Initializing API key manager
2025-08-11 18:11:30 - api_key_manager - DEBUG - Logger initialized for api_key_manager at level DEBUG
2025-08-11 18:11:30 - api_key_manager - INFO - Initializing API key manager
2025-08-11 18:13:41 - api_key_manager - DEBUG - Logger initialized for api_key_manager at level DEBUG
2025-08-11 18:13:41 - api_key_manager - INFO - Initializing API key manager
2025-08-11 18:15:52 - api_key_manager - DEBUG - Logger initialized for api_key_manager at level DEBUG
2025-08-11 18:15:52 - api_key_manager - INFO - Initializing API key manager
2025-08-11 18:18:04 - api_key_manager - DEBUG - Logger initialized for api_key_manager at level DEBUG
2025-08-11 18:18:04 - api_key_manager - INFO - Initializing API key manager
2025-08-11 18:18:09 - api_key_manager - DEBUG - Logger initialized for api_key_manager at level DEBUG
2025-08-11 18:18:09 - api_key_manager - INFO - Initializing API key manager
2025-08-11 18:20:23 - api_key_manager - DEBUG - Logger initialized for api_key_manager at level DEBUG
2025-08-11 18:20:23 - api_key_manager - INFO - Initializing API key manager
2025-08-11 18:22:34 - api_key_manager - DEBUG - Logger initialized for api_key_manager at level DEBUG
2025-08-11 18:22:34 - api_key_manager - INFO - Initializing API key manager
2025-08-11 18:24:45 - api_key_manager - DEBUG - Logger initialized for api_key_manager at level DEBUG
2025-08-11 18:24:45 - api_key_manager - INFO - Initializing API key manager
2025-08-11 18:26:56 - api_key_manager - DEBUG - Logger initialized for api_key_manager at level DEBUG
2025-08-11 18:26:56 - api_key_manager - INFO - Initializing API key manager
2025-08-11 18:29:07 - api_key_manager - DEBUG - Logger initialized for api_key_manager at level DEBUG
2025-08-11 18:29:07 - api_key_manager - INFO - Initializing API key manager
2025-08-11 18:31:18 - api_key_manager - DEBUG - Logger initialized for api_key_manager at level DEBUG
2025-08-11 18:31:18 - api_key_manager - INFO - Initializing API key manager
2025-08-11 18:33:29 - api_key_manager - DEBUG - Logger initialized for api_key_manager at level DEBUG
2025-08-11 18:33:29 - api_key_manager - INFO - Initializing API key manager
2025-08-11 18:35:40 - api_key_manager - DEBUG - Logger initialized for api_key_manager at level DEBUG
2025-08-11 18:35:40 - api_key_manager - INFO - Initializing API key manager
2025-08-11 18:37:51 - api_key_manager - DEBUG - Logger initialized for api_key_manager at level DEBUG
2025-08-11 18:37:51 - api_key_manager - INFO - Initializing API key manager
2025-08-11 18:40:03 - api_key_manager - DEBUG - Logger initialized for api_key_manager at level DEBUG
2025-08-11 18:40:03 - api_key_manager - INFO - Initializing API key manager
2025-08-11 18:42:18 - api_key_manager - DEBUG - Logger initialized for api_key_manager at level DEBUG
2025-08-11 18:42:18 - api_key_manager - INFO - Initializing API key manager
2025-08-11 18:44:29 - api_key_manager - DEBUG - Logger initialized for api_key_manager at level DEBUG
2025-08-11 18:44:29 - api_key_manager - INFO - Initializing API key manager
2025-08-11 18:46:40 - api_key_manager - DEBUG - Logger initialized for api_key_manager at level DEBUG
2025-08-11 18:46:40 - api_key_manager - INFO - Initializing API key manager
2025-08-11 18:48:51 - api_key_manager - DEBUG - Logger initialized for api_key_manager at level DEBUG
2025-08-11 18:48:51 - api_key_manager - INFO - Initializing API key manager
2025-08-11 18:51:02 - api_key_manager - DEBUG - Logger initialized for api_key_manager at level DEBUG
2025-08-11 18:51:02 - api_key_manager - INFO - Initializing API key manager
2025-08-11 18:53:13 - api_key_manager - DEBUG - Logger initialized for api_key_manager at level DEBUG
2025-08-11 18:53:13 - api_key_manager - INFO - Initializing API key manager
2025-08-11 18:55:24 - api_key_manager - DEBUG - Logger initialized for api_key_manager at level DEBUG
2025-08-11 18:55:24 - api_key_manager - INFO - Initializing API key manager
2025-08-11 18:57:35 - api_key_manager - DEBUG - Logger initialized for api_key_manager at level DEBUG
2025-08-11 18:57:35 - api_key_manager - INFO - Initializing API key manager
2025-08-11 18:59:46 - api_key_manager - DEBUG - Logger initialized for api_key_manager at level DEBUG
2025-08-11 18:59:46 - api_key_manager - INFO - Initializing API key manager
2025-08-11 19:01:57 - api_key_manager - DEBUG - Logger initialized for api_key_manager at level DEBUG
2025-08-11 19:01:57 - api_key_manager - INFO - Initializing API key manager
2025-08-11 19:04:08 - api_key_manager - DEBUG - Logger initialized for api_key_manager at level DEBUG
2025-08-11 19:04:08 - api_key_manager - INFO - Initializing API key manager
2025-08-11 19:06:19 - api_key_manager - DEBUG - Logger initialized for api_key_manager at level DEBUG
2025-08-11 19:06:19 - api_key_manager - INFO - Initializing API key manager
2025-08-11 19:08:30 - api_key_manager - DEBUG - Logger initialized for api_key_manager at level DEBUG
2025-08-11 19:08:30 - api_key_manager - INFO - Initializing API key manager
2025-08-11 19:10:41 - api_key_manager - DEBUG - Logger initialized for api_key_manager at level DEBUG
2025-08-11 19:10:41 - api_key_manager - INFO - Initializing API key manager
2025-08-11 19:12:53 - api_key_manager - DEBUG - Logger initialized for api_key_manager at level DEBUG
2025-08-11 19:12:53 - api_key_manager - INFO - Initializing API key manager
2025-08-11 19:15:04 - api_key_manager - DEBUG - Logger initialized for api_key_manager at level DEBUG
2025-08-11 19:15:04 - api_key_manager - INFO - Initializing API key manager
2025-08-11 19:17:19 - api_key_manager - DEBUG - Logger initialized for api_key_manager at level DEBUG
2025-08-11 19:17:19 - api_key_manager - INFO - Initializing API key manager
2025-08-11 19:19:30 - api_key_manager - DEBUG - Logger initialized for api_key_manager at level DEBUG
2025-08-11 19:19:30 - api_key_manager - INFO - Initializing API key manager
2025-08-11 19:20:05 - api_key_manager - DEBUG - Logger initialized for api_key_manager at level DEBUG
2025-08-11 19:20:05 - api_key_manager - INFO - Initializing API key manager
2025-08-11 19:22:18 - api_key_manager - DEBUG - Logger initialized for api_key_manager at level DEBUG
2025-08-11 19:22:18 - api_key_manager - INFO - Initializing API key manager
2025-08-11 19:24:29 - api_key_manager - DEBUG - Logger initialized for api_key_manager at level DEBUG
2025-08-11 19:24:29 - api_key_manager - INFO - Initializing API key manager
2025-08-11 19:26:40 - api_key_manager - DEBUG - Logger initialized for api_key_manager at level DEBUG
2025-08-11 19:26:40 - api_key_manager - INFO - Initializing API key manager
2025-08-11 19:28:51 - api_key_manager - DEBUG - Logger initialized for api_key_manager at level DEBUG
2025-08-11 19:28:51 - api_key_manager - INFO - Initializing API key manager
2025-08-11 19:29:26 - api_key_manager - DEBUG - Logger initialized for api_key_manager at level DEBUG
2025-08-11 19:29:26 - api_key_manager - INFO - Initializing API key manager
2025-08-11 19:31:39 - api_key_manager - DEBUG - Logger initialized for api_key_manager at level DEBUG
2025-08-11 19:31:39 - api_key_manager - INFO - Initializing API key manager
2025-08-11 19:33:50 - api_key_manager - DEBUG - Logger initialized for api_key_manager at level DEBUG
2025-08-11 19:33:50 - api_key_manager - INFO - Initializing API key manager
2025-08-11 19:36:01 - api_key_manager - DEBUG - Logger initialized for api_key_manager at level DEBUG
2025-08-11 19:36:01 - api_key_manager - INFO - Initializing API key manager
2025-08-11 19:38:16 - api_key_manager - DEBUG - Logger initialized for api_key_manager at level DEBUG
2025-08-11 19:38:16 - api_key_manager - INFO - Initializing API key manager
2025-08-11 19:40:27 - api_key_manager - DEBUG - Logger initialized for api_key_manager at level DEBUG
2025-08-11 19:40:27 - api_key_manager - INFO - Initializing API key manager
2025-08-11 19:42:38 - api_key_manager - DEBUG - Logger initialized for api_key_manager at level DEBUG
2025-08-11 19:42:38 - api_key_manager - INFO - Initializing API key manager
2025-08-11 19:44:49 - api_key_manager - DEBUG - Logger initialized for api_key_manager at level DEBUG
2025-08-11 19:44:49 - api_key_manager - INFO - Initializing API key manager
2025-08-11 19:47:01 - api_key_manager - DEBUG - Logger initialized for api_key_manager at level DEBUG
2025-08-11 19:47:01 - api_key_manager - INFO - Initializing API key manager
2025-08-11 19:49:16 - api_key_manager - DEBUG - Logger initialized for api_key_manager at level DEBUG
2025-08-11 19:49:16 - api_key_manager - INFO - Initializing API key manager
2025-08-11 19:51:27 - api_key_manager - DEBUG - Logger initialized for api_key_manager at level DEBUG
2025-08-11 19:51:27 - api_key_manager - INFO - Initializing API key manager
2025-08-11 19:53:38 - api_key_manager - DEBUG - Logger initialized for api_key_manager at level DEBUG
2025-08-11 19:53:38 - api_key_manager - INFO - Initializing API key manager
2025-08-11 19:55:49 - api_key_manager - DEBUG - Logger initialized for api_key_manager at level DEBUG
2025-08-11 19:55:49 - api_key_manager - INFO - Initializing API key manager
2025-08-11 19:58:00 - api_key_manager - DEBUG - Logger initialized for api_key_manager at level DEBUG
2025-08-11 19:58:00 - api_key_manager - INFO - Initializing API key manager
2025-08-11 19:58:10 - api_key_manager - DEBUG - Logger initialized for api_key_manager at level DEBUG
2025-08-11 19:58:10 - api_key_manager - INFO - Initializing API key manager
2025-08-11 20:00:24 - api_key_manager - DEBUG - Logger initialized for api_key_manager at level DEBUG
2025-08-11 20:00:24 - api_key_manager - INFO - Initializing API key manager
2025-08-11 20:02:39 - api_key_manager - DEBUG - Logger initialized for api_key_manager at level DEBUG
2025-08-11 20:02:39 - api_key_manager - INFO - Initializing API key manager
2025-08-11 20:04:50 - api_key_manager - DEBUG - Logger initialized for api_key_manager at level DEBUG
2025-08-11 20:04:50 - api_key_manager - INFO - Initializing API key manager
2025-08-11 20:07:01 - api_key_manager - DEBUG - Logger initialized for api_key_manager at level DEBUG
2025-08-11 20:07:01 - api_key_manager - INFO - Initializing API key manager
2025-08-11 20:09:16 - api_key_manager - DEBUG - Logger initialized for api_key_manager at level DEBUG
2025-08-11 20:09:16 - api_key_manager - INFO - Initializing API key manager
2025-08-11 20:11:27 - api_key_manager - DEBUG - Logger initialized for api_key_manager at level DEBUG
2025-08-11 20:11:27 - api_key_manager - INFO - Initializing API key manager
2025-08-11 20:13:38 - api_key_manager - DEBUG - Logger initialized for api_key_manager at level DEBUG
2025-08-11 20:13:38 - api_key_manager - INFO - Initializing API key manager
2025-08-11 20:15:49 - api_key_manager - DEBUG - Logger initialized for api_key_manager at level DEBUG
2025-08-11 20:15:49 - api_key_manager - INFO - Initializing API key manager
2025-08-11 20:18:00 - api_key_manager - DEBUG - Logger initialized for api_key_manager at level DEBUG
2025-08-11 20:18:00 - api_key_manager - INFO - Initializing API key manager
2025-08-11 20:20:15 - api_key_manager - DEBUG - Logger initialized for api_key_manager at level DEBUG
2025-08-11 20:20:15 - api_key_manager - INFO - Initializing API key manager
2025-08-11 20:22:26 - api_key_manager - DEBUG - Logger initialized for api_key_manager at level DEBUG
2025-08-11 20:22:26 - api_key_manager - INFO - Initializing API key manager
2025-08-11 20:24:38 - api_key_manager - DEBUG - Logger initialized for api_key_manager at level DEBUG
2025-08-11 20:24:38 - api_key_manager - INFO - Initializing API key manager
2025-08-11 20:26:49 - api_key_manager - DEBUG - Logger initialized for api_key_manager at level DEBUG
2025-08-11 20:26:49 - api_key_manager - INFO - Initializing API key manager
2025-08-11 20:29:00 - api_key_manager - DEBUG - Logger initialized for api_key_manager at level DEBUG
2025-08-11 20:29:00 - api_key_manager - INFO - Initializing API key manager
2025-08-11 20:31:11 - api_key_manager - DEBUG - Logger initialized for api_key_manager at level DEBUG
2025-08-11 20:31:11 - api_key_manager - INFO - Initializing API key manager
2025-08-11 20:33:22 - api_key_manager - DEBUG - Logger initialized for api_key_manager at level DEBUG
2025-08-11 20:33:22 - api_key_manager - INFO - Initializing API key manager
2025-08-11 20:33:40 - api_key_manager - DEBUG - Logger initialized for api_key_manager at level DEBUG
2025-08-11 20:33:40 - api_key_manager - INFO - Initializing API key manager
2025-08-11 20:35:53 - api_key_manager - DEBUG - Logger initialized for api_key_manager at level DEBUG
2025-08-11 20:35:53 - api_key_manager - INFO - Initializing API key manager
2025-08-11 20:38:04 - api_key_manager - DEBUG - Logger initialized for api_key_manager at level DEBUG
2025-08-11 20:38:04 - api_key_manager - INFO - Initializing API key manager
2025-08-11 20:40:15 - api_key_manager - DEBUG - Logger initialized for api_key_manager at level DEBUG
2025-08-11 20:40:15 - api_key_manager - INFO - Initializing API key manager
2025-08-11 20:42:26 - api_key_manager - DEBUG - Logger initialized for api_key_manager at level DEBUG
2025-08-11 20:42:26 - api_key_manager - INFO - Initializing API key manager
2025-08-11 20:44:38 - api_key_manager - DEBUG - Logger initialized for api_key_manager at level DEBUG
2025-08-11 20:44:38 - api_key_manager - INFO - Initializing API key manager
2025-08-11 20:46:49 - api_key_manager - DEBUG - Logger initialized for api_key_manager at level DEBUG
2025-08-11 20:46:49 - api_key_manager - INFO - Initializing API key manager
2025-08-11 20:47:07 - api_key_manager - DEBUG - Logger initialized for api_key_manager at level DEBUG
2025-08-11 20:47:07 - api_key_manager - INFO - Initializing API key manager
2025-08-11 20:49:20 - api_key_manager - DEBUG - Logger initialized for api_key_manager at level DEBUG
2025-08-11 20:49:20 - api_key_manager - INFO - Initializing API key manager
2025-08-11 20:51:31 - api_key_manager - DEBUG - Logger initialized for api_key_manager at level DEBUG
2025-08-11 20:51:31 - api_key_manager - INFO - Initializing API key manager
2025-08-11 20:53:43 - api_key_manager - DEBUG - Logger initialized for api_key_manager at level DEBUG
2025-08-11 20:53:43 - api_key_manager - INFO - Initializing API key manager
2025-08-11 20:55:53 - api_key_manager - DEBUG - Logger initialized for api_key_manager at level DEBUG
2025-08-11 20:55:53 - api_key_manager - INFO - Initializing API key manager
2025-08-11 20:55:56 - api_key_manager - DEBUG - Logger initialized for api_key_manager at level DEBUG
2025-08-11 20:55:56 - api_key_manager - INFO - Initializing API key manager
2025-08-11 20:55:59 - api_key_manager - DEBUG - Logger initialized for api_key_manager at level DEBUG
2025-08-11 20:55:59 - api_key_manager - INFO - Initializing API key manager
2025-08-11 20:58:13 - api_key_manager - DEBUG - Logger initialized for api_key_manager at level DEBUG
2025-08-11 20:58:13 - api_key_manager - INFO - Initializing API key manager
2025-08-11 21:00:24 - api_key_manager - DEBUG - Logger initialized for api_key_manager at level DEBUG
2025-08-11 21:00:24 - api_key_manager - INFO - Initializing API key manager
2025-08-11 21:02:39 - api_key_manager - DEBUG - Logger initialized for api_key_manager at level DEBUG
2025-08-11 21:02:39 - api_key_manager - INFO - Initializing API key manager
2025-08-11 21:02:43 - api_key_manager - DEBUG - Logger initialized for api_key_manager at level DEBUG
2025-08-11 21:02:43 - api_key_manager - INFO - Initializing API key manager
2025-08-11 21:04:54 - api_key_manager - DEBUG - Logger initialized for api_key_manager at level DEBUG
2025-08-11 21:04:54 - api_key_manager - INFO - Initializing API key manager
2025-08-11 21:07:05 - api_key_manager - DEBUG - Logger initialized for api_key_manager at level DEBUG
2025-08-11 21:07:05 - api_key_manager - INFO - Initializing API key manager
2025-08-11 21:07:23 - api_key_manager - DEBUG - Logger initialized for api_key_manager at level DEBUG
2025-08-11 21:07:23 - api_key_manager - INFO - Initializing API key manager
2025-08-11 21:07:57 - api_key_manager - DEBUG - Logger initialized for api_key_manager at level DEBUG
2025-08-11 21:07:57 - api_key_manager - INFO - Initializing API key manager
2025-08-11 21:10:09 - api_key_manager - DEBUG - Logger initialized for api_key_manager at level DEBUG
2025-08-11 21:10:09 - api_key_manager - INFO - Initializing API key manager
2025-08-11 21:12:21 - api_key_manager - DEBUG - Logger initialized for api_key_manager at level DEBUG
2025-08-11 21:12:21 - api_key_manager - INFO - Initializing API key manager
2025-08-11 21:14:32 - api_key_manager - DEBUG - Logger initialized for api_key_manager at level DEBUG
2025-08-11 21:14:32 - api_key_manager - INFO - Initializing API key manager
2025-08-11 21:16:43 - api_key_manager - DEBUG - Logger initialized for api_key_manager at level DEBUG
2025-08-11 21:16:43 - api_key_manager - INFO - Initializing API key manager
2025-08-11 21:18:54 - api_key_manager - DEBUG - Logger initialized for api_key_manager at level DEBUG
2025-08-11 21:18:54 - api_key_manager - INFO - Initializing API key manager
2025-08-11 21:21:09 - api_key_manager - DEBUG - Logger initialized for api_key_manager at level DEBUG
2025-08-11 21:21:09 - api_key_manager - INFO - Initializing API key manager
2025-08-11 21:23:20 - api_key_manager - DEBUG - Logger initialized for api_key_manager at level DEBUG
2025-08-11 21:23:20 - api_key_manager - INFO - Initializing API key manager
2025-08-11 21:25:31 - api_key_manager - DEBUG - Logger initialized for api_key_manager at level DEBUG
2025-08-11 21:25:31 - api_key_manager - INFO - Initializing API key manager
2025-08-11 21:27:42 - api_key_manager - DEBUG - Logger initialized for api_key_manager at level DEBUG
2025-08-11 21:27:42 - api_key_manager - INFO - Initializing API key manager
2025-08-11 21:29:53 - api_key_manager - DEBUG - Logger initialized for api_key_manager at level DEBUG
2025-08-11 21:29:53 - api_key_manager - INFO - Initializing API key manager
2025-08-11 21:32:08 - api_key_manager - DEBUG - Logger initialized for api_key_manager at level DEBUG
2025-08-11 21:32:08 - api_key_manager - INFO - Initializing API key manager
2025-08-11 21:34:20 - api_key_manager - DEBUG - Logger initialized for api_key_manager at level DEBUG
2025-08-11 21:34:20 - api_key_manager - INFO - Initializing API key manager
2025-08-11 21:36:31 - api_key_manager - DEBUG - Logger initialized for api_key_manager at level DEBUG
2025-08-11 21:36:31 - api_key_manager - INFO - Initializing API key manager
2025-08-11 21:38:42 - api_key_manager - DEBUG - Logger initialized for api_key_manager at level DEBUG
2025-08-11 21:38:42 - api_key_manager - INFO - Initializing API key manager
2025-08-11 21:40:53 - api_key_manager - DEBUG - Logger initialized for api_key_manager at level DEBUG
2025-08-11 21:40:53 - api_key_manager - INFO - Initializing API key manager
2025-08-11 21:43:04 - api_key_manager - DEBUG - Logger initialized for api_key_manager at level DEBUG
2025-08-11 21:43:04 - api_key_manager - INFO - Initializing API key manager
2025-08-11 21:43:38 - api_key_manager - DEBUG - Logger initialized for api_key_manager at level DEBUG
2025-08-11 21:43:38 - api_key_manager - INFO - Initializing API key manager
2025-08-11 21:45:52 - api_key_manager - DEBUG - Logger initialized for api_key_manager at level DEBUG
2025-08-11 21:45:52 - api_key_manager - INFO - Initializing API key manager
2025-08-11 21:48:03 - api_key_manager - DEBUG - Logger initialized for api_key_manager at level DEBUG
2025-08-11 21:48:03 - api_key_manager - INFO - Initializing API key manager
2025-08-11 21:50:14 - api_key_manager - DEBUG - Logger initialized for api_key_manager at level DEBUG
2025-08-11 21:50:14 - api_key_manager - INFO - Initializing API key manager
2025-08-11 21:52:25 - api_key_manager - DEBUG - Logger initialized for api_key_manager at level DEBUG
2025-08-11 21:52:25 - api_key_manager - INFO - Initializing API key manager
2025-08-11 21:54:36 - api_key_manager - DEBUG - Logger initialized for api_key_manager at level DEBUG
2025-08-11 21:54:36 - api_key_manager - INFO - Initializing API key manager
2025-08-11 21:54:54 - api_key_manager - DEBUG - Logger initialized for api_key_manager at level DEBUG
2025-08-11 21:54:54 - api_key_manager - INFO - Initializing API key manager
2025-08-11 21:57:08 - api_key_manager - DEBUG - Logger initialized for api_key_manager at level DEBUG
2025-08-11 21:57:08 - api_key_manager - INFO - Initializing API key manager
2025-08-11 21:59:19 - api_key_manager - DEBUG - Logger initialized for api_key_manager at level DEBUG
2025-08-11 21:59:19 - api_key_manager - INFO - Initializing API key manager
2025-08-11 22:01:30 - api_key_manager - DEBUG - Logger initialized for api_key_manager at level DEBUG
2025-08-11 22:01:30 - api_key_manager - INFO - Initializing API key manager
2025-08-11 22:03:41 - api_key_manager - DEBUG - Logger initialized for api_key_manager at level DEBUG
2025-08-11 22:03:41 - api_key_manager - INFO - Initializing API key manager
2025-08-11 22:05:52 - api_key_manager - DEBUG - Logger initialized for api_key_manager at level DEBUG
2025-08-11 22:05:52 - api_key_manager - INFO - Initializing API key manager
2025-08-11 22:08:07 - api_key_manager - DEBUG - Logger initialized for api_key_manager at level DEBUG
2025-08-11 22:08:07 - api_key_manager - INFO - Initializing API key manager
2025-08-11 22:08:45 - api_key_manager - DEBUG - Logger initialized for api_key_manager at level DEBUG
2025-08-11 22:08:45 - api_key_manager - INFO - Initializing API key manager
2025-08-11 22:08:45 - api_key_manager - DEBUG - Logger initialized for api_key_manager at level DEBUG
2025-08-11 22:08:45 - api_key_manager - INFO - Initializing API key manager
2025-08-11 22:10:07 - api_key_manager - DEBUG - Logger initialized for api_key_manager at level DEBUG
2025-08-11 22:10:07 - api_key_manager - INFO - Initializing API key manager
2025-08-11 22:10:08 - api_key_manager - DEBUG - Logger initialized for api_key_manager at level DEBUG
2025-08-11 22:10:08 - api_key_manager - INFO - Initializing API key manager
2025-08-11 22:10:19 - api_key_manager - DEBUG - Logger initialized for api_key_manager at level DEBUG
2025-08-11 22:10:19 - api_key_manager - INFO - Initializing API key manager
2025-08-11 22:12:33 - api_key_manager - DEBUG - Logger initialized for api_key_manager at level DEBUG
2025-08-11 22:12:33 - api_key_manager - INFO - Initializing API key manager
2025-08-11 22:13:06 - api_key_manager - DEBUG - Logger initialized for api_key_manager at level DEBUG
2025-08-11 22:13:06 - api_key_manager - INFO - Initializing API key manager
2025-08-11 22:13:06 - api_key_manager - DEBUG - Logger initialized for api_key_manager at level DEBUG
2025-08-11 22:13:06 - api_key_manager - INFO - Initializing API key manager
2025-08-11 22:14:44 - api_key_manager - DEBUG - Logger initialized for api_key_manager at level DEBUG
2025-08-11 22:14:44 - api_key_manager - INFO - Initializing API key manager
2025-08-11 22:16:55 - api_key_manager - DEBUG - Logger initialized for api_key_manager at level DEBUG
2025-08-11 22:16:55 - api_key_manager - INFO - Initializing API key manager
2025-08-11 22:17:30 - api_key_manager - DEBUG - Logger initialized for api_key_manager at level DEBUG
2025-08-11 22:17:30 - api_key_manager - INFO - Initializing API key manager
2025-08-11 22:17:30 - api_key_manager - DEBUG - Logger initialized for api_key_manager at level DEBUG
2025-08-11 22:17:30 - api_key_manager - INFO - Initializing API key manager
2025-08-11 22:18:31 - api_key_manager - DEBUG - Logger initialized for api_key_manager at level DEBUG
2025-08-11 22:18:31 - api_key_manager - INFO - Initializing API key manager
2025-08-11 22:18:31 - api_key_manager - DEBUG - Logger initialized for api_key_manager at level DEBUG
2025-08-11 22:18:31 - api_key_manager - INFO - Initializing API key manager
2025-08-11 22:19:06 - api_key_manager - DEBUG - Logger initialized for api_key_manager at level DEBUG
2025-08-11 22:19:06 - api_key_manager - INFO - Initializing API key manager
2025-08-11 22:20:23 - api_key_manager - DEBUG - Logger initialized for api_key_manager at level DEBUG
2025-08-11 22:20:23 - api_key_manager - INFO - Initializing API key manager
2025-08-11 22:20:23 - api_key_manager - DEBUG - Logger initialized for api_key_manager at level DEBUG
2025-08-11 22:20:23 - api_key_manager - INFO - Initializing API key manager
2025-08-11 22:21:18 - api_key_manager - DEBUG - Logger initialized for api_key_manager at level DEBUG
2025-08-11 22:21:18 - api_key_manager - INFO - Initializing API key manager
2025-08-11 22:23:33 - api_key_manager - DEBUG - Logger initialized for api_key_manager at level DEBUG
2025-08-11 22:23:33 - api_key_manager - INFO - Initializing API key manager
2025-08-11 22:25:44 - api_key_manager - DEBUG - Logger initialized for api_key_manager at level DEBUG
2025-08-11 22:25:44 - api_key_manager - INFO - Initializing API key manager
2025-08-11 22:27:55 - api_key_manager - DEBUG - Logger initialized for api_key_manager at level DEBUG
2025-08-11 22:27:55 - api_key_manager - INFO - Initializing API key manager
2025-08-11 22:30:06 - api_key_manager - DEBUG - Logger initialized for api_key_manager at level DEBUG
2025-08-11 22:30:06 - api_key_manager - INFO - Initializing API key manager
2025-08-11 22:32:21 - api_key_manager - DEBUG - Logger initialized for api_key_manager at level DEBUG
2025-08-11 22:32:21 - api_key_manager - INFO - Initializing API key manager
2025-08-11 22:34:32 - api_key_manager - DEBUG - Logger initialized for api_key_manager at level DEBUG
2025-08-11 22:34:32 - api_key_manager - INFO - Initializing API key manager
2025-08-11 22:36:43 - api_key_manager - DEBUG - Logger initialized for api_key_manager at level DEBUG
2025-08-11 22:36:43 - api_key_manager - INFO - Initializing API key manager
2025-08-11 22:38:54 - api_key_manager - DEBUG - Logger initialized for api_key_manager at level DEBUG
2025-08-11 22:38:54 - api_key_manager - INFO - Initializing API key manager
2025-08-11 22:41:05 - api_key_manager - DEBUG - Logger initialized for api_key_manager at level DEBUG
2025-08-11 22:41:05 - api_key_manager - INFO - Initializing API key manager
2025-08-11 22:43:16 - api_key_manager - DEBUG - Logger initialized for api_key_manager at level DEBUG
2025-08-11 22:43:16 - api_key_manager - INFO - Initializing API key manager
2025-08-11 22:45:27 - api_key_manager - DEBUG - Logger initialized for api_key_manager at level DEBUG
2025-08-11 22:45:27 - api_key_manager - INFO - Initializing API key manager
2025-08-11 22:47:39 - api_key_manager - DEBUG - Logger initialized for api_key_manager at level DEBUG
2025-08-11 22:47:39 - api_key_manager - INFO - Initializing API key manager
2025-08-11 22:49:54 - api_key_manager - DEBUG - Logger initialized for api_key_manager at level DEBUG
2025-08-11 22:49:54 - api_key_manager - INFO - Initializing API key manager
2025-08-11 22:52:05 - api_key_manager - DEBUG - Logger initialized for api_key_manager at level DEBUG
2025-08-11 22:52:05 - api_key_manager - INFO - Initializing API key manager
2025-08-11 22:54:16 - api_key_manager - DEBUG - Logger initialized for api_key_manager at level DEBUG
2025-08-11 22:54:16 - api_key_manager - INFO - Initializing API key manager
2025-08-11 22:56:27 - api_key_manager - DEBUG - Logger initialized for api_key_manager at level DEBUG
2025-08-11 22:56:27 - api_key_manager - INFO - Initializing API key manager
2025-08-11 22:58:38 - api_key_manager - DEBUG - Logger initialized for api_key_manager at level DEBUG
2025-08-11 22:58:38 - api_key_manager - INFO - Initializing API key manager
2025-08-11 23:00:49 - api_key_manager - DEBUG - Logger initialized for api_key_manager at level DEBUG
2025-08-11 23:00:49 - api_key_manager - INFO - Initializing API key manager
2025-08-11 23:03:00 - api_key_manager - DEBUG - Logger initialized for api_key_manager at level DEBUG
2025-08-11 23:03:00 - api_key_manager - INFO - Initializing API key manager
2025-08-11 23:05:15 - api_key_manager - DEBUG - Logger initialized for api_key_manager at level DEBUG
2025-08-11 23:05:15 - api_key_manager - INFO - Initializing API key manager
2025-08-11 23:07:26 - api_key_manager - DEBUG - Logger initialized for api_key_manager at level DEBUG
2025-08-11 23:07:26 - api_key_manager - INFO - Initializing API key manager
2025-08-11 23:09:37 - api_key_manager - DEBUG - Logger initialized for api_key_manager at level DEBUG
2025-08-11 23:09:37 - api_key_manager - INFO - Initializing API key manager
2025-08-11 23:11:49 - api_key_manager - DEBUG - Logger initialized for api_key_manager at level DEBUG
2025-08-11 23:11:49 - api_key_manager - INFO - Initializing API key manager
2025-08-11 23:14:00 - api_key_manager - DEBUG - Logger initialized for api_key_manager at level DEBUG
2025-08-11 23:14:00 - api_key_manager - INFO - Initializing API key manager
2025-08-11 23:16:11 - api_key_manager - DEBUG - Logger initialized for api_key_manager at level DEBUG
2025-08-11 23:16:11 - api_key_manager - INFO - Initializing API key manager
2025-08-11 23:18:22 - api_key_manager - DEBUG - Logger initialized for api_key_manager at level DEBUG
2025-08-11 23:18:22 - api_key_manager - INFO - Initializing API key manager
2025-08-11 23:20:33 - api_key_manager - DEBUG - Logger initialized for api_key_manager at level DEBUG
2025-08-11 23:20:33 - api_key_manager - INFO - Initializing API key manager
2025-08-11 23:22:44 - api_key_manager - DEBUG - Logger initialized for api_key_manager at level DEBUG
2025-08-11 23:22:44 - api_key_manager - INFO - Initializing API key manager
2025-08-11 23:24:55 - api_key_manager - DEBUG - Logger initialized for api_key_manager at level DEBUG
2025-08-11 23:24:55 - api_key_manager - INFO - Initializing API key manager
2025-08-11 23:27:10 - api_key_manager - DEBUG - Logger initialized for api_key_manager at level DEBUG
2025-08-11 23:27:10 - api_key_manager - INFO - Initializing API key manager
2025-08-11 23:29:21 - api_key_manager - DEBUG - Logger initialized for api_key_manager at level DEBUG
2025-08-11 23:29:21 - api_key_manager - INFO - Initializing API key manager
2025-08-11 23:31:32 - api_key_manager - DEBUG - Logger initialized for api_key_manager at level DEBUG
2025-08-11 23:31:32 - api_key_manager - INFO - Initializing API key manager
2025-08-11 23:33:43 - api_key_manager - DEBUG - Logger initialized for api_key_manager at level DEBUG
2025-08-11 23:33:43 - api_key_manager - INFO - Initializing API key manager
2025-08-11 23:35:55 - api_key_manager - DEBUG - Logger initialized for api_key_manager at level DEBUG
2025-08-11 23:35:55 - api_key_manager - INFO - Initializing API key manager
2025-08-11 23:38:06 - api_key_manager - DEBUG - Logger initialized for api_key_manager at level DEBUG
2025-08-11 23:38:06 - api_key_manager - INFO - Initializing API key manager
2025-08-11 23:40:17 - api_key_manager - DEBUG - Logger initialized for api_key_manager at level DEBUG
2025-08-11 23:40:17 - api_key_manager - INFO - Initializing API key manager
2025-08-11 23:42:32 - api_key_manager - DEBUG - Logger initialized for api_key_manager at level DEBUG
2025-08-11 23:42:32 - api_key_manager - INFO - Initializing API key manager
2025-08-11 23:44:47 - api_key_manager - DEBUG - Logger initialized for api_key_manager at level DEBUG
2025-08-11 23:44:47 - api_key_manager - INFO - Initializing API key manager
2025-08-11 23:46:58 - api_key_manager - DEBUG - Logger initialized for api_key_manager at level DEBUG
2025-08-11 23:46:58 - api_key_manager - INFO - Initializing API key manager
2025-08-11 23:49:09 - api_key_manager - DEBUG - Logger initialized for api_key_manager at level DEBUG
2025-08-11 23:49:09 - api_key_manager - INFO - Initializing API key manager
2025-08-11 23:51:20 - api_key_manager - DEBUG - Logger initialized for api_key_manager at level DEBUG
2025-08-11 23:51:20 - api_key_manager - INFO - Initializing API key manager
2025-08-11 23:53:31 - api_key_manager - DEBUG - Logger initialized for api_key_manager at level DEBUG
2025-08-11 23:53:31 - api_key_manager - INFO - Initializing API key manager
2025-08-11 23:55:42 - api_key_manager - DEBUG - Logger initialized for api_key_manager at level DEBUG
2025-08-11 23:55:42 - api_key_manager - INFO - Initializing API key manager
2025-08-11 23:57:53 - api_key_manager - DEBUG - Logger initialized for api_key_manager at level DEBUG
2025-08-11 23:57:53 - api_key_manager - INFO - Initializing API key manager
