2025-08-11 07:34:48 - import_wallet - DEBUG - Logger initialized for import_wallet at level DEBUG
2025-08-11 07:34:48 - import_wallet - INFO - Initializing wallet import module
2025-08-11 07:34:48 - import_wallet - DEBUG - Logger initialized for import_wallet at level DEBUG
2025-08-11 07:34:48 - import_wallet - INFO - Initializing wallet import module
2025-08-11 07:34:48 - import_wallet - DEBUG - Logger initialized for import_wallet at level DEBUG
2025-08-11 07:34:48 - import_wallet - INFO - Initializing wallet import module
2025-08-11 07:35:14 - import_wallet - DEBUG - Logger initialized for import_wallet at level DEBUG
2025-08-11 07:35:14 - import_wallet - INFO - Initializing wallet import module
2025-08-11 07:35:14 - import_wallet - DEBUG - Logger initialized for import_wallet at level DEBUG
2025-08-11 07:35:14 - import_wallet - INFO - Initializing wallet import module
2025-08-11 07:35:14 - import_wallet - DEBUG - Logger initialized for import_wallet at level DEBUG
2025-08-11 07:35:14 - import_wallet - INFO - Initializing wallet import module
2025-08-11 09:48:02 - import_wallet - WARNING - Validation error in import_wallet: Mnemonic must contain 12, 18, or 24 words
2025-08-11 09:48:04 - import_wallet - WARNING - Validation error in import_wallet: Mnemonic must contain 12, 18, or 24 words
2025-08-11 12:13:07 - import_wallet - DEBUG - Logger initialized for import_wallet at level DEBUG
2025-08-11 12:13:07 - import_wallet - INFO - Initializing wallet import module
2025-08-11 12:13:07 - import_wallet - DEBUG - Logger initialized for import_wallet at level DEBUG
2025-08-11 12:13:07 - import_wallet - INFO - Initializing wallet import module
2025-08-11 12:13:08 - import_wallet - DEBUG - Logger initialized for import_wallet at level DEBUG
2025-08-11 12:13:08 - import_wallet - INFO - Initializing wallet import module
2025-08-11 13:42:40 - import_wallet - DEBUG - Logger initialized for import_wallet at level DEBUG
2025-08-11 13:42:40 - import_wallet - INFO - Initializing wallet import module
2025-08-11 13:44:48 - import_wallet - DEBUG - Logger initialized for import_wallet at level DEBUG
2025-08-11 13:44:48 - import_wallet - INFO - Initializing wallet import module
2025-08-11 13:44:48 - import_wallet - DEBUG - Logger initialized for import_wallet at level DEBUG
2025-08-11 13:44:48 - import_wallet - INFO - Initializing wallet import module
2025-08-11 14:07:58 - import_wallet - DEBUG - Logger initialized for import_wallet at level DEBUG
2025-08-11 14:07:58 - import_wallet - INFO - Initializing wallet import module
2025-08-11 14:10:04 - import_wallet - DEBUG - Logger initialized for import_wallet at level DEBUG
2025-08-11 14:10:04 - import_wallet - INFO - Initializing wallet import module
2025-08-11 14:10:04 - import_wallet - DEBUG - Logger initialized for import_wallet at level DEBUG
2025-08-11 14:10:04 - import_wallet - INFO - Initializing wallet import module
2025-08-11 14:12:53 - import_wallet - DEBUG - Logger initialized for import_wallet at level DEBUG
2025-08-11 14:12:53 - import_wallet - INFO - Initializing wallet import module
2025-08-11 14:15:07 - import_wallet - DEBUG - Logger initialized for import_wallet at level DEBUG
2025-08-11 14:15:07 - import_wallet - INFO - Initializing wallet import module
2025-08-11 14:17:10 - import_wallet - DEBUG - Logger initialized for import_wallet at level DEBUG
2025-08-11 14:17:10 - import_wallet - INFO - Initializing wallet import module
2025-08-11 14:18:16 - import_wallet - WARNING - Validation error in import_wallet: Mnemonic must contain 12, 18, or 24 words
2025-08-11 14:18:29 - import_wallet - WARNING - Validation error in import_wallet: Mnemonic must contain 12, 18, or 24 words
2025-08-11 14:24:16 - import_wallet - DEBUG - Logger initialized for import_wallet at level DEBUG
2025-08-11 14:24:16 - import_wallet - INFO - Initializing wallet import module
2025-08-11 14:25:17 - import_wallet - DEBUG - Logger initialized for import_wallet at level DEBUG
2025-08-11 14:25:17 - import_wallet - INFO - Initializing wallet import module
2025-08-11 14:26:19 - import_wallet - DEBUG - Logger initialized for import_wallet at level DEBUG
2025-08-11 14:26:19 - import_wallet - INFO - Initializing wallet import module
2025-08-11 14:31:22 - import_wallet - DEBUG - Logger initialized for import_wallet at level DEBUG
2025-08-11 14:31:22 - import_wallet - INFO - Initializing wallet import module
2025-08-11 14:32:27 - import_wallet - DEBUG - Logger initialized for import_wallet at level DEBUG
2025-08-11 14:32:27 - import_wallet - INFO - Initializing wallet import module
2025-08-11 14:33:25 - import_wallet - DEBUG - Logger initialized for import_wallet at level DEBUG
2025-08-11 14:33:25 - import_wallet - INFO - Initializing wallet import module
2025-08-11 14:34:15 - import_wallet - DEBUG - Logger initialized for import_wallet at level DEBUG
2025-08-11 14:34:15 - import_wallet - INFO - Initializing wallet import module
2025-08-11 14:43:15 - import_wallet - DEBUG - Logger initialized for import_wallet at level DEBUG
2025-08-11 14:43:15 - import_wallet - INFO - Initializing wallet import module
2025-08-11 15:00:06 - import_wallet - DEBUG - Logger initialized for import_wallet at level DEBUG
2025-08-11 15:00:06 - import_wallet - INFO - Initializing wallet import module
2025-08-11 15:00:06 - import_wallet - DEBUG - Logger initialized for import_wallet at level DEBUG
2025-08-11 15:00:06 - import_wallet - INFO - Initializing wallet import module
2025-08-11 15:00:10 - import_wallet - DEBUG - Logger initialized for import_wallet at level DEBUG
2025-08-11 15:00:10 - import_wallet - INFO - Initializing wallet import module
2025-08-11 15:05:14 - import_wallet - DEBUG - Logger initialized for import_wallet at level DEBUG
2025-08-11 15:05:14 - import_wallet - INFO - Initializing wallet import module
2025-08-11 15:07:12 - import_wallet - DEBUG - Logger initialized for import_wallet at level DEBUG
2025-08-11 15:07:12 - import_wallet - INFO - Initializing wallet import module
2025-08-11 15:07:12 - import_wallet - DEBUG - Logger initialized for import_wallet at level DEBUG
2025-08-11 15:07:12 - import_wallet - INFO - Initializing wallet import module
2025-08-11 15:12:19 - import_wallet - DEBUG - Logger initialized for import_wallet at level DEBUG
2025-08-11 15:12:19 - import_wallet - INFO - Initializing wallet import module
2025-08-11 15:16:46 - import_wallet - DEBUG - Logger initialized for import_wallet at level DEBUG
2025-08-11 15:16:46 - import_wallet - INFO - Initializing wallet import module
2025-08-11 15:17:27 - import_wallet - DEBUG - Logger initialized for import_wallet at level DEBUG
2025-08-11 15:17:27 - import_wallet - INFO - Initializing wallet import module
2025-08-11 15:17:35 - import_wallet - DEBUG - Logger initialized for import_wallet at level DEBUG
2025-08-11 15:17:35 - import_wallet - INFO - Initializing wallet import module
2025-08-11 15:23:52 - import_wallet - DEBUG - Logger initialized for import_wallet at level DEBUG
2025-08-11 15:23:52 - import_wallet - INFO - Initializing wallet import module
2025-08-11 15:24:33 - import_wallet - DEBUG - Logger initialized for import_wallet at level DEBUG
2025-08-11 15:24:33 - import_wallet - INFO - Initializing wallet import module
2025-08-11 15:24:41 - import_wallet - DEBUG - Logger initialized for import_wallet at level DEBUG
2025-08-11 15:24:41 - import_wallet - INFO - Initializing wallet import module
2025-08-11 15:30:58 - import_wallet - DEBUG - Logger initialized for import_wallet at level DEBUG
2025-08-11 15:30:58 - import_wallet - INFO - Initializing wallet import module
2025-08-11 15:31:39 - import_wallet - DEBUG - Logger initialized for import_wallet at level DEBUG
2025-08-11 15:31:39 - import_wallet - INFO - Initializing wallet import module
2025-08-11 15:31:47 - import_wallet - DEBUG - Logger initialized for import_wallet at level DEBUG
2025-08-11 15:31:47 - import_wallet - INFO - Initializing wallet import module
2025-08-11 15:38:04 - import_wallet - DEBUG - Logger initialized for import_wallet at level DEBUG
2025-08-11 15:38:04 - import_wallet - INFO - Initializing wallet import module
2025-08-11 15:38:45 - import_wallet - DEBUG - Logger initialized for import_wallet at level DEBUG
2025-08-11 15:38:45 - import_wallet - INFO - Initializing wallet import module
2025-08-11 15:38:53 - import_wallet - DEBUG - Logger initialized for import_wallet at level DEBUG
2025-08-11 15:38:53 - import_wallet - INFO - Initializing wallet import module
2025-08-11 15:40:56 - import_wallet - WARNING - Invalid mnemonic phrase provided
2025-08-11 15:40:56 - import_wallet - WARNING - Invalid mnemonic phrase provided
2025-08-11 15:40:56 - import_wallet - WARNING - Invalid mnemonic phrase provided
2025-08-11 15:40:56 - import_wallet - WARNING - Invalid mnemonic phrase provided
2025-08-11 15:40:56 - import_wallet - WARNING - Invalid mnemonic phrase provided
2025-08-11 15:40:56 - import_wallet - WARNING - Invalid mnemonic phrase provided
2025-08-11 15:40:56 - import_wallet - WARNING - Invalid mnemonic phrase provided
2025-08-11 15:40:56 - import_wallet - WARNING - Invalid mnemonic phrase provided
2025-08-11 15:40:56 - import_wallet - WARNING - Invalid mnemonic phrase provided
2025-08-11 15:45:10 - import_wallet - DEBUG - Logger initialized for import_wallet at level DEBUG
2025-08-11 15:45:10 - import_wallet - INFO - Initializing wallet import module
2025-08-11 15:45:51 - import_wallet - DEBUG - Logger initialized for import_wallet at level DEBUG
2025-08-11 15:45:51 - import_wallet - INFO - Initializing wallet import module
2025-08-11 15:45:59 - import_wallet - DEBUG - Logger initialized for import_wallet at level DEBUG
2025-08-11 15:45:59 - import_wallet - INFO - Initializing wallet import module
2025-08-11 15:52:36 - import_wallet - DEBUG - Logger initialized for import_wallet at level DEBUG
2025-08-11 15:52:36 - import_wallet - INFO - Initializing wallet import module
2025-08-11 16:24:45 - import_wallet - DEBUG - Logger initialized for import_wallet at level DEBUG
2025-08-11 16:24:45 - import_wallet - INFO - Initializing wallet import module
2025-08-11 16:24:45 - import_wallet - DEBUG - Logger initialized for import_wallet at level DEBUG
2025-08-11 16:24:45 - import_wallet - INFO - Initializing wallet import module
2025-08-11 16:24:45 - import_wallet - DEBUG - Logger initialized for import_wallet at level DEBUG
2025-08-11 16:24:45 - import_wallet - INFO - Initializing wallet import module
2025-08-11 16:31:51 - import_wallet - DEBUG - Logger initialized for import_wallet at level DEBUG
2025-08-11 16:31:51 - import_wallet - INFO - Initializing wallet import module
2025-08-11 16:31:51 - import_wallet - DEBUG - Logger initialized for import_wallet at level DEBUG
2025-08-11 16:31:51 - import_wallet - INFO - Initializing wallet import module
2025-08-11 16:31:51 - import_wallet - DEBUG - Logger initialized for import_wallet at level DEBUG
2025-08-11 16:31:51 - import_wallet - INFO - Initializing wallet import module
2025-08-11 16:34:03 - import_wallet - WARNING - Invalid mnemonic phrase provided
2025-08-11 16:38:57 - import_wallet - DEBUG - Logger initialized for import_wallet at level DEBUG
2025-08-11 16:38:57 - import_wallet - INFO - Initializing wallet import module
2025-08-11 16:38:57 - import_wallet - DEBUG - Logger initialized for import_wallet at level DEBUG
2025-08-11 16:38:57 - import_wallet - INFO - Initializing wallet import module
2025-08-11 16:39:01 - import_wallet - DEBUG - Logger initialized for import_wallet at level DEBUG
2025-08-11 16:39:01 - import_wallet - INFO - Initializing wallet import module
2025-08-11 16:41:12 - import_wallet - WARNING - Invalid mnemonic phrase provided
2025-08-11 16:41:12 - import_wallet - WARNING - Invalid mnemonic phrase provided
2025-08-11 16:44:09 - import_wallet - DEBUG - Logger initialized for import_wallet at level DEBUG
2025-08-11 16:44:09 - import_wallet - INFO - Initializing wallet import module
2025-08-11 16:46:07 - import_wallet - DEBUG - Logger initialized for import_wallet at level DEBUG
2025-08-11 16:46:07 - import_wallet - INFO - Initializing wallet import module
2025-08-11 16:46:11 - import_wallet - DEBUG - Logger initialized for import_wallet at level DEBUG
2025-08-11 16:46:11 - import_wallet - INFO - Initializing wallet import module
2025-08-11 16:51:15 - import_wallet - DEBUG - Logger initialized for import_wallet at level DEBUG
2025-08-11 16:51:15 - import_wallet - INFO - Initializing wallet import module
2025-08-11 16:51:56 - import_wallet - DEBUG - Logger initialized for import_wallet at level DEBUG
2025-08-11 16:51:56 - import_wallet - INFO - Initializing wallet import module
2025-08-11 16:53:13 - import_wallet - DEBUG - Logger initialized for import_wallet at level DEBUG
2025-08-11 16:53:13 - import_wallet - INFO - Initializing wallet import module
2025-08-11 16:56:53 - import_wallet - DEBUG - Logger initialized for import_wallet at level DEBUG
2025-08-11 16:56:53 - import_wallet - INFO - Initializing wallet import module
2025-08-11 16:58:21 - import_wallet - DEBUG - Logger initialized for import_wallet at level DEBUG
2025-08-11 16:58:21 - import_wallet - INFO - Initializing wallet import module
2025-08-11 17:00:19 - import_wallet - DEBUG - Logger initialized for import_wallet at level DEBUG
2025-08-11 17:00:19 - import_wallet - INFO - Initializing wallet import module
2025-08-11 17:07:01 - import_wallet - DEBUG - Logger initialized for import_wallet at level DEBUG
2025-08-11 17:07:01 - import_wallet - INFO - Initializing wallet import module
2025-08-11 17:07:01 - import_wallet - DEBUG - Logger initialized for import_wallet at level DEBUG
2025-08-11 17:07:01 - import_wallet - INFO - Initializing wallet import module
2025-08-11 17:07:01 - import_wallet - DEBUG - Logger initialized for import_wallet at level DEBUG
2025-08-11 17:07:01 - import_wallet - INFO - Initializing wallet import module
2025-08-11 17:12:12 - import_wallet - DEBUG - Logger initialized for import_wallet at level DEBUG
2025-08-11 17:12:12 - import_wallet - INFO - Initializing wallet import module
2025-08-11 17:14:07 - import_wallet - DEBUG - Logger initialized for import_wallet at level DEBUG
2025-08-11 17:14:07 - import_wallet - INFO - Initializing wallet import module
2025-08-11 17:14:07 - import_wallet - DEBUG - Logger initialized for import_wallet at level DEBUG
2025-08-11 17:14:07 - import_wallet - INFO - Initializing wallet import module
2025-08-11 17:18:25 - import_wallet - DEBUG - Logger initialized for import_wallet at level DEBUG
2025-08-11 17:18:25 - import_wallet - INFO - Initializing wallet import module
2025-08-11 17:21:17 - import_wallet - DEBUG - Logger initialized for import_wallet at level DEBUG
2025-08-11 17:21:17 - import_wallet - INFO - Initializing wallet import module
2025-08-11 17:23:20 - import_wallet - DEBUG - Logger initialized for import_wallet at level DEBUG
2025-08-11 17:23:20 - import_wallet - INFO - Initializing wallet import module
2025-08-11 17:23:20 - import_wallet - DEBUG - Logger initialized for import_wallet at level DEBUG
2025-08-11 17:23:20 - import_wallet - INFO - Initializing wallet import module
2025-08-11 17:26:20 - import_wallet - DEBUG - Logger initialized for import_wallet at level DEBUG
2025-08-11 17:26:20 - import_wallet - INFO - Initializing wallet import module
2025-08-11 17:36:40 - import_wallet - DEBUG - Logger initialized for import_wallet at level DEBUG
2025-08-11 17:36:40 - import_wallet - INFO - Initializing wallet import module
2025-08-11 17:36:40 - import_wallet - DEBUG - Logger initialized for import_wallet at level DEBUG
2025-08-11 17:36:40 - import_wallet - INFO - Initializing wallet import module
2025-08-11 17:36:40 - import_wallet - DEBUG - Logger initialized for import_wallet at level DEBUG
2025-08-11 17:36:40 - import_wallet - INFO - Initializing wallet import module
2025-08-11 17:49:22 - import_wallet - DEBUG - Logger initialized for import_wallet at level DEBUG
2025-08-11 17:49:22 - import_wallet - INFO - Initializing wallet import module
2025-08-11 18:02:51 - import_wallet - DEBUG - Logger initialized for import_wallet at level DEBUG
2025-08-11 18:02:51 - import_wallet - INFO - Initializing wallet import module
2025-08-11 18:02:51 - import_wallet - DEBUG - Logger initialized for import_wallet at level DEBUG
2025-08-11 18:02:51 - import_wallet - INFO - Initializing wallet import module
2025-08-11 18:05:31 - import_wallet - DEBUG - Logger initialized for import_wallet at level DEBUG
2025-08-11 18:05:31 - import_wallet - INFO - Initializing wallet import module
2025-08-11 18:05:31 - import_wallet - DEBUG - Logger initialized for import_wallet at level DEBUG
2025-08-11 18:05:31 - import_wallet - INFO - Initializing wallet import module
2025-08-11 20:16:01 - import_wallet - WARNING - Wallet import failed: Failed to import wallet: (mysql.connector.errors.ProgrammingError) 1045 (28000): Access denied for user 'CC_USER'@'localhost' (using password: YES)
(Background on this error at: https://sqlalche.me/e/20/f405)
2025-08-11 20:33:43 - import_wallet - WARNING - Wallet import failed: Failed to import wallet: (mysql.connector.errors.ProgrammingError) 1045 (28000): Access denied for user 'CC_USER'@'localhost' (using password: YES)
(Background on this error at: https://sqlalche.me/e/20/f405)
2025-08-11 20:33:48 - import_wallet - WARNING - Wallet import failed: Failed to import wallet: (mysql.connector.errors.ProgrammingError) 1045 (28000): Access denied for user 'CC_USER'@'localhost' (using password: YES)
(Background on this error at: https://sqlalche.me/e/20/f405)
2025-08-11 20:34:10 - import_wallet - WARNING - Wallet import failed: Failed to import wallet: (mysql.connector.errors.ProgrammingError) 1045 (28000): Access denied for user 'CC_USER'@'localhost' (using password: YES)
(Background on this error at: https://sqlalche.me/e/20/f405)
2025-08-11 20:34:13 - import_wallet - WARNING - Wallet import failed: Failed to import wallet: (mysql.connector.errors.ProgrammingError) 1045 (28000): Access denied for user 'CC_USER'@'localhost' (using password: YES)
(Background on this error at: https://sqlalche.me/e/20/f405)
2025-08-11 20:34:15 - import_wallet - WARNING - Wallet import failed: Failed to import wallet: (mysql.connector.errors.ProgrammingError) 1045 (28000): Access denied for user 'CC_USER'@'localhost' (using password: YES)
(Background on this error at: https://sqlalche.me/e/20/f405)
2025-08-11 22:08:45 - import_wallet - DEBUG - Logger initialized for import_wallet at level DEBUG
2025-08-11 22:08:45 - import_wallet - INFO - Initializing wallet import module
2025-08-11 22:08:45 - import_wallet - DEBUG - Logger initialized for import_wallet at level DEBUG
2025-08-11 22:08:45 - import_wallet - INFO - Initializing wallet import module
2025-08-11 22:10:07 - import_wallet - DEBUG - Logger initialized for import_wallet at level DEBUG
2025-08-11 22:10:07 - import_wallet - INFO - Initializing wallet import module
2025-08-11 22:10:08 - import_wallet - DEBUG - Logger initialized for import_wallet at level DEBUG
2025-08-11 22:10:08 - import_wallet - INFO - Initializing wallet import module
2025-08-11 22:13:06 - import_wallet - DEBUG - Logger initialized for import_wallet at level DEBUG
2025-08-11 22:13:06 - import_wallet - INFO - Initializing wallet import module
2025-08-11 22:13:06 - import_wallet - DEBUG - Logger initialized for import_wallet at level DEBUG
2025-08-11 22:13:06 - import_wallet - INFO - Initializing wallet import module
2025-08-11 22:13:53 - import_wallet - WARNING - Wallet import failed: Failed to import wallet: (mysql.connector.errors.OperationalError) MySQL Connection not available.
[SQL: SELECT address.`AddressID` AS `address_AddressID`, address.`WalletID` AS `address_WalletID`, address.`BlockchainID` AS `address_BlockchainID`, address.`PublicAddress` AS `address_PublicAddress`, address.`PrivateKey` AS `address_PrivateKey`, address.`PhraseKey` AS `address_PhraseKey`, address.`CreatedAt` AS `address_CreatedAt` 
FROM address 
WHERE address.`PublicAddress` = %(PublicAddress_1)s 
 LIMIT %(param_1)s]
[parameters: [{}]]
(Background on this error at: https://sqlalche.me/e/20/e3q8)
2025-08-11 22:17:30 - import_wallet - DEBUG - Logger initialized for import_wallet at level DEBUG
2025-08-11 22:17:30 - import_wallet - INFO - Initializing wallet import module
2025-08-11 22:17:30 - import_wallet - DEBUG - Logger initialized for import_wallet at level DEBUG
2025-08-11 22:17:30 - import_wallet - INFO - Initializing wallet import module
2025-08-11 22:18:31 - import_wallet - DEBUG - Logger initialized for import_wallet at level DEBUG
2025-08-11 22:18:31 - import_wallet - INFO - Initializing wallet import module
2025-08-11 22:18:31 - import_wallet - DEBUG - Logger initialized for import_wallet at level DEBUG
2025-08-11 22:18:31 - import_wallet - INFO - Initializing wallet import module
2025-08-11 22:20:23 - import_wallet - DEBUG - Logger initialized for import_wallet at level DEBUG
2025-08-11 22:20:23 - import_wallet - INFO - Initializing wallet import module
2025-08-11 22:20:23 - import_wallet - DEBUG - Logger initialized for import_wallet at level DEBUG
2025-08-11 22:20:23 - import_wallet - INFO - Initializing wallet import module
2025-08-12 01:50:14 - import_wallet - WARNING - Validation error in import_wallet: Mnemonic contains invalid characters
2025-08-12 01:50:17 - import_wallet - WARNING - Validation error in import_wallet: Mnemonic contains invalid characters
2025-08-12 01:50:26 - import_wallet - WARNING - Validation error in import_wallet: Mnemonic contains invalid characters
2025-08-12 01:50:30 - import_wallet - WARNING - Validation error in import_wallet: Mnemonic contains invalid characters
2025-08-12 01:50:37 - import_wallet - WARNING - Validation error in import_wallet: Mnemonic contains invalid characters
2025-08-12 02:18:45 - import_wallet - WARNING - Validation error in import_wallet: Mnemonic contains invalid characters
2025-08-12 02:18:50 - import_wallet - WARNING - Validation error in import_wallet: Mnemonic contains invalid characters
2025-08-12 07:15:53 - import_wallet - WARNING - Invalid mnemonic phrase provided
2025-08-12 07:15:56 - import_wallet - WARNING - Invalid mnemonic phrase provided
2025-08-12 07:16:02 - import_wallet - WARNING - Invalid mnemonic phrase provided
2025-08-12 08:28:12 - import_wallet - WARNING - Validation error in import_wallet: Mnemonic contains invalid characters
2025-08-12 08:28:20 - import_wallet - WARNING - Validation error in import_wallet: Mnemonic contains invalid characters
2025-08-12 08:34:39 - import_wallet - WARNING - Validation error in import_wallet: Mnemonic contains invalid characters
2025-08-12 08:45:47 - import_wallet - WARNING - Validation error in import_wallet: Mnemonic contains invalid characters
2025-08-12 08:46:26 - import_wallet - WARNING - Validation error in import_wallet: Mnemonic contains invalid characters
2025-08-12 08:48:28 - import_wallet - WARNING - Validation error in import_wallet: Mnemonic contains invalid characters
2025-08-12 09:10:34 - import_wallet - WARNING - Invalid mnemonic phrase provided
2025-08-12 09:10:40 - import_wallet - WARNING - Invalid mnemonic phrase provided
2025-08-12 09:20:58 - import_wallet - WARNING - Validation error in import_wallet: Mnemonic contains invalid characters
2025-08-12 09:21:31 - import_wallet - WARNING - Validation error in import_wallet: Mnemonic contains invalid characters
2025-08-12 09:32:43 - import_wallet - WARNING - Validation error in import_wallet: Mnemonic contains invalid characters
2025-08-12 09:46:23 - import_wallet - WARNING - Invalid mnemonic phrase provided
2025-08-12 09:46:30 - import_wallet - WARNING - Invalid mnemonic phrase provided
2025-08-12 09:56:43 - import_wallet - WARNING - Validation error in import_wallet: Mnemonic must contain 12, 18, or 24 words
2025-08-12 10:07:39 - import_wallet - WARNING - Validation error in import_wallet: Mnemonic must contain 12, 18, or 24 words
2025-08-12 10:28:23 - import_wallet - WARNING - Invalid mnemonic phrase provided
2025-08-12 10:28:26 - import_wallet - WARNING - Invalid mnemonic phrase provided
2025-08-12 10:28:39 - import_wallet - WARNING - Invalid mnemonic phrase provided
2025-08-12 10:28:44 - import_wallet - WARNING - Invalid mnemonic phrase provided
2025-08-12 10:28:45 - import_wallet - WARNING - Invalid mnemonic phrase provided
2025-08-12 10:33:26 - import_wallet - WARNING - Invalid mnemonic phrase provided
2025-08-12 10:33:32 - import_wallet - WARNING - Invalid mnemonic phrase provided
2025-08-12 11:03:33 - import_wallet - WARNING - Validation error in import_wallet: Mnemonic must be at least 12 characters
2025-08-12 11:03:36 - import_wallet - WARNING - Validation error in import_wallet: Mnemonic must be at least 12 characters
2025-08-12 11:03:55 - import_wallet - WARNING - Validation error in import_wallet: Mnemonic must be at least 12 characters
2025-08-12 11:03:57 - import_wallet - WARNING - Validation error in import_wallet: Mnemonic must be at least 12 characters
2025-08-12 11:04:18 - import_wallet - WARNING - Validation error in import_wallet: Mnemonic must be at least 12 characters
2025-08-12 12:33:08 - import_wallet - WARNING - Invalid mnemonic phrase provided
2025-08-12 12:33:12 - import_wallet - WARNING - Invalid mnemonic phrase provided
2025-08-12 12:33:14 - import_wallet - WARNING - Invalid mnemonic phrase provided
2025-08-12 12:33:18 - import_wallet - WARNING - Invalid mnemonic phrase provided
2025-08-12 12:33:19 - import_wallet - WARNING - Invalid mnemonic phrase provided
2025-08-12 14:21:31 - import_wallet - WARNING - Invalid mnemonic phrase provided
