2025-08-05 07:25:10 - firebase - DEBUG - Logger initialized for firebase at level DEBUG
2025-08-05 07:25:10 - firebase - WARNING - tenacity package not available. Using simple retry mechanism.
2025-08-05 07:25:11 - firebase - INFO - Using Firebase credentials from file: /www/wwwroot/coinceeper.com/CC/config/coinceeper-f2eaf-firebase-adminsdk-fbsvc-4f2bc9645c.json
2025-08-05 07:25:11 - firebase - INFO - Firebase initialized successfully
2025-08-05 07:26:11 - firebase - DEBUG - Logger initialized for firebase at level DEBUG
2025-08-05 07:26:12 - firebase - WARNING - tenacity package not available. Using simple retry mechanism.
2025-08-05 07:26:12 - firebase - INFO - Using Firebase credentials from file: /www/wwwroot/coinceeper.com/CC/config/coinceeper-f2eaf-firebase-adminsdk-fbsvc-4f2bc9645c.json
2025-08-05 07:26:12 - firebase - INFO - Firebase initialized successfully
2025-08-05 07:26:47 - firebase - DEBUG - Logger initialized for firebase at level DEBUG
2025-08-05 07:26:48 - firebase - WARNING - tenacity package not available. Using simple retry mechanism.
2025-08-05 07:26:48 - firebase - INFO - Using Firebase credentials from file: /www/wwwroot/coinceeper.com/CC/config/coinceeper-f2eaf-firebase-adminsdk-fbsvc-4f2bc9645c.json
2025-08-05 07:26:48 - firebase - INFO - Firebase initialized successfully
2025-08-05 07:57:02 - firebase - WARNING - [FCM] Device token fpz3xag_Rle2cokBkczQAX:APA91bErRflI-XMX9UB109bBsS9L7DS0FFZc0dPsIoUw-fUOuHusxq6erlgeYKncYVjNGIPyZidbBxeuhfnr7HRNqjgfJdpYlE5bUn-Ot0JQTVewQudAjnk is no longer valid
2025-08-05 07:57:02 - firebase - WARNING - [FCM] Device token ftpj6NNdQ1aTeveLizo0K_:APA91bHeCbvq4GYI7yG_pd-DnGRW_sX-OPdsSoh0H8kqYZMcx1x0tGrIRFuOQkVZg9YdhNIpwU3bPt8hCr2ttg2t93aF4GsqY4L-UuIyghuAxWUko2NvUUg is no longer valid
2025-08-05 07:57:03 - firebase - WARNING - [FCM] Device token cJWBBHiCRPWqpdgQWfDEFo:APA91bGdiWfPdCyQkgenCRwCaE6K00f-QwOKkmolp36KC-XxKPpMktQ1gq5GsXfOpv5R0TR9L5TquQVfL_jTRO8N78xuC8UeH3Mm_c9vMw8HV7oV3hISVZQ is no longer valid
2025-08-05 07:57:03 - firebase - WARNING - [FCM] Device token dRj3dsknS3iAX5fQf2AcY9:APA91bGFdKRDb6ZG5wozh4v7X9lyda94x66vfWVReinZMkzyrruAPL8sDNHnRu_1zDzLTzVsYjaAZyEgTPkQFRRgwW3PF_keBkErIZu1eK5r4wxON6O9u9g is no longer valid
2025-08-05 07:57:03 - firebase - WARNING - [FCM] Device token f5-bvQ4FTIKpmt-VvvzogR:APA91bGHYKvBlEiB0sbTf6vY6brl4EVWJqGBBykZymkBe00Zp8QUkPwlPlsZbsGEfMsVTVDCVohvcG_PqgG1qINXb0-wIRUT7o1VLUNSmYgKLPWQ8eBtioA is no longer valid
2025-08-05 09:13:07 - firebase - WARNING - [FCM] Device token fpz3xag_Rle2cokBkczQAX:APA91bErRflI-XMX9UB109bBsS9L7DS0FFZc0dPsIoUw-fUOuHusxq6erlgeYKncYVjNGIPyZidbBxeuhfnr7HRNqjgfJdpYlE5bUn-Ot0JQTVewQudAjnk is no longer valid
2025-08-05 09:13:07 - firebase - WARNING - [FCM] Device token ftpj6NNdQ1aTeveLizo0K_:APA91bHeCbvq4GYI7yG_pd-DnGRW_sX-OPdsSoh0H8kqYZMcx1x0tGrIRFuOQkVZg9YdhNIpwU3bPt8hCr2ttg2t93aF4GsqY4L-UuIyghuAxWUko2NvUUg is no longer valid
2025-08-05 09:13:08 - firebase - WARNING - [FCM] Device token cJWBBHiCRPWqpdgQWfDEFo:APA91bGdiWfPdCyQkgenCRwCaE6K00f-QwOKkmolp36KC-XxKPpMktQ1gq5GsXfOpv5R0TR9L5TquQVfL_jTRO8N78xuC8UeH3Mm_c9vMw8HV7oV3hISVZQ is no longer valid
2025-08-05 09:13:08 - firebase - WARNING - [FCM] Device token dRj3dsknS3iAX5fQf2AcY9:APA91bGFdKRDb6ZG5wozh4v7X9lyda94x66vfWVReinZMkzyrruAPL8sDNHnRu_1zDzLTzVsYjaAZyEgTPkQFRRgwW3PF_keBkErIZu1eK5r4wxON6O9u9g is no longer valid
2025-08-05 09:13:08 - firebase - WARNING - [FCM] Device token f5-bvQ4FTIKpmt-VvvzogR:APA91bGHYKvBlEiB0sbTf6vY6brl4EVWJqGBBykZymkBe00Zp8QUkPwlPlsZbsGEfMsVTVDCVohvcG_PqgG1qINXb0-wIRUT7o1VLUNSmYgKLPWQ8eBtioA is no longer valid
2025-08-05 09:17:43 - firebase - WARNING - [FCM] Device token fpz3xag_Rle2cokBkczQAX:APA91bErRflI-XMX9UB109bBsS9L7DS0FFZc0dPsIoUw-fUOuHusxq6erlgeYKncYVjNGIPyZidbBxeuhfnr7HRNqjgfJdpYlE5bUn-Ot0JQTVewQudAjnk is no longer valid
2025-08-05 09:17:43 - firebase - WARNING - [FCM] Device token ftpj6NNdQ1aTeveLizo0K_:APA91bHeCbvq4GYI7yG_pd-DnGRW_sX-OPdsSoh0H8kqYZMcx1x0tGrIRFuOQkVZg9YdhNIpwU3bPt8hCr2ttg2t93aF4GsqY4L-UuIyghuAxWUko2NvUUg is no longer valid
2025-08-05 09:17:43 - firebase - WARNING - [FCM] Device token cJWBBHiCRPWqpdgQWfDEFo:APA91bGdiWfPdCyQkgenCRwCaE6K00f-QwOKkmolp36KC-XxKPpMktQ1gq5GsXfOpv5R0TR9L5TquQVfL_jTRO8N78xuC8UeH3Mm_c9vMw8HV7oV3hISVZQ is no longer valid
2025-08-05 09:17:43 - firebase - WARNING - [FCM] Device token dRj3dsknS3iAX5fQf2AcY9:APA91bGFdKRDb6ZG5wozh4v7X9lyda94x66vfWVReinZMkzyrruAPL8sDNHnRu_1zDzLTzVsYjaAZyEgTPkQFRRgwW3PF_keBkErIZu1eK5r4wxON6O9u9g is no longer valid
2025-08-05 09:17:43 - firebase - WARNING - [FCM] Device token f5-bvQ4FTIKpmt-VvvzogR:APA91bGHYKvBlEiB0sbTf6vY6brl4EVWJqGBBykZymkBe00Zp8QUkPwlPlsZbsGEfMsVTVDCVohvcG_PqgG1qINXb0-wIRUT7o1VLUNSmYgKLPWQ8eBtioA is no longer valid
2025-08-05 10:17:03 - firebase - WARNING - [FCM] Device token fpz3xag_Rle2cokBkczQAX:APA91bErRflI-XMX9UB109bBsS9L7DS0FFZc0dPsIoUw-fUOuHusxq6erlgeYKncYVjNGIPyZidbBxeuhfnr7HRNqjgfJdpYlE5bUn-Ot0JQTVewQudAjnk is no longer valid
2025-08-05 10:17:03 - firebase - WARNING - [FCM] Device token ftpj6NNdQ1aTeveLizo0K_:APA91bHeCbvq4GYI7yG_pd-DnGRW_sX-OPdsSoh0H8kqYZMcx1x0tGrIRFuOQkVZg9YdhNIpwU3bPt8hCr2ttg2t93aF4GsqY4L-UuIyghuAxWUko2NvUUg is no longer valid
2025-08-05 10:17:03 - firebase - WARNING - [FCM] Device token cJWBBHiCRPWqpdgQWfDEFo:APA91bGdiWfPdCyQkgenCRwCaE6K00f-QwOKkmolp36KC-XxKPpMktQ1gq5GsXfOpv5R0TR9L5TquQVfL_jTRO8N78xuC8UeH3Mm_c9vMw8HV7oV3hISVZQ is no longer valid
2025-08-05 10:17:03 - firebase - WARNING - [FCM] Device token dRj3dsknS3iAX5fQf2AcY9:APA91bGFdKRDb6ZG5wozh4v7X9lyda94x66vfWVReinZMkzyrruAPL8sDNHnRu_1zDzLTzVsYjaAZyEgTPkQFRRgwW3PF_keBkErIZu1eK5r4wxON6O9u9g is no longer valid
2025-08-05 10:17:03 - firebase - WARNING - [FCM] Device token f5-bvQ4FTIKpmt-VvvzogR:APA91bGHYKvBlEiB0sbTf6vY6brl4EVWJqGBBykZymkBe00Zp8QUkPwlPlsZbsGEfMsVTVDCVohvcG_PqgG1qINXb0-wIRUT7o1VLUNSmYgKLPWQ8eBtioA is no longer valid
2025-08-05 11:18:44 - firebase - DEBUG - Logger initialized for firebase at level DEBUG
2025-08-05 11:18:44 - firebase - WARNING - tenacity package not available. Using simple retry mechanism.
2025-08-05 11:18:45 - firebase - INFO - Using Firebase credentials from file: /www/wwwroot/coinceeper.com/CC/config/coinceeper-f2eaf-firebase-adminsdk-fbsvc-4f2bc9645c.json
2025-08-05 11:18:45 - firebase - INFO - Firebase initialized successfully
2025-08-05 11:18:58 - firebase - DEBUG - Logger initialized for firebase at level DEBUG
2025-08-05 11:18:59 - firebase - WARNING - tenacity package not available. Using simple retry mechanism.
2025-08-05 11:18:59 - firebase - INFO - Using Firebase credentials from file: /www/wwwroot/coinceeper.com/CC/config/coinceeper-f2eaf-firebase-adminsdk-fbsvc-4f2bc9645c.json
2025-08-05 11:18:59 - firebase - INFO - Firebase initialized successfully
2025-08-05 11:26:22 - firebase - WARNING - [FCM] Device token fpz3xag_Rle2cokBkczQAX:APA91bErRflI-XMX9UB109bBsS9L7DS0FFZc0dPsIoUw-fUOuHusxq6erlgeYKncYVjNGIPyZidbBxeuhfnr7HRNqjgfJdpYlE5bUn-Ot0JQTVewQudAjnk is no longer valid
2025-08-05 11:26:22 - firebase - WARNING - [FCM] Device token ftpj6NNdQ1aTeveLizo0K_:APA91bHeCbvq4GYI7yG_pd-DnGRW_sX-OPdsSoh0H8kqYZMcx1x0tGrIRFuOQkVZg9YdhNIpwU3bPt8hCr2ttg2t93aF4GsqY4L-UuIyghuAxWUko2NvUUg is no longer valid
2025-08-05 11:26:22 - firebase - WARNING - [FCM] Device token cJWBBHiCRPWqpdgQWfDEFo:APA91bGdiWfPdCyQkgenCRwCaE6K00f-QwOKkmolp36KC-XxKPpMktQ1gq5GsXfOpv5R0TR9L5TquQVfL_jTRO8N78xuC8UeH3Mm_c9vMw8HV7oV3hISVZQ is no longer valid
2025-08-05 11:26:22 - firebase - WARNING - [FCM] Device token dRj3dsknS3iAX5fQf2AcY9:APA91bGFdKRDb6ZG5wozh4v7X9lyda94x66vfWVReinZMkzyrruAPL8sDNHnRu_1zDzLTzVsYjaAZyEgTPkQFRRgwW3PF_keBkErIZu1eK5r4wxON6O9u9g is no longer valid
2025-08-05 11:26:22 - firebase - WARNING - [FCM] Device token f5-bvQ4FTIKpmt-VvvzogR:APA91bGHYKvBlEiB0sbTf6vY6brl4EVWJqGBBykZymkBe00Zp8QUkPwlPlsZbsGEfMsVTVDCVohvcG_PqgG1qINXb0-wIRUT7o1VLUNSmYgKLPWQ8eBtioA is no longer valid
2025-08-05 11:26:52 - firebase - WARNING - [FCM] Device token fpz3xag_Rle2cokBkczQAX:APA91bErRflI-XMX9UB109bBsS9L7DS0FFZc0dPsIoUw-fUOuHusxq6erlgeYKncYVjNGIPyZidbBxeuhfnr7HRNqjgfJdpYlE5bUn-Ot0JQTVewQudAjnk is no longer valid
2025-08-05 11:26:52 - firebase - WARNING - [FCM] Device token ftpj6NNdQ1aTeveLizo0K_:APA91bHeCbvq4GYI7yG_pd-DnGRW_sX-OPdsSoh0H8kqYZMcx1x0tGrIRFuOQkVZg9YdhNIpwU3bPt8hCr2ttg2t93aF4GsqY4L-UuIyghuAxWUko2NvUUg is no longer valid
2025-08-05 11:26:52 - firebase - WARNING - [FCM] Device token cJWBBHiCRPWqpdgQWfDEFo:APA91bGdiWfPdCyQkgenCRwCaE6K00f-QwOKkmolp36KC-XxKPpMktQ1gq5GsXfOpv5R0TR9L5TquQVfL_jTRO8N78xuC8UeH3Mm_c9vMw8HV7oV3hISVZQ is no longer valid
2025-08-05 11:26:52 - firebase - WARNING - [FCM] Device token dRj3dsknS3iAX5fQf2AcY9:APA91bGFdKRDb6ZG5wozh4v7X9lyda94x66vfWVReinZMkzyrruAPL8sDNHnRu_1zDzLTzVsYjaAZyEgTPkQFRRgwW3PF_keBkErIZu1eK5r4wxON6O9u9g is no longer valid
2025-08-05 11:26:53 - firebase - WARNING - [FCM] Device token f5-bvQ4FTIKpmt-VvvzogR:APA91bGHYKvBlEiB0sbTf6vY6brl4EVWJqGBBykZymkBe00Zp8QUkPwlPlsZbsGEfMsVTVDCVohvcG_PqgG1qINXb0-wIRUT7o1VLUNSmYgKLPWQ8eBtioA is no longer valid
2025-08-05 11:31:37 - firebase - WARNING - [FCM] Device token fpz3xag_Rle2cokBkczQAX:APA91bErRflI-XMX9UB109bBsS9L7DS0FFZc0dPsIoUw-fUOuHusxq6erlgeYKncYVjNGIPyZidbBxeuhfnr7HRNqjgfJdpYlE5bUn-Ot0JQTVewQudAjnk is no longer valid
2025-08-05 11:31:37 - firebase - WARNING - [FCM] Device token ftpj6NNdQ1aTeveLizo0K_:APA91bHeCbvq4GYI7yG_pd-DnGRW_sX-OPdsSoh0H8kqYZMcx1x0tGrIRFuOQkVZg9YdhNIpwU3bPt8hCr2ttg2t93aF4GsqY4L-UuIyghuAxWUko2NvUUg is no longer valid
2025-08-05 11:31:37 - firebase - WARNING - [FCM] Device token cJWBBHiCRPWqpdgQWfDEFo:APA91bGdiWfPdCyQkgenCRwCaE6K00f-QwOKkmolp36KC-XxKPpMktQ1gq5GsXfOpv5R0TR9L5TquQVfL_jTRO8N78xuC8UeH3Mm_c9vMw8HV7oV3hISVZQ is no longer valid
2025-08-05 11:31:37 - firebase - WARNING - [FCM] Device token dRj3dsknS3iAX5fQf2AcY9:APA91bGFdKRDb6ZG5wozh4v7X9lyda94x66vfWVReinZMkzyrruAPL8sDNHnRu_1zDzLTzVsYjaAZyEgTPkQFRRgwW3PF_keBkErIZu1eK5r4wxON6O9u9g is no longer valid
2025-08-05 11:31:38 - firebase - WARNING - [FCM] Device token f5-bvQ4FTIKpmt-VvvzogR:APA91bGHYKvBlEiB0sbTf6vY6brl4EVWJqGBBykZymkBe00Zp8QUkPwlPlsZbsGEfMsVTVDCVohvcG_PqgG1qINXb0-wIRUT7o1VLUNSmYgKLPWQ8eBtioA is no longer valid
2025-08-05 11:31:52 - firebase - WARNING - [FCM] Device token fpz3xag_Rle2cokBkczQAX:APA91bErRflI-XMX9UB109bBsS9L7DS0FFZc0dPsIoUw-fUOuHusxq6erlgeYKncYVjNGIPyZidbBxeuhfnr7HRNqjgfJdpYlE5bUn-Ot0JQTVewQudAjnk is no longer valid
2025-08-05 11:31:52 - firebase - WARNING - [FCM] Device token ftpj6NNdQ1aTeveLizo0K_:APA91bHeCbvq4GYI7yG_pd-DnGRW_sX-OPdsSoh0H8kqYZMcx1x0tGrIRFuOQkVZg9YdhNIpwU3bPt8hCr2ttg2t93aF4GsqY4L-UuIyghuAxWUko2NvUUg is no longer valid
2025-08-05 11:31:52 - firebase - WARNING - [FCM] Device token cJWBBHiCRPWqpdgQWfDEFo:APA91bGdiWfPdCyQkgenCRwCaE6K00f-QwOKkmolp36KC-XxKPpMktQ1gq5GsXfOpv5R0TR9L5TquQVfL_jTRO8N78xuC8UeH3Mm_c9vMw8HV7oV3hISVZQ is no longer valid
2025-08-05 11:31:52 - firebase - WARNING - [FCM] Device token dRj3dsknS3iAX5fQf2AcY9:APA91bGFdKRDb6ZG5wozh4v7X9lyda94x66vfWVReinZMkzyrruAPL8sDNHnRu_1zDzLTzVsYjaAZyEgTPkQFRRgwW3PF_keBkErIZu1eK5r4wxON6O9u9g is no longer valid
2025-08-05 11:31:52 - firebase - WARNING - [FCM] Device token f5-bvQ4FTIKpmt-VvvzogR:APA91bGHYKvBlEiB0sbTf6vY6brl4EVWJqGBBykZymkBe00Zp8QUkPwlPlsZbsGEfMsVTVDCVohvcG_PqgG1qINXb0-wIRUT7o1VLUNSmYgKLPWQ8eBtioA is no longer valid
2025-08-05 16:14:57 - firebase - WARNING - [FCM] Device token fpz3xag_Rle2cokBkczQAX:APA91bErRflI-XMX9UB109bBsS9L7DS0FFZc0dPsIoUw-fUOuHusxq6erlgeYKncYVjNGIPyZidbBxeuhfnr7HRNqjgfJdpYlE5bUn-Ot0JQTVewQudAjnk is no longer valid
2025-08-05 16:14:58 - firebase - WARNING - [FCM] Device token ftpj6NNdQ1aTeveLizo0K_:APA91bHeCbvq4GYI7yG_pd-DnGRW_sX-OPdsSoh0H8kqYZMcx1x0tGrIRFuOQkVZg9YdhNIpwU3bPt8hCr2ttg2t93aF4GsqY4L-UuIyghuAxWUko2NvUUg is no longer valid
2025-08-05 16:14:58 - firebase - WARNING - [FCM] Device token cJWBBHiCRPWqpdgQWfDEFo:APA91bGdiWfPdCyQkgenCRwCaE6K00f-QwOKkmolp36KC-XxKPpMktQ1gq5GsXfOpv5R0TR9L5TquQVfL_jTRO8N78xuC8UeH3Mm_c9vMw8HV7oV3hISVZQ is no longer valid
2025-08-05 16:14:58 - firebase - WARNING - [FCM] Device token dRj3dsknS3iAX5fQf2AcY9:APA91bGFdKRDb6ZG5wozh4v7X9lyda94x66vfWVReinZMkzyrruAPL8sDNHnRu_1zDzLTzVsYjaAZyEgTPkQFRRgwW3PF_keBkErIZu1eK5r4wxON6O9u9g is no longer valid
2025-08-05 16:14:58 - firebase - WARNING - [FCM] Device token f5-bvQ4FTIKpmt-VvvzogR:APA91bGHYKvBlEiB0sbTf6vY6brl4EVWJqGBBykZymkBe00Zp8QUkPwlPlsZbsGEfMsVTVDCVohvcG_PqgG1qINXb0-wIRUT7o1VLUNSmYgKLPWQ8eBtioA is no longer valid
2025-08-05 16:16:18 - firebase - WARNING - [FCM] Device token fpz3xag_Rle2cokBkczQAX:APA91bErRflI-XMX9UB109bBsS9L7DS0FFZc0dPsIoUw-fUOuHusxq6erlgeYKncYVjNGIPyZidbBxeuhfnr7HRNqjgfJdpYlE5bUn-Ot0JQTVewQudAjnk is no longer valid
2025-08-05 16:16:18 - firebase - WARNING - [FCM] Device token fpz3xag_Rle2cokBkczQAX:APA91bErRflI-XMX9UB109bBsS9L7DS0FFZc0dPsIoUw-fUOuHusxq6erlgeYKncYVjNGIPyZidbBxeuhfnr7HRNqjgfJdpYlE5bUn-Ot0JQTVewQudAjnk is no longer valid
2025-08-05 16:16:18 - firebase - WARNING - [FCM] Device token ftpj6NNdQ1aTeveLizo0K_:APA91bHeCbvq4GYI7yG_pd-DnGRW_sX-OPdsSoh0H8kqYZMcx1x0tGrIRFuOQkVZg9YdhNIpwU3bPt8hCr2ttg2t93aF4GsqY4L-UuIyghuAxWUko2NvUUg is no longer valid
2025-08-05 16:16:18 - firebase - WARNING - [FCM] Device token ftpj6NNdQ1aTeveLizo0K_:APA91bHeCbvq4GYI7yG_pd-DnGRW_sX-OPdsSoh0H8kqYZMcx1x0tGrIRFuOQkVZg9YdhNIpwU3bPt8hCr2ttg2t93aF4GsqY4L-UuIyghuAxWUko2NvUUg is no longer valid
2025-08-05 16:16:18 - firebase - WARNING - [FCM] Device token cJWBBHiCRPWqpdgQWfDEFo:APA91bGdiWfPdCyQkgenCRwCaE6K00f-QwOKkmolp36KC-XxKPpMktQ1gq5GsXfOpv5R0TR9L5TquQVfL_jTRO8N78xuC8UeH3Mm_c9vMw8HV7oV3hISVZQ is no longer valid
2025-08-05 16:16:18 - firebase - WARNING - [FCM] Device token cJWBBHiCRPWqpdgQWfDEFo:APA91bGdiWfPdCyQkgenCRwCaE6K00f-QwOKkmolp36KC-XxKPpMktQ1gq5GsXfOpv5R0TR9L5TquQVfL_jTRO8N78xuC8UeH3Mm_c9vMw8HV7oV3hISVZQ is no longer valid
2025-08-05 16:16:18 - firebase - WARNING - [FCM] Device token dRj3dsknS3iAX5fQf2AcY9:APA91bGFdKRDb6ZG5wozh4v7X9lyda94x66vfWVReinZMkzyrruAPL8sDNHnRu_1zDzLTzVsYjaAZyEgTPkQFRRgwW3PF_keBkErIZu1eK5r4wxON6O9u9g is no longer valid
2025-08-05 16:16:18 - firebase - WARNING - [FCM] Device token dRj3dsknS3iAX5fQf2AcY9:APA91bGFdKRDb6ZG5wozh4v7X9lyda94x66vfWVReinZMkzyrruAPL8sDNHnRu_1zDzLTzVsYjaAZyEgTPkQFRRgwW3PF_keBkErIZu1eK5r4wxON6O9u9g is no longer valid
2025-08-05 16:16:18 - firebase - WARNING - [FCM] Device token f5-bvQ4FTIKpmt-VvvzogR:APA91bGHYKvBlEiB0sbTf6vY6brl4EVWJqGBBykZymkBe00Zp8QUkPwlPlsZbsGEfMsVTVDCVohvcG_PqgG1qINXb0-wIRUT7o1VLUNSmYgKLPWQ8eBtioA is no longer valid
2025-08-05 16:16:18 - firebase - WARNING - [FCM] Device token f5-bvQ4FTIKpmt-VvvzogR:APA91bGHYKvBlEiB0sbTf6vY6brl4EVWJqGBBykZymkBe00Zp8QUkPwlPlsZbsGEfMsVTVDCVohvcG_PqgG1qINXb0-wIRUT7o1VLUNSmYgKLPWQ8eBtioA is no longer valid
2025-08-05 16:21:07 - firebase - WARNING - [FCM] Device token fpz3xag_Rle2cokBkczQAX:APA91bErRflI-XMX9UB109bBsS9L7DS0FFZc0dPsIoUw-fUOuHusxq6erlgeYKncYVjNGIPyZidbBxeuhfnr7HRNqjgfJdpYlE5bUn-Ot0JQTVewQudAjnk is no longer valid
2025-08-05 16:21:07 - firebase - WARNING - [FCM] Device token ftpj6NNdQ1aTeveLizo0K_:APA91bHeCbvq4GYI7yG_pd-DnGRW_sX-OPdsSoh0H8kqYZMcx1x0tGrIRFuOQkVZg9YdhNIpwU3bPt8hCr2ttg2t93aF4GsqY4L-UuIyghuAxWUko2NvUUg is no longer valid
2025-08-05 16:21:07 - firebase - WARNING - [FCM] Device token cJWBBHiCRPWqpdgQWfDEFo:APA91bGdiWfPdCyQkgenCRwCaE6K00f-QwOKkmolp36KC-XxKPpMktQ1gq5GsXfOpv5R0TR9L5TquQVfL_jTRO8N78xuC8UeH3Mm_c9vMw8HV7oV3hISVZQ is no longer valid
2025-08-05 16:21:07 - firebase - WARNING - [FCM] Device token dRj3dsknS3iAX5fQf2AcY9:APA91bGFdKRDb6ZG5wozh4v7X9lyda94x66vfWVReinZMkzyrruAPL8sDNHnRu_1zDzLTzVsYjaAZyEgTPkQFRRgwW3PF_keBkErIZu1eK5r4wxON6O9u9g is no longer valid
2025-08-05 16:21:08 - firebase - WARNING - [FCM] Device token f5-bvQ4FTIKpmt-VvvzogR:APA91bGHYKvBlEiB0sbTf6vY6brl4EVWJqGBBykZymkBe00Zp8QUkPwlPlsZbsGEfMsVTVDCVohvcG_PqgG1qINXb0-wIRUT7o1VLUNSmYgKLPWQ8eBtioA is no longer valid
2025-08-05 18:00:33 - firebase - DEBUG - Logger initialized for firebase at level DEBUG
2025-08-05 18:00:33 - firebase - DEBUG - Logger initialized for firebase at level DEBUG
2025-08-05 18:00:34 - firebase - DEBUG - Logger initialized for firebase at level DEBUG
2025-08-05 18:00:34 - firebase - WARNING - tenacity package not available. Using simple retry mechanism.
2025-08-05 18:00:34 - firebase - WARNING - tenacity package not available. Using simple retry mechanism.
2025-08-05 18:00:34 - firebase - INFO - Using Firebase credentials from file: /www/wwwroot/coinceeper.com/CC/config/coinceeper-f2eaf-firebase-adminsdk-fbsvc-4f2bc9645c.json
2025-08-05 18:00:34 - firebase - INFO - Using Firebase credentials from file: /www/wwwroot/coinceeper.com/CC/config/coinceeper-f2eaf-firebase-adminsdk-fbsvc-4f2bc9645c.json
2025-08-05 18:00:34 - firebase - INFO - Firebase initialized successfully
2025-08-05 18:00:34 - firebase - WARNING - tenacity package not available. Using simple retry mechanism.
2025-08-05 18:00:34 - firebase - INFO - Firebase initialized successfully
2025-08-05 18:00:34 - firebase - INFO - Using Firebase credentials from file: /www/wwwroot/coinceeper.com/CC/config/coinceeper-f2eaf-firebase-adminsdk-fbsvc-4f2bc9645c.json
2025-08-05 18:00:34 - firebase - INFO - Firebase initialized successfully
2025-08-05 18:01:16 - firebase - DEBUG - Logger initialized for firebase at level DEBUG
2025-08-05 18:01:16 - firebase - DEBUG - Logger initialized for firebase at level DEBUG
2025-08-05 18:01:16 - firebase - DEBUG - Logger initialized for firebase at level DEBUG
2025-08-05 18:01:16 - firebase - WARNING - tenacity package not available. Using simple retry mechanism.
2025-08-05 18:01:16 - firebase - INFO - Using Firebase credentials from file: /www/wwwroot/coinceeper.com/CC/config/coinceeper-f2eaf-firebase-adminsdk-fbsvc-4f2bc9645c.json
2025-08-05 18:01:16 - firebase - INFO - Firebase initialized successfully
2025-08-05 18:01:16 - firebase - WARNING - tenacity package not available. Using simple retry mechanism.
2025-08-05 18:01:17 - firebase - WARNING - tenacity package not available. Using simple retry mechanism.
2025-08-05 18:01:17 - firebase - INFO - Using Firebase credentials from file: /www/wwwroot/coinceeper.com/CC/config/coinceeper-f2eaf-firebase-adminsdk-fbsvc-4f2bc9645c.json
2025-08-05 18:01:17 - firebase - INFO - Firebase initialized successfully
2025-08-05 18:01:17 - firebase - INFO - Using Firebase credentials from file: /www/wwwroot/coinceeper.com/CC/config/coinceeper-f2eaf-firebase-adminsdk-fbsvc-4f2bc9645c.json
2025-08-05 18:01:17 - firebase - INFO - Firebase initialized successfully
2025-08-05 19:36:02 - firebase - WARNING - [FCM] Device token fpz3xag_Rle2cokBkczQAX:APA91bErRflI-XMX9UB109bBsS9L7DS0FFZc0dPsIoUw-fUOuHusxq6erlgeYKncYVjNGIPyZidbBxeuhfnr7HRNqjgfJdpYlE5bUn-Ot0JQTVewQudAjnk is no longer valid
2025-08-05 19:36:02 - firebase - WARNING - [FCM] Device token ftpj6NNdQ1aTeveLizo0K_:APA91bHeCbvq4GYI7yG_pd-DnGRW_sX-OPdsSoh0H8kqYZMcx1x0tGrIRFuOQkVZg9YdhNIpwU3bPt8hCr2ttg2t93aF4GsqY4L-UuIyghuAxWUko2NvUUg is no longer valid
2025-08-05 19:36:02 - firebase - WARNING - [FCM] Device token cJWBBHiCRPWqpdgQWfDEFo:APA91bGdiWfPdCyQkgenCRwCaE6K00f-QwOKkmolp36KC-XxKPpMktQ1gq5GsXfOpv5R0TR9L5TquQVfL_jTRO8N78xuC8UeH3Mm_c9vMw8HV7oV3hISVZQ is no longer valid
2025-08-05 19:36:02 - firebase - WARNING - [FCM] Device token dRj3dsknS3iAX5fQf2AcY9:APA91bGFdKRDb6ZG5wozh4v7X9lyda94x66vfWVReinZMkzyrruAPL8sDNHnRu_1zDzLTzVsYjaAZyEgTPkQFRRgwW3PF_keBkErIZu1eK5r4wxON6O9u9g is no longer valid
2025-08-05 19:36:02 - firebase - WARNING - [FCM] Device token f5-bvQ4FTIKpmt-VvvzogR:APA91bGHYKvBlEiB0sbTf6vY6brl4EVWJqGBBykZymkBe00Zp8QUkPwlPlsZbsGEfMsVTVDCVohvcG_PqgG1qINXb0-wIRUT7o1VLUNSmYgKLPWQ8eBtioA is no longer valid
2025-08-05 19:52:27 - firebase - WARNING - [FCM] Device token fpz3xag_Rle2cokBkczQAX:APA91bErRflI-XMX9UB109bBsS9L7DS0FFZc0dPsIoUw-fUOuHusxq6erlgeYKncYVjNGIPyZidbBxeuhfnr7HRNqjgfJdpYlE5bUn-Ot0JQTVewQudAjnk is no longer valid
2025-08-05 19:52:27 - firebase - WARNING - [FCM] Device token ftpj6NNdQ1aTeveLizo0K_:APA91bHeCbvq4GYI7yG_pd-DnGRW_sX-OPdsSoh0H8kqYZMcx1x0tGrIRFuOQkVZg9YdhNIpwU3bPt8hCr2ttg2t93aF4GsqY4L-UuIyghuAxWUko2NvUUg is no longer valid
2025-08-05 19:52:27 - firebase - WARNING - [FCM] Device token cJWBBHiCRPWqpdgQWfDEFo:APA91bGdiWfPdCyQkgenCRwCaE6K00f-QwOKkmolp36KC-XxKPpMktQ1gq5GsXfOpv5R0TR9L5TquQVfL_jTRO8N78xuC8UeH3Mm_c9vMw8HV7oV3hISVZQ is no longer valid
2025-08-05 19:52:27 - firebase - WARNING - [FCM] Device token dRj3dsknS3iAX5fQf2AcY9:APA91bGFdKRDb6ZG5wozh4v7X9lyda94x66vfWVReinZMkzyrruAPL8sDNHnRu_1zDzLTzVsYjaAZyEgTPkQFRRgwW3PF_keBkErIZu1eK5r4wxON6O9u9g is no longer valid
2025-08-05 19:52:27 - firebase - WARNING - [FCM] Device token f5-bvQ4FTIKpmt-VvvzogR:APA91bGHYKvBlEiB0sbTf6vY6brl4EVWJqGBBykZymkBe00Zp8QUkPwlPlsZbsGEfMsVTVDCVohvcG_PqgG1qINXb0-wIRUT7o1VLUNSmYgKLPWQ8eBtioA is no longer valid
2025-08-05 19:52:37 - firebase - WARNING - [FCM] Device token fpz3xag_Rle2cokBkczQAX:APA91bErRflI-XMX9UB109bBsS9L7DS0FFZc0dPsIoUw-fUOuHusxq6erlgeYKncYVjNGIPyZidbBxeuhfnr7HRNqjgfJdpYlE5bUn-Ot0JQTVewQudAjnk is no longer valid
2025-08-05 19:52:37 - firebase - WARNING - [FCM] Device token ftpj6NNdQ1aTeveLizo0K_:APA91bHeCbvq4GYI7yG_pd-DnGRW_sX-OPdsSoh0H8kqYZMcx1x0tGrIRFuOQkVZg9YdhNIpwU3bPt8hCr2ttg2t93aF4GsqY4L-UuIyghuAxWUko2NvUUg is no longer valid
2025-08-05 19:52:37 - firebase - WARNING - [FCM] Device token cJWBBHiCRPWqpdgQWfDEFo:APA91bGdiWfPdCyQkgenCRwCaE6K00f-QwOKkmolp36KC-XxKPpMktQ1gq5GsXfOpv5R0TR9L5TquQVfL_jTRO8N78xuC8UeH3Mm_c9vMw8HV7oV3hISVZQ is no longer valid
2025-08-05 19:52:37 - firebase - WARNING - [FCM] Device token dRj3dsknS3iAX5fQf2AcY9:APA91bGFdKRDb6ZG5wozh4v7X9lyda94x66vfWVReinZMkzyrruAPL8sDNHnRu_1zDzLTzVsYjaAZyEgTPkQFRRgwW3PF_keBkErIZu1eK5r4wxON6O9u9g is no longer valid
2025-08-05 19:52:37 - firebase - WARNING - [FCM] Device token f5-bvQ4FTIKpmt-VvvzogR:APA91bGHYKvBlEiB0sbTf6vY6brl4EVWJqGBBykZymkBe00Zp8QUkPwlPlsZbsGEfMsVTVDCVohvcG_PqgG1qINXb0-wIRUT7o1VLUNSmYgKLPWQ8eBtioA is no longer valid
2025-08-05 19:56:57 - firebase - WARNING - [FCM] Device token fpz3xag_Rle2cokBkczQAX:APA91bErRflI-XMX9UB109bBsS9L7DS0FFZc0dPsIoUw-fUOuHusxq6erlgeYKncYVjNGIPyZidbBxeuhfnr7HRNqjgfJdpYlE5bUn-Ot0JQTVewQudAjnk is no longer valid
2025-08-05 19:56:58 - firebase - WARNING - [FCM] Device token ftpj6NNdQ1aTeveLizo0K_:APA91bHeCbvq4GYI7yG_pd-DnGRW_sX-OPdsSoh0H8kqYZMcx1x0tGrIRFuOQkVZg9YdhNIpwU3bPt8hCr2ttg2t93aF4GsqY4L-UuIyghuAxWUko2NvUUg is no longer valid
2025-08-05 19:56:58 - firebase - WARNING - [FCM] Device token cJWBBHiCRPWqpdgQWfDEFo:APA91bGdiWfPdCyQkgenCRwCaE6K00f-QwOKkmolp36KC-XxKPpMktQ1gq5GsXfOpv5R0TR9L5TquQVfL_jTRO8N78xuC8UeH3Mm_c9vMw8HV7oV3hISVZQ is no longer valid
2025-08-05 19:56:58 - firebase - WARNING - [FCM] Device token dRj3dsknS3iAX5fQf2AcY9:APA91bGFdKRDb6ZG5wozh4v7X9lyda94x66vfWVReinZMkzyrruAPL8sDNHnRu_1zDzLTzVsYjaAZyEgTPkQFRRgwW3PF_keBkErIZu1eK5r4wxON6O9u9g is no longer valid
2025-08-05 19:56:58 - firebase - WARNING - [FCM] Device token f5-bvQ4FTIKpmt-VvvzogR:APA91bGHYKvBlEiB0sbTf6vY6brl4EVWJqGBBykZymkBe00Zp8QUkPwlPlsZbsGEfMsVTVDCVohvcG_PqgG1qINXb0-wIRUT7o1VLUNSmYgKLPWQ8eBtioA is no longer valid
2025-08-05 19:57:17 - firebase - WARNING - [FCM] Device token fpz3xag_Rle2cokBkczQAX:APA91bErRflI-XMX9UB109bBsS9L7DS0FFZc0dPsIoUw-fUOuHusxq6erlgeYKncYVjNGIPyZidbBxeuhfnr7HRNqjgfJdpYlE5bUn-Ot0JQTVewQudAjnk is no longer valid
2025-08-05 19:57:17 - firebase - WARNING - [FCM] Device token ftpj6NNdQ1aTeveLizo0K_:APA91bHeCbvq4GYI7yG_pd-DnGRW_sX-OPdsSoh0H8kqYZMcx1x0tGrIRFuOQkVZg9YdhNIpwU3bPt8hCr2ttg2t93aF4GsqY4L-UuIyghuAxWUko2NvUUg is no longer valid
2025-08-05 19:57:17 - firebase - WARNING - [FCM] Device token cJWBBHiCRPWqpdgQWfDEFo:APA91bGdiWfPdCyQkgenCRwCaE6K00f-QwOKkmolp36KC-XxKPpMktQ1gq5GsXfOpv5R0TR9L5TquQVfL_jTRO8N78xuC8UeH3Mm_c9vMw8HV7oV3hISVZQ is no longer valid
2025-08-05 19:57:17 - firebase - WARNING - [FCM] Device token dRj3dsknS3iAX5fQf2AcY9:APA91bGFdKRDb6ZG5wozh4v7X9lyda94x66vfWVReinZMkzyrruAPL8sDNHnRu_1zDzLTzVsYjaAZyEgTPkQFRRgwW3PF_keBkErIZu1eK5r4wxON6O9u9g is no longer valid
2025-08-05 19:57:17 - firebase - WARNING - [FCM] Device token f5-bvQ4FTIKpmt-VvvzogR:APA91bGHYKvBlEiB0sbTf6vY6brl4EVWJqGBBykZymkBe00Zp8QUkPwlPlsZbsGEfMsVTVDCVohvcG_PqgG1qINXb0-wIRUT7o1VLUNSmYgKLPWQ8eBtioA is no longer valid
2025-08-06 11:23:22 - firebase - WARNING - [FCM] Device token fpz3xag_Rle2cokBkczQAX:APA91bErRflI-XMX9UB109bBsS9L7DS0FFZc0dPsIoUw-fUOuHusxq6erlgeYKncYVjNGIPyZidbBxeuhfnr7HRNqjgfJdpYlE5bUn-Ot0JQTVewQudAjnk is no longer valid
2025-08-06 11:23:23 - firebase - WARNING - [FCM] Device token ftpj6NNdQ1aTeveLizo0K_:APA91bHeCbvq4GYI7yG_pd-DnGRW_sX-OPdsSoh0H8kqYZMcx1x0tGrIRFuOQkVZg9YdhNIpwU3bPt8hCr2ttg2t93aF4GsqY4L-UuIyghuAxWUko2NvUUg is no longer valid
2025-08-06 11:23:23 - firebase - WARNING - [FCM] Device token cJWBBHiCRPWqpdgQWfDEFo:APA91bGdiWfPdCyQkgenCRwCaE6K00f-QwOKkmolp36KC-XxKPpMktQ1gq5GsXfOpv5R0TR9L5TquQVfL_jTRO8N78xuC8UeH3Mm_c9vMw8HV7oV3hISVZQ is no longer valid
2025-08-06 11:23:23 - firebase - WARNING - [FCM] Device token dRj3dsknS3iAX5fQf2AcY9:APA91bGFdKRDb6ZG5wozh4v7X9lyda94x66vfWVReinZMkzyrruAPL8sDNHnRu_1zDzLTzVsYjaAZyEgTPkQFRRgwW3PF_keBkErIZu1eK5r4wxON6O9u9g is no longer valid
2025-08-06 11:23:23 - firebase - WARNING - [FCM] Device token f5-bvQ4FTIKpmt-VvvzogR:APA91bGHYKvBlEiB0sbTf6vY6brl4EVWJqGBBykZymkBe00Zp8QUkPwlPlsZbsGEfMsVTVDCVohvcG_PqgG1qINXb0-wIRUT7o1VLUNSmYgKLPWQ8eBtioA is no longer valid
2025-08-07 00:17:52 - firebase - WARNING - [FCM] Device token fpz3xag_Rle2cokBkczQAX:APA91bErRflI-XMX9UB109bBsS9L7DS0FFZc0dPsIoUw-fUOuHusxq6erlgeYKncYVjNGIPyZidbBxeuhfnr7HRNqjgfJdpYlE5bUn-Ot0JQTVewQudAjnk is no longer valid
2025-08-07 00:17:52 - firebase - WARNING - [FCM] Device token ftpj6NNdQ1aTeveLizo0K_:APA91bHeCbvq4GYI7yG_pd-DnGRW_sX-OPdsSoh0H8kqYZMcx1x0tGrIRFuOQkVZg9YdhNIpwU3bPt8hCr2ttg2t93aF4GsqY4L-UuIyghuAxWUko2NvUUg is no longer valid
2025-08-07 00:17:52 - firebase - WARNING - [FCM] Device token cJWBBHiCRPWqpdgQWfDEFo:APA91bGdiWfPdCyQkgenCRwCaE6K00f-QwOKkmolp36KC-XxKPpMktQ1gq5GsXfOpv5R0TR9L5TquQVfL_jTRO8N78xuC8UeH3Mm_c9vMw8HV7oV3hISVZQ is no longer valid
2025-08-07 00:17:52 - firebase - WARNING - [FCM] Device token dRj3dsknS3iAX5fQf2AcY9:APA91bGFdKRDb6ZG5wozh4v7X9lyda94x66vfWVReinZMkzyrruAPL8sDNHnRu_1zDzLTzVsYjaAZyEgTPkQFRRgwW3PF_keBkErIZu1eK5r4wxON6O9u9g is no longer valid
2025-08-07 00:17:53 - firebase - WARNING - [FCM] Device token f5-bvQ4FTIKpmt-VvvzogR:APA91bGHYKvBlEiB0sbTf6vY6brl4EVWJqGBBykZymkBe00Zp8QUkPwlPlsZbsGEfMsVTVDCVohvcG_PqgG1qINXb0-wIRUT7o1VLUNSmYgKLPWQ8eBtioA is no longer valid
