2025-08-05 07:25:11 - transaction_storage - DEBUG - Logger initialized for transaction_storage at level DEBUG
2025-08-05 07:25:11 - transaction_storage - INFO - Attempting Redis connection - URL: redis://:2a4efe20e40e332d@localhost:6379/0, Host: localhost, Port: 6379, DB: 0
2025-08-05 07:25:11 - transaction_storage - INFO - Trying Redis connection method: URL
2025-08-05 07:25:11 - transaction_storage - INFO - Redis connection successful using URL: True
2025-08-05 07:25:11 - transaction_storage - INFO - Using Redis storage for transactions
2025-08-05 07:26:12 - transaction_storage - DEBUG - Logger initialized for transaction_storage at level DEBUG
2025-08-05 07:26:12 - transaction_storage - INFO - Attempting Redis connection - URL: redis://:2a4efe20e40e332d@localhost:6379/0, Host: localhost, Port: 6379, DB: 0
2025-08-05 07:26:12 - transaction_storage - INFO - Trying Redis connection method: URL
2025-08-05 07:26:12 - transaction_storage - INFO - Redis connection successful using URL: True
2025-08-05 07:26:12 - transaction_storage - INFO - Using Redis storage for transactions
2025-08-05 07:26:48 - transaction_storage - DEBUG - Logger initialized for transaction_storage at level DEBUG
2025-08-05 07:26:48 - transaction_storage - INFO - Attempting Redis connection - URL: redis://:2a4efe20e40e332d@localhost:6379/0, Host: localhost, Port: 6379, DB: 0
2025-08-05 07:26:48 - transaction_storage - INFO - Trying Redis connection method: URL
2025-08-05 07:26:48 - transaction_storage - INFO - Redis connection successful using URL: True
2025-08-05 07:26:48 - transaction_storage - INFO - Using Redis storage for transactions
2025-08-05 11:18:45 - transaction_storage - DEBUG - Logger initialized for transaction_storage at level DEBUG
2025-08-05 11:18:45 - transaction_storage - INFO - Attempting Redis connection - URL: redis://:2a4efe20e40e332d@localhost:6379/0, Host: localhost, Port: 6379, DB: 0
2025-08-05 11:18:45 - transaction_storage - INFO - Trying Redis connection method: URL
2025-08-05 11:18:45 - transaction_storage - INFO - Redis connection successful using URL: True
2025-08-05 11:18:45 - transaction_storage - INFO - Using Redis storage for transactions
2025-08-05 11:18:59 - transaction_storage - DEBUG - Logger initialized for transaction_storage at level DEBUG
2025-08-05 11:18:59 - transaction_storage - INFO - Attempting Redis connection - URL: redis://:2a4efe20e40e332d@localhost:6379/0, Host: localhost, Port: 6379, DB: 0
2025-08-05 11:18:59 - transaction_storage - INFO - Trying Redis connection method: URL
2025-08-05 11:18:59 - transaction_storage - INFO - Redis connection successful using URL: True
2025-08-05 11:18:59 - transaction_storage - INFO - Using Redis storage for transactions
2025-08-05 18:00:34 - transaction_storage - DEBUG - Logger initialized for transaction_storage at level DEBUG
2025-08-05 18:00:34 - transaction_storage - INFO - Attempting Redis connection - URL: redis://:2a4efe20e40e332d@localhost:6379/0, Host: localhost, Port: 6379, DB: 0
2025-08-05 18:00:34 - transaction_storage - INFO - Trying Redis connection method: URL
2025-08-05 18:00:34 - transaction_storage - INFO - Redis connection successful using URL: True
2025-08-05 18:00:34 - transaction_storage - INFO - Using Redis storage for transactions
2025-08-05 18:00:34 - transaction_storage - DEBUG - Logger initialized for transaction_storage at level DEBUG
2025-08-05 18:00:34 - transaction_storage - INFO - Attempting Redis connection - URL: redis://:2a4efe20e40e332d@localhost:6379/0, Host: localhost, Port: 6379, DB: 0
2025-08-05 18:00:34 - transaction_storage - INFO - Trying Redis connection method: URL
2025-08-05 18:00:34 - transaction_storage - INFO - Redis connection successful using URL: True
2025-08-05 18:00:34 - transaction_storage - INFO - Using Redis storage for transactions
2025-08-05 18:00:34 - transaction_storage - DEBUG - Logger initialized for transaction_storage at level DEBUG
2025-08-05 18:00:34 - transaction_storage - INFO - Attempting Redis connection - URL: redis://:2a4efe20e40e332d@localhost:6379/0, Host: localhost, Port: 6379, DB: 0
2025-08-05 18:00:34 - transaction_storage - INFO - Trying Redis connection method: URL
2025-08-05 18:00:34 - transaction_storage - INFO - Redis connection successful using URL: True
2025-08-05 18:00:34 - transaction_storage - INFO - Using Redis storage for transactions
2025-08-05 18:01:16 - transaction_storage - DEBUG - Logger initialized for transaction_storage at level DEBUG
2025-08-05 18:01:16 - transaction_storage - INFO - Attempting Redis connection - URL: redis://:2a4efe20e40e332d@localhost:6379/0, Host: localhost, Port: 6379, DB: 0
2025-08-05 18:01:16 - transaction_storage - INFO - Trying Redis connection method: URL
2025-08-05 18:01:16 - transaction_storage - INFO - Redis connection successful using URL: True
2025-08-05 18:01:16 - transaction_storage - INFO - Using Redis storage for transactions
2025-08-05 18:01:17 - transaction_storage - DEBUG - Logger initialized for transaction_storage at level DEBUG
2025-08-05 18:01:17 - transaction_storage - INFO - Attempting Redis connection - URL: redis://:2a4efe20e40e332d@localhost:6379/0, Host: localhost, Port: 6379, DB: 0
2025-08-05 18:01:17 - transaction_storage - INFO - Trying Redis connection method: URL
2025-08-05 18:01:17 - transaction_storage - INFO - Redis connection successful using URL: True
2025-08-05 18:01:17 - transaction_storage - INFO - Using Redis storage for transactions
2025-08-05 18:01:17 - transaction_storage - DEBUG - Logger initialized for transaction_storage at level DEBUG
2025-08-05 18:01:17 - transaction_storage - INFO - Attempting Redis connection - URL: redis://:2a4efe20e40e332d@localhost:6379/0, Host: localhost, Port: 6379, DB: 0
2025-08-05 18:01:17 - transaction_storage - INFO - Trying Redis connection method: URL
2025-08-05 18:01:17 - transaction_storage - INFO - Redis connection successful using URL: True
2025-08-05 18:01:17 - transaction_storage - INFO - Using Redis storage for transactions
