2025-08-05 07:25:12 - transactions - DEBUG - Logger initialized for transactions at level DEBUG
2025-08-05 07:26:13 - transactions - DEBUG - Logger initialized for transactions at level DEBUG
2025-08-05 07:26:49 - transactions - DEBUG - Logger initialized for transactions at level DEBUG
2025-08-05 07:55:55 - transactions - ERROR - Database error: IN expression list, SELECT construct, or bound parameter object expected, got 'BTC'.
Traceback (most recent call last):
  File "/www/wwwroot/coinceeper.com/CC/UserTransactions/transactions.py", line 434, in get_user_transactions_from_db
    Transfers.TokenSymbol.in_(token_symbols),
  File "/www/wwwroot/coinceeper.com/CC/venv/lib64/python3.9/site-packages/sqlalchemy/sql/operators.py", line 943, in in_
    return self.operate(in_op, other)
  File "/www/wwwroot/coinceeper.com/CC/venv/lib64/python3.9/site-packages/sqlalchemy/orm/attributes.py", line 453, in operate
    return op(self.comparator, *other, **kwargs)  # type: ignore[no-any-return]  # noqa: E501
  File "/www/wwwroot/coinceeper.com/CC/venv/lib64/python3.9/site-packages/sqlalchemy/sql/operators.py", line 2146, in in_op
    return a.in_(b)
  File "/www/wwwroot/coinceeper.com/CC/venv/lib64/python3.9/site-packages/sqlalchemy/sql/operators.py", line 943, in in_
    return self.operate(in_op, other)
  File "/www/wwwroot/coinceeper.com/CC/venv/lib64/python3.9/site-packages/sqlalchemy/orm/properties.py", line 479, in operate
    return op(self.__clause_element__(), *other, **kwargs)  # type: ignore[no-any-return]  # noqa: E501
  File "/www/wwwroot/coinceeper.com/CC/venv/lib64/python3.9/site-packages/sqlalchemy/sql/operators.py", line 2146, in in_op
    return a.in_(b)
  File "/www/wwwroot/coinceeper.com/CC/venv/lib64/python3.9/site-packages/sqlalchemy/sql/operators.py", line 943, in in_
    return self.operate(in_op, other)
  File "/www/wwwroot/coinceeper.com/CC/venv/lib64/python3.9/site-packages/sqlalchemy/sql/elements.py", line 1534, in operate
    return op(self.comparator, *other, **kwargs)  # type: ignore[no-any-return]  # noqa: E501
  File "/www/wwwroot/coinceeper.com/CC/venv/lib64/python3.9/site-packages/sqlalchemy/sql/operators.py", line 2146, in in_op
    return a.in_(b)
  File "/www/wwwroot/coinceeper.com/CC/venv/lib64/python3.9/site-packages/sqlalchemy/sql/operators.py", line 943, in in_
    return self.operate(in_op, other)
  File "/www/wwwroot/coinceeper.com/CC/venv/lib64/python3.9/site-packages/sqlalchemy/sql/type_api.py", line 210, in operate
    return op_fn(self.expr, op, *other, **addtl_kw)
  File "/www/wwwroot/coinceeper.com/CC/venv/lib64/python3.9/site-packages/sqlalchemy/sql/default_comparator.py", line 218, in _in_impl
    seq_or_selectable = coercions.expect(
  File "/www/wwwroot/coinceeper.com/CC/venv/lib64/python3.9/site-packages/sqlalchemy/sql/coercions.py", line 395, in expect
    resolved = impl._literal_coercion(
  File "/www/wwwroot/coinceeper.com/CC/venv/lib64/python3.9/site-packages/sqlalchemy/sql/coercions.py", line 878, in _literal_coercion
    self._raise_for_expected(element, **kw)
  File "/www/wwwroot/coinceeper.com/CC/venv/lib64/python3.9/site-packages/sqlalchemy/sql/coercions.py", line 518, in _raise_for_expected
    raise exc.ArgumentError(msg, code=code) from err
sqlalchemy.exc.ArgumentError: IN expression list, SELECT construct, or bound parameter object expected, got 'BTC'.
2025-08-05 07:55:55 - transactions - ERROR - Failed SQL query: SELECT transfers."TransferID", transfers."TxHash", transfers."BlockNumber", transfers."Timestamp", transfers."FromAddress", transfers."ToAddress", transfers."Amount", transfers."TokenSymbol", transfers."TokenContract", transfers."AssetType", transfers."Fee", transfers."Direction", transfers."Status", transfers."IsSuccessful", transfers."ExplorerUrl", transfers."CreatedAt", transfers."UpdatedAt", transfers."Price", blockchains."BlockchainName", blockchains."Symbol" AS "BlockchainSymbol", address."PublicAddress", wallets."WalletID" 
FROM transfers LEFT OUTER JOIN wallets ON transfers."WalletID" = wallets."WalletID" LEFT OUTER JOIN address ON transfers."AddressID" = address."AddressID" LEFT OUTER JOIN blockchains ON transfers."BlockchainID" = blockchains."BlockchainID" 
WHERE wallets."UserID" = '6e22d30b-0cba-418f-946d-b8db6632615b'
2025-08-05 07:55:55 - transactions - ERROR - Error fetching transactions from database: IN expression list, SELECT construct, or bound parameter object expected, got 'BTC'.
Traceback (most recent call last):
  File "/www/wwwroot/coinceeper.com/CC/UserTransactions/transactions.py", line 434, in get_user_transactions_from_db
    Transfers.TokenSymbol.in_(token_symbols),
  File "/www/wwwroot/coinceeper.com/CC/venv/lib64/python3.9/site-packages/sqlalchemy/sql/operators.py", line 943, in in_
    return self.operate(in_op, other)
  File "/www/wwwroot/coinceeper.com/CC/venv/lib64/python3.9/site-packages/sqlalchemy/orm/attributes.py", line 453, in operate
    return op(self.comparator, *other, **kwargs)  # type: ignore[no-any-return]  # noqa: E501
  File "/www/wwwroot/coinceeper.com/CC/venv/lib64/python3.9/site-packages/sqlalchemy/sql/operators.py", line 2146, in in_op
    return a.in_(b)
  File "/www/wwwroot/coinceeper.com/CC/venv/lib64/python3.9/site-packages/sqlalchemy/sql/operators.py", line 943, in in_
    return self.operate(in_op, other)
  File "/www/wwwroot/coinceeper.com/CC/venv/lib64/python3.9/site-packages/sqlalchemy/orm/properties.py", line 479, in operate
    return op(self.__clause_element__(), *other, **kwargs)  # type: ignore[no-any-return]  # noqa: E501
  File "/www/wwwroot/coinceeper.com/CC/venv/lib64/python3.9/site-packages/sqlalchemy/sql/operators.py", line 2146, in in_op
    return a.in_(b)
  File "/www/wwwroot/coinceeper.com/CC/venv/lib64/python3.9/site-packages/sqlalchemy/sql/operators.py", line 943, in in_
    return self.operate(in_op, other)
  File "/www/wwwroot/coinceeper.com/CC/venv/lib64/python3.9/site-packages/sqlalchemy/sql/elements.py", line 1534, in operate
    return op(self.comparator, *other, **kwargs)  # type: ignore[no-any-return]  # noqa: E501
  File "/www/wwwroot/coinceeper.com/CC/venv/lib64/python3.9/site-packages/sqlalchemy/sql/operators.py", line 2146, in in_op
    return a.in_(b)
  File "/www/wwwroot/coinceeper.com/CC/venv/lib64/python3.9/site-packages/sqlalchemy/sql/operators.py", line 943, in in_
    return self.operate(in_op, other)
  File "/www/wwwroot/coinceeper.com/CC/venv/lib64/python3.9/site-packages/sqlalchemy/sql/type_api.py", line 210, in operate
    return op_fn(self.expr, op, *other, **addtl_kw)
  File "/www/wwwroot/coinceeper.com/CC/venv/lib64/python3.9/site-packages/sqlalchemy/sql/default_comparator.py", line 218, in _in_impl
    seq_or_selectable = coercions.expect(
  File "/www/wwwroot/coinceeper.com/CC/venv/lib64/python3.9/site-packages/sqlalchemy/sql/coercions.py", line 395, in expect
    resolved = impl._literal_coercion(
  File "/www/wwwroot/coinceeper.com/CC/venv/lib64/python3.9/site-packages/sqlalchemy/sql/coercions.py", line 878, in _literal_coercion
    self._raise_for_expected(element, **kw)
  File "/www/wwwroot/coinceeper.com/CC/venv/lib64/python3.9/site-packages/sqlalchemy/sql/coercions.py", line 518, in _raise_for_expected
    raise exc.ArgumentError(msg, code=code) from err
sqlalchemy.exc.ArgumentError: IN expression list, SELECT construct, or bound parameter object expected, got 'BTC'.
2025-08-05 11:18:46 - transactions - DEBUG - Logger initialized for transactions at level DEBUG
2025-08-05 11:19:00 - transactions - DEBUG - Logger initialized for transactions at level DEBUG
2025-08-05 18:00:36 - transactions - DEBUG - Logger initialized for transactions at level DEBUG
2025-08-05 18:00:36 - transactions - DEBUG - Logger initialized for transactions at level DEBUG
2025-08-05 18:00:36 - transactions - DEBUG - Logger initialized for transactions at level DEBUG
2025-08-05 18:01:18 - transactions - DEBUG - Logger initialized for transactions at level DEBUG
2025-08-05 18:01:18 - transactions - DEBUG - Logger initialized for transactions at level DEBUG
2025-08-05 18:01:18 - transactions - DEBUG - Logger initialized for transactions at level DEBUG
2025-08-06 07:17:25 - transactions - ERROR - Database connection test inner error: (mysql.connector.errors.DatabaseError) 2003 (HY000): Can't connect to MySQL server on 'localhost:3306' (111)
(Background on this error at: https://sqlalche.me/e/20/4xp6)
2025-08-06 11:08:12 - transactions - ERROR - Database connection test inner error: (mysql.connector.errors.DatabaseError) 2003 (HY000): Can't connect to MySQL server on 'localhost:3306' (111)
(Background on this error at: https://sqlalche.me/e/20/4xp6)
2025-08-06 14:28:07 - transactions - ERROR - Database error: IN expression list, SELECT construct, or bound parameter object expected, got 'BTC'.
Traceback (most recent call last):
  File "/www/wwwroot/coinceeper.com/CC/UserTransactions/transactions.py", line 434, in get_user_transactions_from_db
    Transfers.TokenSymbol.in_(token_symbols),
  File "/www/wwwroot/coinceeper.com/CC/venv/lib64/python3.9/site-packages/sqlalchemy/sql/operators.py", line 943, in in_
    return self.operate(in_op, other)
  File "/www/wwwroot/coinceeper.com/CC/venv/lib64/python3.9/site-packages/sqlalchemy/orm/attributes.py", line 453, in operate
    return op(self.comparator, *other, **kwargs)  # type: ignore[no-any-return]  # noqa: E501
  File "/www/wwwroot/coinceeper.com/CC/venv/lib64/python3.9/site-packages/sqlalchemy/sql/operators.py", line 2146, in in_op
    return a.in_(b)
  File "/www/wwwroot/coinceeper.com/CC/venv/lib64/python3.9/site-packages/sqlalchemy/sql/operators.py", line 943, in in_
    return self.operate(in_op, other)
  File "/www/wwwroot/coinceeper.com/CC/venv/lib64/python3.9/site-packages/sqlalchemy/orm/properties.py", line 479, in operate
    return op(self.__clause_element__(), *other, **kwargs)  # type: ignore[no-any-return]  # noqa: E501
  File "/www/wwwroot/coinceeper.com/CC/venv/lib64/python3.9/site-packages/sqlalchemy/sql/operators.py", line 2146, in in_op
    return a.in_(b)
  File "/www/wwwroot/coinceeper.com/CC/venv/lib64/python3.9/site-packages/sqlalchemy/sql/operators.py", line 943, in in_
    return self.operate(in_op, other)
  File "/www/wwwroot/coinceeper.com/CC/venv/lib64/python3.9/site-packages/sqlalchemy/sql/elements.py", line 1534, in operate
    return op(self.comparator, *other, **kwargs)  # type: ignore[no-any-return]  # noqa: E501
  File "/www/wwwroot/coinceeper.com/CC/venv/lib64/python3.9/site-packages/sqlalchemy/sql/operators.py", line 2146, in in_op
    return a.in_(b)
  File "/www/wwwroot/coinceeper.com/CC/venv/lib64/python3.9/site-packages/sqlalchemy/sql/operators.py", line 943, in in_
    return self.operate(in_op, other)
  File "/www/wwwroot/coinceeper.com/CC/venv/lib64/python3.9/site-packages/sqlalchemy/sql/type_api.py", line 210, in operate
    return op_fn(self.expr, op, *other, **addtl_kw)
  File "/www/wwwroot/coinceeper.com/CC/venv/lib64/python3.9/site-packages/sqlalchemy/sql/default_comparator.py", line 218, in _in_impl
    seq_or_selectable = coercions.expect(
  File "/www/wwwroot/coinceeper.com/CC/venv/lib64/python3.9/site-packages/sqlalchemy/sql/coercions.py", line 395, in expect
    resolved = impl._literal_coercion(
  File "/www/wwwroot/coinceeper.com/CC/venv/lib64/python3.9/site-packages/sqlalchemy/sql/coercions.py", line 878, in _literal_coercion
    self._raise_for_expected(element, **kw)
  File "/www/wwwroot/coinceeper.com/CC/venv/lib64/python3.9/site-packages/sqlalchemy/sql/coercions.py", line 518, in _raise_for_expected
    raise exc.ArgumentError(msg, code=code) from err
sqlalchemy.exc.ArgumentError: IN expression list, SELECT construct, or bound parameter object expected, got 'BTC'.
2025-08-06 14:28:07 - transactions - ERROR - Failed SQL query: SELECT transfers."TransferID", transfers."TxHash", transfers."BlockNumber", transfers."Timestamp", transfers."FromAddress", transfers."ToAddress", transfers."Amount", transfers."TokenSymbol", transfers."TokenContract", transfers."AssetType", transfers."Fee", transfers."Direction", transfers."Status", transfers."IsSuccessful", transfers."ExplorerUrl", transfers."CreatedAt", transfers."UpdatedAt", transfers."Price", blockchains."BlockchainName", blockchains."Symbol" AS "BlockchainSymbol", address."PublicAddress", wallets."WalletID" 
FROM transfers LEFT OUTER JOIN wallets ON transfers."WalletID" = wallets."WalletID" LEFT OUTER JOIN address ON transfers."AddressID" = address."AddressID" LEFT OUTER JOIN blockchains ON transfers."BlockchainID" = blockchains."BlockchainID" 
WHERE wallets."UserID" = '6e22d30b-0cba-418f-946d-b8db6632615b'
2025-08-06 14:28:07 - transactions - ERROR - Error fetching transactions from database: IN expression list, SELECT construct, or bound parameter object expected, got 'BTC'.
Traceback (most recent call last):
  File "/www/wwwroot/coinceeper.com/CC/UserTransactions/transactions.py", line 434, in get_user_transactions_from_db
    Transfers.TokenSymbol.in_(token_symbols),
  File "/www/wwwroot/coinceeper.com/CC/venv/lib64/python3.9/site-packages/sqlalchemy/sql/operators.py", line 943, in in_
    return self.operate(in_op, other)
  File "/www/wwwroot/coinceeper.com/CC/venv/lib64/python3.9/site-packages/sqlalchemy/orm/attributes.py", line 453, in operate
    return op(self.comparator, *other, **kwargs)  # type: ignore[no-any-return]  # noqa: E501
  File "/www/wwwroot/coinceeper.com/CC/venv/lib64/python3.9/site-packages/sqlalchemy/sql/operators.py", line 2146, in in_op
    return a.in_(b)
  File "/www/wwwroot/coinceeper.com/CC/venv/lib64/python3.9/site-packages/sqlalchemy/sql/operators.py", line 943, in in_
    return self.operate(in_op, other)
  File "/www/wwwroot/coinceeper.com/CC/venv/lib64/python3.9/site-packages/sqlalchemy/orm/properties.py", line 479, in operate
    return op(self.__clause_element__(), *other, **kwargs)  # type: ignore[no-any-return]  # noqa: E501
  File "/www/wwwroot/coinceeper.com/CC/venv/lib64/python3.9/site-packages/sqlalchemy/sql/operators.py", line 2146, in in_op
    return a.in_(b)
  File "/www/wwwroot/coinceeper.com/CC/venv/lib64/python3.9/site-packages/sqlalchemy/sql/operators.py", line 943, in in_
    return self.operate(in_op, other)
  File "/www/wwwroot/coinceeper.com/CC/venv/lib64/python3.9/site-packages/sqlalchemy/sql/elements.py", line 1534, in operate
    return op(self.comparator, *other, **kwargs)  # type: ignore[no-any-return]  # noqa: E501
  File "/www/wwwroot/coinceeper.com/CC/venv/lib64/python3.9/site-packages/sqlalchemy/sql/operators.py", line 2146, in in_op
    return a.in_(b)
  File "/www/wwwroot/coinceeper.com/CC/venv/lib64/python3.9/site-packages/sqlalchemy/sql/operators.py", line 943, in in_
    return self.operate(in_op, other)
  File "/www/wwwroot/coinceeper.com/CC/venv/lib64/python3.9/site-packages/sqlalchemy/sql/type_api.py", line 210, in operate
    return op_fn(self.expr, op, *other, **addtl_kw)
  File "/www/wwwroot/coinceeper.com/CC/venv/lib64/python3.9/site-packages/sqlalchemy/sql/default_comparator.py", line 218, in _in_impl
    seq_or_selectable = coercions.expect(
  File "/www/wwwroot/coinceeper.com/CC/venv/lib64/python3.9/site-packages/sqlalchemy/sql/coercions.py", line 395, in expect
    resolved = impl._literal_coercion(
  File "/www/wwwroot/coinceeper.com/CC/venv/lib64/python3.9/site-packages/sqlalchemy/sql/coercions.py", line 878, in _literal_coercion
    self._raise_for_expected(element, **kw)
  File "/www/wwwroot/coinceeper.com/CC/venv/lib64/python3.9/site-packages/sqlalchemy/sql/coercions.py", line 518, in _raise_for_expected
    raise exc.ArgumentError(msg, code=code) from err
sqlalchemy.exc.ArgumentError: IN expression list, SELECT construct, or bound parameter object expected, got 'BTC'.
2025-08-06 16:27:27 - transactions - ERROR - Database connection test inner error: (mysql.connector.errors.DatabaseError) 2003 (HY000): Can't connect to MySQL server on 'localhost:3306' (111)
(Background on this error at: https://sqlalche.me/e/20/4xp6)
2025-08-06 16:27:33 - transactions - ERROR - Database error: IN expression list, SELECT construct, or bound parameter object expected, got 'BTC'.
Traceback (most recent call last):
  File "/www/wwwroot/coinceeper.com/CC/UserTransactions/transactions.py", line 434, in get_user_transactions_from_db
    Transfers.TokenSymbol.in_(token_symbols),
  File "/www/wwwroot/coinceeper.com/CC/venv/lib64/python3.9/site-packages/sqlalchemy/sql/operators.py", line 943, in in_
    return self.operate(in_op, other)
  File "/www/wwwroot/coinceeper.com/CC/venv/lib64/python3.9/site-packages/sqlalchemy/orm/attributes.py", line 453, in operate
    return op(self.comparator, *other, **kwargs)  # type: ignore[no-any-return]  # noqa: E501
  File "/www/wwwroot/coinceeper.com/CC/venv/lib64/python3.9/site-packages/sqlalchemy/sql/operators.py", line 2146, in in_op
    return a.in_(b)
  File "/www/wwwroot/coinceeper.com/CC/venv/lib64/python3.9/site-packages/sqlalchemy/sql/operators.py", line 943, in in_
    return self.operate(in_op, other)
  File "/www/wwwroot/coinceeper.com/CC/venv/lib64/python3.9/site-packages/sqlalchemy/orm/properties.py", line 479, in operate
    return op(self.__clause_element__(), *other, **kwargs)  # type: ignore[no-any-return]  # noqa: E501
  File "/www/wwwroot/coinceeper.com/CC/venv/lib64/python3.9/site-packages/sqlalchemy/sql/operators.py", line 2146, in in_op
    return a.in_(b)
  File "/www/wwwroot/coinceeper.com/CC/venv/lib64/python3.9/site-packages/sqlalchemy/sql/operators.py", line 943, in in_
    return self.operate(in_op, other)
  File "/www/wwwroot/coinceeper.com/CC/venv/lib64/python3.9/site-packages/sqlalchemy/sql/elements.py", line 1534, in operate
    return op(self.comparator, *other, **kwargs)  # type: ignore[no-any-return]  # noqa: E501
  File "/www/wwwroot/coinceeper.com/CC/venv/lib64/python3.9/site-packages/sqlalchemy/sql/operators.py", line 2146, in in_op
    return a.in_(b)
  File "/www/wwwroot/coinceeper.com/CC/venv/lib64/python3.9/site-packages/sqlalchemy/sql/operators.py", line 943, in in_
    return self.operate(in_op, other)
  File "/www/wwwroot/coinceeper.com/CC/venv/lib64/python3.9/site-packages/sqlalchemy/sql/type_api.py", line 210, in operate
    return op_fn(self.expr, op, *other, **addtl_kw)
  File "/www/wwwroot/coinceeper.com/CC/venv/lib64/python3.9/site-packages/sqlalchemy/sql/default_comparator.py", line 218, in _in_impl
    seq_or_selectable = coercions.expect(
  File "/www/wwwroot/coinceeper.com/CC/venv/lib64/python3.9/site-packages/sqlalchemy/sql/coercions.py", line 395, in expect
    resolved = impl._literal_coercion(
  File "/www/wwwroot/coinceeper.com/CC/venv/lib64/python3.9/site-packages/sqlalchemy/sql/coercions.py", line 878, in _literal_coercion
    self._raise_for_expected(element, **kw)
  File "/www/wwwroot/coinceeper.com/CC/venv/lib64/python3.9/site-packages/sqlalchemy/sql/coercions.py", line 518, in _raise_for_expected
    raise exc.ArgumentError(msg, code=code) from err
sqlalchemy.exc.ArgumentError: IN expression list, SELECT construct, or bound parameter object expected, got 'BTC'.
2025-08-06 16:27:33 - transactions - ERROR - Failed SQL query: SELECT transfers."TransferID", transfers."TxHash", transfers."BlockNumber", transfers."Timestamp", transfers."FromAddress", transfers."ToAddress", transfers."Amount", transfers."TokenSymbol", transfers."TokenContract", transfers."AssetType", transfers."Fee", transfers."Direction", transfers."Status", transfers."IsSuccessful", transfers."ExplorerUrl", transfers."CreatedAt", transfers."UpdatedAt", transfers."Price", blockchains."BlockchainName", blockchains."Symbol" AS "BlockchainSymbol", address."PublicAddress", wallets."WalletID" 
FROM transfers LEFT OUTER JOIN wallets ON transfers."WalletID" = wallets."WalletID" LEFT OUTER JOIN address ON transfers."AddressID" = address."AddressID" LEFT OUTER JOIN blockchains ON transfers."BlockchainID" = blockchains."BlockchainID" 
WHERE wallets."UserID" = '6e22d30b-0cba-418f-946d-b8db6632615b'
2025-08-06 16:27:33 - transactions - ERROR - Error fetching transactions from database: IN expression list, SELECT construct, or bound parameter object expected, got 'BTC'.
Traceback (most recent call last):
  File "/www/wwwroot/coinceeper.com/CC/UserTransactions/transactions.py", line 434, in get_user_transactions_from_db
    Transfers.TokenSymbol.in_(token_symbols),
  File "/www/wwwroot/coinceeper.com/CC/venv/lib64/python3.9/site-packages/sqlalchemy/sql/operators.py", line 943, in in_
    return self.operate(in_op, other)
  File "/www/wwwroot/coinceeper.com/CC/venv/lib64/python3.9/site-packages/sqlalchemy/orm/attributes.py", line 453, in operate
    return op(self.comparator, *other, **kwargs)  # type: ignore[no-any-return]  # noqa: E501
  File "/www/wwwroot/coinceeper.com/CC/venv/lib64/python3.9/site-packages/sqlalchemy/sql/operators.py", line 2146, in in_op
    return a.in_(b)
  File "/www/wwwroot/coinceeper.com/CC/venv/lib64/python3.9/site-packages/sqlalchemy/sql/operators.py", line 943, in in_
    return self.operate(in_op, other)
  File "/www/wwwroot/coinceeper.com/CC/venv/lib64/python3.9/site-packages/sqlalchemy/orm/properties.py", line 479, in operate
    return op(self.__clause_element__(), *other, **kwargs)  # type: ignore[no-any-return]  # noqa: E501
  File "/www/wwwroot/coinceeper.com/CC/venv/lib64/python3.9/site-packages/sqlalchemy/sql/operators.py", line 2146, in in_op
    return a.in_(b)
  File "/www/wwwroot/coinceeper.com/CC/venv/lib64/python3.9/site-packages/sqlalchemy/sql/operators.py", line 943, in in_
    return self.operate(in_op, other)
  File "/www/wwwroot/coinceeper.com/CC/venv/lib64/python3.9/site-packages/sqlalchemy/sql/elements.py", line 1534, in operate
    return op(self.comparator, *other, **kwargs)  # type: ignore[no-any-return]  # noqa: E501
  File "/www/wwwroot/coinceeper.com/CC/venv/lib64/python3.9/site-packages/sqlalchemy/sql/operators.py", line 2146, in in_op
    return a.in_(b)
  File "/www/wwwroot/coinceeper.com/CC/venv/lib64/python3.9/site-packages/sqlalchemy/sql/operators.py", line 943, in in_
    return self.operate(in_op, other)
  File "/www/wwwroot/coinceeper.com/CC/venv/lib64/python3.9/site-packages/sqlalchemy/sql/type_api.py", line 210, in operate
    return op_fn(self.expr, op, *other, **addtl_kw)
  File "/www/wwwroot/coinceeper.com/CC/venv/lib64/python3.9/site-packages/sqlalchemy/sql/default_comparator.py", line 218, in _in_impl
    seq_or_selectable = coercions.expect(
  File "/www/wwwroot/coinceeper.com/CC/venv/lib64/python3.9/site-packages/sqlalchemy/sql/coercions.py", line 395, in expect
    resolved = impl._literal_coercion(
  File "/www/wwwroot/coinceeper.com/CC/venv/lib64/python3.9/site-packages/sqlalchemy/sql/coercions.py", line 878, in _literal_coercion
    self._raise_for_expected(element, **kw)
  File "/www/wwwroot/coinceeper.com/CC/venv/lib64/python3.9/site-packages/sqlalchemy/sql/coercions.py", line 518, in _raise_for_expected
    raise exc.ArgumentError(msg, code=code) from err
sqlalchemy.exc.ArgumentError: IN expression list, SELECT construct, or bound parameter object expected, got 'BTC'.
2025-08-06 16:27:36 - transactions - ERROR - Database error: IN expression list, SELECT construct, or bound parameter object expected, got 'BTC'.
Traceback (most recent call last):
  File "/www/wwwroot/coinceeper.com/CC/UserTransactions/transactions.py", line 434, in get_user_transactions_from_db
    Transfers.TokenSymbol.in_(token_symbols),
  File "/www/wwwroot/coinceeper.com/CC/venv/lib64/python3.9/site-packages/sqlalchemy/sql/operators.py", line 943, in in_
    return self.operate(in_op, other)
  File "/www/wwwroot/coinceeper.com/CC/venv/lib64/python3.9/site-packages/sqlalchemy/orm/attributes.py", line 453, in operate
    return op(self.comparator, *other, **kwargs)  # type: ignore[no-any-return]  # noqa: E501
  File "/www/wwwroot/coinceeper.com/CC/venv/lib64/python3.9/site-packages/sqlalchemy/sql/operators.py", line 2146, in in_op
    return a.in_(b)
  File "/www/wwwroot/coinceeper.com/CC/venv/lib64/python3.9/site-packages/sqlalchemy/sql/operators.py", line 943, in in_
    return self.operate(in_op, other)
  File "/www/wwwroot/coinceeper.com/CC/venv/lib64/python3.9/site-packages/sqlalchemy/orm/properties.py", line 479, in operate
    return op(self.__clause_element__(), *other, **kwargs)  # type: ignore[no-any-return]  # noqa: E501
  File "/www/wwwroot/coinceeper.com/CC/venv/lib64/python3.9/site-packages/sqlalchemy/sql/operators.py", line 2146, in in_op
    return a.in_(b)
  File "/www/wwwroot/coinceeper.com/CC/venv/lib64/python3.9/site-packages/sqlalchemy/sql/operators.py", line 943, in in_
    return self.operate(in_op, other)
  File "/www/wwwroot/coinceeper.com/CC/venv/lib64/python3.9/site-packages/sqlalchemy/sql/elements.py", line 1534, in operate
    return op(self.comparator, *other, **kwargs)  # type: ignore[no-any-return]  # noqa: E501
  File "/www/wwwroot/coinceeper.com/CC/venv/lib64/python3.9/site-packages/sqlalchemy/sql/operators.py", line 2146, in in_op
    return a.in_(b)
  File "/www/wwwroot/coinceeper.com/CC/venv/lib64/python3.9/site-packages/sqlalchemy/sql/operators.py", line 943, in in_
    return self.operate(in_op, other)
  File "/www/wwwroot/coinceeper.com/CC/venv/lib64/python3.9/site-packages/sqlalchemy/sql/type_api.py", line 210, in operate
    return op_fn(self.expr, op, *other, **addtl_kw)
  File "/www/wwwroot/coinceeper.com/CC/venv/lib64/python3.9/site-packages/sqlalchemy/sql/default_comparator.py", line 218, in _in_impl
    seq_or_selectable = coercions.expect(
  File "/www/wwwroot/coinceeper.com/CC/venv/lib64/python3.9/site-packages/sqlalchemy/sql/coercions.py", line 395, in expect
    resolved = impl._literal_coercion(
  File "/www/wwwroot/coinceeper.com/CC/venv/lib64/python3.9/site-packages/sqlalchemy/sql/coercions.py", line 878, in _literal_coercion
    self._raise_for_expected(element, **kw)
  File "/www/wwwroot/coinceeper.com/CC/venv/lib64/python3.9/site-packages/sqlalchemy/sql/coercions.py", line 518, in _raise_for_expected
    raise exc.ArgumentError(msg, code=code) from err
sqlalchemy.exc.ArgumentError: IN expression list, SELECT construct, or bound parameter object expected, got 'BTC'.
2025-08-06 16:27:36 - transactions - ERROR - Failed SQL query: SELECT transfers."TransferID", transfers."TxHash", transfers."BlockNumber", transfers."Timestamp", transfers."FromAddress", transfers."ToAddress", transfers."Amount", transfers."TokenSymbol", transfers."TokenContract", transfers."AssetType", transfers."Fee", transfers."Direction", transfers."Status", transfers."IsSuccessful", transfers."ExplorerUrl", transfers."CreatedAt", transfers."UpdatedAt", transfers."Price", blockchains."BlockchainName", blockchains."Symbol" AS "BlockchainSymbol", address."PublicAddress", wallets."WalletID" 
FROM transfers LEFT OUTER JOIN wallets ON transfers."WalletID" = wallets."WalletID" LEFT OUTER JOIN address ON transfers."AddressID" = address."AddressID" LEFT OUTER JOIN blockchains ON transfers."BlockchainID" = blockchains."BlockchainID" 
WHERE wallets."UserID" = '6e22d30b-0cba-418f-946d-b8db6632615b'
2025-08-06 16:27:36 - transactions - ERROR - Error fetching transactions from database: IN expression list, SELECT construct, or bound parameter object expected, got 'BTC'.
Traceback (most recent call last):
  File "/www/wwwroot/coinceeper.com/CC/UserTransactions/transactions.py", line 434, in get_user_transactions_from_db
    Transfers.TokenSymbol.in_(token_symbols),
  File "/www/wwwroot/coinceeper.com/CC/venv/lib64/python3.9/site-packages/sqlalchemy/sql/operators.py", line 943, in in_
    return self.operate(in_op, other)
  File "/www/wwwroot/coinceeper.com/CC/venv/lib64/python3.9/site-packages/sqlalchemy/orm/attributes.py", line 453, in operate
    return op(self.comparator, *other, **kwargs)  # type: ignore[no-any-return]  # noqa: E501
  File "/www/wwwroot/coinceeper.com/CC/venv/lib64/python3.9/site-packages/sqlalchemy/sql/operators.py", line 2146, in in_op
    return a.in_(b)
  File "/www/wwwroot/coinceeper.com/CC/venv/lib64/python3.9/site-packages/sqlalchemy/sql/operators.py", line 943, in in_
    return self.operate(in_op, other)
  File "/www/wwwroot/coinceeper.com/CC/venv/lib64/python3.9/site-packages/sqlalchemy/orm/properties.py", line 479, in operate
    return op(self.__clause_element__(), *other, **kwargs)  # type: ignore[no-any-return]  # noqa: E501
  File "/www/wwwroot/coinceeper.com/CC/venv/lib64/python3.9/site-packages/sqlalchemy/sql/operators.py", line 2146, in in_op
    return a.in_(b)
  File "/www/wwwroot/coinceeper.com/CC/venv/lib64/python3.9/site-packages/sqlalchemy/sql/operators.py", line 943, in in_
    return self.operate(in_op, other)
  File "/www/wwwroot/coinceeper.com/CC/venv/lib64/python3.9/site-packages/sqlalchemy/sql/elements.py", line 1534, in operate
    return op(self.comparator, *other, **kwargs)  # type: ignore[no-any-return]  # noqa: E501
  File "/www/wwwroot/coinceeper.com/CC/venv/lib64/python3.9/site-packages/sqlalchemy/sql/operators.py", line 2146, in in_op
    return a.in_(b)
  File "/www/wwwroot/coinceeper.com/CC/venv/lib64/python3.9/site-packages/sqlalchemy/sql/operators.py", line 943, in in_
    return self.operate(in_op, other)
  File "/www/wwwroot/coinceeper.com/CC/venv/lib64/python3.9/site-packages/sqlalchemy/sql/type_api.py", line 210, in operate
    return op_fn(self.expr, op, *other, **addtl_kw)
  File "/www/wwwroot/coinceeper.com/CC/venv/lib64/python3.9/site-packages/sqlalchemy/sql/default_comparator.py", line 218, in _in_impl
    seq_or_selectable = coercions.expect(
  File "/www/wwwroot/coinceeper.com/CC/venv/lib64/python3.9/site-packages/sqlalchemy/sql/coercions.py", line 395, in expect
    resolved = impl._literal_coercion(
  File "/www/wwwroot/coinceeper.com/CC/venv/lib64/python3.9/site-packages/sqlalchemy/sql/coercions.py", line 878, in _literal_coercion
    self._raise_for_expected(element, **kw)
  File "/www/wwwroot/coinceeper.com/CC/venv/lib64/python3.9/site-packages/sqlalchemy/sql/coercions.py", line 518, in _raise_for_expected
    raise exc.ArgumentError(msg, code=code) from err
sqlalchemy.exc.ArgumentError: IN expression list, SELECT construct, or bound parameter object expected, got 'BTC'.
2025-08-06 18:50:13 - transactions - ERROR - Database connection test inner error: (mysql.connector.errors.OperationalError) MySQL Connection not available.
[SQL: SELECT 1]
[parameters: [{}]]
(Background on this error at: https://sqlalche.me/e/20/e3q8)
2025-08-07 06:34:15 - transactions - ERROR - Database connection test inner error: (mysql.connector.errors.DatabaseError) 2003 (HY000): Can't connect to MySQL server on 'localhost:3306' (111)
(Background on this error at: https://sqlalche.me/e/20/4xp6)
2025-08-07 06:34:30 - transactions - ERROR - Database connection test inner error: (mysql.connector.errors.DatabaseError) 2003 (HY000): Can't connect to MySQL server on 'localhost:3306' (111)
(Background on this error at: https://sqlalche.me/e/20/4xp6)
2025-08-07 11:44:30 - transactions - ERROR - Database error: IN expression list, SELECT construct, or bound parameter object expected, got 'BTC'.
Traceback (most recent call last):
  File "/www/wwwroot/coinceeper.com/CC/UserTransactions/transactions.py", line 434, in get_user_transactions_from_db
    Transfers.TokenSymbol.in_(token_symbols),
  File "/www/wwwroot/coinceeper.com/CC/venv/lib64/python3.9/site-packages/sqlalchemy/sql/operators.py", line 943, in in_
    return self.operate(in_op, other)
  File "/www/wwwroot/coinceeper.com/CC/venv/lib64/python3.9/site-packages/sqlalchemy/orm/attributes.py", line 453, in operate
    return op(self.comparator, *other, **kwargs)  # type: ignore[no-any-return]  # noqa: E501
  File "/www/wwwroot/coinceeper.com/CC/venv/lib64/python3.9/site-packages/sqlalchemy/sql/operators.py", line 2146, in in_op
    return a.in_(b)
  File "/www/wwwroot/coinceeper.com/CC/venv/lib64/python3.9/site-packages/sqlalchemy/sql/operators.py", line 943, in in_
    return self.operate(in_op, other)
  File "/www/wwwroot/coinceeper.com/CC/venv/lib64/python3.9/site-packages/sqlalchemy/orm/properties.py", line 479, in operate
    return op(self.__clause_element__(), *other, **kwargs)  # type: ignore[no-any-return]  # noqa: E501
  File "/www/wwwroot/coinceeper.com/CC/venv/lib64/python3.9/site-packages/sqlalchemy/sql/operators.py", line 2146, in in_op
    return a.in_(b)
  File "/www/wwwroot/coinceeper.com/CC/venv/lib64/python3.9/site-packages/sqlalchemy/sql/operators.py", line 943, in in_
    return self.operate(in_op, other)
  File "/www/wwwroot/coinceeper.com/CC/venv/lib64/python3.9/site-packages/sqlalchemy/sql/elements.py", line 1534, in operate
    return op(self.comparator, *other, **kwargs)  # type: ignore[no-any-return]  # noqa: E501
  File "/www/wwwroot/coinceeper.com/CC/venv/lib64/python3.9/site-packages/sqlalchemy/sql/operators.py", line 2146, in in_op
    return a.in_(b)
  File "/www/wwwroot/coinceeper.com/CC/venv/lib64/python3.9/site-packages/sqlalchemy/sql/operators.py", line 943, in in_
    return self.operate(in_op, other)
  File "/www/wwwroot/coinceeper.com/CC/venv/lib64/python3.9/site-packages/sqlalchemy/sql/type_api.py", line 210, in operate
    return op_fn(self.expr, op, *other, **addtl_kw)
  File "/www/wwwroot/coinceeper.com/CC/venv/lib64/python3.9/site-packages/sqlalchemy/sql/default_comparator.py", line 218, in _in_impl
    seq_or_selectable = coercions.expect(
  File "/www/wwwroot/coinceeper.com/CC/venv/lib64/python3.9/site-packages/sqlalchemy/sql/coercions.py", line 395, in expect
    resolved = impl._literal_coercion(
  File "/www/wwwroot/coinceeper.com/CC/venv/lib64/python3.9/site-packages/sqlalchemy/sql/coercions.py", line 878, in _literal_coercion
    self._raise_for_expected(element, **kw)
  File "/www/wwwroot/coinceeper.com/CC/venv/lib64/python3.9/site-packages/sqlalchemy/sql/coercions.py", line 518, in _raise_for_expected
    raise exc.ArgumentError(msg, code=code) from err
sqlalchemy.exc.ArgumentError: IN expression list, SELECT construct, or bound parameter object expected, got 'BTC'.
2025-08-07 11:44:30 - transactions - ERROR - Failed SQL query: SELECT transfers."TransferID", transfers."TxHash", transfers."BlockNumber", transfers."Timestamp", transfers."FromAddress", transfers."ToAddress", transfers."Amount", transfers."TokenSymbol", transfers."TokenContract", transfers."AssetType", transfers."Fee", transfers."Direction", transfers."Status", transfers."IsSuccessful", transfers."ExplorerUrl", transfers."CreatedAt", transfers."UpdatedAt", transfers."Price", blockchains."BlockchainName", blockchains."Symbol" AS "BlockchainSymbol", address."PublicAddress", wallets."WalletID" 
FROM transfers LEFT OUTER JOIN wallets ON transfers."WalletID" = wallets."WalletID" LEFT OUTER JOIN address ON transfers."AddressID" = address."AddressID" LEFT OUTER JOIN blockchains ON transfers."BlockchainID" = blockchains."BlockchainID" 
WHERE wallets."UserID" = 'd00dff87-eb67-4b3e-b7c6-43e92cc9157e'
2025-08-07 11:44:30 - transactions - ERROR - Error fetching transactions from database: IN expression list, SELECT construct, or bound parameter object expected, got 'BTC'.
Traceback (most recent call last):
  File "/www/wwwroot/coinceeper.com/CC/UserTransactions/transactions.py", line 434, in get_user_transactions_from_db
    Transfers.TokenSymbol.in_(token_symbols),
  File "/www/wwwroot/coinceeper.com/CC/venv/lib64/python3.9/site-packages/sqlalchemy/sql/operators.py", line 943, in in_
    return self.operate(in_op, other)
  File "/www/wwwroot/coinceeper.com/CC/venv/lib64/python3.9/site-packages/sqlalchemy/orm/attributes.py", line 453, in operate
    return op(self.comparator, *other, **kwargs)  # type: ignore[no-any-return]  # noqa: E501
  File "/www/wwwroot/coinceeper.com/CC/venv/lib64/python3.9/site-packages/sqlalchemy/sql/operators.py", line 2146, in in_op
    return a.in_(b)
  File "/www/wwwroot/coinceeper.com/CC/venv/lib64/python3.9/site-packages/sqlalchemy/sql/operators.py", line 943, in in_
    return self.operate(in_op, other)
  File "/www/wwwroot/coinceeper.com/CC/venv/lib64/python3.9/site-packages/sqlalchemy/orm/properties.py", line 479, in operate
    return op(self.__clause_element__(), *other, **kwargs)  # type: ignore[no-any-return]  # noqa: E501
  File "/www/wwwroot/coinceeper.com/CC/venv/lib64/python3.9/site-packages/sqlalchemy/sql/operators.py", line 2146, in in_op
    return a.in_(b)
  File "/www/wwwroot/coinceeper.com/CC/venv/lib64/python3.9/site-packages/sqlalchemy/sql/operators.py", line 943, in in_
    return self.operate(in_op, other)
  File "/www/wwwroot/coinceeper.com/CC/venv/lib64/python3.9/site-packages/sqlalchemy/sql/elements.py", line 1534, in operate
    return op(self.comparator, *other, **kwargs)  # type: ignore[no-any-return]  # noqa: E501
  File "/www/wwwroot/coinceeper.com/CC/venv/lib64/python3.9/site-packages/sqlalchemy/sql/operators.py", line 2146, in in_op
    return a.in_(b)
  File "/www/wwwroot/coinceeper.com/CC/venv/lib64/python3.9/site-packages/sqlalchemy/sql/operators.py", line 943, in in_
    return self.operate(in_op, other)
  File "/www/wwwroot/coinceeper.com/CC/venv/lib64/python3.9/site-packages/sqlalchemy/sql/type_api.py", line 210, in operate
    return op_fn(self.expr, op, *other, **addtl_kw)
  File "/www/wwwroot/coinceeper.com/CC/venv/lib64/python3.9/site-packages/sqlalchemy/sql/default_comparator.py", line 218, in _in_impl
    seq_or_selectable = coercions.expect(
  File "/www/wwwroot/coinceeper.com/CC/venv/lib64/python3.9/site-packages/sqlalchemy/sql/coercions.py", line 395, in expect
    resolved = impl._literal_coercion(
  File "/www/wwwroot/coinceeper.com/CC/venv/lib64/python3.9/site-packages/sqlalchemy/sql/coercions.py", line 878, in _literal_coercion
    self._raise_for_expected(element, **kw)
  File "/www/wwwroot/coinceeper.com/CC/venv/lib64/python3.9/site-packages/sqlalchemy/sql/coercions.py", line 518, in _raise_for_expected
    raise exc.ArgumentError(msg, code=code) from err
sqlalchemy.exc.ArgumentError: IN expression list, SELECT construct, or bound parameter object expected, got 'BTC'.
