2025-07-21 08:04:54 - currency_price_service - ERROR - API error: 429, Response: {'status': {'timestamp': '2025-07-21T08:04:54.915Z', 'error_code': 1010, 'error_message': "You've exceeded your API Key's monthly credit limit. Please contact us at api@coinmarketcap.com if you need assistance upgrading your plan.", 'elapsed': 0, 'credit_count': 0, 'notice': "You have used 100% of your plan's monthly credit limit."}}
2025-07-21 08:04:54 - currency_price_service - ERROR - Error fetching prices for BHD: API error: 429
2025-07-21 08:09:55 - currency_price_service - WARNING - Rate limit hit with API key 11c6a14b...
2025-07-21 08:10:00 - currency_price_service - WARNING - Rate limit hit again with API key 54271eb9...
2025-07-21 08:10:15 - currency_price_service - ERROR - API error: 429, Response: {'status': {'timestamp': '2025-07-21T08:10:15.351Z', 'error_code': 1010, 'error_message': "You've exceeded your API Key's monthly credit limit. Please contact us at api@coinmarketcap.com if you need assistance upgrading your plan.", 'elapsed': 0, 'credit_count': 0, 'notice': "You have used 100% of your plan's monthly credit limit."}}
2025-07-21 08:10:15 - currency_price_service - WARNING - Rate limit hit with API key 8cabe14b...
2025-07-21 08:10:20 - currency_price_service - WARNING - Rate limit hit again with API key be1e1502...
2025-07-21 08:10:35 - currency_price_service - ERROR - API error: 429, Response: {'status': {'timestamp': '2025-07-21T08:10:35.824Z', 'error_code': 1010, 'error_message': "You've exceeded your API Key's monthly credit limit. Please contact us at api@coinmarketcap.com if you need assistance upgrading your plan.", 'elapsed': 0, 'credit_count': 0, 'notice': "You have used 100% of your plan's monthly credit limit."}}
2025-07-21 08:10:35 - currency_price_service - ERROR - Error fetching prices for USD: API error: 429
2025-07-21 08:10:35 - currency_price_service - WARNING - Rate limit hit with API key fd4b869f...
2025-07-21 08:10:41 - currency_price_service - WARNING - Rate limit hit again with API key 3949a597...
2025-07-21 08:10:56 - currency_price_service - ERROR - API error: 429, Response: {'status': {'timestamp': '2025-07-21T08:10:56.139Z', 'error_code': 1010, 'error_message': "You've exceeded your API Key's monthly credit limit. Please contact us at api@coinmarketcap.com if you need assistance upgrading your plan.", 'elapsed': 0, 'credit_count': 0, 'notice': "You have used 100% of your plan's monthly credit limit."}}
2025-07-21 08:10:56 - currency_price_service - WARNING - Rate limit hit with API key 1b2949ee...
2025-07-21 08:11:01 - currency_price_service - WARNING - Rate limit hit again with API key 9e840a2e...
2025-07-21 08:11:16 - currency_price_service - ERROR - API error: 429, Response: {'status': {'timestamp': '2025-07-21T08:11:16.421Z', 'error_code': 1010, 'error_message': "You've exceeded your API Key's monthly credit limit. Please contact us at api@coinmarketcap.com if you need assistance upgrading your plan.", 'elapsed': 0, 'credit_count': 0, 'notice': "You have used 100% of your plan's monthly credit limit."}}
2025-07-21 08:11:16 - currency_price_service - ERROR - Error fetching prices for CAD: API error: 429
2025-07-21 08:11:16 - currency_price_service - WARNING - Rate limit hit with API key 32822298...
2025-07-21 08:11:21 - currency_price_service - WARNING - Rate limit hit again with API key 1b2949ee...
2025-07-21 08:11:36 - currency_price_service - ERROR - API error: 429, Response: {'status': {'timestamp': '2025-07-21T08:11:36.708Z', 'error_code': 1010, 'error_message': "You've exceeded your API Key's monthly credit limit. Please contact us at api@coinmarketcap.com if you need assistance upgrading your plan.", 'elapsed': 0, 'credit_count': 0, 'notice': "You have used 100% of your plan's monthly credit limit."}}
2025-07-21 08:11:36 - currency_price_service - WARNING - Rate limit hit with API key 41ad37a0...
2025-07-21 08:11:41 - currency_price_service - WARNING - Rate limit hit again with API key 3949a597...
2025-07-21 08:11:57 - currency_price_service - ERROR - API error: 429, Response: {'status': {'timestamp': '2025-07-21T08:11:57.003Z', 'error_code': 1010, 'error_message': "You've exceeded your API Key's monthly credit limit. Please contact us at api@coinmarketcap.com if you need assistance upgrading your plan.", 'elapsed': 0, 'credit_count': 0, 'notice': "You have used 100% of your plan's monthly credit limit."}}
2025-07-21 08:11:57 - currency_price_service - ERROR - Error fetching prices for AUD: API error: 429
2025-07-21 08:11:57 - currency_price_service - WARNING - Rate limit hit with API key 54271eb9...
2025-07-21 08:12:02 - currency_price_service - WARNING - Rate limit hit again with API key 93a1eb9c...
2025-07-21 08:12:17 - currency_price_service - ERROR - API error: 429, Response: {'status': {'timestamp': '2025-07-21T08:12:17.293Z', 'error_code': 1010, 'error_message': "You've exceeded your API Key's monthly credit limit. Please contact us at api@coinmarketcap.com if you need assistance upgrading your plan.", 'elapsed': 0, 'credit_count': 0, 'notice': "You have used 100% of your plan's monthly credit limit."}}
2025-07-21 08:12:17 - currency_price_service - WARNING - Rate limit hit with API key bbae831b...
2025-07-21 08:12:22 - currency_price_service - WARNING - Rate limit hit again with API key 3949a597...
2025-07-21 08:12:37 - currency_price_service - ERROR - API error: 429, Response: {'status': {'timestamp': '2025-07-21T08:12:37.622Z', 'error_code': 1010, 'error_message': "You've exceeded your API Key's monthly credit limit. Please contact us at api@coinmarketcap.com if you need assistance upgrading your plan.", 'elapsed': 0, 'credit_count': 0, 'notice': "You have used 100% of your plan's monthly credit limit."}}
2025-07-21 08:12:37 - currency_price_service - ERROR - Error fetching prices for GBP: API error: 429
2025-07-21 08:12:37 - currency_price_service - WARNING - Rate limit hit with API key d5a0c29f...
2025-07-21 08:12:42 - currency_price_service - WARNING - Rate limit hit again with API key 9e840a2e...
2025-07-21 08:12:57 - currency_price_service - ERROR - API error: 429, Response: {'status': {'timestamp': '2025-07-21T08:12:57.931Z', 'error_code': 1010, 'error_message': "You've exceeded your API Key's monthly credit limit. Please contact us at api@coinmarketcap.com if you need assistance upgrading your plan.", 'elapsed': 0, 'credit_count': 0, 'notice': "You have used 100% of your plan's monthly credit limit."}}
2025-07-21 08:12:58 - currency_price_service - WARNING - Rate limit hit with API key be1e1502...
2025-07-21 08:13:03 - currency_price_service - WARNING - Rate limit hit again with API key 41ad37a0...
2025-07-21 08:13:18 - currency_price_service - ERROR - API error: 429, Response: {'status': {'timestamp': '2025-07-21T08:13:18.336Z', 'error_code': 1011, 'error_message': "You've hit an IP rate limit.", 'elapsed': 0, 'credit_count': 0}}
2025-07-21 08:13:18 - currency_price_service - ERROR - Error fetching prices for EUR: API error: 429
2025-07-21 08:13:18 - currency_price_service - WARNING - Rate limit hit with API key 3949a597...
2025-07-21 08:13:23 - currency_price_service - WARNING - Rate limit hit again with API key 3949a597...
2025-07-21 08:13:38 - currency_price_service - ERROR - API error: 429, Response: {'status': {'timestamp': '2025-07-21T08:13:38.743Z', 'error_code': 1010, 'error_message': "You've exceeded your API Key's monthly credit limit. Please contact us at api@coinmarketcap.com if you need assistance upgrading your plan.", 'elapsed': 0, 'credit_count': 0, 'notice': "You have used 100% of your plan's monthly credit limit."}}
2025-07-21 08:13:38 - currency_price_service - WARNING - Rate limit hit with API key d5a0c29f...
2025-07-21 08:13:43 - currency_price_service - WARNING - Rate limit hit again with API key d5a0c29f...
2025-07-21 08:13:59 - currency_price_service - ERROR - API error: 429, Response: {'status': {'timestamp': '2025-07-21T08:13:59.010Z', 'error_code': 1011, 'error_message': "You've hit an IP rate limit.", 'elapsed': 0, 'credit_count': 0}}
2025-07-21 08:13:59 - currency_price_service - ERROR - Error fetching prices for KWD: API error: 429
2025-07-21 08:13:59 - currency_price_service - WARNING - Rate limit hit with API key c723bbf3...
2025-07-21 08:14:04 - currency_price_service - WARNING - Rate limit hit again with API key 3949a597...
2025-07-21 08:14:20 - currency_price_service - ERROR - API error: 429, Response: {'status': {'timestamp': '2025-07-21T08:14:19.421Z', 'error_code': 1010, 'error_message': "You've exceeded your API Key's monthly credit limit. Please contact us at api@coinmarketcap.com if you need assistance upgrading your plan.", 'elapsed': 0, 'credit_count': 0, 'notice': "You have used 100% of your plan's monthly credit limit."}}
2025-07-21 08:14:20 - currency_price_service - WARNING - Rate limit hit with API key 3ca91db4...
2025-07-21 08:14:25 - currency_price_service - WARNING - Rate limit hit again with API key 7f7ce154...
2025-07-21 08:14:40 - currency_price_service - ERROR - API error: 429, Response: {'status': {'timestamp': '2025-07-21T08:14:40.389Z', 'error_code': 1010, 'error_message': "You've exceeded your API Key's monthly credit limit. Please contact us at api@coinmarketcap.com if you need assistance upgrading your plan.", 'elapsed': 0, 'credit_count': 0, 'notice': "You have used 100% of your plan's monthly credit limit."}}
2025-07-21 08:14:40 - currency_price_service - ERROR - Error fetching prices for TRY: API error: 429
2025-07-21 08:14:40 - currency_price_service - WARNING - Rate limit hit with API key 0b4e178f...
2025-07-21 08:14:45 - currency_price_service - WARNING - Rate limit hit again with API key c723bbf3...
2025-07-21 08:15:00 - currency_price_service - ERROR - API error: 429, Response: {'status': {'timestamp': '2025-07-21T08:15:00.815Z', 'error_code': 1010, 'error_message': "You've exceeded your API Key's monthly credit limit. Please contact us at api@coinmarketcap.com if you need assistance upgrading your plan.", 'elapsed': 0, 'credit_count': 0, 'notice': "You have used 100% of your plan's monthly credit limit."}}
2025-07-21 08:15:02 - currency_price_service - WARNING - Rate limit hit with API key 54271eb9...
2025-07-21 08:15:07 - currency_price_service - WARNING - Rate limit hit again with API key 3949a597...
2025-07-21 08:15:22 - currency_price_service - ERROR - API error: 429, Response: {'status': {'timestamp': '2025-07-21T08:15:22.276Z', 'error_code': 1010, 'error_message': "You've exceeded your API Key's monthly credit limit. Please contact us at api@coinmarketcap.com if you need assistance upgrading your plan.", 'elapsed': 0, 'credit_count': 0, 'notice': "You have used 100% of your plan's monthly credit limit."}}
2025-07-21 08:15:22 - currency_price_service - ERROR - Error fetching prices for SAR: API error: 429
2025-07-21 08:15:22 - currency_price_service - WARNING - Rate limit hit with API key d5a0c29f...
2025-07-21 08:15:27 - currency_price_service - WARNING - Rate limit hit again with API key 3949a597...
2025-07-21 08:15:42 - currency_price_service - ERROR - API error: 429, Response: {'status': {'timestamp': '2025-07-21T08:15:42.682Z', 'error_code': 1011, 'error_message': "You've hit an IP rate limit.", 'elapsed': 0, 'credit_count': 0}}
2025-07-21 08:15:42 - currency_price_service - WARNING - Rate limit hit with API key 3949a597...
2025-07-21 08:15:47 - currency_price_service - WARNING - Rate limit hit again with API key 41ad37a0...
2025-07-21 08:16:03 - currency_price_service - ERROR - API error: 429, Response: {'status': {'timestamp': '2025-07-21T08:16:02.978Z', 'error_code': 1010, 'error_message': "You've exceeded your API Key's monthly credit limit. Please contact us at api@coinmarketcap.com if you need assistance upgrading your plan.", 'elapsed': 0, 'credit_count': 0, 'notice': "You have used 100% of your plan's monthly credit limit."}}
2025-07-21 08:16:03 - currency_price_service - ERROR - Error fetching prices for CNY: API error: 429
2025-07-21 08:16:03 - currency_price_service - WARNING - Rate limit hit with API key 3949a597...
2025-07-21 08:16:08 - currency_price_service - WARNING - Rate limit hit again with API key 01b554da...
2025-07-21 08:16:23 - currency_price_service - ERROR - API error: 429, Response: {'status': {'timestamp': '2025-07-21T08:16:23.260Z', 'error_code': 1010, 'error_message': "You've exceeded your API Key's monthly credit limit. Please contact us at api@coinmarketcap.com if you need assistance upgrading your plan.", 'elapsed': 0, 'credit_count': 0, 'notice': "You have used 100% of your plan's monthly credit limit."}}
2025-07-21 08:16:23 - currency_price_service - WARNING - Rate limit hit with API key a748f24b...
2025-07-21 08:16:28 - currency_price_service - WARNING - Rate limit hit again with API key be1e1502...
2025-07-21 08:16:43 - currency_price_service - ERROR - API error: 429, Response: {'status': {'timestamp': '2025-07-21T08:16:43.534Z', 'error_code': 1010, 'error_message': "You've exceeded your API Key's monthly credit limit. Please contact us at api@coinmarketcap.com if you need assistance upgrading your plan.", 'elapsed': 0, 'credit_count': 0, 'notice': "You have used 100% of your plan's monthly credit limit."}}
2025-07-21 08:16:43 - currency_price_service - ERROR - Error fetching prices for KRW: API error: 429
2025-07-21 08:16:44 - currency_price_service - WARNING - Rate limit hit with API key 54271eb9...
2025-07-21 08:16:49 - currency_price_service - WARNING - Rate limit hit again with API key fd4b869f...
2025-07-21 08:17:04 - currency_price_service - ERROR - API error: 429, Response: {'status': {'timestamp': '2025-07-21T08:17:04.208Z', 'error_code': 1010, 'error_message': "You've exceeded your API Key's monthly credit limit. Please contact us at api@coinmarketcap.com if you need assistance upgrading your plan.", 'elapsed': 0, 'credit_count': 0, 'notice': "You have used 100% of your plan's monthly credit limit."}}
2025-07-21 08:17:04 - currency_price_service - WARNING - Rate limit hit with API key e4938def...
2025-07-21 08:17:09 - currency_price_service - WARNING - Rate limit hit again with API key 9e840a2e...
2025-07-21 08:17:24 - currency_price_service - ERROR - API error: 429, Response: {'status': {'timestamp': '2025-07-21T08:17:24.518Z', 'error_code': 1011, 'error_message': "You've hit an IP rate limit.", 'elapsed': 0, 'credit_count': 0}}
2025-07-21 08:17:24 - currency_price_service - ERROR - Error fetching prices for JPY: API error: 429
2025-07-21 08:17:24 - currency_price_service - WARNING - Rate limit hit with API key 3949a597...
2025-07-21 08:17:29 - currency_price_service - WARNING - Rate limit hit again with API key 32822298...
2025-07-21 08:17:44 - currency_price_service - ERROR - API error: 429, Response: {'status': {'timestamp': '2025-07-21T08:17:44.794Z', 'error_code': 1011, 'error_message': "You've hit an IP rate limit.", 'elapsed': 0, 'credit_count': 0}}
2025-07-21 08:17:44 - currency_price_service - WARNING - Rate limit hit with API key bbae831b...
2025-07-21 08:17:50 - currency_price_service - WARNING - Rate limit hit again with API key d5a0c29f...
2025-07-21 08:18:05 - currency_price_service - ERROR - API error: 429, Response: {'status': {'timestamp': '2025-07-21T08:18:05.091Z', 'error_code': 1010, 'error_message': "You've exceeded your API Key's monthly credit limit. Please contact us at api@coinmarketcap.com if you need assistance upgrading your plan.", 'elapsed': 0, 'credit_count': 0, 'notice': "You have used 100% of your plan's monthly credit limit."}}
2025-07-21 08:18:05 - currency_price_service - ERROR - Error fetching prices for INR: API error: 429
2025-07-21 08:18:05 - currency_price_service - WARNING - Rate limit hit with API key 8cabe14b...
2025-07-21 08:18:10 - currency_price_service - WARNING - Rate limit hit again with API key 54271eb9...
2025-07-21 08:18:25 - currency_price_service - ERROR - API error: 429, Response: {'status': {'timestamp': '2025-07-21T08:18:25.371Z', 'error_code': 1010, 'error_message': "You've exceeded your API Key's monthly credit limit. Please contact us at api@coinmarketcap.com if you need assistance upgrading your plan.", 'elapsed': 0, 'credit_count': 0, 'notice': "You have used 100% of your plan's monthly credit limit."}}
2025-07-21 08:18:25 - currency_price_service - WARNING - Rate limit hit with API key 1b2949ee...
2025-07-21 08:18:30 - currency_price_service - WARNING - Rate limit hit again with API key 1b2949ee...
2025-07-21 08:18:45 - currency_price_service - ERROR - API error: 429, Response: {'status': {'timestamp': '2025-07-21T08:18:45.700Z', 'error_code': 1010, 'error_message': "You've exceeded your API Key's monthly credit limit. Please contact us at api@coinmarketcap.com if you need assistance upgrading your plan.", 'elapsed': 0, 'credit_count': 0, 'notice': "You have used 100% of your plan's monthly credit limit."}}
2025-07-21 08:18:45 - currency_price_service - ERROR - Error fetching prices for RUB: API error: 429
2025-07-21 08:18:45 - currency_price_service - WARNING - Rate limit hit with API key be1e1502...
2025-07-21 08:18:50 - currency_price_service - WARNING - Rate limit hit again with API key 3949a597...
2025-07-21 08:19:06 - currency_price_service - ERROR - API error: 429, Response: {'status': {'timestamp': '2025-07-21T08:19:05.978Z', 'error_code': 1010, 'error_message': "You've exceeded your API Key's monthly credit limit. Please contact us at api@coinmarketcap.com if you need assistance upgrading your plan.", 'elapsed': 0, 'credit_count': 0, 'notice': "You have used 100% of your plan's monthly credit limit."}}
2025-07-21 08:19:06 - currency_price_service - WARNING - Rate limit hit with API key a1afa999...
2025-07-21 08:19:11 - currency_price_service - WARNING - Rate limit hit again with API key a1afa999...
2025-07-21 08:19:26 - currency_price_service - ERROR - API error: 429, Response: {'status': {'timestamp': '2025-07-21T08:19:26.272Z', 'error_code': 1010, 'error_message': "You've exceeded your API Key's monthly credit limit. Please contact us at api@coinmarketcap.com if you need assistance upgrading your plan.", 'elapsed': 0, 'credit_count': 0, 'notice': "You have used 100% of your plan's monthly credit limit."}}
2025-07-21 08:19:26 - currency_price_service - ERROR - Error fetching prices for IQD: API error: 429
2025-07-21 08:19:26 - currency_price_service - WARNING - Rate limit hit with API key 8cabe14b...
2025-07-21 08:19:31 - currency_price_service - WARNING - Rate limit hit again with API key be1e1502...
2025-07-21 08:19:46 - currency_price_service - ERROR - API error: 429, Response: {'status': {'timestamp': '2025-07-21T08:19:46.554Z', 'error_code': 1010, 'error_message': "You've exceeded your API Key's monthly credit limit. Please contact us at api@coinmarketcap.com if you need assistance upgrading your plan.", 'elapsed': 0, 'credit_count': 0, 'notice': "You have used 100% of your plan's monthly credit limit."}}
2025-07-21 08:19:46 - currency_price_service - WARNING - Rate limit hit with API key 11c6a14b...
2025-07-21 08:19:51 - currency_price_service - WARNING - Rate limit hit again with API key 3949a597...
2025-07-21 08:20:07 - currency_price_service - ERROR - API error: 401, Response: {'status': {'timestamp': '2025-07-21T08:20:06.973Z', 'error_code': 1001, 'error_message': 'This API Key is invalid.', 'elapsed': 0, 'credit_count': 0}}
2025-07-21 08:20:07 - currency_price_service - ERROR - Error fetching prices for TND: API error: 429
2025-07-21 08:20:07 - currency_price_service - WARNING - Rate limit hit with API key 3949a597...
2025-07-21 08:20:12 - currency_price_service - WARNING - Rate limit hit again with API key 9e840a2e...
2025-07-21 08:20:27 - currency_price_service - ERROR - API error: 429, Response: {'status': {'timestamp': '2025-07-21T08:20:27.426Z', 'error_code': 1011, 'error_message': "You've hit an IP rate limit.", 'elapsed': 0, 'credit_count': 0}}
2025-07-21 08:20:27 - currency_price_service - WARNING - Rate limit hit with API key be1e1502...
2025-07-21 08:20:32 - currency_price_service - WARNING - Rate limit hit again with API key d5a0c29f...
2025-07-21 08:20:47 - currency_price_service - ERROR - API error: 429, Response: {'status': {'timestamp': '2025-07-21T08:20:47.738Z', 'error_code': 1010, 'error_message': "You've exceeded your API Key's monthly credit limit. Please contact us at api@coinmarketcap.com if you need assistance upgrading your plan.", 'elapsed': 0, 'credit_count': 0, 'notice': "You have used 100% of your plan's monthly credit limit."}}
2025-07-21 08:20:47 - currency_price_service - ERROR - Error fetching prices for BHD: API error: 429
2025-07-21 08:25:47 - currency_price_service - WARNING - Rate limit hit with API key 0b4e178f...
2025-07-21 08:25:53 - currency_price_service - WARNING - Rate limit hit again with API key 3949a597...
2025-07-21 08:26:08 - currency_price_service - ERROR - API error: 429, Response: {'status': {'timestamp': '2025-07-21T08:26:08.139Z', 'error_code': 1010, 'error_message': "You've exceeded your API Key's monthly credit limit. Please contact us at api@coinmarketcap.com if you need assistance upgrading your plan.", 'elapsed': 0, 'credit_count': 0, 'notice': "You have used 100% of your plan's monthly credit limit."}}
2025-07-21 08:26:08 - currency_price_service - ERROR - API error: 401, Response: {'status': {'timestamp': '2025-07-21T08:26:08.226Z', 'error_code': 1001, 'error_message': 'This API Key is invalid.', 'elapsed': 0, 'credit_count': 0}}
2025-07-21 08:26:08 - currency_price_service - ERROR - Error fetching prices for USD: API error: 429
2025-07-21 08:26:08 - currency_price_service - WARNING - Rate limit hit with API key 8cabe14b...
2025-07-21 08:26:13 - currency_price_service - ERROR - API error: 401, Response: {'status': {'timestamp': '2025-07-21T08:26:13.425Z', 'error_code': 1001, 'error_message': 'This API Key is invalid.', 'elapsed': 0, 'credit_count': 0}}
2025-07-21 08:26:13 - currency_price_service - WARNING - Rate limit hit with API key 7f7ce154...
2025-07-21 08:26:18 - currency_price_service - WARNING - Rate limit hit again with API key 7f7ce154...
2025-07-21 08:26:33 - currency_price_service - ERROR - API error: 429, Response: {'status': {'timestamp': '2025-07-21T08:26:33.708Z', 'error_code': 1010, 'error_message': "You've exceeded your API Key's monthly credit limit. Please contact us at api@coinmarketcap.com if you need assistance upgrading your plan.", 'elapsed': 0, 'credit_count': 0, 'notice': "You have used 100% of your plan's monthly credit limit."}}
2025-07-21 08:26:33 - currency_price_service - ERROR - Error fetching prices for CAD: API error: 401
2025-07-21 08:26:33 - currency_price_service - WARNING - Rate limit hit with API key 7f7ce154...
2025-07-21 08:26:38 - currency_price_service - WARNING - Rate limit hit again with API key a748f24b...
2025-07-21 08:26:54 - currency_price_service - ERROR - API error: 429, Response: {'status': {'timestamp': '2025-07-21T08:26:53.984Z', 'error_code': 1010, 'error_message': "You've exceeded your API Key's monthly credit limit. Please contact us at api@coinmarketcap.com if you need assistance upgrading your plan.", 'elapsed': 0, 'credit_count': 0, 'notice': "You have used 100% of your plan's monthly credit limit."}}
2025-07-21 08:26:54 - currency_price_service - WARNING - Rate limit hit with API key 0b4e178f...
2025-07-21 08:26:59 - currency_price_service - WARNING - Rate limit hit again with API key 3949a597...
2025-07-21 08:27:14 - currency_price_service - ERROR - API error: 429, Response: {'status': {'timestamp': '2025-07-21T08:27:14.261Z', 'error_code': 1010, 'error_message': "You've exceeded your API Key's monthly credit limit. Please contact us at api@coinmarketcap.com if you need assistance upgrading your plan.", 'elapsed': 0, 'credit_count': 0, 'notice': "You have used 100% of your plan's monthly credit limit."}}
2025-07-21 08:27:14 - currency_price_service - ERROR - Error fetching prices for AUD: API error: 429
2025-07-21 08:27:14 - currency_price_service - WARNING - Rate limit hit with API key 01b554da...
2025-07-21 08:27:19 - currency_price_service - WARNING - Rate limit hit again with API key 3949a597...
2025-07-21 08:27:34 - currency_price_service - ERROR - API error: 429, Response: {'status': {'timestamp': '2025-07-21T08:27:34.530Z', 'error_code': 1010, 'error_message': "You've exceeded your API Key's monthly credit limit. Please contact us at api@coinmarketcap.com if you need assistance upgrading your plan.", 'elapsed': 0, 'credit_count': 0, 'notice': "You have used 100% of your plan's monthly credit limit."}}
2025-07-21 08:27:34 - currency_price_service - WARNING - Rate limit hit with API key 3949a597...
2025-07-21 08:27:39 - currency_price_service - WARNING - Rate limit hit again with API key 41ad37a0...
2025-07-21 08:27:54 - currency_price_service - ERROR - API error: 429, Response: {'status': {'timestamp': '2025-07-21T08:27:54.917Z', 'error_code': 1010, 'error_message': "You've exceeded your API Key's monthly credit limit. Please contact us at api@coinmarketcap.com if you need assistance upgrading your plan.", 'elapsed': 0, 'credit_count': 0, 'notice': "You have used 100% of your plan's monthly credit limit."}}
2025-07-21 08:27:54 - currency_price_service - ERROR - Error fetching prices for GBP: API error: 429
2025-07-21 08:27:55 - currency_price_service - WARNING - Rate limit hit with API key 3949a597...
2025-07-21 08:28:00 - currency_price_service - WARNING - Rate limit hit again with API key 93a1eb9c...
2025-07-21 08:28:15 - currency_price_service - ERROR - API error: 429, Response: {'status': {'timestamp': '2025-07-21T08:28:15.198Z', 'error_code': 1010, 'error_message': "You've exceeded your API Key's monthly credit limit. Please contact us at api@coinmarketcap.com if you need assistance upgrading your plan.", 'elapsed': 0, 'credit_count': 0, 'notice': "You have used 100% of your plan's monthly credit limit."}}
2025-07-21 08:28:15 - currency_price_service - WARNING - Rate limit hit with API key 32822298...
2025-07-21 08:28:20 - currency_price_service - WARNING - Rate limit hit again with API key a1afa999...
2025-07-21 08:28:35 - currency_price_service - ERROR - API error: 429, Response: {'status': {'timestamp': '2025-07-21T08:28:35.510Z', 'error_code': 1010, 'error_message': "You've exceeded your API Key's monthly credit limit. Please contact us at api@coinmarketcap.com if you need assistance upgrading your plan.", 'elapsed': 0, 'credit_count': 0, 'notice': "You have used 100% of your plan's monthly credit limit."}}
2025-07-21 08:28:35 - currency_price_service - ERROR - Error fetching prices for EUR: API error: 429
2025-07-21 08:28:35 - currency_price_service - WARNING - Rate limit hit with API key 0b4e178f...
2025-07-21 08:28:40 - currency_price_service - WARNING - Rate limit hit again with API key c723bbf3...
2025-07-21 08:28:55 - currency_price_service - ERROR - API error: 429, Response: {'status': {'timestamp': '2025-07-21T08:28:55.784Z', 'error_code': 1010, 'error_message': "You've exceeded your API Key's monthly credit limit. Please contact us at api@coinmarketcap.com if you need assistance upgrading your plan.", 'elapsed': 0, 'credit_count': 0, 'notice': "You have used 100% of your plan's monthly credit limit."}}
2025-07-21 08:28:55 - currency_price_service - WARNING - Rate limit hit with API key 93a1eb9c...
2025-07-21 08:29:01 - currency_price_service - WARNING - Rate limit hit again with API key 8cabe14b...
2025-07-21 08:29:16 - currency_price_service - ERROR - API error: 429, Response: {'status': {'timestamp': '2025-07-21T08:29:16.308Z', 'error_code': 1010, 'error_message': "You've exceeded your API Key's monthly credit limit. Please contact us at api@coinmarketcap.com if you need assistance upgrading your plan.", 'elapsed': 0, 'credit_count': 0, 'notice': "You have used 100% of your plan's monthly credit limit."}}
2025-07-21 08:29:16 - currency_price_service - ERROR - Error fetching prices for KWD: API error: 429
2025-07-21 08:29:16 - currency_price_service - WARNING - Rate limit hit with API key 7f7ce154...
2025-07-21 08:29:21 - currency_price_service - WARNING - Rate limit hit again with API key 3ca91db4...
2025-07-21 08:29:36 - currency_price_service - ERROR - API error: 429, Response: {'status': {'timestamp': '2025-07-21T08:29:36.578Z', 'error_code': 1010, 'error_message': "You've exceeded your API Key's monthly credit limit. Please contact us at api@coinmarketcap.com if you need assistance upgrading your plan.", 'elapsed': 0, 'credit_count': 0, 'notice': "You have used 100% of your plan's monthly credit limit."}}
2025-07-21 08:29:36 - currency_price_service - WARNING - Rate limit hit with API key 7f7ce154...
2025-07-21 08:29:41 - currency_price_service - WARNING - Rate limit hit again with API key 3949a597...
2025-07-21 08:29:56 - currency_price_service - ERROR - API error: 429, Response: {'status': {'timestamp': '2025-07-21T08:29:56.858Z', 'error_code': 1010, 'error_message': "You've exceeded your API Key's monthly credit limit. Please contact us at api@coinmarketcap.com if you need assistance upgrading your plan.", 'elapsed': 0, 'credit_count': 0, 'notice': "You have used 100% of your plan's monthly credit limit."}}
2025-07-21 08:29:56 - currency_price_service - ERROR - Error fetching prices for TRY: API error: 429
2025-07-21 08:29:56 - currency_price_service - WARNING - Rate limit hit with API key 41ad37a0...
2025-07-21 08:30:02 - currency_price_service - ERROR - API error: 401, Response: {'status': {'timestamp': '2025-07-21T08:30:02.049Z', 'error_code': 1001, 'error_message': 'This API Key is invalid.', 'elapsed': 0, 'credit_count': 0}}
2025-07-21 08:30:02 - currency_price_service - ERROR - API error: 401, Response: {'status': {'timestamp': '2025-07-21T08:30:02.326Z', 'error_code': 1001, 'error_message': 'This API Key is invalid.', 'elapsed': 0, 'credit_count': 0}}
2025-07-21 08:30:02 - currency_price_service - ERROR - Error fetching prices for SAR: API error: 401
2025-07-21 08:30:03 - currency_price_service - WARNING - Rate limit hit with API key 8cabe14b...
2025-07-21 08:30:08 - currency_price_service - WARNING - Rate limit hit again with API key 3949a597...
2025-07-21 08:30:23 - currency_price_service - ERROR - API error: 429, Response: {'status': {'timestamp': '2025-07-21T08:30:23.609Z', 'error_code': 1010, 'error_message': "You've exceeded your API Key's monthly credit limit. Please contact us at api@coinmarketcap.com if you need assistance upgrading your plan.", 'elapsed': 0, 'credit_count': 0, 'notice': "You have used 100% of your plan's monthly credit limit."}}
2025-07-21 08:30:23 - currency_price_service - WARNING - Rate limit hit with API key e4938def...
2025-07-21 08:30:29 - currency_price_service - WARNING - Rate limit hit again with API key a1afa999...
2025-07-21 08:30:44 - currency_price_service - ERROR - API error: 429, Response: {'status': {'timestamp': '2025-07-21T08:30:44.111Z', 'error_code': 1011, 'error_message': "You've hit an IP rate limit.", 'elapsed': 0, 'credit_count': 0}}
2025-07-21 08:30:44 - currency_price_service - ERROR - Error fetching prices for CNY: API error: 429
2025-07-21 08:30:44 - currency_price_service - WARNING - Rate limit hit with API key 3949a597...
2025-07-21 08:30:49 - currency_price_service - WARNING - Rate limit hit again with API key 0b4e178f...
2025-07-21 08:31:05 - currency_price_service - ERROR - API error: 401, Response: {'status': {'timestamp': '2025-07-21T08:31:04.967Z', 'error_code': 1001, 'error_message': 'This API Key is invalid.', 'elapsed': 0, 'credit_count': 0}}
2025-07-21 08:31:05 - currency_price_service - WARNING - Rate limit hit with API key 9e840a2e...
2025-07-21 08:31:10 - currency_price_service - WARNING - Rate limit hit again with API key 3949a597...
2025-07-21 08:31:25 - currency_price_service - ERROR - API error: 429, Response: {'status': {'timestamp': '2025-07-21T08:31:25.269Z', 'error_code': 1011, 'error_message': "You've hit an IP rate limit.", 'elapsed': 0, 'credit_count': 0}}
2025-07-21 08:31:25 - currency_price_service - ERROR - Error fetching prices for KRW: API error: 401
2025-07-21 08:31:25 - currency_price_service - WARNING - Rate limit hit with API key 3949a597...
2025-07-21 08:31:30 - currency_price_service - WARNING - Rate limit hit again with API key 11c6a14b...
2025-07-21 08:31:45 - currency_price_service - ERROR - API error: 429, Response: {'status': {'timestamp': '2025-07-21T08:31:45.551Z', 'error_code': 1010, 'error_message': "You've exceeded your API Key's monthly credit limit. Please contact us at api@coinmarketcap.com if you need assistance upgrading your plan.", 'elapsed': 0, 'credit_count': 0, 'notice': "You have used 100% of your plan's monthly credit limit."}}
2025-07-21 08:31:45 - currency_price_service - WARNING - Rate limit hit with API key 3ca91db4...
2025-07-21 08:31:50 - currency_price_service - WARNING - Rate limit hit again with API key c723bbf3...
2025-07-21 08:32:05 - currency_price_service - ERROR - API error: 429, Response: {'status': {'timestamp': '2025-07-21T08:32:05.836Z', 'error_code': 1010, 'error_message': "You've exceeded your API Key's monthly credit limit. Please contact us at api@coinmarketcap.com if you need assistance upgrading your plan.", 'elapsed': 0, 'credit_count': 0, 'notice': "You have used 100% of your plan's monthly credit limit."}}
2025-07-21 08:32:05 - currency_price_service - ERROR - Error fetching prices for JPY: API error: 429
2025-07-21 08:32:05 - currency_price_service - WARNING - Rate limit hit with API key 3ca91db4...
2025-07-21 08:32:11 - currency_price_service - WARNING - Rate limit hit again with API key 3949a597...
2025-07-21 08:32:26 - currency_price_service - ERROR - API error: 429, Response: {'status': {'timestamp': '2025-07-21T08:32:26.105Z', 'error_code': 1011, 'error_message': "You've hit an IP rate limit.", 'elapsed': 0, 'credit_count': 0}}
2025-07-21 08:32:26 - currency_price_service - WARNING - Rate limit hit with API key fd4b869f...
2025-07-21 08:32:33 - currency_price_service - WARNING - Rate limit hit again with API key a1afa999...
2025-07-21 08:32:48 - currency_price_service - ERROR - API error: 429, Response: {'status': {'timestamp': '2025-07-21T08:32:48.219Z', 'error_code': 1010, 'error_message': "You've exceeded your API Key's monthly credit limit. Please contact us at api@coinmarketcap.com if you need assistance upgrading your plan.", 'elapsed': 0, 'credit_count': 0, 'notice': "You have used 100% of your plan's monthly credit limit."}}
2025-07-21 08:32:48 - currency_price_service - ERROR - Error fetching prices for INR: API error: 429
2025-07-21 08:32:48 - currency_price_service - WARNING - Rate limit hit with API key 3949a597...
2025-07-21 08:32:53 - currency_price_service - WARNING - Rate limit hit again with API key 54271eb9...
2025-07-21 08:33:08 - currency_price_service - ERROR - API error: 429, Response: {'status': {'timestamp': '2025-07-21T08:33:08.500Z', 'error_code': 1010, 'error_message': "You've exceeded your API Key's monthly credit limit. Please contact us at api@coinmarketcap.com if you need assistance upgrading your plan.", 'elapsed': 0, 'credit_count': 0, 'notice': "You have used 100% of your plan's monthly credit limit."}}
2025-07-21 08:33:08 - currency_price_service - WARNING - Rate limit hit with API key 3949a597...
2025-07-21 08:33:13 - currency_price_service - ERROR - API error: 401, Response: {'status': {'timestamp': '2025-07-21T08:33:13.678Z', 'error_code': 1001, 'error_message': 'This API Key is invalid.', 'elapsed': 0, 'credit_count': 0}}
2025-07-21 08:33:13 - currency_price_service - ERROR - Error fetching prices for RUB: API error: 429
2025-07-21 08:33:13 - currency_price_service - WARNING - Rate limit hit with API key 1b2949ee...
2025-07-21 08:33:18 - currency_price_service - WARNING - Rate limit hit again with API key bbae831b...
2025-07-21 08:33:33 - currency_price_service - ERROR - API error: 429, Response: {'status': {'timestamp': '2025-07-21T08:33:33.947Z', 'error_code': 1010, 'error_message': "You've exceeded your API Key's monthly credit limit. Please contact us at api@coinmarketcap.com if you need assistance upgrading your plan.", 'elapsed': 0, 'credit_count': 0, 'notice': "You have used 100% of your plan's monthly credit limit."}}
2025-07-21 08:33:34 - currency_price_service - WARNING - Rate limit hit with API key 32822298...
2025-07-21 08:33:39 - currency_price_service - WARNING - Rate limit hit again with API key 32822298...
2025-07-21 08:33:54 - currency_price_service - ERROR - API error: 429, Response: {'status': {'timestamp': '2025-07-21T08:33:54.227Z', 'error_code': 1010, 'error_message': "You've exceeded your API Key's monthly credit limit. Please contact us at api@coinmarketcap.com if you need assistance upgrading your plan.", 'elapsed': 0, 'credit_count': 0, 'notice': "You have used 100% of your plan's monthly credit limit."}}
2025-07-21 08:33:54 - currency_price_service - ERROR - Error fetching prices for IQD: API error: 429
2025-07-21 08:33:54 - currency_price_service - WARNING - Rate limit hit with API key 0b4e178f...
2025-07-21 08:33:59 - currency_price_service - WARNING - Rate limit hit again with API key 3949a597...
2025-07-21 08:34:14 - currency_price_service - ERROR - API error: 429, Response: {'status': {'timestamp': '2025-07-21T08:34:14.504Z', 'error_code': 1010, 'error_message': "You've exceeded your API Key's monthly credit limit. Please contact us at api@coinmarketcap.com if you need assistance upgrading your plan.", 'elapsed': 0, 'credit_count': 0, 'notice': "You have used 100% of your plan's monthly credit limit."}}
2025-07-21 08:34:14 - currency_price_service - WARNING - Rate limit hit with API key 8cabe14b...
2025-07-21 08:34:19 - currency_price_service - WARNING - Rate limit hit again with API key 3949a597...
2025-07-21 08:34:34 - currency_price_service - ERROR - API error: 429, Response: {'status': {'timestamp': '2025-07-21T08:34:34.783Z', 'error_code': 1010, 'error_message': "You've exceeded your API Key's monthly credit limit. Please contact us at api@coinmarketcap.com if you need assistance upgrading your plan.", 'elapsed': 0, 'credit_count': 0, 'notice': "You have used 100% of your plan's monthly credit limit."}}
2025-07-21 08:34:34 - currency_price_service - ERROR - Error fetching prices for TND: API error: 429
2025-07-21 08:34:34 - currency_price_service - WARNING - Rate limit hit with API key 01b554da...
2025-07-21 08:34:40 - currency_price_service - WARNING - Rate limit hit again with API key 41ad37a0...
2025-07-21 08:34:55 - currency_price_service - ERROR - API error: 429, Response: {'status': {'timestamp': '2025-07-21T08:34:55.075Z', 'error_code': 1011, 'error_message': "You've hit an IP rate limit.", 'elapsed': 0, 'credit_count': 0}}
2025-07-21 08:34:55 - currency_price_service - WARNING - Rate limit hit with API key c723bbf3...
2025-07-21 08:35:00 - currency_price_service - WARNING - Rate limit hit again with API key 3949a597...
2025-07-21 08:35:15 - currency_price_service - ERROR - API error: 429, Response: {'status': {'timestamp': '2025-07-21T08:35:15.768Z', 'error_code': 1010, 'error_message': "You've exceeded your API Key's monthly credit limit. Please contact us at api@coinmarketcap.com if you need assistance upgrading your plan.", 'elapsed': 0, 'credit_count': 0, 'notice': "You have used 100% of your plan's monthly credit limit."}}
2025-07-21 08:35:15 - currency_price_service - ERROR - Error fetching prices for BHD: API error: 429
2025-07-21 08:40:16 - currency_price_service - WARNING - Rate limit hit with API key 3949a597...
2025-07-21 08:40:21 - currency_price_service - WARNING - Rate limit hit again with API key 54271eb9...
2025-07-21 08:40:36 - currency_price_service - ERROR - API error: 429, Response: {'status': {'timestamp': '2025-07-21T08:40:36.322Z', 'error_code': 1010, 'error_message': "You've exceeded your API Key's monthly credit limit. Please contact us at api@coinmarketcap.com if you need assistance upgrading your plan.", 'elapsed': 0, 'credit_count': 0, 'notice': "You have used 100% of your plan's monthly credit limit."}}
2025-07-21 08:40:36 - currency_price_service - WARNING - Rate limit hit with API key 3949a597...
2025-07-21 08:40:41 - currency_price_service - WARNING - Rate limit hit again with API key c723bbf3...
2025-07-21 08:40:56 - currency_price_service - ERROR - API error: 429, Response: {'status': {'timestamp': '2025-07-21T08:40:56.650Z', 'error_code': 1010, 'error_message': "You've exceeded your API Key's monthly credit limit. Please contact us at api@coinmarketcap.com if you need assistance upgrading your plan.", 'elapsed': 0, 'credit_count': 0, 'notice': "You have used 100% of your plan's monthly credit limit."}}
2025-07-21 08:40:56 - currency_price_service - ERROR - Error fetching prices for USD: API error: 429
2025-07-21 08:40:56 - currency_price_service - WARNING - Rate limit hit with API key 0b4e178f...
2025-07-21 08:41:02 - currency_price_service - WARNING - Rate limit hit again with API key 3949a597...
2025-07-21 08:41:17 - currency_price_service - ERROR - API error: 429, Response: {'status': {'timestamp': '2025-07-21T08:41:17.065Z', 'error_code': 1010, 'error_message': "You've exceeded your API Key's monthly credit limit. Please contact us at api@coinmarketcap.com if you need assistance upgrading your plan.", 'elapsed': 0, 'credit_count': 0, 'notice': "You have used 100% of your plan's monthly credit limit."}}
2025-07-21 08:41:17 - currency_price_service - WARNING - Rate limit hit with API key 01b554da...
2025-07-21 08:41:22 - currency_price_service - WARNING - Rate limit hit again with API key 8cabe14b...
2025-07-21 08:41:37 - currency_price_service - ERROR - API error: 429, Response: {'status': {'timestamp': '2025-07-21T08:41:37.334Z', 'error_code': 1010, 'error_message': "You've exceeded your API Key's monthly credit limit. Please contact us at api@coinmarketcap.com if you need assistance upgrading your plan.", 'elapsed': 0, 'credit_count': 0, 'notice': "You have used 100% of your plan's monthly credit limit."}}
2025-07-21 08:41:37 - currency_price_service - ERROR - Error fetching prices for CAD: API error: 429
2025-07-21 08:41:37 - currency_price_service - WARNING - Rate limit hit with API key a748f24b...
2025-07-21 08:41:42 - currency_price_service - WARNING - Rate limit hit again with API key 3949a597...
2025-07-21 08:41:57 - currency_price_service - ERROR - API error: 429, Response: {'status': {'timestamp': '2025-07-21T08:41:57.617Z', 'error_code': 1010, 'error_message': "You've exceeded your API Key's monthly credit limit. Please contact us at api@coinmarketcap.com if you need assistance upgrading your plan.", 'elapsed': 0, 'credit_count': 0, 'notice': "You have used 100% of your plan's monthly credit limit."}}
2025-07-21 08:41:57 - currency_price_service - WARNING - Rate limit hit with API key 7f7ce154...
2025-07-21 08:42:02 - currency_price_service - WARNING - Rate limit hit again with API key 8cabe14b...
2025-07-21 08:42:17 - currency_price_service - ERROR - API error: 429, Response: {'status': {'timestamp': '2025-07-21T08:42:17.909Z', 'error_code': 1010, 'error_message': "You've exceeded your API Key's monthly credit limit. Please contact us at api@coinmarketcap.com if you need assistance upgrading your plan.", 'elapsed': 0, 'credit_count': 0, 'notice': "You have used 100% of your plan's monthly credit limit."}}
2025-07-21 08:42:17 - currency_price_service - ERROR - Error fetching prices for AUD: API error: 429
2025-07-21 08:42:18 - currency_price_service - WARNING - Rate limit hit with API key 3949a597...
2025-07-21 08:42:23 - currency_price_service - WARNING - Rate limit hit again with API key 3949a597...
2025-07-21 08:42:38 - currency_price_service - ERROR - API error: 429, Response: {'status': {'timestamp': '2025-07-21T08:42:38.190Z', 'error_code': 1010, 'error_message': "You've exceeded your API Key's monthly credit limit. Please contact us at api@coinmarketcap.com if you need assistance upgrading your plan.", 'elapsed': 0, 'credit_count': 0, 'notice': "You have used 100% of your plan's monthly credit limit."}}
2025-07-21 08:42:38 - currency_price_service - WARNING - Rate limit hit with API key 3949a597...
2025-07-21 08:42:43 - currency_price_service - WARNING - Rate limit hit again with API key 93a1eb9c...
2025-07-21 08:42:59 - currency_price_service - ERROR - API error: 429, Response: {'status': {'timestamp': '2025-07-21T08:42:58.880Z', 'error_code': 1010, 'error_message': "You've exceeded your API Key's monthly credit limit. Please contact us at api@coinmarketcap.com if you need assistance upgrading your plan.", 'elapsed': 0, 'credit_count': 0, 'notice': "You have used 100% of your plan's monthly credit limit."}}
2025-07-21 08:42:59 - currency_price_service - ERROR - Error fetching prices for GBP: API error: 429
2025-07-21 08:42:59 - currency_price_service - WARNING - Rate limit hit with API key a1afa999...
2025-07-21 08:43:04 - currency_price_service - WARNING - Rate limit hit again with API key 3949a597...
2025-07-21 08:43:19 - currency_price_service - ERROR - API error: 401, Response: {'status': {'timestamp': '2025-07-21T08:43:19.778Z', 'error_code': 1001, 'error_message': 'This API Key is invalid.', 'elapsed': 0, 'credit_count': 0}}
2025-07-21 08:43:19 - currency_price_service - WARNING - Rate limit hit with API key 7f7ce154...
2025-07-21 08:43:24 - currency_price_service - WARNING - Rate limit hit again with API key 3949a597...
2025-07-21 08:43:40 - currency_price_service - ERROR - API error: 429, Response: {'status': {'timestamp': '2025-07-21T08:43:40.059Z', 'error_code': 1010, 'error_message': "You've exceeded your API Key's monthly credit limit. Please contact us at api@coinmarketcap.com if you need assistance upgrading your plan.", 'elapsed': 0, 'credit_count': 0, 'notice': "You have used 100% of your plan's monthly credit limit."}}
2025-07-21 08:43:40 - currency_price_service - ERROR - Error fetching prices for EUR: API error: 401
2025-07-21 08:43:40 - currency_price_service - WARNING - Rate limit hit with API key 41ad37a0...
2025-07-21 08:43:45 - currency_price_service - WARNING - Rate limit hit again with API key 3949a597...
2025-07-21 08:44:00 - currency_price_service - ERROR - API error: 429, Response: {'status': {'timestamp': '2025-07-21T08:44:00.456Z', 'error_code': 1010, 'error_message': "You've exceeded your API Key's monthly credit limit. Please contact us at api@coinmarketcap.com if you need assistance upgrading your plan.", 'elapsed': 0, 'credit_count': 0, 'notice': "You have used 100% of your plan's monthly credit limit."}}
2025-07-21 08:44:00 - currency_price_service - WARNING - Rate limit hit with API key 11c6a14b...
2025-07-21 08:44:05 - currency_price_service - ERROR - API error: 401, Response: {'status': {'timestamp': '2025-07-21T08:44:05.709Z', 'error_code': 1001, 'error_message': 'This API Key is invalid.', 'elapsed': 0, 'credit_count': 0}}
2025-07-21 08:44:05 - currency_price_service - ERROR - Error fetching prices for KWD: API error: 429
2025-07-21 08:44:05 - currency_price_service - WARNING - Rate limit hit with API key 11c6a14b...
2025-07-21 08:44:10 - currency_price_service - WARNING - Rate limit hit again with API key 93a1eb9c...
2025-07-21 08:44:26 - currency_price_service - ERROR - API error: 429, Response: {'status': {'timestamp': '2025-07-21T08:44:25.982Z', 'error_code': 1010, 'error_message': "You've exceeded your API Key's monthly credit limit. Please contact us at api@coinmarketcap.com if you need assistance upgrading your plan.", 'elapsed': 0, 'credit_count': 0, 'notice': "You have used 100% of your plan's monthly credit limit."}}
2025-07-21 08:44:26 - currency_price_service - WARNING - Rate limit hit with API key be1e1502...
2025-07-21 08:44:31 - currency_price_service - WARNING - Rate limit hit again with API key 41ad37a0...
2025-07-21 08:44:46 - currency_price_service - ERROR - API error: 429, Response: {'status': {'timestamp': '2025-07-21T08:44:46.262Z', 'error_code': 1010, 'error_message': "You've exceeded your API Key's monthly credit limit. Please contact us at api@coinmarketcap.com if you need assistance upgrading your plan.", 'elapsed': 0, 'credit_count': 0, 'notice': "You have used 100% of your plan's monthly credit limit."}}
2025-07-21 08:44:46 - currency_price_service - ERROR - Error fetching prices for TRY: API error: 429
2025-07-21 08:44:46 - currency_price_service - WARNING - Rate limit hit with API key 3949a597...
2025-07-21 08:44:51 - currency_price_service - WARNING - Rate limit hit again with API key d5a0c29f...
2025-07-21 08:45:06 - currency_price_service - ERROR - API error: 401, Response: {'status': {'timestamp': '2025-07-21T08:45:06.546Z', 'error_code': 1001, 'error_message': 'This API Key is invalid.', 'elapsed': 0, 'credit_count': 0}}
2025-07-21 08:45:06 - currency_price_service - WARNING - Rate limit hit with API key 3949a597...
2025-07-21 08:45:11 - currency_price_service - WARNING - Rate limit hit again with API key 11c6a14b...
2025-07-21 08:45:26 - currency_price_service - ERROR - API error: 429, Response: {'status': {'timestamp': '2025-07-21T08:45:26.869Z', 'error_code': 1010, 'error_message': "You've exceeded your API Key's monthly credit limit. Please contact us at api@coinmarketcap.com if you need assistance upgrading your plan.", 'elapsed': 0, 'credit_count': 0, 'notice': "You have used 100% of your plan's monthly credit limit."}}
2025-07-21 08:45:26 - currency_price_service - ERROR - Error fetching prices for SAR: API error: 401
2025-07-21 08:45:26 - currency_price_service - WARNING - Rate limit hit with API key c723bbf3...
2025-07-21 08:45:32 - currency_price_service - WARNING - Rate limit hit again with API key 0b4e178f...
2025-07-21 08:45:47 - currency_price_service - ERROR - API error: 429, Response: {'status': {'timestamp': '2025-07-21T08:45:47.153Z', 'error_code': 1010, 'error_message': "You've exceeded your API Key's monthly credit limit. Please contact us at api@coinmarketcap.com if you need assistance upgrading your plan.", 'elapsed': 0, 'credit_count': 0, 'notice': "You have used 100% of your plan's monthly credit limit."}}
2025-07-21 08:45:47 - currency_price_service - WARNING - Rate limit hit with API key 7f7ce154...
2025-07-21 08:45:52 - currency_price_service - WARNING - Rate limit hit again with API key 3949a597...
2025-07-21 08:46:07 - currency_price_service - ERROR - API error: 401, Response: {'status': {'timestamp': '2025-07-21T08:46:07.439Z', 'error_code': 1001, 'error_message': 'This API Key is invalid.', 'elapsed': 0, 'credit_count': 0}}
2025-07-21 08:46:07 - currency_price_service - ERROR - Error fetching prices for CNY: API error: 429
2025-07-21 08:46:07 - currency_price_service - WARNING - Rate limit hit with API key 8cabe14b...
2025-07-21 08:46:12 - currency_price_service - WARNING - Rate limit hit again with API key 01b554da...
2025-07-21 08:46:27 - currency_price_service - ERROR - API error: 429, Response: {'status': {'timestamp': '2025-07-21T08:46:27.752Z', 'error_code': 1010, 'error_message': "You've exceeded your API Key's monthly credit limit. Please contact us at api@coinmarketcap.com if you need assistance upgrading your plan.", 'elapsed': 0, 'credit_count': 0, 'notice': "You have used 100% of your plan's monthly credit limit."}}
2025-07-21 08:46:28 - currency_price_service - WARNING - Rate limit hit with API key 0b4e178f...
2025-07-21 08:46:33 - currency_price_service - WARNING - Rate limit hit again with API key 1b2949ee...
2025-07-21 08:46:48 - currency_price_service - ERROR - API error: 429, Response: {'status': {'timestamp': '2025-07-21T08:46:48.598Z', 'error_code': 1010, 'error_message': "You've exceeded your API Key's monthly credit limit. Please contact us at api@coinmarketcap.com if you need assistance upgrading your plan.", 'elapsed': 0, 'credit_count': 0, 'notice': "You have used 100% of your plan's monthly credit limit."}}
2025-07-21 08:46:48 - currency_price_service - ERROR - Error fetching prices for KRW: API error: 429
2025-07-21 08:46:48 - currency_price_service - WARNING - Rate limit hit with API key fd4b869f...
2025-07-21 08:46:53 - currency_price_service - WARNING - Rate limit hit again with API key 41ad37a0...
2025-07-21 08:47:08 - currency_price_service - ERROR - API error: 429, Response: {'status': {'timestamp': '2025-07-21T08:47:08.878Z', 'error_code': 1010, 'error_message': "You've exceeded your API Key's monthly credit limit. Please contact us at api@coinmarketcap.com if you need assistance upgrading your plan.", 'elapsed': 0, 'credit_count': 0, 'notice': "You have used 100% of your plan's monthly credit limit."}}
2025-07-21 08:47:09 - currency_price_service - WARNING - Rate limit hit with API key 41ad37a0...
2025-07-21 08:47:14 - currency_price_service - WARNING - Rate limit hit again with API key 7f7ce154...
2025-07-21 08:47:29 - currency_price_service - ERROR - API error: 429, Response: {'status': {'timestamp': '2025-07-21T08:47:29.149Z', 'error_code': 1010, 'error_message': "You've exceeded your API Key's monthly credit limit. Please contact us at api@coinmarketcap.com if you need assistance upgrading your plan.", 'elapsed': 0, 'credit_count': 0, 'notice': "You have used 100% of your plan's monthly credit limit."}}
2025-07-21 08:47:29 - currency_price_service - ERROR - Error fetching prices for JPY: API error: 429
2025-07-21 08:47:29 - currency_price_service - WARNING - Rate limit hit with API key 3ca91db4...
2025-07-21 08:47:34 - currency_price_service - WARNING - Rate limit hit again with API key 9e840a2e...
2025-07-21 08:47:49 - currency_price_service - ERROR - API error: 429, Response: {'status': {'timestamp': '2025-07-21T08:47:49.426Z', 'error_code': 1010, 'error_message': "You've exceeded your API Key's monthly credit limit. Please contact us at api@coinmarketcap.com if you need assistance upgrading your plan.", 'elapsed': 0, 'credit_count': 0, 'notice': "You have used 100% of your plan's monthly credit limit."}}
2025-07-21 08:47:49 - currency_price_service - WARNING - Rate limit hit with API key 32822298...
2025-07-21 08:47:54 - currency_price_service - WARNING - Rate limit hit again with API key 3ca91db4...
2025-07-21 08:48:09 - currency_price_service - ERROR - API error: 429, Response: {'status': {'timestamp': '2025-07-21T08:48:09.749Z', 'error_code': 1010, 'error_message': "You've exceeded your API Key's monthly credit limit. Please contact us at api@coinmarketcap.com if you need assistance upgrading your plan.", 'elapsed': 0, 'credit_count': 0, 'notice': "You have used 100% of your plan's monthly credit limit."}}
2025-07-21 08:48:09 - currency_price_service - ERROR - Error fetching prices for INR: API error: 429
2025-07-21 08:48:09 - currency_price_service - WARNING - Rate limit hit with API key 3949a597...
2025-07-21 08:48:15 - currency_price_service - WARNING - Rate limit hit again with API key 3949a597...
2025-07-21 08:48:30 - currency_price_service - ERROR - API error: 429, Response: {'status': {'timestamp': '2025-07-21T08:48:30.123Z', 'error_code': 1010, 'error_message': "You've exceeded your API Key's monthly credit limit. Please contact us at api@coinmarketcap.com if you need assistance upgrading your plan.", 'elapsed': 0, 'credit_count': 0, 'notice': "You have used 100% of your plan's monthly credit limit."}}
2025-07-21 08:48:30 - currency_price_service - WARNING - Rate limit hit with API key 11c6a14b...
2025-07-21 08:48:35 - currency_price_service - WARNING - Rate limit hit again with API key 3949a597...
2025-07-21 08:48:50 - currency_price_service - ERROR - API error: 429, Response: {'status': {'timestamp': '2025-07-21T08:48:50.423Z', 'error_code': 1010, 'error_message': "You've exceeded your API Key's monthly credit limit. Please contact us at api@coinmarketcap.com if you need assistance upgrading your plan.", 'elapsed': 0, 'credit_count': 0, 'notice': "You have used 100% of your plan's monthly credit limit."}}
2025-07-21 08:48:50 - currency_price_service - ERROR - Error fetching prices for RUB: API error: 429
2025-07-21 08:48:50 - currency_price_service - WARNING - Rate limit hit with API key 8cabe14b...
2025-07-21 08:48:55 - currency_price_service - WARNING - Rate limit hit again with API key 3949a597...
2025-07-21 08:49:11 - currency_price_service - ERROR - API error: 429, Response: {'status': {'timestamp': '2025-07-21T08:49:10.876Z', 'error_code': 1010, 'error_message': "You've exceeded your API Key's monthly credit limit. Please contact us at api@coinmarketcap.com if you need assistance upgrading your plan.", 'elapsed': 0, 'credit_count': 0, 'notice': "You have used 100% of your plan's monthly credit limit."}}
2025-07-21 08:49:11 - currency_price_service - WARNING - Rate limit hit with API key 01b554da...
2025-07-21 08:49:16 - currency_price_service - WARNING - Rate limit hit again with API key 3949a597...
2025-07-21 08:49:31 - currency_price_service - ERROR - API error: 429, Response: {'status': {'timestamp': '2025-07-21T08:49:31.516Z', 'error_code': 1010, 'error_message': "You've exceeded your API Key's monthly credit limit. Please contact us at api@coinmarketcap.com if you need assistance upgrading your plan.", 'elapsed': 0, 'credit_count': 0, 'notice': "You have used 100% of your plan's monthly credit limit."}}
2025-07-21 08:49:31 - currency_price_service - ERROR - Error fetching prices for IQD: API error: 429
2025-07-21 08:49:31 - currency_price_service - WARNING - Rate limit hit with API key d5a0c29f...
2025-07-21 08:49:36 - currency_price_service - WARNING - Rate limit hit again with API key 3949a597...
2025-07-21 08:49:51 - currency_price_service - ERROR - API error: 429, Response: {'status': {'timestamp': '2025-07-21T08:49:51.786Z', 'error_code': 1011, 'error_message': "You've hit an IP rate limit.", 'elapsed': 0, 'credit_count': 0}}
2025-07-21 08:49:51 - currency_price_service - WARNING - Rate limit hit with API key 7f7ce154...
2025-07-21 08:49:57 - currency_price_service - WARNING - Rate limit hit again with API key 3949a597...
2025-07-21 08:50:12 - currency_price_service - ERROR - API error: 429, Response: {'status': {'timestamp': '2025-07-21T08:50:12.128Z', 'error_code': 1010, 'error_message': "You've exceeded your API Key's monthly credit limit. Please contact us at api@coinmarketcap.com if you need assistance upgrading your plan.", 'elapsed': 0, 'credit_count': 0, 'notice': "You have used 100% of your plan's monthly credit limit."}}
2025-07-21 08:50:12 - currency_price_service - ERROR - Error fetching prices for TND: API error: 429
2025-07-21 08:50:12 - currency_price_service - WARNING - Rate limit hit with API key 3949a597...
2025-07-21 08:50:17 - currency_price_service - WARNING - Rate limit hit again with API key e4938def...
2025-07-21 08:50:32 - currency_price_service - ERROR - API error: 429, Response: {'status': {'timestamp': '2025-07-21T08:50:32.426Z', 'error_code': 1010, 'error_message': "You've exceeded your API Key's monthly credit limit. Please contact us at api@coinmarketcap.com if you need assistance upgrading your plan.", 'elapsed': 0, 'credit_count': 0, 'notice': "You have used 100% of your plan's monthly credit limit."}}
2025-07-21 08:50:32 - currency_price_service - WARNING - Rate limit hit with API key bbae831b...
2025-07-21 08:50:37 - currency_price_service - WARNING - Rate limit hit again with API key 8cabe14b...
2025-07-21 08:50:53 - currency_price_service - ERROR - API error: 429, Response: {'status': {'timestamp': '2025-07-21T08:50:53.006Z', 'error_code': 1010, 'error_message': "You've exceeded your API Key's monthly credit limit. Please contact us at api@coinmarketcap.com if you need assistance upgrading your plan.", 'elapsed': 0, 'credit_count': 0, 'notice': "You have used 100% of your plan's monthly credit limit."}}
2025-07-21 08:50:53 - currency_price_service - ERROR - Error fetching prices for BHD: API error: 429
2025-07-21 08:55:53 - currency_price_service - WARNING - Rate limit hit with API key 8cabe14b...
2025-07-21 08:55:58 - currency_price_service - WARNING - Rate limit hit again with API key 9e840a2e...
2025-07-21 08:56:13 - currency_price_service - ERROR - API error: 429, Response: {'status': {'timestamp': '2025-07-21T08:56:13.386Z', 'error_code': 1010, 'error_message': "You've exceeded your API Key's monthly credit limit. Please contact us at api@coinmarketcap.com if you need assistance upgrading your plan.", 'elapsed': 0, 'credit_count': 0, 'notice': "You have used 100% of your plan's monthly credit limit."}}
2025-07-21 08:56:13 - currency_price_service - ERROR - API error: 401, Response: {'status': {'timestamp': '2025-07-21T08:56:13.471Z', 'error_code': 1001, 'error_message': 'This API Key is invalid.', 'elapsed': 0, 'credit_count': 0}}
2025-07-21 08:56:13 - currency_price_service - ERROR - Error fetching prices for USD: API error: 429
2025-07-21 08:56:13 - currency_price_service - WARNING - Rate limit hit with API key fd4b869f...
2025-07-21 08:56:18 - currency_price_service - WARNING - Rate limit hit again with API key 3949a597...
2025-07-21 08:56:33 - currency_price_service - ERROR - API error: 429, Response: {'status': {'timestamp': '2025-07-21T08:56:33.752Z', 'error_code': 1010, 'error_message': "You've exceeded your API Key's monthly credit limit. Please contact us at api@coinmarketcap.com if you need assistance upgrading your plan.", 'elapsed': 0, 'credit_count': 0, 'notice': "You have used 100% of your plan's monthly credit limit."}}
2025-07-21 08:56:33 - currency_price_service - WARNING - Rate limit hit with API key 3ca91db4...
2025-07-21 08:56:39 - currency_price_service - WARNING - Rate limit hit again with API key e4938def...
2025-07-21 08:56:54 - currency_price_service - ERROR - API error: 429, Response: {'status': {'timestamp': '2025-07-21T08:56:54.161Z', 'error_code': 1010, 'error_message': "You've exceeded your API Key's monthly credit limit. Please contact us at api@coinmarketcap.com if you need assistance upgrading your plan.", 'elapsed': 0, 'credit_count': 0, 'notice': "You have used 100% of your plan's monthly credit limit."}}
2025-07-21 08:56:54 - currency_price_service - ERROR - Error fetching prices for CAD: API error: 429
2025-07-21 08:56:54 - currency_price_service - WARNING - Rate limit hit with API key 01b554da...
2025-07-21 08:56:59 - currency_price_service - WARNING - Rate limit hit again with API key 3949a597...
2025-07-21 08:57:14 - currency_price_service - ERROR - API error: 429, Response: {'status': {'timestamp': '2025-07-21T08:57:14.452Z', 'error_code': 1010, 'error_message': "You've exceeded your API Key's monthly credit limit. Please contact us at api@coinmarketcap.com if you need assistance upgrading your plan.", 'elapsed': 0, 'credit_count': 0, 'notice': "You have used 100% of your plan's monthly credit limit."}}
2025-07-21 08:57:14 - currency_price_service - WARNING - Rate limit hit with API key 11c6a14b...
2025-07-21 08:57:19 - currency_price_service - WARNING - Rate limit hit again with API key 9e840a2e...
2025-07-21 08:57:34 - currency_price_service - ERROR - API error: 429, Response: {'status': {'timestamp': '2025-07-21T08:57:34.735Z', 'error_code': 1010, 'error_message': "You've exceeded your API Key's monthly credit limit. Please contact us at api@coinmarketcap.com if you need assistance upgrading your plan.", 'elapsed': 0, 'credit_count': 0, 'notice': "You have used 100% of your plan's monthly credit limit."}}
2025-07-21 08:57:34 - currency_price_service - ERROR - Error fetching prices for AUD: API error: 429
2025-07-21 08:57:34 - currency_price_service - WARNING - Rate limit hit with API key 93a1eb9c...
2025-07-21 08:57:39 - currency_price_service - WARNING - Rate limit hit again with API key 7f7ce154...
2025-07-21 08:57:55 - currency_price_service - ERROR - API error: 429, Response: {'status': {'timestamp': '2025-07-21T08:57:55.017Z', 'error_code': 1010, 'error_message': "You've exceeded your API Key's monthly credit limit. Please contact us at api@coinmarketcap.com if you need assistance upgrading your plan.", 'elapsed': 0, 'credit_count': 0, 'notice': "You have used 100% of your plan's monthly credit limit."}}
2025-07-21 08:57:56 - currency_price_service - WARNING - Rate limit hit with API key 9e840a2e...
2025-07-21 08:58:01 - currency_price_service - ERROR - API error: 401, Response: {'status': {'timestamp': '2025-07-21T08:58:01.567Z', 'error_code': 1001, 'error_message': 'This API Key is invalid.', 'elapsed': 0, 'credit_count': 0}}
2025-07-21 08:58:01 - currency_price_service - ERROR - Error fetching prices for GBP: API error: 429
2025-07-21 08:58:01 - currency_price_service - WARNING - Rate limit hit with API key bbae831b...
2025-07-21 08:58:06 - currency_price_service - WARNING - Rate limit hit again with API key 93a1eb9c...
2025-07-21 08:58:21 - currency_price_service - ERROR - API error: 429, Response: {'status': {'timestamp': '2025-07-21T08:58:21.893Z', 'error_code': 1010, 'error_message': "You've exceeded your API Key's monthly credit limit. Please contact us at api@coinmarketcap.com if you need assistance upgrading your plan.", 'elapsed': 0, 'credit_count': 0, 'notice': "You have used 100% of your plan's monthly credit limit."}}
2025-07-21 08:58:22 - currency_price_service - WARNING - Rate limit hit with API key 32822298...
2025-07-21 08:58:27 - currency_price_service - WARNING - Rate limit hit again with API key 9e840a2e...
2025-07-21 08:58:42 - currency_price_service - ERROR - API error: 429, Response: {'status': {'timestamp': '2025-07-21T08:58:42.164Z', 'error_code': 1010, 'error_message': "You've exceeded your API Key's monthly credit limit. Please contact us at api@coinmarketcap.com if you need assistance upgrading your plan.", 'elapsed': 0, 'credit_count': 0, 'notice': "You have used 100% of your plan's monthly credit limit."}}
2025-07-21 08:58:42 - currency_price_service - ERROR - Error fetching prices for EUR: API error: 429
2025-07-21 08:58:42 - currency_price_service - WARNING - Rate limit hit with API key 3949a597...
2025-07-21 08:58:47 - currency_price_service - WARNING - Rate limit hit again with API key 0b4e178f...
2025-07-21 08:59:02 - currency_price_service - ERROR - API error: 429, Response: {'status': {'timestamp': '2025-07-21T08:59:02.430Z', 'error_code': 1010, 'error_message': "You've exceeded your API Key's monthly credit limit. Please contact us at api@coinmarketcap.com if you need assistance upgrading your plan.", 'elapsed': 0, 'credit_count': 0, 'notice': "You have used 100% of your plan's monthly credit limit."}}
2025-07-21 08:59:02 - currency_price_service - ERROR - API error: 401, Response: {'status': {'timestamp': '2025-07-21T08:59:02.836Z', 'error_code': 1001, 'error_message': 'This API Key is invalid.', 'elapsed': 0, 'credit_count': 0}}
2025-07-21 08:59:02 - currency_price_service - ERROR - Error fetching prices for KWD: API error: 429
2025-07-21 08:59:03 - currency_price_service - WARNING - Rate limit hit with API key fd4b869f...
2025-07-21 08:59:08 - currency_price_service - WARNING - Rate limit hit again with API key 3ca91db4...
2025-07-21 08:59:23 - currency_price_service - ERROR - API error: 429, Response: {'status': {'timestamp': '2025-07-21T08:59:23.168Z', 'error_code': 1010, 'error_message': "You've exceeded your API Key's monthly credit limit. Please contact us at api@coinmarketcap.com if you need assistance upgrading your plan.", 'elapsed': 0, 'credit_count': 0, 'notice': "You have used 100% of your plan's monthly credit limit."}}
2025-07-21 08:59:23 - currency_price_service - WARNING - Rate limit hit with API key 3949a597...
2025-07-21 08:59:28 - currency_price_service - WARNING - Rate limit hit again with API key 7f7ce154...
2025-07-21 08:59:43 - currency_price_service - ERROR - API error: 429, Response: {'status': {'timestamp': '2025-07-21T08:59:43.442Z', 'error_code': 1010, 'error_message': "You've exceeded your API Key's monthly credit limit. Please contact us at api@coinmarketcap.com if you need assistance upgrading your plan.", 'elapsed': 0, 'credit_count': 0, 'notice': "You have used 100% of your plan's monthly credit limit."}}
2025-07-21 08:59:43 - currency_price_service - ERROR - Error fetching prices for TRY: API error: 429
2025-07-21 08:59:43 - currency_price_service - WARNING - Rate limit hit with API key 3ca91db4...
2025-07-21 08:59:48 - currency_price_service - WARNING - Rate limit hit again with API key 3949a597...
2025-07-21 09:00:03 - currency_price_service - ERROR - API error: 429, Response: {'status': {'timestamp': '2025-07-21T09:00:03.726Z', 'error_code': 1010, 'error_message': "You've exceeded your API Key's monthly credit limit. Please contact us at api@coinmarketcap.com if you need assistance upgrading your plan.", 'elapsed': 0, 'credit_count': 0, 'notice': "You have used 100% of your plan's monthly credit limit."}}
2025-07-21 09:00:03 - currency_price_service - WARNING - Rate limit hit with API key e4938def...
2025-07-21 09:00:08 - currency_price_service - WARNING - Rate limit hit again with API key 3949a597...
2025-07-21 09:00:24 - currency_price_service - ERROR - API error: 429, Response: {'status': {'timestamp': '2025-07-21T09:00:23.998Z', 'error_code': 1010, 'error_message': "You've exceeded your API Key's monthly credit limit. Please contact us at api@coinmarketcap.com if you need assistance upgrading your plan.", 'elapsed': 0, 'credit_count': 0, 'notice': "You have used 100% of your plan's monthly credit limit."}}
2025-07-21 09:00:24 - currency_price_service - ERROR - Error fetching prices for SAR: API error: 429
2025-07-21 09:00:24 - currency_price_service - WARNING - Rate limit hit with API key d5a0c29f...
2025-07-21 09:00:29 - currency_price_service - WARNING - Rate limit hit again with API key 8cabe14b...
2025-07-21 09:00:44 - currency_price_service - ERROR - API error: 429, Response: {'status': {'timestamp': '2025-07-21T09:00:44.298Z', 'error_code': 1010, 'error_message': "You've exceeded your API Key's monthly credit limit. Please contact us at api@coinmarketcap.com if you need assistance upgrading your plan.", 'elapsed': 0, 'credit_count': 0, 'notice': "You have used 100% of your plan's monthly credit limit."}}
2025-07-21 09:00:44 - currency_price_service - WARNING - Rate limit hit with API key fd4b869f...
2025-07-21 09:00:49 - currency_price_service - WARNING - Rate limit hit again with API key 41ad37a0...
2025-07-21 09:01:04 - currency_price_service - ERROR - API error: 429, Response: {'status': {'timestamp': '2025-07-21T09:01:04.575Z', 'error_code': 1010, 'error_message': "You've exceeded your API Key's monthly credit limit. Please contact us at api@coinmarketcap.com if you need assistance upgrading your plan.", 'elapsed': 0, 'credit_count': 0, 'notice': "You have used 100% of your plan's monthly credit limit."}}
2025-07-21 09:01:04 - currency_price_service - ERROR - Error fetching prices for CNY: API error: 429
2025-07-21 09:01:04 - currency_price_service - WARNING - Rate limit hit with API key e4938def...
2025-07-21 09:01:09 - currency_price_service - WARNING - Rate limit hit again with API key 32822298...
2025-07-21 09:01:24 - currency_price_service - ERROR - API error: 429, Response: {'status': {'timestamp': '2025-07-21T09:01:24.865Z', 'error_code': 1010, 'error_message': "You've exceeded your API Key's monthly credit limit. Please contact us at api@coinmarketcap.com if you need assistance upgrading your plan.", 'elapsed': 0, 'credit_count': 0, 'notice': "You have used 100% of your plan's monthly credit limit."}}
2025-07-21 09:01:24 - currency_price_service - WARNING - Rate limit hit with API key 93a1eb9c...
2025-07-21 09:01:30 - currency_price_service - WARNING - Rate limit hit again with API key 0b4e178f...
2025-07-21 09:01:45 - currency_price_service - ERROR - API error: 429, Response: {'status': {'timestamp': '2025-07-21T09:01:45.135Z', 'error_code': 1010, 'error_message': "You've exceeded your API Key's monthly credit limit. Please contact us at api@coinmarketcap.com if you need assistance upgrading your plan.", 'elapsed': 0, 'credit_count': 0, 'notice': "You have used 100% of your plan's monthly credit limit."}}
2025-07-21 09:01:45 - currency_price_service - ERROR - Error fetching prices for KRW: API error: 429
2025-07-21 09:01:45 - currency_price_service - WARNING - Rate limit hit with API key fd4b869f...
2025-07-21 09:01:50 - currency_price_service - WARNING - Rate limit hit again with API key a748f24b...
2025-07-21 09:02:05 - currency_price_service - ERROR - API error: 429, Response: {'status': {'timestamp': '2025-07-21T09:02:05.600Z', 'error_code': 1010, 'error_message': "You've exceeded your API Key's monthly credit limit. Please contact us at api@coinmarketcap.com if you need assistance upgrading your plan.", 'elapsed': 0, 'credit_count': 0, 'notice': "You have used 100% of your plan's monthly credit limit."}}
2025-07-21 09:02:05 - currency_price_service - WARNING - Rate limit hit with API key fd4b869f...
2025-07-21 09:02:10 - currency_price_service - ERROR - API error: 401, Response: {'status': {'timestamp': '2025-07-21T09:02:10.774Z', 'error_code': 1001, 'error_message': 'This API Key is invalid.', 'elapsed': 0, 'credit_count': 0}}
2025-07-21 09:02:10 - currency_price_service - ERROR - Error fetching prices for JPY: API error: 429
2025-07-21 09:02:10 - currency_price_service - WARNING - Rate limit hit with API key 3949a597...
2025-07-21 09:02:15 - currency_price_service - WARNING - Rate limit hit again with API key 7f7ce154...
2025-07-21 09:02:31 - currency_price_service - ERROR - API error: 429, Response: {'status': {'timestamp': '2025-07-21T09:02:31.056Z', 'error_code': 1010, 'error_message': "You've exceeded your API Key's monthly credit limit. Please contact us at api@coinmarketcap.com if you need assistance upgrading your plan.", 'elapsed': 0, 'credit_count': 0, 'notice': "You have used 100% of your plan's monthly credit limit."}}
2025-07-21 09:02:31 - currency_price_service - WARNING - Rate limit hit with API key 11c6a14b...
2025-07-21 09:02:36 - currency_price_service - WARNING - Rate limit hit again with API key 0b4e178f...
2025-07-21 09:02:51 - currency_price_service - ERROR - API error: 429, Response: {'status': {'timestamp': '2025-07-21T09:02:51.586Z', 'error_code': 1010, 'error_message': "You've exceeded your API Key's monthly credit limit. Please contact us at api@coinmarketcap.com if you need assistance upgrading your plan.", 'elapsed': 0, 'credit_count': 0, 'notice': "You have used 100% of your plan's monthly credit limit."}}
2025-07-21 09:02:51 - currency_price_service - ERROR - Error fetching prices for INR: API error: 429
2025-07-21 09:02:51 - currency_price_service - WARNING - Rate limit hit with API key 41ad37a0...
2025-07-21 09:02:57 - currency_price_service - WARNING - Rate limit hit again with API key 7f7ce154...
2025-07-21 09:03:12 - currency_price_service - ERROR - API error: 429, Response: {'status': {'timestamp': '2025-07-21T09:03:12.665Z', 'error_code': 1010, 'error_message': "You've exceeded your API Key's monthly credit limit. Please contact us at api@coinmarketcap.com if you need assistance upgrading your plan.", 'elapsed': 0, 'credit_count': 0, 'notice': "You have used 100% of your plan's monthly credit limit."}}
2025-07-21 09:03:12 - currency_price_service - ERROR - API error: 401, Response: {'status': {'timestamp': '2025-07-21T09:03:12.750Z', 'error_code': 1001, 'error_message': 'This API Key is invalid.', 'elapsed': 0, 'credit_count': 0}}
2025-07-21 09:03:12 - currency_price_service - ERROR - Error fetching prices for RUB: API error: 429
2025-07-21 09:03:12 - currency_price_service - WARNING - Rate limit hit with API key a1afa999...
2025-07-21 09:03:17 - currency_price_service - WARNING - Rate limit hit again with API key c723bbf3...
2025-07-21 09:03:33 - currency_price_service - ERROR - API error: 429, Response: {'status': {'timestamp': '2025-07-21T09:03:33.042Z', 'error_code': 1010, 'error_message': "You've exceeded your API Key's monthly credit limit. Please contact us at api@coinmarketcap.com if you need assistance upgrading your plan.", 'elapsed': 0, 'credit_count': 0, 'notice': "You have used 100% of your plan's monthly credit limit."}}
2025-07-21 09:03:33 - currency_price_service - WARNING - Rate limit hit with API key 54271eb9...
2025-07-21 09:03:38 - currency_price_service - WARNING - Rate limit hit again with API key 3ca91db4...
2025-07-21 09:03:53 - currency_price_service - ERROR - API error: 429, Response: {'status': {'timestamp': '2025-07-21T09:03:53.484Z', 'error_code': 1010, 'error_message': "You've exceeded your API Key's monthly credit limit. Please contact us at api@coinmarketcap.com if you need assistance upgrading your plan.", 'elapsed': 0, 'credit_count': 0, 'notice': "You have used 100% of your plan's monthly credit limit."}}
2025-07-21 09:03:53 - currency_price_service - ERROR - Error fetching prices for IQD: API error: 429
2025-07-21 09:03:56 - currency_price_service - WARNING - Rate limit hit with API key 11c6a14b...
2025-07-21 09:04:01 - currency_price_service - WARNING - Rate limit hit again with API key 3949a597...
2025-07-21 09:04:16 - currency_price_service - ERROR - API error: 429, Response: {'status': {'timestamp': '2025-07-21T09:04:16.678Z', 'error_code': 1010, 'error_message': "You've exceeded your API Key's monthly credit limit. Please contact us at api@coinmarketcap.com if you need assistance upgrading your plan.", 'elapsed': 0, 'credit_count': 0, 'notice': "You have used 100% of your plan's monthly credit limit."}}
2025-07-21 09:04:16 - currency_price_service - WARNING - Rate limit hit with API key c723bbf3...
2025-07-21 09:04:21 - currency_price_service - WARNING - Rate limit hit again with API key d5a0c29f...
2025-07-21 09:04:36 - currency_price_service - ERROR - API error: 429, Response: {'status': {'timestamp': '2025-07-21T09:04:36.944Z', 'error_code': 1010, 'error_message': "You've exceeded your API Key's monthly credit limit. Please contact us at api@coinmarketcap.com if you need assistance upgrading your plan.", 'elapsed': 0, 'credit_count': 0, 'notice': "You have used 100% of your plan's monthly credit limit."}}
2025-07-21 09:04:36 - currency_price_service - ERROR - Error fetching prices for TND: API error: 429
2025-07-21 09:04:38 - currency_price_service - WARNING - Rate limit hit with API key 3949a597...
2025-07-21 09:04:43 - currency_price_service - WARNING - Rate limit hit again with API key 3949a597...
2025-07-21 09:04:58 - currency_price_service - ERROR - API error: 429, Response: {'status': {'timestamp': '2025-07-21T09:04:58.384Z', 'error_code': 1010, 'error_message': "You've exceeded your API Key's monthly credit limit. Please contact us at api@coinmarketcap.com if you need assistance upgrading your plan.", 'elapsed': 0, 'credit_count': 0, 'notice': "You have used 100% of your plan's monthly credit limit."}}
2025-07-21 09:04:59 - currency_price_service - WARNING - Rate limit hit with API key 3949a597...
2025-07-21 09:05:04 - currency_price_service - WARNING - Rate limit hit again with API key 93a1eb9c...
2025-07-21 09:05:19 - currency_price_service - ERROR - API error: 429, Response: {'status': {'timestamp': '2025-07-21T09:05:19.281Z', 'error_code': 1010, 'error_message': "You've exceeded your API Key's monthly credit limit. Please contact us at api@coinmarketcap.com if you need assistance upgrading your plan.", 'elapsed': 0, 'credit_count': 0, 'notice': "You have used 100% of your plan's monthly credit limit."}}
2025-07-21 09:05:19 - currency_price_service - ERROR - Error fetching prices for BHD: API error: 429
2025-07-21 09:10:19 - currency_price_service - ERROR - API error: 401, Response: {'status': {'timestamp': '2025-07-21T09:10:19.497Z', 'error_code': 1001, 'error_message': 'This API Key is invalid.', 'elapsed': 0, 'credit_count': 0}}
2025-07-21 09:10:19 - currency_price_service - WARNING - Rate limit hit with API key 01b554da...
2025-07-21 09:10:24 - currency_price_service - WARNING - Rate limit hit again with API key 9e840a2e...
2025-07-21 09:10:39 - currency_price_service - ERROR - API error: 429, Response: {'status': {'timestamp': '2025-07-21T09:10:39.782Z', 'error_code': 1010, 'error_message': "You've exceeded your API Key's monthly credit limit. Please contact us at api@coinmarketcap.com if you need assistance upgrading your plan.", 'elapsed': 0, 'credit_count': 0, 'notice': "You have used 100% of your plan's monthly credit limit."}}
2025-07-21 09:10:39 - currency_price_service - ERROR - Error fetching prices for USD: API error: 401
2025-07-21 09:10:39 - currency_price_service - WARNING - Rate limit hit with API key c723bbf3...
2025-07-21 09:10:45 - currency_price_service - WARNING - Rate limit hit again with API key e4938def...
2025-07-21 09:11:00 - currency_price_service - ERROR - API error: 429, Response: {'status': {'timestamp': '2025-07-21T09:11:00.064Z', 'error_code': 1010, 'error_message': "You've exceeded your API Key's monthly credit limit. Please contact us at api@coinmarketcap.com if you need assistance upgrading your plan.", 'elapsed': 0, 'credit_count': 0, 'notice': "You have used 100% of your plan's monthly credit limit."}}
2025-07-21 09:11:00 - currency_price_service - ERROR - API error: 401, Response: {'status': {'timestamp': '2025-07-21T09:11:00.284Z', 'error_code': 1001, 'error_message': 'This API Key is invalid.', 'elapsed': 0, 'credit_count': 0}}
2025-07-21 09:11:00 - currency_price_service - ERROR - Error fetching prices for CAD: API error: 429
2025-07-21 09:11:02 - currency_price_service - ERROR - API error: 401, Response: {'status': {'timestamp': '2025-07-21T09:11:01.582Z', 'error_code': 1001, 'error_message': 'This API Key is invalid.', 'elapsed': 0, 'credit_count': 0}}
2025-07-21 09:11:02 - currency_price_service - WARNING - Rate limit hit with API key 32822298...
2025-07-21 09:11:07 - currency_price_service - WARNING - Rate limit hit again with API key 41ad37a0...
2025-07-21 09:11:22 - currency_price_service - ERROR - API error: 429, Response: {'status': {'timestamp': '2025-07-21T09:11:22.304Z', 'error_code': 1010, 'error_message': "You've exceeded your API Key's monthly credit limit. Please contact us at api@coinmarketcap.com if you need assistance upgrading your plan.", 'elapsed': 0, 'credit_count': 0, 'notice': "You have used 100% of your plan's monthly credit limit."}}
2025-07-21 09:11:22 - currency_price_service - ERROR - Error fetching prices for AUD: API error: 401
2025-07-21 09:11:22 - currency_price_service - WARNING - Rate limit hit with API key 0b4e178f...
2025-07-21 09:11:27 - currency_price_service - WARNING - Rate limit hit again with API key 9e840a2e...
2025-07-21 09:11:42 - currency_price_service - ERROR - API error: 429, Response: {'status': {'timestamp': '2025-07-21T09:11:42.583Z', 'error_code': 1010, 'error_message': "You've exceeded your API Key's monthly credit limit. Please contact us at api@coinmarketcap.com if you need assistance upgrading your plan.", 'elapsed': 0, 'credit_count': 0, 'notice': "You have used 100% of your plan's monthly credit limit."}}
2025-07-21 09:11:42 - currency_price_service - WARNING - Rate limit hit with API key e4938def...
2025-07-21 09:11:47 - currency_price_service - WARNING - Rate limit hit again with API key 32822298...
2025-07-21 09:12:02 - currency_price_service - ERROR - API error: 429, Response: {'status': {'timestamp': '2025-07-21T09:12:02.925Z', 'error_code': 1010, 'error_message': "You've exceeded your API Key's monthly credit limit. Please contact us at api@coinmarketcap.com if you need assistance upgrading your plan.", 'elapsed': 0, 'credit_count': 0, 'notice': "You have used 100% of your plan's monthly credit limit."}}
2025-07-21 09:12:02 - currency_price_service - ERROR - Error fetching prices for GBP: API error: 429
2025-07-21 09:12:03 - currency_price_service - WARNING - Rate limit hit with API key 32822298...
2025-07-21 09:12:08 - currency_price_service - ERROR - API error: 401, Response: {'status': {'timestamp': '2025-07-21T09:12:08.106Z', 'error_code': 1001, 'error_message': 'This API Key is invalid.', 'elapsed': 0, 'credit_count': 0}}
2025-07-21 09:12:08 - currency_price_service - WARNING - Rate limit hit with API key 3949a597...
2025-07-21 09:12:13 - currency_price_service - ERROR - API error: 401, Response: {'status': {'timestamp': '2025-07-21T09:12:13.288Z', 'error_code': 1001, 'error_message': 'This API Key is invalid.', 'elapsed': 0, 'credit_count': 0}}
2025-07-21 09:12:13 - currency_price_service - ERROR - Error fetching prices for EUR: API error: 401
2025-07-21 09:12:13 - currency_price_service - WARNING - Rate limit hit with API key 3949a597...
2025-07-21 09:12:18 - currency_price_service - WARNING - Rate limit hit again with API key a1afa999...
2025-07-21 09:12:33 - currency_price_service - ERROR - API error: 429, Response: {'status': {'timestamp': '2025-07-21T09:12:33.857Z', 'error_code': 1011, 'error_message': "You've hit an IP rate limit.", 'elapsed': 0, 'credit_count': 0}}
2025-07-21 09:12:33 - currency_price_service - WARNING - Rate limit hit with API key 0b4e178f...
2025-07-21 09:12:39 - currency_price_service - WARNING - Rate limit hit again with API key bbae831b...
2025-07-21 09:12:54 - currency_price_service - ERROR - API error: 429, Response: {'status': {'timestamp': '2025-07-21T09:12:54.133Z', 'error_code': 1010, 'error_message': "You've exceeded your API Key's monthly credit limit. Please contact us at api@coinmarketcap.com if you need assistance upgrading your plan.", 'elapsed': 0, 'credit_count': 0, 'notice': "You have used 100% of your plan's monthly credit limit."}}
2025-07-21 09:12:54 - currency_price_service - ERROR - Error fetching prices for KWD: API error: 429
2025-07-21 09:12:54 - currency_price_service - WARNING - Rate limit hit with API key a1afa999...
2025-07-21 09:12:59 - currency_price_service - WARNING - Rate limit hit again with API key 3ca91db4...
2025-07-21 09:13:14 - currency_price_service - ERROR - API error: 429, Response: {'status': {'timestamp': '2025-07-21T09:13:14.455Z', 'error_code': 1010, 'error_message': "You've exceeded your API Key's monthly credit limit. Please contact us at api@coinmarketcap.com if you need assistance upgrading your plan.", 'elapsed': 0, 'credit_count': 0, 'notice': "You have used 100% of your plan's monthly credit limit."}}
2025-07-21 09:13:14 - currency_price_service - ERROR - API error: 401, Response: {'status': {'timestamp': '2025-07-21T09:13:14.539Z', 'error_code': 1001, 'error_message': 'This API Key is invalid.', 'elapsed': 0, 'credit_count': 0}}
2025-07-21 09:13:14 - currency_price_service - ERROR - Error fetching prices for TRY: API error: 429
2025-07-21 09:13:14 - currency_price_service - WARNING - Rate limit hit with API key 3949a597...
2025-07-21 09:13:19 - currency_price_service - WARNING - Rate limit hit again with API key 3949a597...
2025-07-21 09:13:34 - currency_price_service - ERROR - API error: 429, Response: {'status': {'timestamp': '2025-07-21T09:13:34.828Z', 'error_code': 1010, 'error_message': "You've exceeded your API Key's monthly credit limit. Please contact us at api@coinmarketcap.com if you need assistance upgrading your plan.", 'elapsed': 0, 'credit_count': 0, 'notice': "You have used 100% of your plan's monthly credit limit."}}
2025-07-21 09:13:35 - currency_price_service - WARNING - Rate limit hit with API key a1afa999...
2025-07-21 09:13:40 - currency_price_service - WARNING - Rate limit hit again with API key 1b2949ee...
2025-07-21 09:13:55 - currency_price_service - ERROR - API error: 429, Response: {'status': {'timestamp': '2025-07-21T09:13:55.902Z', 'error_code': 1010, 'error_message': "You've exceeded your API Key's monthly credit limit. Please contact us at api@coinmarketcap.com if you need assistance upgrading your plan.", 'elapsed': 0, 'credit_count': 0, 'notice': "You have used 100% of your plan's monthly credit limit."}}
2025-07-21 09:13:55 - currency_price_service - ERROR - Error fetching prices for SAR: API error: 429
2025-07-21 09:13:56 - currency_price_service - WARNING - Rate limit hit with API key 3949a597...
2025-07-21 09:14:01 - currency_price_service - WARNING - Rate limit hit again with API key 7f7ce154...
2025-07-21 09:14:16 - currency_price_service - ERROR - API error: 429, Response: {'status': {'timestamp': '2025-07-21T09:14:16.226Z', 'error_code': 1010, 'error_message': "You've exceeded your API Key's monthly credit limit. Please contact us at api@coinmarketcap.com if you need assistance upgrading your plan.", 'elapsed': 0, 'credit_count': 0, 'notice': "You have used 100% of your plan's monthly credit limit."}}
2025-07-21 09:14:16 - currency_price_service - WARNING - Rate limit hit with API key 3949a597...
2025-07-21 09:14:21 - currency_price_service - WARNING - Rate limit hit again with API key c723bbf3...
2025-07-21 09:14:36 - currency_price_service - ERROR - API error: 429, Response: {'status': {'timestamp': '2025-07-21T09:14:36.491Z', 'error_code': 1010, 'error_message': "You've exceeded your API Key's monthly credit limit. Please contact us at api@coinmarketcap.com if you need assistance upgrading your plan.", 'elapsed': 0, 'credit_count': 0, 'notice': "You have used 100% of your plan's monthly credit limit."}}
2025-07-21 09:14:36 - currency_price_service - ERROR - Error fetching prices for CNY: API error: 429
2025-07-21 09:14:36 - currency_price_service - WARNING - Rate limit hit with API key 3ca91db4...
2025-07-21 09:14:41 - currency_price_service - WARNING - Rate limit hit again with API key 3949a597...
2025-07-21 09:14:56 - currency_price_service - ERROR - API error: 429, Response: {'status': {'timestamp': '2025-07-21T09:14:56.787Z', 'error_code': 1010, 'error_message': "You've exceeded your API Key's monthly credit limit. Please contact us at api@coinmarketcap.com if you need assistance upgrading your plan.", 'elapsed': 0, 'credit_count': 0, 'notice': "You have used 100% of your plan's monthly credit limit."}}
2025-07-21 09:14:56 - currency_price_service - WARNING - Rate limit hit with API key 0b4e178f...
2025-07-21 09:15:02 - currency_price_service - WARNING - Rate limit hit again with API key 3949a597...
2025-07-21 09:15:17 - currency_price_service - ERROR - API error: 401, Response: {'status': {'timestamp': '2025-07-21T09:15:17.070Z', 'error_code': 1001, 'error_message': 'This API Key is invalid.', 'elapsed': 0, 'credit_count': 0}}
2025-07-21 09:15:17 - currency_price_service - ERROR - Error fetching prices for KRW: API error: 429
2025-07-21 09:15:17 - currency_price_service - WARNING - Rate limit hit with API key 54271eb9...
2025-07-21 09:15:22 - currency_price_service - WARNING - Rate limit hit again with API key 93a1eb9c...
2025-07-21 09:15:37 - currency_price_service - ERROR - API error: 429, Response: {'status': {'timestamp': '2025-07-21T09:15:37.364Z', 'error_code': 1010, 'error_message': "You've exceeded your API Key's monthly credit limit. Please contact us at api@coinmarketcap.com if you need assistance upgrading your plan.", 'elapsed': 0, 'credit_count': 0, 'notice': "You have used 100% of your plan's monthly credit limit."}}
2025-07-21 09:15:37 - currency_price_service - WARNING - Rate limit hit with API key 41ad37a0...
2025-07-21 09:15:42 - currency_price_service - WARNING - Rate limit hit again with API key 3ca91db4...
2025-07-21 09:15:57 - currency_price_service - ERROR - API error: 429, Response: {'status': {'timestamp': '2025-07-21T09:15:57.648Z', 'error_code': 1010, 'error_message': "You've exceeded your API Key's monthly credit limit. Please contact us at api@coinmarketcap.com if you need assistance upgrading your plan.", 'elapsed': 0, 'credit_count': 0, 'notice': "You have used 100% of your plan's monthly credit limit."}}
2025-07-21 09:15:57 - currency_price_service - ERROR - Error fetching prices for JPY: API error: 429
2025-07-21 09:15:57 - currency_price_service - WARNING - Rate limit hit with API key fd4b869f...
2025-07-21 09:16:02 - currency_price_service - WARNING - Rate limit hit again with API key e4938def...
2025-07-21 09:16:18 - currency_price_service - ERROR - API error: 429, Response: {'status': {'timestamp': '2025-07-21T09:16:17.996Z', 'error_code': 1010, 'error_message': "You've exceeded your API Key's monthly credit limit. Please contact us at api@coinmarketcap.com if you need assistance upgrading your plan.", 'elapsed': 0, 'credit_count': 0, 'notice': "You have used 100% of your plan's monthly credit limit."}}
2025-07-21 09:16:19 - currency_price_service - WARNING - Rate limit hit with API key 1b2949ee...
2025-07-21 09:16:24 - currency_price_service - WARNING - Rate limit hit again with API key a748f24b...
2025-07-21 09:16:39 - currency_price_service - ERROR - API error: 429, Response: {'status': {'timestamp': '2025-07-21T09:16:39.691Z', 'error_code': 1010, 'error_message': "You've exceeded your API Key's monthly credit limit. Please contact us at api@coinmarketcap.com if you need assistance upgrading your plan.", 'elapsed': 0, 'credit_count': 0, 'notice': "You have used 100% of your plan's monthly credit limit."}}
2025-07-21 09:16:39 - currency_price_service - ERROR - Error fetching prices for INR: API error: 429
2025-07-21 09:16:39 - currency_price_service - WARNING - Rate limit hit with API key a1afa999...
2025-07-21 09:16:44 - currency_price_service - WARNING - Rate limit hit again with API key fd4b869f...
2025-07-21 09:17:00 - currency_price_service - ERROR - API error: 429, Response: {'status': {'timestamp': '2025-07-21T09:16:59.978Z', 'error_code': 1010, 'error_message': "You've exceeded your API Key's monthly credit limit. Please contact us at api@coinmarketcap.com if you need assistance upgrading your plan.", 'elapsed': 0, 'credit_count': 0, 'notice': "You have used 100% of your plan's monthly credit limit."}}
2025-07-21 09:17:00 - currency_price_service - WARNING - Rate limit hit with API key 11c6a14b...
2025-07-21 09:17:05 - currency_price_service - ERROR - API error: 401, Response: {'status': {'timestamp': '2025-07-21T09:17:05.301Z', 'error_code': 1001, 'error_message': 'This API Key is invalid.', 'elapsed': 0, 'credit_count': 0}}
2025-07-21 09:17:05 - currency_price_service - ERROR - Error fetching prices for RUB: API error: 429
2025-07-21 09:17:05 - currency_price_service - WARNING - Rate limit hit with API key 3949a597...
2025-07-21 09:17:10 - currency_price_service - WARNING - Rate limit hit again with API key 11c6a14b...
2025-07-21 09:17:25 - currency_price_service - ERROR - API error: 429, Response: {'status': {'timestamp': '2025-07-21T09:17:25.575Z', 'error_code': 1010, 'error_message': "You've exceeded your API Key's monthly credit limit. Please contact us at api@coinmarketcap.com if you need assistance upgrading your plan.", 'elapsed': 0, 'credit_count': 0, 'notice': "You have used 100% of your plan's monthly credit limit."}}
2025-07-21 09:17:25 - currency_price_service - WARNING - Rate limit hit with API key 3949a597...
2025-07-21 09:17:31 - currency_price_service - WARNING - Rate limit hit again with API key 3ca91db4...
2025-07-21 09:17:46 - currency_price_service - ERROR - API error: 429, Response: {'status': {'timestamp': '2025-07-21T09:17:46.081Z', 'error_code': 1010, 'error_message': "You've exceeded your API Key's monthly credit limit. Please contact us at api@coinmarketcap.com if you need assistance upgrading your plan.", 'elapsed': 0, 'credit_count': 0, 'notice': "You have used 100% of your plan's monthly credit limit."}}
2025-07-21 09:17:46 - currency_price_service - ERROR - Error fetching prices for IQD: API error: 429
2025-07-21 09:17:46 - currency_price_service - WARNING - Rate limit hit with API key bbae831b...
2025-07-21 09:17:51 - currency_price_service - WARNING - Rate limit hit again with API key 1b2949ee...
2025-07-21 09:18:06 - currency_price_service - ERROR - API error: 429, Response: {'status': {'timestamp': '2025-07-21T09:18:06.354Z', 'error_code': 1010, 'error_message': "You've exceeded your API Key's monthly credit limit. Please contact us at api@coinmarketcap.com if you need assistance upgrading your plan.", 'elapsed': 0, 'credit_count': 0, 'notice': "You have used 100% of your plan's monthly credit limit."}}
2025-07-21 09:18:06 - currency_price_service - WARNING - Rate limit hit with API key 3949a597...
2025-07-21 09:18:12 - currency_price_service - WARNING - Rate limit hit again with API key 01b554da...
2025-07-21 09:18:27 - currency_price_service - ERROR - API error: 429, Response: {'status': {'timestamp': '2025-07-21T09:18:27.667Z', 'error_code': 1011, 'error_message': "You've hit an IP rate limit.", 'elapsed': 0, 'credit_count': 0}}
2025-07-21 09:18:27 - currency_price_service - ERROR - Error fetching prices for TND: API error: 429
2025-07-21 09:18:27 - currency_price_service - WARNING - Rate limit hit with API key bbae831b...
2025-07-21 09:18:32 - currency_price_service - WARNING - Rate limit hit again with API key 3949a597...
2025-07-21 09:18:48 - currency_price_service - ERROR - API error: 429, Response: {'status': {'timestamp': '2025-07-21T09:18:48.011Z', 'error_code': 1010, 'error_message': "You've exceeded your API Key's monthly credit limit. Please contact us at api@coinmarketcap.com if you need assistance upgrading your plan.", 'elapsed': 0, 'credit_count': 0, 'notice': "You have used 100% of your plan's monthly credit limit."}}
2025-07-21 09:18:48 - currency_price_service - WARNING - Rate limit hit with API key 3949a597...
2025-07-21 09:18:53 - currency_price_service - WARNING - Rate limit hit again with API key 3949a597...
