2025-07-19 10:57:28 - tatum_helper - DEBUG - Logger initialized for tatum_helper at level DEBUG
2025-07-19 10:57:28 - tatum_helper - DEBUG - Broadcasting polygon transaction via Tatum
2025-07-19 10:57:28 - tatum_helper - DEBUG - Using endpoint: /polygon/broadcast
2025-07-19 10:57:28 - tatum_helper - DEBUG - Request data: {'txData': '0xf86d0c8506fc23ac0082520894184ac75b74c77d5bf3b3bffb5ed26ae091b3fed187038d7ea4c6800080820136a080d66422a259f3b771a4b7c062b6d79f968089814032187c68b10a3c2be9d447a07bfd3a61e236ec05859555a826660f3f5c26363b0f8b34d93f1489898fc1fc14'}
2025-07-19 10:57:28 - tatum_helper - DEBUG - Making post request to https://api.tatum.io/v3/polygon/broadcast
2025-07-19 10:57:28 - tatum_helper - DEBUG - Response status code: 200
2025-07-19 10:57:28 - tatum_helper - DEBUG - Response body: {"txId":"0xbc1bfd7e1f56334f69b27db012e05c239ecc2a3da6aa8c57b1c6c872ae1f1905"}
2025-07-19 10:57:30 - tatum_helper - DEBUG - Getting balance from Tatum endpoint: /polygon/account/balance/0x68Ba7F66B09783977E36AA7bD8390b812742853C
2025-07-19 10:57:30 - tatum_helper - DEBUG - Making get request to https://api.tatum.io/v3/polygon/account/balance/0x68Ba7F66B09783977E36AA7bD8390b812742853C
2025-07-19 10:57:30 - tatum_helper - DEBUG - Response status code: 200
2025-07-19 10:57:30 - tatum_helper - DEBUG - Response body: {"balance":"9.181929331299623586"}
2025-07-19 10:57:30 - tatum_helper - DEBUG - Broadcasting polygon transaction via Tatum
2025-07-19 10:57:30 - tatum_helper - DEBUG - Using endpoint: /polygon/broadcast
2025-07-19 10:57:30 - tatum_helper - DEBUG - Request data: {'txData': '0xf86d808506fc23ac0082520894742d35cc6634c0532925a3b8d4c9db96c4b4d8b687038d7ea4c6800080820136a036542ef7c39cbc417be79d1283f4c82cd3fcfe15d29f047480f615e7dfa97068a03128f8b901e3aec922505e6d2b321d54df86a4013977e54a75139623c21bc184'}
2025-07-19 10:57:30 - tatum_helper - DEBUG - Making post request to https://api.tatum.io/v3/polygon/broadcast
2025-07-19 10:57:31 - tatum_helper - DEBUG - Response status code: 403
2025-07-19 10:57:31 - tatum_helper - DEBUG - Response body: {"statusCode":403,"errorCode":"polygon.broadcast.failed","message":"Unable to broadcast transaction.","cause":"INTERNAL_ERROR: nonce too low [-32000]","dashboardLog":"https://dashboard.tatum.io/logs?id=687b7a1b59b020abf1756cc7"}
2025-07-19 10:57:31 - tatum_helper - ERROR - Tatum API error: 403, {"statusCode":403,"errorCode":"polygon.broadcast.failed","message":"Unable to broadcast transaction.","cause":"INTERNAL_ERROR: nonce too low [-32000]","dashboardLog":"https://dashboard.tatum.io/logs?id=687b7a1b59b020abf1756cc7"}
2025-07-19 10:57:31 - tatum_helper - DEBUG - Broadcasting polygon transaction via Tatum
2025-07-19 10:57:31 - tatum_helper - DEBUG - Using endpoint: /polygon/broadcast
2025-07-19 10:57:31 - tatum_helper - DEBUG - Request data: {'txData': '0xf86d808506fc23ac0082520894742d35cc6634c0532925a3b8d4c9db96c4b4d8b687038d7ea4c6800080820136a036542ef7c39cbc417be79d1283f4c82cd3fcfe15d29f047480f615e7dfa97068a03128f8b901e3aec922505e6d2b321d54df86a4013977e54a75139623c21bc184'}
2025-07-19 10:57:31 - tatum_helper - DEBUG - Making post request to https://api.tatum.io/v3/polygon/broadcast
2025-07-19 10:57:31 - tatum_helper - DEBUG - Response status code: 403
2025-07-19 10:57:31 - tatum_helper - DEBUG - Response body: {"statusCode":403,"errorCode":"polygon.broadcast.failed","message":"Unable to broadcast transaction.","cause":"INTERNAL_ERROR: nonce too low [-32000]","dashboardLog":"https://dashboard.tatum.io/logs?id=687b7a1b71119edd7f8387aa"}
2025-07-19 10:57:31 - tatum_helper - ERROR - Tatum API error: 403, {"statusCode":403,"errorCode":"polygon.broadcast.failed","message":"Unable to broadcast transaction.","cause":"INTERNAL_ERROR: nonce too low [-32000]","dashboardLog":"https://dashboard.tatum.io/logs?id=687b7a1b71119edd7f8387aa"}
2025-07-19 10:57:31 - tatum_helper - DEBUG - Broadcasting polygon transaction via Tatum
2025-07-19 10:57:31 - tatum_helper - DEBUG - Using endpoint: /polygon/broadcast
2025-07-19 10:57:31 - tatum_helper - DEBUG - Request data: {'txData': '0xf86d0e8505f86ef33e82520894184ac75b74c77d5bf3b3bffb5ed26ae091b3fed187038d7ea4c6800080820136a0522ff799110f625dd371cabf3032302a3fdad01ab43b4d05e2f59efb29b30b77a05bb0efd8a90961bb4072a92ef83bd39d68bbdbe6ebe93566112f68f4d9afe11a'}
2025-07-19 10:57:31 - tatum_helper - DEBUG - Making post request to https://api.tatum.io/v3/polygon/broadcast
2025-07-19 10:57:32 - tatum_helper - DEBUG - Response status code: 200
2025-07-19 10:57:32 - tatum_helper - DEBUG - Response body: {"txId":"0x0baba46356145152f519ba2da835187cbb097e8afd563d96fa8a41e64a3d6ea9"}
2025-07-19 10:57:32 - tatum_helper - DEBUG - Broadcasting polygon transaction via Tatum
2025-07-19 10:57:32 - tatum_helper - DEBUG - Using endpoint: /polygon/broadcast
2025-07-19 10:57:32 - tatum_helper - DEBUG - Request data: {'txData': '0xf86d808506fc23ac0082520894742d35cc6634c0532925a3b8d4c9db96c4b4d8b687038d7ea4c6800080820136a036542ef7c39cbc417be79d1283f4c82cd3fcfe15d29f047480f615e7dfa97068a03128f8b901e3aec922505e6d2b321d54df86a4013977e54a75139623c21bc184'}
2025-07-19 10:57:32 - tatum_helper - DEBUG - Making post request to https://api.tatum.io/v3/polygon/broadcast
2025-07-19 10:57:32 - tatum_helper - DEBUG - Response status code: 403
2025-07-19 10:57:32 - tatum_helper - DEBUG - Response body: {"statusCode":403,"errorCode":"polygon.broadcast.failed","message":"Unable to broadcast transaction.","cause":"INTERNAL_ERROR: nonce too low [-32000]","dashboardLog":"https://dashboard.tatum.io/logs?id=687b7a1c71119edd7f8387ab"}
2025-07-19 10:57:32 - tatum_helper - ERROR - Tatum API error: 403, {"statusCode":403,"errorCode":"polygon.broadcast.failed","message":"Unable to broadcast transaction.","cause":"INTERNAL_ERROR: nonce too low [-32000]","dashboardLog":"https://dashboard.tatum.io/logs?id=687b7a1c71119edd7f8387ab"}
2025-07-19 10:57:32 - tatum_helper - DEBUG - Addresses validated: sender=0x68Ba7F66B09783977E36AA7bD8390b812742853C, recipient=0x184ac75b74C77D5BF3b3BffB5Ed26aE091B3feD1
2025-07-19 10:57:32 - tatum_helper - DEBUG - Using fromPrivateKey method for polygon broadcast
2025-07-19 10:57:32 - tatum_helper - DEBUG - Sending polygon transaction via Tatum
2025-07-19 10:57:32 - tatum_helper - DEBUG - Using endpoint: /polygon/broadcast
2025-07-19 10:57:32 - tatum_helper - DEBUG - Request data: {'from': '0x68Ba7F66B09783977E36AA7bD8390b812742853C', 'to': '0x184ac75b74C77D5BF3b3BffB5Ed26aE091B3feD1', 'amount': '0.001', 'fromPrivateKey': '***'}
2025-07-19 10:57:32 - tatum_helper - DEBUG - Making post request to https://api.tatum.io/v3/polygon/broadcast
2025-07-19 10:57:32 - tatum_helper - DEBUG - Response status code: 400
2025-07-19 10:57:32 - tatum_helper - DEBUG - Response body: {"statusCode":400,"errorCode":"validation.failed","message":"Request validation failed. Please see data for additional information.","data":["txData must be shorter than or equal to 1000000 characters","txData should not be empty and should be at most 1000000 characters"],"dashboardLog":"https://dashboard.tatum.io/logs?id=687b7a1c71119edd7f8387ac"}
2025-07-19 10:57:32 - tatum_helper - ERROR - Tatum API error: 400, {"statusCode":400,"errorCode":"validation.failed","message":"Request validation failed. Please see data for additional information.","data":["txData must be shorter than or equal to 1000000 characters","txData should not be empty and should be at most 1000000 characters"],"dashboardLog":"https://dashboard.tatum.io/logs?id=687b7a1c71119edd7f8387ac"}
2025-07-19 10:57:33 - tatum_helper - DEBUG - Broadcasting polygon transaction via Tatum
2025-07-19 10:57:33 - tatum_helper - DEBUG - Using endpoint: /polygon/broadcast
2025-07-19 10:57:33 - tatum_helper - DEBUG - Request data: {'txData': '0xf86d0f8505f86ef33e82520894184ac75b74c77d5bf3b3bffb5ed26ae091b3fed187038d7ea4c6800080820135a07749b88de22fabbcf72811b8a065f6231f140e6dcdd7027c35fe1f905b5ae700a02f9655a65b245c426dadc9ea52cce71c1ad8ac2217e24c52a1600f8aa4821730'}
2025-07-19 10:57:33 - tatum_helper - DEBUG - Making post request to https://api.tatum.io/v3/polygon/broadcast
2025-07-19 10:57:33 - tatum_helper - DEBUG - Response status code: 200
2025-07-19 10:57:33 - tatum_helper - DEBUG - Response body: {"txId":"0xff071aac70cc05789e38e86aba696f86c9596a24cb6a7e0c5fcc8f19cca487b9"}
2025-07-19 11:36:57 - tatum_helper - DEBUG - Logger initialized for tatum_helper at level DEBUG
2025-07-19 11:36:57 - tatum_helper - DEBUG - Logger initialized for tatum_helper at level DEBUG
2025-07-19 11:36:58 - tatum_helper - DEBUG - Logger initialized for tatum_helper at level DEBUG
2025-07-19 11:37:24 - tatum_helper - ERROR - Tatum API error: 403, {"statusCode":403,"errorCode":"polygon.broadcast.failed","message":"Unable to broadcast transaction.","cause":"INTERNAL_ERROR: insufficient funds [-32000]","dashboardLog":"https://dashboard.tatum.io/logs?id=687b8374b02ab73e896d17b4"}
2025-07-19 11:37:24 - tatum_helper - ERROR - Tatum API error: 400, {"statusCode":400,"errorCode":"validation.failed","message":"Request validation failed. Please see data for additional information.","data":["txData must be shorter than or equal to 1000000 characters","txData should not be empty and should be at most 1000000 characters"],"dashboardLog":"https://dashboard.tatum.io/logs?id=687b8374600c176cad210839"}
2025-07-19 11:40:59 - tatum_helper - DEBUG - Logger initialized for tatum_helper at level DEBUG
2025-07-19 11:40:59 - tatum_helper - DEBUG - Broadcasting polygon transaction via Tatum
2025-07-19 11:40:59 - tatum_helper - DEBUG - Using endpoint: /polygon/broadcast
2025-07-19 11:40:59 - tatum_helper - DEBUG - Request data: {'txData': '0xf86d1085060db8847782520894f0f3d4dd1b8a86f4fe65401524701915f00b4e3b87038d7ea4c6800080820135a0198ee061ad877a423801a8d9473419b6bd6d61f873f6516aafa5a135812b9291a07649739d695fa5a961e5093760444ef609390c5259ae82c8e592fd936b609955'}
2025-07-19 11:40:59 - tatum_helper - DEBUG - Making post request to https://api.tatum.io/v3/polygon/broadcast
2025-07-19 11:40:59 - tatum_helper - DEBUG - Response status code: 403
2025-07-19 11:40:59 - tatum_helper - DEBUG - Response body: {"statusCode":403,"errorCode":"polygon.broadcast.failed","message":"Unable to broadcast transaction.","cause":"INTERNAL_ERROR: insufficient funds [-32000]","dashboardLog":"https://dashboard.tatum.io/logs?id=687b844bb269df13b5658c08"}
2025-07-19 11:40:59 - tatum_helper - ERROR - Tatum API error: 403, {"statusCode":403,"errorCode":"polygon.broadcast.failed","message":"Unable to broadcast transaction.","cause":"INTERNAL_ERROR: insufficient funds [-32000]","dashboardLog":"https://dashboard.tatum.io/logs?id=687b844bb269df13b5658c08"}
2025-07-19 11:41:00 - tatum_helper - DEBUG - Addresses validated: sender=0x68Ba7F66B09783977E36AA7bD8390b812742853C, recipient=0xF0F3d4dD1b8A86f4Fe65401524701915F00b4E3B
2025-07-19 11:41:00 - tatum_helper - DEBUG - Using fromPrivateKey method for polygon broadcast
2025-07-19 11:41:00 - tatum_helper - DEBUG - Sending polygon transaction via Tatum
2025-07-19 11:41:00 - tatum_helper - DEBUG - Using endpoint: /polygon/broadcast
2025-07-19 11:41:00 - tatum_helper - DEBUG - Request data: {'from': '0x68Ba7F66B09783977E36AA7bD8390b812742853C', 'to': '0xF0F3d4dD1b8A86f4Fe65401524701915F00b4E3B', 'amount': '0.001', 'fromPrivateKey': '***'}
2025-07-19 11:41:00 - tatum_helper - DEBUG - Making post request to https://api.tatum.io/v3/polygon/broadcast
2025-07-19 11:41:00 - tatum_helper - DEBUG - Response status code: 400
2025-07-19 11:41:00 - tatum_helper - DEBUG - Response body: {"statusCode":400,"errorCode":"validation.failed","message":"Request validation failed. Please see data for additional information.","data":["txData must be shorter than or equal to 1000000 characters","txData should not be empty and should be at most 1000000 characters"],"dashboardLog":"https://dashboard.tatum.io/logs?id=687b844c5583e44a731c3365"}
2025-07-19 11:41:00 - tatum_helper - ERROR - Tatum API error: 400, {"statusCode":400,"errorCode":"validation.failed","message":"Request validation failed. Please see data for additional information.","data":["txData must be shorter than or equal to 1000000 characters","txData should not be empty and should be at most 1000000 characters"],"dashboardLog":"https://dashboard.tatum.io/logs?id=687b844c5583e44a731c3365"}
2025-07-19 11:43:09 - tatum_helper - DEBUG - Logger initialized for tatum_helper at level DEBUG
2025-07-19 11:43:09 - tatum_helper - DEBUG - Logger initialized for tatum_helper at level DEBUG
2025-07-19 11:43:09 - tatum_helper - DEBUG - Logger initialized for tatum_helper at level DEBUG
2025-07-19 11:43:20 - tatum_helper - DEBUG - Logger initialized for tatum_helper at level DEBUG
2025-07-19 11:43:21 - tatum_helper - DEBUG - Broadcasting polygon transaction via Tatum
2025-07-19 11:43:21 - tatum_helper - DEBUG - Using endpoint: /polygon/broadcast
2025-07-19 11:43:21 - tatum_helper - DEBUG - Request data: {'txData': '0xf86d1085060db8847382520894f0f3d4dd1b8a86f4fe65401524701915f00b4e3b87038d7ea4c6800080820136a069574cbaba27cc65506fdefffa8955851fa97fccc12a3e8e24befa44769064a6a020e5174901bfaa1d5aed75ef2ec59e950edd1c0f46e06e4661739c68894a44dd'}
2025-07-19 11:43:21 - tatum_helper - DEBUG - Making post request to https://api.tatum.io/v3/polygon/broadcast
2025-07-19 11:43:21 - tatum_helper - DEBUG - Response status code: 403
2025-07-19 11:43:21 - tatum_helper - DEBUG - Response body: {"statusCode":403,"errorCode":"polygon.broadcast.failed","message":"Unable to broadcast transaction.","cause":"INTERNAL_ERROR: insufficient funds [-32000]","dashboardLog":"https://dashboard.tatum.io/logs?id=687b84d91628e032e3115362"}
2025-07-19 11:43:21 - tatum_helper - ERROR - Tatum API error: 403, {"statusCode":403,"errorCode":"polygon.broadcast.failed","message":"Unable to broadcast transaction.","cause":"INTERNAL_ERROR: insufficient funds [-32000]","dashboardLog":"https://dashboard.tatum.io/logs?id=687b84d91628e032e3115362"}
2025-07-19 11:43:21 - tatum_helper - DEBUG - Addresses validated: sender=0x68Ba7F66B09783977E36AA7bD8390b812742853C, recipient=0xF0F3d4dD1b8A86f4Fe65401524701915F00b4E3B
2025-07-19 11:43:21 - tatum_helper - DEBUG - Using fromPrivateKey method for polygon broadcast
2025-07-19 11:43:21 - tatum_helper - DEBUG - Sending polygon transaction via Tatum
2025-07-19 11:43:21 - tatum_helper - DEBUG - Using endpoint: /polygon/transaction
2025-07-19 11:43:21 - tatum_helper - DEBUG - Request data: {'from': '0x68Ba7F66B09783977E36AA7bD8390b812742853C', 'to': '0xF0F3d4dD1b8A86f4Fe65401524701915F00b4E3B', 'amount': '0.001', 'fromPrivateKey': '***', 'currency': 'MATIC'}
2025-07-19 11:43:21 - tatum_helper - DEBUG - Making post request to https://api.tatum.io/v3/polygon/transaction
2025-07-19 11:43:22 - tatum_helper - DEBUG - Response status code: 403
2025-07-19 11:43:22 - tatum_helper - DEBUG - Response body: {"statusCode":403,"errorCode":"polygon.tx.preparation","message":"Transaction preparation failure.","cause":"Returned error: insufficient funds for transfer","dashboardLog":"https://dashboard.tatum.io/logs?id=687b84dab02ab73e896d190e"}
2025-07-19 11:43:22 - tatum_helper - ERROR - Tatum API error: 403, {"statusCode":403,"errorCode":"polygon.tx.preparation","message":"Transaction preparation failure.","cause":"Returned error: insufficient funds for transfer","dashboardLog":"https://dashboard.tatum.io/logs?id=687b84dab02ab73e896d190e"}
2025-07-19 11:45:27 - tatum_helper - ERROR - Tatum API error: 403, {"statusCode":403,"errorCode":"polygon.broadcast.failed","message":"Unable to broadcast transaction.","cause":"INTERNAL_ERROR: insufficient funds [-32000]","dashboardLog":"https://dashboard.tatum.io/logs?id=687b8557a7a243511c1a88ca"}
2025-07-19 11:45:28 - tatum_helper - ERROR - Tatum API error: 403, {"statusCode":403,"errorCode":"polygon.tx.preparation","message":"Transaction preparation failure.","cause":"Returned error: insufficient funds for transfer","dashboardLog":"https://dashboard.tatum.io/logs?id=687b855836e3f52c32ad7018"}
2025-07-19 11:57:44 - tatum_helper - DEBUG - Logger initialized for tatum_helper at level DEBUG
2025-07-19 11:57:44 - tatum_helper - DEBUG - Logger initialized for tatum_helper at level DEBUG
2025-07-19 11:57:44 - tatum_helper - DEBUG - Logger initialized for tatum_helper at level DEBUG
2025-07-19 11:59:08 - tatum_helper - ERROR - Tatum API error: 403, {"statusCode":403,"errorCode":"polygon.broadcast.failed","message":"Unable to broadcast transaction.","cause":"INTERNAL_ERROR: nonce too low [-32000]","dashboardLog":"https://dashboard.tatum.io/logs?id=687b888cb269df13b5659023"}
2025-07-19 12:03:44 - tatum_helper - DEBUG - Logger initialized for tatum_helper at level DEBUG
2025-07-19 12:03:44 - tatum_helper - DEBUG - Logger initialized for tatum_helper at level DEBUG
2025-07-19 12:03:45 - tatum_helper - DEBUG - Logger initialized for tatum_helper at level DEBUG
2025-07-19 12:10:39 - tatum_helper - DEBUG - Logger initialized for tatum_helper at level DEBUG
2025-07-19 12:10:40 - tatum_helper - DEBUG - Broadcasting polygon transaction via Tatum
2025-07-19 12:10:40 - tatum_helper - DEBUG - Using endpoint: /polygon/broadcast
2025-07-19 12:10:40 - tatum_helper - DEBUG - Request data: {'txData': '0xf86d148505f5dd6c5082520894f0f3d4dd1b8a86f4fe65401524701915f00b4e3b87038d7ea4c6800080820136a09b9f5827bc0f952ffaef3b1733ed90c9cd57bda7d5aec4a7887a39fb5a5545ada0590de44912ce137386f2a10e5e69cd44a20aec01d795dda4d3734c0b39a10749'}
2025-07-19 12:10:40 - tatum_helper - DEBUG - Making post request to https://api.tatum.io/v3/polygon/broadcast
2025-07-19 12:10:40 - tatum_helper - DEBUG - Response status code: 403
2025-07-19 12:10:40 - tatum_helper - DEBUG - Response body: {"statusCode":403,"errorCode":"polygon.broadcast.failed","message":"Unable to broadcast transaction.","cause":"INTERNAL_ERROR: insufficient funds [-32000]","dashboardLog":"https://dashboard.tatum.io/logs?id=687b8b4071119edd7f8399e3"}
2025-07-19 12:10:40 - tatum_helper - ERROR - Tatum API error: 403, {"statusCode":403,"errorCode":"polygon.broadcast.failed","message":"Unable to broadcast transaction.","cause":"INTERNAL_ERROR: insufficient funds [-32000]","dashboardLog":"https://dashboard.tatum.io/logs?id=687b8b4071119edd7f8399e3"}
2025-07-19 12:10:41 - tatum_helper - DEBUG - Addresses validated: sender=0x68Ba7F66B09783977E36AA7bD8390b812742853C, recipient=0xF0F3d4dD1b8A86f4Fe65401524701915F00b4E3B
2025-07-19 12:10:41 - tatum_helper - DEBUG - Using fromPrivateKey method for polygon broadcast
2025-07-19 12:10:41 - tatum_helper - DEBUG - Sending polygon transaction via Tatum
2025-07-19 12:10:41 - tatum_helper - DEBUG - Using endpoint: /polygon/transaction
2025-07-19 12:10:41 - tatum_helper - DEBUG - Request data: {'from': '0x68Ba7F66B09783977E36AA7bD8390b812742853C', 'to': '0xF0F3d4dD1b8A86f4Fe65401524701915F00b4E3B', 'amount': '0.001', 'fromPrivateKey': '***', 'currency': 'MATIC'}
2025-07-19 12:10:41 - tatum_helper - DEBUG - Making post request to https://api.tatum.io/v3/polygon/transaction
2025-07-19 12:10:42 - tatum_helper - DEBUG - Response status code: 403
2025-07-19 12:10:42 - tatum_helper - DEBUG - Response body: {"statusCode":403,"errorCode":"polygon.tx.preparation","message":"Transaction preparation failure.","cause":"Returned error: insufficient funds for transfer","dashboardLog":"https://dashboard.tatum.io/logs?id=687b8b429d56841a06d48009"}
2025-07-19 12:10:42 - tatum_helper - ERROR - Tatum API error: 403, {"statusCode":403,"errorCode":"polygon.tx.preparation","message":"Transaction preparation failure.","cause":"Returned error: insufficient funds for transfer","dashboardLog":"https://dashboard.tatum.io/logs?id=687b8b429d56841a06d48009"}
2025-07-19 12:12:42 - tatum_helper - DEBUG - Logger initialized for tatum_helper at level DEBUG
2025-07-19 12:13:41 - tatum_helper - DEBUG - Logger initialized for tatum_helper at level DEBUG
2025-07-19 12:16:37 - tatum_helper - DEBUG - Logger initialized for tatum_helper at level DEBUG
2025-07-19 12:16:38 - tatum_helper - DEBUG - Logger initialized for tatum_helper at level DEBUG
2025-07-19 12:16:38 - tatum_helper - DEBUG - Logger initialized for tatum_helper at level DEBUG
2025-07-19 12:22:26 - tatum_helper - DEBUG - Logger initialized for tatum_helper at level DEBUG
2025-07-19 12:22:26 - tatum_helper - DEBUG - Logger initialized for tatum_helper at level DEBUG
2025-07-19 12:22:26 - tatum_helper - DEBUG - Logger initialized for tatum_helper at level DEBUG
2025-07-19 12:24:38 - tatum_helper - ERROR - Tatum API error: 403, {"statusCode":403,"errorCode":"polygon.broadcast.failed","message":"Unable to broadcast transaction.","cause":"INTERNAL_ERROR: insufficient funds [-32000]","dashboardLog":"https://dashboard.tatum.io/logs?id=687b8e869840217ebda6145c"}
2025-07-19 12:24:40 - tatum_helper - ERROR - Tatum API error: 403, {"statusCode":403,"errorCode":"polygon.tx.preparation","message":"Transaction preparation failure.","cause":"Returned error: insufficient funds for transfer","dashboardLog":"https://dashboard.tatum.io/logs?id=687b8e8836e3f52c32ad7970"}
2025-07-19 12:24:42 - tatum_helper - ERROR - Tatum API error: 403, {"statusCode":403,"errorCode":"polygon.broadcast.failed","message":"Unable to broadcast transaction.","cause":"INTERNAL_ERROR: insufficient funds [-32000]","dashboardLog":"https://dashboard.tatum.io/logs?id=687b8e8a40b3ca3a79b3e4e2"}
2025-07-19 12:24:44 - tatum_helper - ERROR - Tatum API error: 403, {"statusCode":403,"errorCode":"polygon.tx.preparation","message":"Transaction preparation failure.","cause":"Returned error: insufficient funds for transfer","dashboardLog":"https://dashboard.tatum.io/logs?id=687b8e8c71119edd7f839d66"}
2025-07-19 12:24:47 - tatum_helper - ERROR - Tatum API error: 403, {"statusCode":403,"errorCode":"polygon.broadcast.failed","message":"Unable to broadcast transaction.","cause":"INTERNAL_ERROR: insufficient funds [-32000]","dashboardLog":"https://dashboard.tatum.io/logs?id=687b8e8f40b3ca3a79b3e4f0"}
2025-07-19 12:24:48 - tatum_helper - ERROR - Tatum API error: 403, {"statusCode":403,"errorCode":"polygon.tx.preparation","message":"Transaction preparation failure.","cause":"Returned error: insufficient funds for transfer","dashboardLog":"https://dashboard.tatum.io/logs?id=687b8e90f2a86cf8cf1af485"}
2025-07-19 12:39:01 - tatum_helper - ERROR - Tatum API error: 403, {"statusCode":403,"errorCode":"polygon.broadcast.failed","message":"Unable to broadcast transaction.","cause":"INTERNAL_ERROR: insufficient funds [-32000]","dashboardLog":"https://dashboard.tatum.io/logs?id=687b91e5771b27d1e473f89f"}
2025-07-19 12:39:02 - tatum_helper - ERROR - Tatum API error: 403, {"statusCode":403,"errorCode":"polygon.tx.preparation","message":"Transaction preparation failure.","cause":"Returned error: insufficient funds for transfer","dashboardLog":"https://dashboard.tatum.io/logs?id=687b91e6a7a243511c1a95ee"}
2025-07-19 12:39:06 - tatum_helper - ERROR - Tatum API error: 403, {"statusCode":403,"errorCode":"polygon.broadcast.failed","message":"Unable to broadcast transaction.","cause":"INTERNAL_ERROR: insufficient funds [-32000]","dashboardLog":"https://dashboard.tatum.io/logs?id=687b91ea9d56841a06d486fd"}
2025-07-19 12:39:07 - tatum_helper - ERROR - Tatum API error: 403, {"statusCode":403,"errorCode":"polygon.tx.preparation","message":"Transaction preparation failure.","cause":"Returned error: insufficient funds for transfer","dashboardLog":"https://dashboard.tatum.io/logs?id=687b91ebd7428c890733cc73"}
2025-07-19 12:39:11 - tatum_helper - ERROR - Tatum API error: 403, {"statusCode":403,"errorCode":"polygon.broadcast.failed","message":"Unable to broadcast transaction.","cause":"INTERNAL_ERROR: insufficient funds [-32000]","dashboardLog":"https://dashboard.tatum.io/logs?id=687b91ef9d56841a06d48700"}
2025-07-19 12:39:12 - tatum_helper - ERROR - Tatum API error: 403, {"statusCode":403,"errorCode":"polygon.tx.preparation","message":"Transaction preparation failure.","cause":"Returned error: insufficient funds for transfer","dashboardLog":"https://dashboard.tatum.io/logs?id=687b91f0337d6b2911a7c27d"}
2025-07-19 12:39:18 - tatum_helper - ERROR - Tatum API error: 403, {"statusCode":403,"errorCode":"polygon.broadcast.failed","message":"Unable to broadcast transaction.","cause":"INTERNAL_ERROR: insufficient funds [-32000]","dashboardLog":"https://dashboard.tatum.io/logs?id=687b91f6b269df13b5659a1c"}
2025-07-19 12:39:20 - tatum_helper - ERROR - Tatum API error: 403, {"statusCode":403,"errorCode":"polygon.tx.preparation","message":"Transaction preparation failure.","cause":"Returned error: insufficient funds for transfer","dashboardLog":"https://dashboard.tatum.io/logs?id=687b91f871119edd7f83a0f5"}
2025-07-19 12:39:23 - tatum_helper - ERROR - Tatum API error: 403, {"statusCode":403,"errorCode":"polygon.broadcast.failed","message":"Unable to broadcast transaction.","cause":"INTERNAL_ERROR: insufficient funds [-32000]","dashboardLog":"https://dashboard.tatum.io/logs?id=687b91fba7a243511c1a95fd"}
2025-07-19 12:39:25 - tatum_helper - ERROR - Tatum API error: 403, {"statusCode":403,"errorCode":"polygon.tx.preparation","message":"Transaction preparation failure.","cause":"Returned error: insufficient funds for transfer","dashboardLog":"https://dashboard.tatum.io/logs?id=687b91fd9d56841a06d48709"}
2025-07-19 12:39:28 - tatum_helper - ERROR - Tatum API error: 403, {"statusCode":403,"errorCode":"polygon.broadcast.failed","message":"Unable to broadcast transaction.","cause":"INTERNAL_ERROR: insufficient funds [-32000]","dashboardLog":"https://dashboard.tatum.io/logs?id=687b920040b3ca3a79b3e87b"}
2025-07-19 12:39:29 - tatum_helper - ERROR - Tatum API error: 403, {"statusCode":403,"errorCode":"polygon.tx.preparation","message":"Transaction preparation failure.","cause":"Returned error: insufficient funds for transfer","dashboardLog":"https://dashboard.tatum.io/logs?id=687b9201dee58248489f79e0"}
2025-07-19 13:37:04 - tatum_helper - ERROR - Tatum API error: 403, {"statusCode":403,"errorCode":"polygon.broadcast.failed","message":"Unable to broadcast transaction.","cause":"INTERNAL_ERROR: insufficient funds [-32000]","dashboardLog":"https://dashboard.tatum.io/logs?id=687b9f8036e3f52c32ad8d3f"}
2025-07-19 13:37:06 - tatum_helper - ERROR - Tatum API error: 403, {"statusCode":403,"errorCode":"polygon.tx.preparation","message":"Transaction preparation failure.","cause":"Returned error: insufficient funds for transfer","dashboardLog":"https://dashboard.tatum.io/logs?id=687b9f823c24ff9ef6d8b980"}
2025-07-19 13:37:09 - tatum_helper - ERROR - Tatum API error: 403, {"statusCode":403,"errorCode":"polygon.broadcast.failed","message":"Unable to broadcast transaction.","cause":"INTERNAL_ERROR: insufficient funds [-32000]","dashboardLog":"https://dashboard.tatum.io/logs?id=687b9f859d56841a06d4976e"}
2025-07-19 13:37:13 - tatum_helper - ERROR - Tatum API error: 403, {"statusCode":403,"errorCode":"polygon.tx.preparation","message":"Transaction preparation failure.","cause":"Returned error: insufficient funds for transfer","dashboardLog":"https://dashboard.tatum.io/logs?id=687b9f8940b3ca3a79b3f812"}
2025-07-19 13:37:17 - tatum_helper - ERROR - Tatum API error: 403, {"statusCode":403,"errorCode":"polygon.broadcast.failed","message":"Unable to broadcast transaction.","cause":"INTERNAL_ERROR: insufficient funds [-32000]","dashboardLog":"https://dashboard.tatum.io/logs?id=687b9f8d6561be68909fdfd7"}
2025-07-19 13:37:19 - tatum_helper - ERROR - Tatum API error: 403, {"statusCode":403,"errorCode":"polygon.tx.preparation","message":"Transaction preparation failure.","cause":"Returned error: insufficient funds for transfer","dashboardLog":"https://dashboard.tatum.io/logs?id=687b9f8f6561be68909fdfda"}
2025-07-19 13:38:00 - tatum_helper - ERROR - Tatum API error: 403, {"statusCode":403,"errorCode":"polygon.broadcast.failed","message":"Unable to broadcast transaction.","cause":"INTERNAL_ERROR: insufficient funds [-32000]","dashboardLog":"https://dashboard.tatum.io/logs?id=687b9fb88633a6ce25a769bf"}
2025-07-19 13:38:02 - tatum_helper - ERROR - Tatum API error: 403, {"statusCode":403,"errorCode":"polygon.tx.preparation","message":"Transaction preparation failure.","cause":"Returned error: insufficient funds for transfer","dashboardLog":"https://dashboard.tatum.io/logs?id=687b9fba03cfbdf3a51002fa"}
2025-07-19 13:38:05 - tatum_helper - ERROR - Tatum API error: 403, {"statusCode":403,"errorCode":"polygon.broadcast.failed","message":"Unable to broadcast transaction.","cause":"INTERNAL_ERROR: insufficient funds [-32000]","dashboardLog":"https://dashboard.tatum.io/logs?id=687b9fbda7a243511c1aa591"}
2025-07-19 13:38:06 - tatum_helper - ERROR - Tatum API error: 403, {"statusCode":403,"errorCode":"polygon.tx.preparation","message":"Transaction preparation failure.","cause":"Returned error: insufficient funds for transfer","dashboardLog":"https://dashboard.tatum.io/logs?id=687b9fbe40b3ca3a79b3f839"}
2025-07-19 13:38:09 - tatum_helper - ERROR - Tatum API error: 403, {"statusCode":403,"errorCode":"polygon.broadcast.failed","message":"Unable to broadcast transaction.","cause":"INTERNAL_ERROR: insufficient funds [-32000]","dashboardLog":"https://dashboard.tatum.io/logs?id=687b9fc1a7a243511c1aa597"}
2025-07-19 13:38:11 - tatum_helper - ERROR - Tatum API error: 403, {"statusCode":403,"errorCode":"polygon.tx.preparation","message":"Transaction preparation failure.","cause":"Returned error: insufficient funds for transfer","dashboardLog":"https://dashboard.tatum.io/logs?id=687b9fc3794bcd7eaac46216"}
2025-07-19 13:38:58 - tatum_helper - ERROR - Tatum API error: 403, {"statusCode":403,"errorCode":"polygon.broadcast.failed","message":"Unable to broadcast transaction.","cause":"INTERNAL_ERROR: insufficient funds [-32000]","dashboardLog":"https://dashboard.tatum.io/logs?id=687b9ff236e3f52c32ad8d8b"}
2025-07-19 13:39:00 - tatum_helper - ERROR - Tatum API error: 403, {"statusCode":403,"errorCode":"polygon.tx.preparation","message":"Transaction preparation failure.","cause":"Returned error: insufficient funds for transfer","dashboardLog":"https://dashboard.tatum.io/logs?id=687b9ff4a7a243511c1aa5c5"}
2025-07-19 13:39:03 - tatum_helper - ERROR - Tatum API error: 403, {"statusCode":403,"errorCode":"polygon.broadcast.failed","message":"Unable to broadcast transaction.","cause":"INTERNAL_ERROR: insufficient funds [-32000]","dashboardLog":"https://dashboard.tatum.io/logs?id=687b9ff71628e032e31170d4"}
2025-07-19 13:39:05 - tatum_helper - ERROR - Tatum API error: 403, {"statusCode":403,"errorCode":"polygon.tx.preparation","message":"Transaction preparation failure.","cause":"Returned error: insufficient funds for transfer","dashboardLog":"https://dashboard.tatum.io/logs?id=687b9ff940b3ca3a79b3f85e"}
2025-07-19 13:39:09 - tatum_helper - ERROR - Tatum API error: 403, {"statusCode":403,"errorCode":"polygon.broadcast.failed","message":"Unable to broadcast transaction.","cause":"INTERNAL_ERROR: insufficient funds [-32000]","dashboardLog":"https://dashboard.tatum.io/logs?id=687b9ffd9d56841a06d497b8"}
2025-07-19 13:39:12 - tatum_helper - ERROR - Tatum API error: 403, {"statusCode":403,"errorCode":"polygon.tx.preparation","message":"Transaction preparation failure.","cause":"Returned error: insufficient funds for transfer","dashboardLog":"https://dashboard.tatum.io/logs?id=687ba000600c176cad21276c"}
2025-07-19 13:46:02 - tatum_helper - ERROR - Tatum API error: 403, {"statusCode":403,"errorCode":"polygon.broadcast.failed","message":"Unable to broadcast transaction.","cause":"INTERNAL_ERROR: insufficient funds [-32000]","dashboardLog":"https://dashboard.tatum.io/logs?id=687ba19ad7428c890733de81"}
2025-07-19 13:46:03 - tatum_helper - ERROR - Tatum API error: 403, {"statusCode":403,"errorCode":"polygon.tx.preparation","message":"Transaction preparation failure.","cause":"Returned error: insufficient funds for transfer","dashboardLog":"https://dashboard.tatum.io/logs?id=687ba19b337d6b2911a7d4c1"}
2025-07-19 13:46:07 - tatum_helper - ERROR - Tatum API error: 403, {"statusCode":403,"errorCode":"polygon.broadcast.failed","message":"Unable to broadcast transaction.","cause":"INTERNAL_ERROR: insufficient funds [-32000]","dashboardLog":"https://dashboard.tatum.io/logs?id=687ba19f71119edd7f83b2fc"}
2025-07-19 13:46:10 - tatum_helper - ERROR - Tatum API error: 403, {"statusCode":403,"errorCode":"polygon.tx.preparation","message":"Transaction preparation failure.","cause":"Returned error: insufficient funds for transfer","dashboardLog":"https://dashboard.tatum.io/logs?id=687ba1a251adc7c76a23fa9b"}
2025-07-19 13:46:13 - tatum_helper - ERROR - Tatum API error: 403, {"statusCode":403,"errorCode":"polygon.broadcast.failed","message":"Unable to broadcast transaction.","cause":"INTERNAL_ERROR: insufficient funds [-32000]","dashboardLog":"https://dashboard.tatum.io/logs?id=687ba1a5337d6b2911a7d4cc"}
2025-07-19 13:46:15 - tatum_helper - ERROR - Tatum API error: 403, {"statusCode":403,"errorCode":"polygon.tx.preparation","message":"Transaction preparation failure.","cause":"Returned error: insufficient funds for transfer","dashboardLog":"https://dashboard.tatum.io/logs?id=687ba1a7d7428c890733de90"}
2025-07-19 13:46:24 - tatum_helper - ERROR - Tatum API error: 403, {"statusCode":403,"errorCode":"polygon.broadcast.failed","message":"Unable to broadcast transaction.","cause":"INTERNAL_ERROR: insufficient funds [-32000]","dashboardLog":"https://dashboard.tatum.io/logs?id=687ba1b09840217ebda62a80"}
2025-07-19 13:46:25 - tatum_helper - ERROR - Tatum API error: 403, {"statusCode":403,"errorCode":"polygon.tx.preparation","message":"Transaction preparation failure.","cause":"Returned error: insufficient funds for transfer","dashboardLog":"https://dashboard.tatum.io/logs?id=687ba1b1a7a243511c1aa7e2"}
2025-07-19 13:46:29 - tatum_helper - ERROR - Tatum API error: 403, {"statusCode":403,"errorCode":"polygon.broadcast.failed","message":"Unable to broadcast transaction.","cause":"INTERNAL_ERROR: insufficient funds [-32000]","dashboardLog":"https://dashboard.tatum.io/logs?id=687ba1b571119edd7f83b308"}
2025-07-19 13:46:30 - tatum_helper - ERROR - Tatum API error: 403, {"statusCode":403,"errorCode":"polygon.tx.preparation","message":"Transaction preparation failure.","cause":"Returned error: insufficient funds for transfer","dashboardLog":"https://dashboard.tatum.io/logs?id=687ba1b651adc7c76a23faa9"}
2025-07-19 13:46:33 - tatum_helper - ERROR - Tatum API error: 403, {"statusCode":403,"errorCode":"polygon.broadcast.failed","message":"Unable to broadcast transaction.","cause":"INTERNAL_ERROR: insufficient funds [-32000]","dashboardLog":"https://dashboard.tatum.io/logs?id=687ba1b936e3f52c32ad8fc4"}
2025-07-19 13:46:34 - tatum_helper - ERROR - Tatum API error: 403, {"statusCode":403,"errorCode":"polygon.tx.preparation","message":"Transaction preparation failure.","cause":"Returned error: insufficient funds for transfer","dashboardLog":"https://dashboard.tatum.io/logs?id=687ba1ba9840217ebda62a82"}
2025-07-19 14:05:35 - tatum_helper - ERROR - Tatum API error: 403, {"statusCode":403,"errorCode":"polygon.broadcast.failed","message":"Unable to broadcast transaction.","cause":"INTERNAL_ERROR: insufficient funds [-32000]","dashboardLog":"https://dashboard.tatum.io/logs?id=687ba62f600c176cad212e64"}
2025-07-19 14:05:37 - tatum_helper - ERROR - Tatum API error: 403, {"statusCode":403,"errorCode":"polygon.tx.preparation","message":"Transaction preparation failure.","cause":"Returned error: insufficient funds for transfer","dashboardLog":"https://dashboard.tatum.io/logs?id=687ba63171119edd7f83b7ff"}
2025-07-19 14:05:40 - tatum_helper - ERROR - Tatum API error: 403, {"statusCode":403,"errorCode":"polygon.broadcast.failed","message":"Unable to broadcast transaction.","cause":"INTERNAL_ERROR: insufficient funds [-32000]","dashboardLog":"https://dashboard.tatum.io/logs?id=687ba634600c176cad212e73"}
2025-07-19 14:05:41 - tatum_helper - ERROR - Tatum API error: 403, {"statusCode":403,"errorCode":"polygon.tx.preparation","message":"Transaction preparation failure.","cause":"Returned error: insufficient funds for transfer","dashboardLog":"https://dashboard.tatum.io/logs?id=687ba6359d56841a06d49ea5"}
2025-07-19 14:05:44 - tatum_helper - ERROR - Tatum API error: 403, {"statusCode":403,"errorCode":"polygon.broadcast.failed","message":"Unable to broadcast transaction.","cause":"INTERNAL_ERROR: insufficient funds [-32000]","dashboardLog":"https://dashboard.tatum.io/logs?id=687ba638600c176cad212e79"}
2025-07-19 14:05:46 - tatum_helper - ERROR - Tatum API error: 403, {"statusCode":403,"errorCode":"polygon.tx.preparation","message":"Transaction preparation failure.","cause":"Returned error: insufficient funds for transfer","dashboardLog":"https://dashboard.tatum.io/logs?id=687ba63ad7428c890733e376"}
2025-07-19 14:07:24 - tatum_helper - ERROR - Tatum API error: 403, {"statusCode":403,"errorCode":"polygon.broadcast.failed","message":"Unable to broadcast transaction.","cause":"INTERNAL_ERROR: insufficient funds [-32000]","dashboardLog":"https://dashboard.tatum.io/logs?id=687ba69c1628e032e3117894"}
2025-07-19 14:07:26 - tatum_helper - ERROR - Tatum API error: 403, {"statusCode":403,"errorCode":"polygon.tx.preparation","message":"Transaction preparation failure.","cause":"Returned error: insufficient funds for transfer","dashboardLog":"https://dashboard.tatum.io/logs?id=687ba69e51adc7c76a23ffe9"}
2025-07-19 14:07:29 - tatum_helper - ERROR - Tatum API error: 403, {"statusCode":403,"errorCode":"polygon.broadcast.failed","message":"Unable to broadcast transaction.","cause":"INTERNAL_ERROR: insufficient funds [-32000]","dashboardLog":"https://dashboard.tatum.io/logs?id=687ba6a1600c176cad212ef2"}
2025-07-19 14:07:30 - tatum_helper - ERROR - Tatum API error: 403, {"statusCode":403,"errorCode":"polygon.tx.preparation","message":"Transaction preparation failure.","cause":"Returned error: insufficient funds for transfer","dashboardLog":"https://dashboard.tatum.io/logs?id=687ba6a236e3f52c32ad951a"}
2025-07-19 14:07:33 - tatum_helper - ERROR - Tatum API error: 403, {"statusCode":403,"errorCode":"polygon.broadcast.failed","message":"Unable to broadcast transaction.","cause":"INTERNAL_ERROR: insufficient funds [-32000]","dashboardLog":"https://dashboard.tatum.io/logs?id=687ba6a551adc7c76a23ffef"}
2025-07-19 14:07:34 - tatum_helper - ERROR - Tatum API error: 403, {"statusCode":403,"errorCode":"polygon.tx.preparation","message":"Transaction preparation failure.","cause":"Returned error: insufficient funds for transfer","dashboardLog":"https://dashboard.tatum.io/logs?id=687ba6a6a7a243511c1aad5f"}
2025-07-19 14:09:18 - tatum_helper - ERROR - Tatum API error: 403, {"statusCode":403,"errorCode":"polygon.broadcast.failed","message":"Unable to broadcast transaction.","cause":"INTERNAL_ERROR: insufficient funds [-32000]","dashboardLog":"https://dashboard.tatum.io/logs?id=687ba70e40b3ca3a79b40090"}
2025-07-19 14:09:19 - tatum_helper - ERROR - Tatum API error: 403, {"statusCode":403,"errorCode":"polygon.tx.preparation","message":"Transaction preparation failure.","cause":"Returned error: insufficient funds for transfer","dashboardLog":"https://dashboard.tatum.io/logs?id=687ba70f51adc7c76a240047"}
2025-07-19 14:09:24 - tatum_helper - ERROR - Tatum API error: 403, {"statusCode":403,"errorCode":"polygon.broadcast.failed","message":"Unable to broadcast transaction.","cause":"INTERNAL_ERROR: insufficient funds [-32000]","dashboardLog":"https://dashboard.tatum.io/logs?id=687ba714600c176cad212f62"}
2025-07-19 14:09:25 - tatum_helper - ERROR - Tatum API error: 403, {"statusCode":403,"errorCode":"polygon.tx.preparation","message":"Transaction preparation failure.","cause":"Returned error: insufficient funds for transfer","dashboardLog":"https://dashboard.tatum.io/logs?id=687ba7159d56841a06d49fa0"}
2025-07-19 14:09:29 - tatum_helper - ERROR - Tatum API error: 403, {"statusCode":403,"errorCode":"polygon.broadcast.failed","message":"Unable to broadcast transaction.","cause":"INTERNAL_ERROR: insufficient funds [-32000]","dashboardLog":"https://dashboard.tatum.io/logs?id=687ba71836e3f52c32ad95a5"}
2025-07-19 14:09:30 - tatum_helper - ERROR - Tatum API error: 403, {"statusCode":403,"errorCode":"polygon.tx.preparation","message":"Transaction preparation failure.","cause":"Returned error: insufficient funds for transfer","dashboardLog":"https://dashboard.tatum.io/logs?id=687ba71a337d6b2911a7dafe"}
2025-07-19 14:19:40 - tatum_helper - DEBUG - Logger initialized for tatum_helper at level DEBUG
2025-07-19 14:19:40 - tatum_helper - DEBUG - Getting balance from Tatum endpoint: /polygon/account/balance/0x8ba1f109551bD432803012645Hac136c
2025-07-19 14:19:40 - tatum_helper - DEBUG - Making get request to https://api.tatum.io/v3/polygon/account/balance/0x8ba1f109551bD432803012645Hac136c
2025-07-19 14:19:40 - tatum_helper - DEBUG - Response status code: 400
2025-07-19 14:19:40 - tatum_helper - DEBUG - Response body: {"statusCode":400,"errorCode":"validation.failed","message":"Request validation failed. Please see data for additional information.","data":["address must be a valid MATIC address. Address must start with 0x and must contain 40 hexadecimal characters after and have the correct checksum. "],"dashboardLog":"https://dashboard.tatum.io/logs?id=687ba97c1628e032e3117c45"}
2025-07-19 14:19:40 - tatum_helper - ERROR - Tatum API error: 400, {"statusCode":400,"errorCode":"validation.failed","message":"Request validation failed. Please see data for additional information.","data":["address must be a valid MATIC address. Address must start with 0x and must contain 40 hexadecimal characters after and have the correct checksum. "],"dashboardLog":"https://dashboard.tatum.io/logs?id=687ba97c1628e032e3117c45"}
2025-07-19 14:20:48 - tatum_helper - DEBUG - Logger initialized for tatum_helper at level DEBUG
2025-07-19 14:21:22 - tatum_helper - DEBUG - Logger initialized for tatum_helper at level DEBUG
2025-07-19 14:24:17 - tatum_helper - DEBUG - Logger initialized for tatum_helper at level DEBUG
2025-07-19 14:24:17 - tatum_helper - DEBUG - Logger initialized for tatum_helper at level DEBUG
2025-07-19 14:24:17 - tatum_helper - DEBUG - Logger initialized for tatum_helper at level DEBUG
2025-07-19 14:24:41 - tatum_helper - DEBUG - Logger initialized for tatum_helper at level DEBUG
2025-07-19 15:11:45 - tatum_helper - ERROR - Tatum API error: 403, {"statusCode":403,"errorCode":"polygon.broadcast.failed","message":"Unable to broadcast transaction.","cause":"INTERNAL_ERROR: insufficient funds [-32000]","dashboardLog":"https://dashboard.tatum.io/logs?id=687bb5b136e3f52c32ada6be"}
2025-07-19 15:11:47 - tatum_helper - ERROR - Tatum API error: 403, {"statusCode":403,"errorCode":"polygon.tx.preparation","message":"Transaction preparation failure.","cause":"Returned error: insufficient funds for transfer","dashboardLog":"https://dashboard.tatum.io/logs?id=687bb5b3d7428c890733f573"}
2025-07-19 15:11:52 - tatum_helper - ERROR - Tatum API error: 403, {"statusCode":403,"errorCode":"polygon.broadcast.failed","message":"Unable to broadcast transaction.","cause":"INTERNAL_ERROR: insufficient funds [-32000]","dashboardLog":"https://dashboard.tatum.io/logs?id=687bb5b89d56841a06d4b0c7"}
2025-07-19 15:11:53 - tatum_helper - ERROR - Tatum API error: 403, {"statusCode":403,"errorCode":"polygon.tx.preparation","message":"Transaction preparation failure.","cause":"Returned error: insufficient funds for transfer","dashboardLog":"https://dashboard.tatum.io/logs?id=687bb5b91628e032e3118a6f"}
2025-07-19 15:11:56 - tatum_helper - ERROR - Tatum API error: 403, {"statusCode":403,"errorCode":"polygon.broadcast.failed","message":"Unable to broadcast transaction.","cause":"INTERNAL_ERROR: insufficient funds [-32000]","dashboardLog":"https://dashboard.tatum.io/logs?id=687bb5bca4d4642b6771984d"}
2025-07-19 15:11:58 - tatum_helper - ERROR - Tatum API error: 403, {"statusCode":403,"errorCode":"polygon.tx.preparation","message":"Transaction preparation failure.","cause":"Returned error: insufficient funds for transfer","dashboardLog":"https://dashboard.tatum.io/logs?id=687bb5be9d56841a06d4b0d5"}
2025-07-19 15:31:53 - tatum_helper - DEBUG - Logger initialized for tatum_helper at level DEBUG
2025-07-19 15:31:53 - tatum_helper - DEBUG - Logger initialized for tatum_helper at level DEBUG
2025-07-19 15:31:53 - tatum_helper - DEBUG - Logger initialized for tatum_helper at level DEBUG
2025-07-19 15:38:34 - tatum_helper - DEBUG - Logger initialized for tatum_helper at level DEBUG
2025-07-19 15:38:34 - tatum_helper - DEBUG - Logger initialized for tatum_helper at level DEBUG
2025-07-19 15:38:35 - tatum_helper - DEBUG - Logger initialized for tatum_helper at level DEBUG
2025-07-19 15:39:48 - tatum_helper - ERROR - Tatum API error: 403, {"statusCode":403,"errorCode":"polygon.broadcast.failed","message":"Unable to broadcast transaction.","cause":"INTERNAL_ERROR: insufficient funds [-32000]","dashboardLog":"https://dashboard.tatum.io/logs?id=687bbc44600c176cad214850"}
2025-07-19 15:39:50 - tatum_helper - ERROR - Tatum API error: 403, {"statusCode":403,"errorCode":"polygon.tx.preparation","message":"Transaction preparation failure.","cause":"Returned error: insufficient funds for transfer","dashboardLog":"https://dashboard.tatum.io/logs?id=687bbc461628e032e3119207"}
2025-07-19 15:39:53 - tatum_helper - ERROR - Tatum API error: 403, {"statusCode":403,"errorCode":"polygon.broadcast.failed","message":"Unable to broadcast transaction.","cause":"INTERNAL_ERROR: insufficient funds [-32000]","dashboardLog":"https://dashboard.tatum.io/logs?id=687bbc4915c99df3b791fa1d"}
2025-07-19 15:39:54 - tatum_helper - ERROR - Tatum API error: 403, {"statusCode":403,"errorCode":"polygon.tx.preparation","message":"Transaction preparation failure.","cause":"Returned error: insufficient funds for transfer","dashboardLog":"https://dashboard.tatum.io/logs?id=687bbc4a337d6b2911a7f395"}
2025-07-19 15:39:57 - tatum_helper - ERROR - Tatum API error: 403, {"statusCode":403,"errorCode":"polygon.broadcast.failed","message":"Unable to broadcast transaction.","cause":"INTERNAL_ERROR: insufficient funds [-32000]","dashboardLog":"https://dashboard.tatum.io/logs?id=687bbc4d15c99df3b791fa26"}
2025-07-19 15:39:58 - tatum_helper - ERROR - Tatum API error: 403, {"statusCode":403,"errorCode":"polygon.tx.preparation","message":"Transaction preparation failure.","cause":"Returned error: insufficient funds for transfer","dashboardLog":"https://dashboard.tatum.io/logs?id=687bbc4e337d6b2911a7f39e"}
2025-07-19 15:52:02 - tatum_helper - ERROR - Tatum API error: 403, {"statusCode":403,"errorCode":"polygon.broadcast.failed","message":"Unable to broadcast transaction.","cause":"INTERNAL_ERROR: insufficient funds [-32000]","dashboardLog":"https://dashboard.tatum.io/logs?id=687bbf22d7428c89073400ce"}
2025-07-19 15:52:03 - tatum_helper - ERROR - Tatum API error: 403, {"statusCode":403,"errorCode":"polygon.tx.preparation","message":"Transaction preparation failure.","cause":"Returned error: insufficient funds for transfer","dashboardLog":"https://dashboard.tatum.io/logs?id=687bbf2336e3f52c32adb177"}
2025-07-19 15:52:06 - tatum_helper - ERROR - Tatum API error: 403, {"statusCode":403,"errorCode":"polygon.broadcast.failed","message":"Unable to broadcast transaction.","cause":"INTERNAL_ERROR: insufficient funds [-32000]","dashboardLog":"https://dashboard.tatum.io/logs?id=687bbf26337d6b2911a7f746"}
2025-07-19 15:52:07 - tatum_helper - ERROR - Tatum API error: 403, {"statusCode":403,"errorCode":"polygon.tx.preparation","message":"Transaction preparation failure.","cause":"Returned error: insufficient funds for transfer","dashboardLog":"https://dashboard.tatum.io/logs?id=687bbf27600c176cad214bd2"}
2025-07-19 15:52:10 - tatum_helper - ERROR - Tatum API error: 403, {"statusCode":403,"errorCode":"polygon.broadcast.failed","message":"Unable to broadcast transaction.","cause":"INTERNAL_ERROR: insufficient funds [-32000]","dashboardLog":"https://dashboard.tatum.io/logs?id=687bbf2a337d6b2911a7f74d"}
2025-07-19 15:52:11 - tatum_helper - ERROR - Tatum API error: 403, {"statusCode":403,"errorCode":"polygon.tx.preparation","message":"Transaction preparation failure.","cause":"Returned error: insufficient funds for transfer","dashboardLog":"https://dashboard.tatum.io/logs?id=687bbf2b9840217ebda64c86"}
2025-07-19 15:55:25 - tatum_helper - DEBUG - Logger initialized for tatum_helper at level DEBUG
2025-07-19 15:55:25 - tatum_helper - DEBUG - Logger initialized for tatum_helper at level DEBUG
2025-07-19 15:55:25 - tatum_helper - DEBUG - Logger initialized for tatum_helper at level DEBUG
2025-07-19 16:06:30 - tatum_helper - DEBUG - Logger initialized for tatum_helper at level DEBUG
2025-07-19 16:06:31 - tatum_helper - DEBUG - Logger initialized for tatum_helper at level DEBUG
2025-07-19 16:06:31 - tatum_helper - DEBUG - Logger initialized for tatum_helper at level DEBUG
2025-07-19 19:29:32 - tatum_helper - DEBUG - Logger initialized for tatum_helper at level DEBUG
2025-07-19 19:29:44 - tatum_helper - DEBUG - Logger initialized for tatum_helper at level DEBUG
2025-07-19 19:29:58 - tatum_helper - DEBUG - Logger initialized for tatum_helper at level DEBUG
