2025-07-19 11:36:57 - tron_service - DEBUG - Logger initialized for tron_service at level DEBUG
2025-07-19 11:36:57 - tron_service - WARNING - TRON_NODE_URL environment variable is not set. Using default TRON node: https://api.trongrid.io
2025-07-19 11:36:57 - tron_service - ERROR - Failed to initialize TRON client: __init__() got an unexpected keyword argument 'provider_url'
2025-07-19 11:36:57 - tron_service - INFO - Tatum helper initialized for TRON service
2025-07-19 11:36:57 - tron_service - WARNING - TRON_NODE_URL environment variable is not set. Using default TRON node: https://api.trongrid.io
2025-07-19 11:36:57 - tron_service - ERROR - Failed to initialize TRON client: __init__() got an unexpected keyword argument 'provider_url'
2025-07-19 11:36:57 - tron_service - INFO - Tatum helper initialized for TRON service
2025-07-19 11:36:57 - tron_service - DEBUG - Logger initialized for tron_service at level DEBUG
2025-07-19 11:36:57 - tron_service - WARNING - TRON_NODE_URL environment variable is not set. Using default TRON node: https://api.trongrid.io
2025-07-19 11:36:57 - tron_service - ERROR - Failed to initialize TRON client: __init__() got an unexpected keyword argument 'provider_url'
2025-07-19 11:36:57 - tron_service - INFO - Tatum helper initialized for TRON service
2025-07-19 11:36:57 - tron_service - WARNING - TRON_NODE_URL environment variable is not set. Using default TRON node: https://api.trongrid.io
2025-07-19 11:36:57 - tron_service - ERROR - Failed to initialize TRON client: __init__() got an unexpected keyword argument 'provider_url'
2025-07-19 11:36:57 - tron_service - INFO - Tatum helper initialized for TRON service
2025-07-19 11:36:58 - tron_service - DEBUG - Logger initialized for tron_service at level DEBUG
2025-07-19 11:36:58 - tron_service - WARNING - TRON_NODE_URL environment variable is not set. Using default TRON node: https://api.trongrid.io
2025-07-19 11:36:58 - tron_service - ERROR - Failed to initialize TRON client: __init__() got an unexpected keyword argument 'provider_url'
2025-07-19 11:36:58 - tron_service - INFO - Tatum helper initialized for TRON service
2025-07-19 11:36:58 - tron_service - WARNING - TRON_NODE_URL environment variable is not set. Using default TRON node: https://api.trongrid.io
2025-07-19 11:36:58 - tron_service - ERROR - Failed to initialize TRON client: __init__() got an unexpected keyword argument 'provider_url'
2025-07-19 11:36:58 - tron_service - INFO - Tatum helper initialized for TRON service
2025-07-19 11:36:59 - tron_service - WARNING - TRON_NODE_URL environment variable is not set. Using default TRON node: https://api.trongrid.io
2025-07-19 11:36:59 - tron_service - ERROR - Failed to initialize TRON client: __init__() got an unexpected keyword argument 'provider_url'
2025-07-19 11:37:00 - tron_service - WARNING - TRON_NODE_URL environment variable is not set. Using default TRON node: https://api.trongrid.io
2025-07-19 11:37:00 - tron_service - ERROR - Failed to initialize TRON client: __init__() got an unexpected keyword argument 'provider_url'
2025-07-19 11:37:00 - tron_service - WARNING - TRON_NODE_URL environment variable is not set. Using default TRON node: https://api.trongrid.io
2025-07-19 11:37:00 - tron_service - ERROR - Failed to initialize TRON client: __init__() got an unexpected keyword argument 'provider_url'
2025-07-19 11:43:09 - tron_service - DEBUG - Logger initialized for tron_service at level DEBUG
2025-07-19 11:43:09 - tron_service - WARNING - TRON_NODE_URL environment variable is not set. Using default TRON node: https://api.trongrid.io
2025-07-19 11:43:09 - tron_service - ERROR - Failed to initialize TRON client: __init__() got an unexpected keyword argument 'provider_url'
2025-07-19 11:43:09 - tron_service - INFO - Tatum helper initialized for TRON service
2025-07-19 11:43:09 - tron_service - WARNING - TRON_NODE_URL environment variable is not set. Using default TRON node: https://api.trongrid.io
2025-07-19 11:43:09 - tron_service - ERROR - Failed to initialize TRON client: __init__() got an unexpected keyword argument 'provider_url'
2025-07-19 11:43:09 - tron_service - INFO - Tatum helper initialized for TRON service
2025-07-19 11:43:09 - tron_service - DEBUG - Logger initialized for tron_service at level DEBUG
2025-07-19 11:43:09 - tron_service - WARNING - TRON_NODE_URL environment variable is not set. Using default TRON node: https://api.trongrid.io
2025-07-19 11:43:09 - tron_service - ERROR - Failed to initialize TRON client: __init__() got an unexpected keyword argument 'provider_url'
2025-07-19 11:43:09 - tron_service - INFO - Tatum helper initialized for TRON service
2025-07-19 11:43:09 - tron_service - WARNING - TRON_NODE_URL environment variable is not set. Using default TRON node: https://api.trongrid.io
2025-07-19 11:43:09 - tron_service - ERROR - Failed to initialize TRON client: __init__() got an unexpected keyword argument 'provider_url'
2025-07-19 11:43:09 - tron_service - INFO - Tatum helper initialized for TRON service
2025-07-19 11:43:09 - tron_service - DEBUG - Logger initialized for tron_service at level DEBUG
2025-07-19 11:43:09 - tron_service - WARNING - TRON_NODE_URL environment variable is not set. Using default TRON node: https://api.trongrid.io
2025-07-19 11:43:09 - tron_service - ERROR - Failed to initialize TRON client: __init__() got an unexpected keyword argument 'provider_url'
2025-07-19 11:43:09 - tron_service - INFO - Tatum helper initialized for TRON service
2025-07-19 11:43:09 - tron_service - WARNING - TRON_NODE_URL environment variable is not set. Using default TRON node: https://api.trongrid.io
2025-07-19 11:43:09 - tron_service - ERROR - Failed to initialize TRON client: __init__() got an unexpected keyword argument 'provider_url'
2025-07-19 11:43:09 - tron_service - INFO - Tatum helper initialized for TRON service
2025-07-19 11:43:11 - tron_service - WARNING - TRON_NODE_URL environment variable is not set. Using default TRON node: https://api.trongrid.io
2025-07-19 11:43:11 - tron_service - ERROR - Failed to initialize TRON client: __init__() got an unexpected keyword argument 'provider_url'
2025-07-19 11:43:11 - tron_service - WARNING - TRON_NODE_URL environment variable is not set. Using default TRON node: https://api.trongrid.io
2025-07-19 11:43:11 - tron_service - ERROR - Failed to initialize TRON client: __init__() got an unexpected keyword argument 'provider_url'
2025-07-19 11:43:11 - tron_service - WARNING - TRON_NODE_URL environment variable is not set. Using default TRON node: https://api.trongrid.io
2025-07-19 11:43:11 - tron_service - ERROR - Failed to initialize TRON client: __init__() got an unexpected keyword argument 'provider_url'
2025-07-19 11:57:44 - tron_service - DEBUG - Logger initialized for tron_service at level DEBUG
2025-07-19 11:57:44 - tron_service - WARNING - TRON_NODE_URL environment variable is not set. Using default TRON node: https://api.trongrid.io
2025-07-19 11:57:44 - tron_service - ERROR - Failed to initialize TRON client: __init__() got an unexpected keyword argument 'provider_url'
2025-07-19 11:57:44 - tron_service - INFO - Tatum helper initialized for TRON service
2025-07-19 11:57:44 - tron_service - WARNING - TRON_NODE_URL environment variable is not set. Using default TRON node: https://api.trongrid.io
2025-07-19 11:57:44 - tron_service - ERROR - Failed to initialize TRON client: __init__() got an unexpected keyword argument 'provider_url'
2025-07-19 11:57:44 - tron_service - INFO - Tatum helper initialized for TRON service
2025-07-19 11:57:44 - tron_service - DEBUG - Logger initialized for tron_service at level DEBUG
2025-07-19 11:57:44 - tron_service - WARNING - TRON_NODE_URL environment variable is not set. Using default TRON node: https://api.trongrid.io
2025-07-19 11:57:44 - tron_service - ERROR - Failed to initialize TRON client: __init__() got an unexpected keyword argument 'provider_url'
2025-07-19 11:57:44 - tron_service - INFO - Tatum helper initialized for TRON service
2025-07-19 11:57:44 - tron_service - WARNING - TRON_NODE_URL environment variable is not set. Using default TRON node: https://api.trongrid.io
2025-07-19 11:57:44 - tron_service - ERROR - Failed to initialize TRON client: __init__() got an unexpected keyword argument 'provider_url'
2025-07-19 11:57:44 - tron_service - INFO - Tatum helper initialized for TRON service
2025-07-19 11:57:44 - tron_service - DEBUG - Logger initialized for tron_service at level DEBUG
2025-07-19 11:57:44 - tron_service - WARNING - TRON_NODE_URL environment variable is not set. Using default TRON node: https://api.trongrid.io
2025-07-19 11:57:44 - tron_service - ERROR - Failed to initialize TRON client: __init__() got an unexpected keyword argument 'provider_url'
2025-07-19 11:57:44 - tron_service - INFO - Tatum helper initialized for TRON service
2025-07-19 11:57:44 - tron_service - WARNING - TRON_NODE_URL environment variable is not set. Using default TRON node: https://api.trongrid.io
2025-07-19 11:57:44 - tron_service - ERROR - Failed to initialize TRON client: __init__() got an unexpected keyword argument 'provider_url'
2025-07-19 11:57:44 - tron_service - INFO - Tatum helper initialized for TRON service
2025-07-19 11:57:46 - tron_service - WARNING - TRON_NODE_URL environment variable is not set. Using default TRON node: https://api.trongrid.io
2025-07-19 11:57:46 - tron_service - ERROR - Failed to initialize TRON client: __init__() got an unexpected keyword argument 'provider_url'
2025-07-19 11:57:46 - tron_service - WARNING - TRON_NODE_URL environment variable is not set. Using default TRON node: https://api.trongrid.io
2025-07-19 11:57:46 - tron_service - ERROR - Failed to initialize TRON client: __init__() got an unexpected keyword argument 'provider_url'
2025-07-19 11:57:46 - tron_service - WARNING - TRON_NODE_URL environment variable is not set. Using default TRON node: https://api.trongrid.io
2025-07-19 11:57:46 - tron_service - ERROR - Failed to initialize TRON client: __init__() got an unexpected keyword argument 'provider_url'
2025-07-19 12:03:44 - tron_service - DEBUG - Logger initialized for tron_service at level DEBUG
2025-07-19 12:03:44 - tron_service - WARNING - TRON_NODE_URL environment variable is not set. Using default TRON node: https://api.trongrid.io
2025-07-19 12:03:44 - tron_service - ERROR - Failed to initialize TRON client: __init__() got an unexpected keyword argument 'provider_url'
2025-07-19 12:03:44 - tron_service - INFO - Tatum helper initialized for TRON service
2025-07-19 12:03:44 - tron_service - WARNING - TRON_NODE_URL environment variable is not set. Using default TRON node: https://api.trongrid.io
2025-07-19 12:03:44 - tron_service - ERROR - Failed to initialize TRON client: __init__() got an unexpected keyword argument 'provider_url'
2025-07-19 12:03:44 - tron_service - INFO - Tatum helper initialized for TRON service
2025-07-19 12:03:44 - tron_service - DEBUG - Logger initialized for tron_service at level DEBUG
2025-07-19 12:03:44 - tron_service - WARNING - TRON_NODE_URL environment variable is not set. Using default TRON node: https://api.trongrid.io
2025-07-19 12:03:44 - tron_service - ERROR - Failed to initialize TRON client: __init__() got an unexpected keyword argument 'provider_url'
2025-07-19 12:03:44 - tron_service - INFO - Tatum helper initialized for TRON service
2025-07-19 12:03:44 - tron_service - WARNING - TRON_NODE_URL environment variable is not set. Using default TRON node: https://api.trongrid.io
2025-07-19 12:03:44 - tron_service - ERROR - Failed to initialize TRON client: __init__() got an unexpected keyword argument 'provider_url'
2025-07-19 12:03:44 - tron_service - INFO - Tatum helper initialized for TRON service
2025-07-19 12:03:45 - tron_service - DEBUG - Logger initialized for tron_service at level DEBUG
2025-07-19 12:03:45 - tron_service - WARNING - TRON_NODE_URL environment variable is not set. Using default TRON node: https://api.trongrid.io
2025-07-19 12:03:45 - tron_service - ERROR - Failed to initialize TRON client: __init__() got an unexpected keyword argument 'provider_url'
2025-07-19 12:03:45 - tron_service - INFO - Tatum helper initialized for TRON service
2025-07-19 12:03:45 - tron_service - WARNING - TRON_NODE_URL environment variable is not set. Using default TRON node: https://api.trongrid.io
2025-07-19 12:03:45 - tron_service - ERROR - Failed to initialize TRON client: __init__() got an unexpected keyword argument 'provider_url'
2025-07-19 12:03:45 - tron_service - INFO - Tatum helper initialized for TRON service
2025-07-19 12:03:47 - tron_service - WARNING - TRON_NODE_URL environment variable is not set. Using default TRON node: https://api.trongrid.io
2025-07-19 12:03:47 - tron_service - ERROR - Failed to initialize TRON client: __init__() got an unexpected keyword argument 'provider_url'
2025-07-19 12:03:47 - tron_service - WARNING - TRON_NODE_URL environment variable is not set. Using default TRON node: https://api.trongrid.io
2025-07-19 12:03:47 - tron_service - ERROR - Failed to initialize TRON client: __init__() got an unexpected keyword argument 'provider_url'
2025-07-19 12:03:48 - tron_service - WARNING - TRON_NODE_URL environment variable is not set. Using default TRON node: https://api.trongrid.io
2025-07-19 12:03:48 - tron_service - ERROR - Failed to initialize TRON client: __init__() got an unexpected keyword argument 'provider_url'
2025-07-19 12:12:42 - tron_service - DEBUG - Logger initialized for tron_service at level DEBUG
2025-07-19 12:12:42 - tron_service - WARNING - TRON_NODE_URL environment variable is not set. Using default TRON node: https://api.trongrid.io
2025-07-19 12:12:42 - tron_service - ERROR - Failed to initialize TRON client: __init__() got an unexpected keyword argument 'provider_url'
2025-07-19 12:12:42 - tron_service - INFO - Tatum helper initialized for TRON service
2025-07-19 12:12:42 - tron_service - WARNING - TRON_NODE_URL environment variable is not set. Using default TRON node: https://api.trongrid.io
2025-07-19 12:12:42 - tron_service - ERROR - Failed to initialize TRON client: __init__() got an unexpected keyword argument 'provider_url'
2025-07-19 12:12:42 - tron_service - INFO - Tatum helper initialized for TRON service
2025-07-19 12:13:41 - tron_service - DEBUG - Logger initialized for tron_service at level DEBUG
2025-07-19 12:13:41 - tron_service - WARNING - TRON_NODE_URL environment variable is not set. Using default TRON node: https://api.trongrid.io
2025-07-19 12:13:41 - tron_service - ERROR - Failed to initialize TRON client: __init__() got an unexpected keyword argument 'provider_url'
2025-07-19 12:13:41 - tron_service - INFO - Tatum helper initialized for TRON service
2025-07-19 12:13:41 - tron_service - WARNING - TRON_NODE_URL environment variable is not set. Using default TRON node: https://api.trongrid.io
2025-07-19 12:13:41 - tron_service - ERROR - Failed to initialize TRON client: __init__() got an unexpected keyword argument 'provider_url'
2025-07-19 12:13:41 - tron_service - INFO - Tatum helper initialized for TRON service
2025-07-19 12:16:37 - tron_service - DEBUG - Logger initialized for tron_service at level DEBUG
2025-07-19 12:16:37 - tron_service - WARNING - TRON_NODE_URL environment variable is not set. Using default TRON node: https://api.trongrid.io
2025-07-19 12:16:37 - tron_service - ERROR - Failed to initialize TRON client: __init__() got an unexpected keyword argument 'provider_url'
2025-07-19 12:16:37 - tron_service - INFO - Tatum helper initialized for TRON service
2025-07-19 12:16:37 - tron_service - WARNING - TRON_NODE_URL environment variable is not set. Using default TRON node: https://api.trongrid.io
2025-07-19 12:16:37 - tron_service - ERROR - Failed to initialize TRON client: __init__() got an unexpected keyword argument 'provider_url'
2025-07-19 12:16:37 - tron_service - INFO - Tatum helper initialized for TRON service
2025-07-19 12:16:38 - tron_service - DEBUG - Logger initialized for tron_service at level DEBUG
2025-07-19 12:16:38 - tron_service - WARNING - TRON_NODE_URL environment variable is not set. Using default TRON node: https://api.trongrid.io
2025-07-19 12:16:38 - tron_service - ERROR - Failed to initialize TRON client: __init__() got an unexpected keyword argument 'provider_url'
2025-07-19 12:16:38 - tron_service - INFO - Tatum helper initialized for TRON service
2025-07-19 12:16:38 - tron_service - WARNING - TRON_NODE_URL environment variable is not set. Using default TRON node: https://api.trongrid.io
2025-07-19 12:16:38 - tron_service - ERROR - Failed to initialize TRON client: __init__() got an unexpected keyword argument 'provider_url'
2025-07-19 12:16:38 - tron_service - INFO - Tatum helper initialized for TRON service
2025-07-19 12:16:38 - tron_service - DEBUG - Logger initialized for tron_service at level DEBUG
2025-07-19 12:16:38 - tron_service - WARNING - TRON_NODE_URL environment variable is not set. Using default TRON node: https://api.trongrid.io
2025-07-19 12:16:38 - tron_service - ERROR - Failed to initialize TRON client: __init__() got an unexpected keyword argument 'provider_url'
2025-07-19 12:16:38 - tron_service - INFO - Tatum helper initialized for TRON service
2025-07-19 12:16:38 - tron_service - WARNING - TRON_NODE_URL environment variable is not set. Using default TRON node: https://api.trongrid.io
2025-07-19 12:16:38 - tron_service - ERROR - Failed to initialize TRON client: __init__() got an unexpected keyword argument 'provider_url'
2025-07-19 12:16:38 - tron_service - INFO - Tatum helper initialized for TRON service
2025-07-19 12:16:39 - tron_service - WARNING - TRON_NODE_URL environment variable is not set. Using default TRON node: https://api.trongrid.io
2025-07-19 12:16:39 - tron_service - ERROR - Failed to initialize TRON client: __init__() got an unexpected keyword argument 'provider_url'
2025-07-19 12:16:41 - tron_service - WARNING - TRON_NODE_URL environment variable is not set. Using default TRON node: https://api.trongrid.io
2025-07-19 12:16:41 - tron_service - ERROR - Failed to initialize TRON client: __init__() got an unexpected keyword argument 'provider_url'
2025-07-19 12:16:41 - tron_service - WARNING - TRON_NODE_URL environment variable is not set. Using default TRON node: https://api.trongrid.io
2025-07-19 12:16:41 - tron_service - ERROR - Failed to initialize TRON client: __init__() got an unexpected keyword argument 'provider_url'
2025-07-19 12:22:26 - tron_service - DEBUG - Logger initialized for tron_service at level DEBUG
2025-07-19 12:22:26 - tron_service - WARNING - TRON_NODE_URL environment variable is not set. Using default TRON node: https://api.trongrid.io
2025-07-19 12:22:26 - tron_service - ERROR - Failed to initialize TRON client: __init__() got an unexpected keyword argument 'provider_url'
2025-07-19 12:22:26 - tron_service - INFO - Tatum helper initialized for TRON service
2025-07-19 12:22:26 - tron_service - WARNING - TRON_NODE_URL environment variable is not set. Using default TRON node: https://api.trongrid.io
2025-07-19 12:22:26 - tron_service - ERROR - Failed to initialize TRON client: __init__() got an unexpected keyword argument 'provider_url'
2025-07-19 12:22:26 - tron_service - INFO - Tatum helper initialized for TRON service
2025-07-19 12:22:26 - tron_service - DEBUG - Logger initialized for tron_service at level DEBUG
2025-07-19 12:22:26 - tron_service - WARNING - TRON_NODE_URL environment variable is not set. Using default TRON node: https://api.trongrid.io
2025-07-19 12:22:26 - tron_service - ERROR - Failed to initialize TRON client: __init__() got an unexpected keyword argument 'provider_url'
2025-07-19 12:22:26 - tron_service - INFO - Tatum helper initialized for TRON service
2025-07-19 12:22:26 - tron_service - WARNING - TRON_NODE_URL environment variable is not set. Using default TRON node: https://api.trongrid.io
2025-07-19 12:22:26 - tron_service - ERROR - Failed to initialize TRON client: __init__() got an unexpected keyword argument 'provider_url'
2025-07-19 12:22:26 - tron_service - INFO - Tatum helper initialized for TRON service
2025-07-19 12:22:26 - tron_service - DEBUG - Logger initialized for tron_service at level DEBUG
2025-07-19 12:22:26 - tron_service - WARNING - TRON_NODE_URL environment variable is not set. Using default TRON node: https://api.trongrid.io
2025-07-19 12:22:26 - tron_service - ERROR - Failed to initialize TRON client: __init__() got an unexpected keyword argument 'provider_url'
2025-07-19 12:22:26 - tron_service - INFO - Tatum helper initialized for TRON service
2025-07-19 12:22:26 - tron_service - WARNING - TRON_NODE_URL environment variable is not set. Using default TRON node: https://api.trongrid.io
2025-07-19 12:22:26 - tron_service - ERROR - Failed to initialize TRON client: __init__() got an unexpected keyword argument 'provider_url'
2025-07-19 12:22:26 - tron_service - INFO - Tatum helper initialized for TRON service
2025-07-19 12:22:28 - tron_service - WARNING - TRON_NODE_URL environment variable is not set. Using default TRON node: https://api.trongrid.io
2025-07-19 12:22:28 - tron_service - ERROR - Failed to initialize TRON client: __init__() got an unexpected keyword argument 'provider_url'
2025-07-19 12:22:29 - tron_service - WARNING - TRON_NODE_URL environment variable is not set. Using default TRON node: https://api.trongrid.io
2025-07-19 12:22:29 - tron_service - ERROR - Failed to initialize TRON client: __init__() got an unexpected keyword argument 'provider_url'
2025-07-19 12:22:29 - tron_service - WARNING - TRON_NODE_URL environment variable is not set. Using default TRON node: https://api.trongrid.io
2025-07-19 12:22:29 - tron_service - ERROR - Failed to initialize TRON client: __init__() got an unexpected keyword argument 'provider_url'
2025-07-19 14:24:17 - tron_service - DEBUG - Logger initialized for tron_service at level DEBUG
2025-07-19 14:24:17 - tron_service - WARNING - TRON_NODE_URL environment variable is not set. Using default TRON node: https://api.trongrid.io
2025-07-19 14:24:17 - tron_service - ERROR - Failed to initialize TRON client: __init__() got an unexpected keyword argument 'provider_url'
2025-07-19 14:24:17 - tron_service - INFO - Tatum helper initialized for TRON service
2025-07-19 14:24:17 - tron_service - WARNING - TRON_NODE_URL environment variable is not set. Using default TRON node: https://api.trongrid.io
2025-07-19 14:24:17 - tron_service - ERROR - Failed to initialize TRON client: __init__() got an unexpected keyword argument 'provider_url'
2025-07-19 14:24:17 - tron_service - INFO - Tatum helper initialized for TRON service
2025-07-19 14:24:17 - tron_service - DEBUG - Logger initialized for tron_service at level DEBUG
2025-07-19 14:24:17 - tron_service - WARNING - TRON_NODE_URL environment variable is not set. Using default TRON node: https://api.trongrid.io
2025-07-19 14:24:17 - tron_service - ERROR - Failed to initialize TRON client: __init__() got an unexpected keyword argument 'provider_url'
2025-07-19 14:24:17 - tron_service - INFO - Tatum helper initialized for TRON service
2025-07-19 14:24:17 - tron_service - WARNING - TRON_NODE_URL environment variable is not set. Using default TRON node: https://api.trongrid.io
2025-07-19 14:24:17 - tron_service - ERROR - Failed to initialize TRON client: __init__() got an unexpected keyword argument 'provider_url'
2025-07-19 14:24:17 - tron_service - INFO - Tatum helper initialized for TRON service
2025-07-19 14:24:17 - tron_service - DEBUG - Logger initialized for tron_service at level DEBUG
2025-07-19 14:24:17 - tron_service - WARNING - TRON_NODE_URL environment variable is not set. Using default TRON node: https://api.trongrid.io
2025-07-19 14:24:17 - tron_service - ERROR - Failed to initialize TRON client: __init__() got an unexpected keyword argument 'provider_url'
2025-07-19 14:24:17 - tron_service - INFO - Tatum helper initialized for TRON service
2025-07-19 14:24:17 - tron_service - WARNING - TRON_NODE_URL environment variable is not set. Using default TRON node: https://api.trongrid.io
2025-07-19 14:24:17 - tron_service - ERROR - Failed to initialize TRON client: __init__() got an unexpected keyword argument 'provider_url'
2025-07-19 14:24:17 - tron_service - INFO - Tatum helper initialized for TRON service
2025-07-19 14:24:19 - tron_service - WARNING - TRON_NODE_URL environment variable is not set. Using default TRON node: https://api.trongrid.io
2025-07-19 14:24:19 - tron_service - ERROR - Failed to initialize TRON client: __init__() got an unexpected keyword argument 'provider_url'
2025-07-19 14:24:20 - tron_service - WARNING - TRON_NODE_URL environment variable is not set. Using default TRON node: https://api.trongrid.io
2025-07-19 14:24:20 - tron_service - ERROR - Failed to initialize TRON client: __init__() got an unexpected keyword argument 'provider_url'
2025-07-19 14:24:20 - tron_service - WARNING - TRON_NODE_URL environment variable is not set. Using default TRON node: https://api.trongrid.io
2025-07-19 14:24:20 - tron_service - ERROR - Failed to initialize TRON client: __init__() got an unexpected keyword argument 'provider_url'
2025-07-19 15:31:53 - tron_service - DEBUG - Logger initialized for tron_service at level DEBUG
2025-07-19 15:31:53 - tron_service - WARNING - TRON_NODE_URL environment variable is not set. Using default TRON node: https://api.trongrid.io
2025-07-19 15:31:53 - tron_service - ERROR - Failed to initialize TRON client: __init__() got an unexpected keyword argument 'provider_url'
2025-07-19 15:31:53 - tron_service - INFO - Tatum helper initialized for TRON service
2025-07-19 15:31:53 - tron_service - WARNING - TRON_NODE_URL environment variable is not set. Using default TRON node: https://api.trongrid.io
2025-07-19 15:31:53 - tron_service - ERROR - Failed to initialize TRON client: __init__() got an unexpected keyword argument 'provider_url'
2025-07-19 15:31:53 - tron_service - INFO - Tatum helper initialized for TRON service
2025-07-19 15:31:53 - tron_service - DEBUG - Logger initialized for tron_service at level DEBUG
2025-07-19 15:31:53 - tron_service - WARNING - TRON_NODE_URL environment variable is not set. Using default TRON node: https://api.trongrid.io
2025-07-19 15:31:53 - tron_service - ERROR - Failed to initialize TRON client: __init__() got an unexpected keyword argument 'provider_url'
2025-07-19 15:31:53 - tron_service - INFO - Tatum helper initialized for TRON service
2025-07-19 15:31:53 - tron_service - WARNING - TRON_NODE_URL environment variable is not set. Using default TRON node: https://api.trongrid.io
2025-07-19 15:31:53 - tron_service - ERROR - Failed to initialize TRON client: __init__() got an unexpected keyword argument 'provider_url'
2025-07-19 15:31:53 - tron_service - INFO - Tatum helper initialized for TRON service
2025-07-19 15:31:53 - tron_service - DEBUG - Logger initialized for tron_service at level DEBUG
2025-07-19 15:31:53 - tron_service - WARNING - TRON_NODE_URL environment variable is not set. Using default TRON node: https://api.trongrid.io
2025-07-19 15:31:53 - tron_service - ERROR - Failed to initialize TRON client: __init__() got an unexpected keyword argument 'provider_url'
2025-07-19 15:31:53 - tron_service - INFO - Tatum helper initialized for TRON service
2025-07-19 15:31:53 - tron_service - WARNING - TRON_NODE_URL environment variable is not set. Using default TRON node: https://api.trongrid.io
2025-07-19 15:31:53 - tron_service - ERROR - Failed to initialize TRON client: __init__() got an unexpected keyword argument 'provider_url'
2025-07-19 15:31:53 - tron_service - INFO - Tatum helper initialized for TRON service
2025-07-19 15:31:56 - tron_service - WARNING - TRON_NODE_URL environment variable is not set. Using default TRON node: https://api.trongrid.io
2025-07-19 15:31:56 - tron_service - ERROR - Failed to initialize TRON client: __init__() got an unexpected keyword argument 'provider_url'
2025-07-19 15:31:56 - tron_service - WARNING - TRON_NODE_URL environment variable is not set. Using default TRON node: https://api.trongrid.io
2025-07-19 15:31:56 - tron_service - ERROR - Failed to initialize TRON client: __init__() got an unexpected keyword argument 'provider_url'
2025-07-19 15:31:56 - tron_service - WARNING - TRON_NODE_URL environment variable is not set. Using default TRON node: https://api.trongrid.io
2025-07-19 15:31:56 - tron_service - ERROR - Failed to initialize TRON client: __init__() got an unexpected keyword argument 'provider_url'
2025-07-19 15:38:34 - tron_service - DEBUG - Logger initialized for tron_service at level DEBUG
2025-07-19 15:38:34 - tron_service - WARNING - TRON_NODE_URL environment variable is not set. Using default TRON node: https://api.trongrid.io
2025-07-19 15:38:34 - tron_service - ERROR - Failed to initialize TRON client: __init__() got an unexpected keyword argument 'provider_url'
2025-07-19 15:38:34 - tron_service - INFO - Tatum helper initialized for TRON service
2025-07-19 15:38:34 - tron_service - WARNING - TRON_NODE_URL environment variable is not set. Using default TRON node: https://api.trongrid.io
2025-07-19 15:38:34 - tron_service - ERROR - Failed to initialize TRON client: __init__() got an unexpected keyword argument 'provider_url'
2025-07-19 15:38:34 - tron_service - INFO - Tatum helper initialized for TRON service
2025-07-19 15:38:34 - tron_service - DEBUG - Logger initialized for tron_service at level DEBUG
2025-07-19 15:38:34 - tron_service - WARNING - TRON_NODE_URL environment variable is not set. Using default TRON node: https://api.trongrid.io
2025-07-19 15:38:34 - tron_service - ERROR - Failed to initialize TRON client: __init__() got an unexpected keyword argument 'provider_url'
2025-07-19 15:38:34 - tron_service - INFO - Tatum helper initialized for TRON service
2025-07-19 15:38:34 - tron_service - WARNING - TRON_NODE_URL environment variable is not set. Using default TRON node: https://api.trongrid.io
2025-07-19 15:38:34 - tron_service - ERROR - Failed to initialize TRON client: __init__() got an unexpected keyword argument 'provider_url'
2025-07-19 15:38:34 - tron_service - INFO - Tatum helper initialized for TRON service
2025-07-19 15:38:35 - tron_service - DEBUG - Logger initialized for tron_service at level DEBUG
2025-07-19 15:38:35 - tron_service - WARNING - TRON_NODE_URL environment variable is not set. Using default TRON node: https://api.trongrid.io
2025-07-19 15:38:35 - tron_service - ERROR - Failed to initialize TRON client: __init__() got an unexpected keyword argument 'provider_url'
2025-07-19 15:38:35 - tron_service - INFO - Tatum helper initialized for TRON service
2025-07-19 15:38:35 - tron_service - WARNING - TRON_NODE_URL environment variable is not set. Using default TRON node: https://api.trongrid.io
2025-07-19 15:38:35 - tron_service - ERROR - Failed to initialize TRON client: __init__() got an unexpected keyword argument 'provider_url'
2025-07-19 15:38:35 - tron_service - INFO - Tatum helper initialized for TRON service
2025-07-19 15:38:37 - tron_service - WARNING - TRON_NODE_URL environment variable is not set. Using default TRON node: https://api.trongrid.io
2025-07-19 15:38:37 - tron_service - ERROR - Failed to initialize TRON client: __init__() got an unexpected keyword argument 'provider_url'
2025-07-19 15:38:37 - tron_service - WARNING - TRON_NODE_URL environment variable is not set. Using default TRON node: https://api.trongrid.io
2025-07-19 15:38:37 - tron_service - ERROR - Failed to initialize TRON client: __init__() got an unexpected keyword argument 'provider_url'
2025-07-19 15:38:37 - tron_service - WARNING - TRON_NODE_URL environment variable is not set. Using default TRON node: https://api.trongrid.io
2025-07-19 15:38:37 - tron_service - ERROR - Failed to initialize TRON client: __init__() got an unexpected keyword argument 'provider_url'
2025-07-19 15:55:25 - tron_service - DEBUG - Logger initialized for tron_service at level DEBUG
2025-07-19 15:55:25 - tron_service - WARNING - TRON_NODE_URL environment variable is not set. Using default TRON node: https://api.trongrid.io
2025-07-19 15:55:25 - tron_service - ERROR - Failed to initialize TRON client: __init__() got an unexpected keyword argument 'provider_url'
2025-07-19 15:55:25 - tron_service - INFO - Tatum helper initialized for TRON service
2025-07-19 15:55:25 - tron_service - WARNING - TRON_NODE_URL environment variable is not set. Using default TRON node: https://api.trongrid.io
2025-07-19 15:55:25 - tron_service - ERROR - Failed to initialize TRON client: __init__() got an unexpected keyword argument 'provider_url'
2025-07-19 15:55:25 - tron_service - INFO - Tatum helper initialized for TRON service
2025-07-19 15:55:25 - tron_service - DEBUG - Logger initialized for tron_service at level DEBUG
2025-07-19 15:55:25 - tron_service - WARNING - TRON_NODE_URL environment variable is not set. Using default TRON node: https://api.trongrid.io
2025-07-19 15:55:25 - tron_service - ERROR - Failed to initialize TRON client: __init__() got an unexpected keyword argument 'provider_url'
2025-07-19 15:55:25 - tron_service - INFO - Tatum helper initialized for TRON service
2025-07-19 15:55:25 - tron_service - WARNING - TRON_NODE_URL environment variable is not set. Using default TRON node: https://api.trongrid.io
2025-07-19 15:55:25 - tron_service - ERROR - Failed to initialize TRON client: __init__() got an unexpected keyword argument 'provider_url'
2025-07-19 15:55:25 - tron_service - INFO - Tatum helper initialized for TRON service
2025-07-19 15:55:25 - tron_service - DEBUG - Logger initialized for tron_service at level DEBUG
2025-07-19 15:55:25 - tron_service - WARNING - TRON_NODE_URL environment variable is not set. Using default TRON node: https://api.trongrid.io
2025-07-19 15:55:25 - tron_service - ERROR - Failed to initialize TRON client: __init__() got an unexpected keyword argument 'provider_url'
2025-07-19 15:55:25 - tron_service - INFO - Tatum helper initialized for TRON service
2025-07-19 15:55:25 - tron_service - WARNING - TRON_NODE_URL environment variable is not set. Using default TRON node: https://api.trongrid.io
2025-07-19 15:55:25 - tron_service - ERROR - Failed to initialize TRON client: __init__() got an unexpected keyword argument 'provider_url'
2025-07-19 15:55:25 - tron_service - INFO - Tatum helper initialized for TRON service
2025-07-19 15:55:28 - tron_service - WARNING - TRON_NODE_URL environment variable is not set. Using default TRON node: https://api.trongrid.io
2025-07-19 15:55:28 - tron_service - ERROR - Failed to initialize TRON client: __init__() got an unexpected keyword argument 'provider_url'
2025-07-19 15:55:28 - tron_service - WARNING - TRON_NODE_URL environment variable is not set. Using default TRON node: https://api.trongrid.io
2025-07-19 15:55:28 - tron_service - ERROR - Failed to initialize TRON client: __init__() got an unexpected keyword argument 'provider_url'
2025-07-19 15:55:28 - tron_service - WARNING - TRON_NODE_URL environment variable is not set. Using default TRON node: https://api.trongrid.io
2025-07-19 15:55:28 - tron_service - ERROR - Failed to initialize TRON client: __init__() got an unexpected keyword argument 'provider_url'
2025-07-19 16:06:30 - tron_service - DEBUG - Logger initialized for tron_service at level DEBUG
2025-07-19 16:06:30 - tron_service - WARNING - TRON_NODE_URL environment variable is not set. Using default TRON node: https://api.trongrid.io
2025-07-19 16:06:30 - tron_service - ERROR - Failed to initialize TRON client: __init__() got an unexpected keyword argument 'provider_url'
2025-07-19 16:06:30 - tron_service - INFO - Tatum helper initialized for TRON service
2025-07-19 16:06:30 - tron_service - WARNING - TRON_NODE_URL environment variable is not set. Using default TRON node: https://api.trongrid.io
2025-07-19 16:06:30 - tron_service - ERROR - Failed to initialize TRON client: __init__() got an unexpected keyword argument 'provider_url'
2025-07-19 16:06:30 - tron_service - INFO - Tatum helper initialized for TRON service
2025-07-19 16:06:31 - tron_service - DEBUG - Logger initialized for tron_service at level DEBUG
2025-07-19 16:06:31 - tron_service - WARNING - TRON_NODE_URL environment variable is not set. Using default TRON node: https://api.trongrid.io
2025-07-19 16:06:31 - tron_service - ERROR - Failed to initialize TRON client: __init__() got an unexpected keyword argument 'provider_url'
2025-07-19 16:06:31 - tron_service - INFO - Tatum helper initialized for TRON service
2025-07-19 16:06:31 - tron_service - WARNING - TRON_NODE_URL environment variable is not set. Using default TRON node: https://api.trongrid.io
2025-07-19 16:06:31 - tron_service - ERROR - Failed to initialize TRON client: __init__() got an unexpected keyword argument 'provider_url'
2025-07-19 16:06:31 - tron_service - INFO - Tatum helper initialized for TRON service
2025-07-19 16:06:31 - tron_service - DEBUG - Logger initialized for tron_service at level DEBUG
2025-07-19 16:06:31 - tron_service - WARNING - TRON_NODE_URL environment variable is not set. Using default TRON node: https://api.trongrid.io
2025-07-19 16:06:31 - tron_service - ERROR - Failed to initialize TRON client: __init__() got an unexpected keyword argument 'provider_url'
2025-07-19 16:06:31 - tron_service - INFO - Tatum helper initialized for TRON service
2025-07-19 16:06:31 - tron_service - WARNING - TRON_NODE_URL environment variable is not set. Using default TRON node: https://api.trongrid.io
2025-07-19 16:06:31 - tron_service - ERROR - Failed to initialize TRON client: __init__() got an unexpected keyword argument 'provider_url'
2025-07-19 16:06:31 - tron_service - INFO - Tatum helper initialized for TRON service
2025-07-19 16:06:33 - tron_service - WARNING - TRON_NODE_URL environment variable is not set. Using default TRON node: https://api.trongrid.io
2025-07-19 16:06:33 - tron_service - ERROR - Failed to initialize TRON client: __init__() got an unexpected keyword argument 'provider_url'
2025-07-19 16:06:33 - tron_service - WARNING - TRON_NODE_URL environment variable is not set. Using default TRON node: https://api.trongrid.io
2025-07-19 16:06:33 - tron_service - ERROR - Failed to initialize TRON client: __init__() got an unexpected keyword argument 'provider_url'
2025-07-19 16:06:33 - tron_service - WARNING - TRON_NODE_URL environment variable is not set. Using default TRON node: https://api.trongrid.io
2025-07-19 16:06:33 - tron_service - ERROR - Failed to initialize TRON client: __init__() got an unexpected keyword argument 'provider_url'
2025-07-19 19:29:32 - tron_service - DEBUG - Logger initialized for tron_service at level DEBUG
2025-07-19 19:29:32 - tron_service - WARNING - TRON_NODE_URL environment variable is not set. Using default TRON node: https://api.trongrid.io
2025-07-19 19:29:32 - tron_service - ERROR - Failed to initialize TRON client: __init__() got an unexpected keyword argument 'provider_url'
2025-07-19 19:29:32 - tron_service - INFO - Tatum helper initialized for TRON service
2025-07-19 19:29:32 - tron_service - WARNING - TRON_NODE_URL environment variable is not set. Using default TRON node: https://api.trongrid.io
2025-07-19 19:29:32 - tron_service - ERROR - Failed to initialize TRON client: __init__() got an unexpected keyword argument 'provider_url'
2025-07-19 19:29:32 - tron_service - INFO - Tatum helper initialized for TRON service
2025-07-19 19:29:34 - tron_service - WARNING - TRON_NODE_URL environment variable is not set. Using default TRON node: https://api.trongrid.io
2025-07-19 19:29:34 - tron_service - ERROR - Failed to initialize TRON client: __init__() got an unexpected keyword argument 'provider_url'
2025-07-19 19:29:44 - tron_service - DEBUG - Logger initialized for tron_service at level DEBUG
2025-07-19 19:29:44 - tron_service - WARNING - TRON_NODE_URL environment variable is not set. Using default TRON node: https://api.trongrid.io
2025-07-19 19:29:44 - tron_service - ERROR - Failed to initialize TRON client: __init__() got an unexpected keyword argument 'provider_url'
2025-07-19 19:29:44 - tron_service - INFO - Tatum helper initialized for TRON service
2025-07-19 19:29:44 - tron_service - WARNING - TRON_NODE_URL environment variable is not set. Using default TRON node: https://api.trongrid.io
2025-07-19 19:29:44 - tron_service - ERROR - Failed to initialize TRON client: __init__() got an unexpected keyword argument 'provider_url'
2025-07-19 19:29:44 - tron_service - INFO - Tatum helper initialized for TRON service
2025-07-19 19:29:46 - tron_service - WARNING - TRON_NODE_URL environment variable is not set. Using default TRON node: https://api.trongrid.io
2025-07-19 19:29:46 - tron_service - ERROR - Failed to initialize TRON client: __init__() got an unexpected keyword argument 'provider_url'
2025-07-19 19:29:58 - tron_service - DEBUG - Logger initialized for tron_service at level DEBUG
2025-07-19 19:29:58 - tron_service - WARNING - TRON_NODE_URL environment variable is not set. Using default TRON node: https://api.trongrid.io
2025-07-19 19:29:58 - tron_service - ERROR - Failed to initialize TRON client: __init__() got an unexpected keyword argument 'provider_url'
2025-07-19 19:29:58 - tron_service - INFO - Tatum helper initialized for TRON service
2025-07-19 19:29:58 - tron_service - WARNING - TRON_NODE_URL environment variable is not set. Using default TRON node: https://api.trongrid.io
2025-07-19 19:29:58 - tron_service - ERROR - Failed to initialize TRON client: __init__() got an unexpected keyword argument 'provider_url'
2025-07-19 19:29:58 - tron_service - INFO - Tatum helper initialized for TRON service
2025-07-19 19:30:00 - tron_service - WARNING - TRON_NODE_URL environment variable is not set. Using default TRON node: https://api.trongrid.io
2025-07-19 19:30:00 - tron_service - ERROR - Failed to initialize TRON client: __init__() got an unexpected keyword argument 'provider_url'
