2025-08-08 05:22:03 - balance_service - DEBUG - Logger initialized for balance_service at level DEBUG
2025-08-08 05:27:37 - balance_service - DEBUG - Logger initialized for balance_service at level DEBUG
2025-08-08 05:32:17 - balance_service - DEBUG - Logger initialized for balance_service at level DEBUG
2025-08-08 05:46:28 - balance_service - DEBUG - Logger initialized for balance_service at level DEBUG
2025-08-08 05:46:28 - balance_service - DEBUG - Logger initialized for balance_service at level DEBUG
2025-08-08 05:46:28 - balance_service - DEBUG - Logger initialized for balance_service at level DEBUG
2025-08-08 05:46:49 - balance_service - DEBUG - Logger initialized for balance_service at level DEBUG
2025-08-08 05:55:41 - balance_service - DEBUG - Logger initialized for balance_service at level DEBUG
2025-08-08 06:13:33 - balance_service - ERROR - Error getting simple user balance: (mysql.connector.errors.DatabaseError) 2003 (HY000): Can't connect to MySQL server on 'localhost:3306' (111)
(Background on this error at: https://sqlalche.me/e/20/4xp6)
2025-08-08 06:35:45 - balance_service - DEBUG - Logger initialized for balance_service at level DEBUG
2025-08-08 08:03:35 - balance_service - ERROR - Error getting simple user balance: (mysql.connector.errors.OperationalError) MySQL Connection not available.
[SQL: SELECT users.`UserID` AS `users_UserID`, users.`ID` AS `users_ID`, users.`Email` AS `users_Email`, users.`CreatedAt` AS `users_CreatedAt`, users.`UpdatedAt` AS `users_UpdatedAt`, users.`Device` AS `users_Device`, users.`IP` AS `users_IP` 
FROM users 
WHERE users.`UserID` = %(UserID_1)s 
 LIMIT %(param_1)s]
[parameters: [{}]]
(Background on this error at: https://sqlalche.me/e/20/e3q8)
2025-08-08 08:03:36 - balance_service - ERROR - Error getting simple user balance: (mysql.connector.errors.DatabaseError) 2003 (HY000): Can't connect to MySQL server on 'localhost:3306' (111)
(Background on this error at: https://sqlalche.me/e/20/4xp6)
2025-08-08 08:03:36 - balance_service - ERROR - Error getting simple user balance: (mysql.connector.errors.DatabaseError) 2003 (HY000): Can't connect to MySQL server on 'localhost:3306' (111)
(Background on this error at: https://sqlalche.me/e/20/4xp6)
2025-08-08 08:23:07 - balance_service - WARNING - No native currency found for blockchain Bitcoin
2025-08-08 08:23:07 - balance_service - WARNING - No native currency found for blockchain Avalanche
2025-08-08 08:23:07 - balance_service - WARNING - No native currency found for blockchain Arbitrum
2025-08-08 08:23:07 - balance_service - WARNING - No native currency found for blockchain Polkadot
2025-08-08 08:23:08 - balance_service - WARNING - خطا در دریافت موجودی TRC20 با API اصلی: 404 - {"timestamp":"2025-08-08T08:23:08.597+00:00","status":404,"error":"Not Found","path":"/v1/accounts/TDgK9bqbRMhe3z6R5AMH8RW21dq9b8npmc/tokens"}
2025-08-08 08:23:08 - balance_service - WARNING - خطا در دریافت موجودی TRC20 با API اصلی: 404 - {"timestamp":"2025-08-08T08:23:08.888+00:00","status":404,"error":"Not Found","path":"/v1/accounts/TDgK9bqbRMhe3z6R5AMH8RW21dq9b8npmc/tokens"}
2025-08-08 08:23:09 - balance_service - ERROR - Error getting EVM token balance on Avalanche: when sending a str, it must be a hex string. Got: 'FvwEAhmxKfeiG8SnEvq42hc6whRyY3EFYAvebMqDNDGCgxN5Z'
Traceback (most recent call last):
  File "/www/wwwroot/coinceeper.com/CC/services/balance_service.py", line 157, in get_token_balance
    address=Web3.to_checksum_address(contract_address),
  File "/www/wwwroot/coinceeper.com/CC/venv/lib64/python3.9/site-packages/web3/main.py", line 268, in to_checksum_address
    return to_checksum_address(value)
  File "/www/wwwroot/coinceeper.com/CC/venv/lib64/python3.9/site-packages/eth_utils/address.py", line 129, in to_checksum_address
    norm_address = to_normalized_address(value)
  File "/www/wwwroot/coinceeper.com/CC/venv/lib64/python3.9/site-packages/eth_utils/address.py", line 73, in to_normalized_address
    hex_address = hexstr_if_str(to_hex, value).lower()
  File "/www/wwwroot/coinceeper.com/CC/venv/lib64/python3.9/site-packages/eth_utils/conversions.py", line 195, in hexstr_if_str
    raise ValueError(
ValueError: when sending a str, it must be a hex string. Got: 'FvwEAhmxKfeiG8SnEvq42hc6whRyY3EFYAvebMqDNDGCgxN5Z'
2025-08-08 08:23:09 - balance_service - WARNING - خطا در دریافت موجودی TRC20 با API اصلی: 404 - {"timestamp":"2025-08-08T08:23:09.755+00:00","status":404,"error":"Not Found","path":"/v1/accounts/TDgK9bqbRMhe3z6R5AMH8RW21dq9b8npmc/tokens"}
2025-08-08 08:23:10 - balance_service - ERROR - خطا در استفاده از API جایگزین 8: HTTPSConnectionPool(host='api.tronstation.io', port=443): Max retries exceeded with url: /v1/accounts/TDgK9bqbRMhe3z6R5AMH8RW21dq9b8npmc/tokens (Caused by NameResolutionError("<urllib3.connection.HTTPSConnection object at 0x7f410573d370>: Failed to resolve 'api.tronstation.io' ([Errno -2] Name or service not known)"))
2025-08-08 08:23:10 - balance_service - ERROR - خطا در استفاده از API جایگزین 8: HTTPSConnectionPool(host='api.tronstation.io', port=443): Max retries exceeded with url: /v1/accounts/TDgK9bqbRMhe3z6R5AMH8RW21dq9b8npmc/tokens (Caused by NameResolutionError("<urllib3.connection.HTTPSConnection object at 0x7f41057a1af0>: Failed to resolve 'api.tronstation.io' ([Errno -2] Name or service not known)"))
2025-08-08 08:23:11 - balance_service - WARNING - Error getting token decimals, using default 18: 429 Client Error: Too Many Requests for url: https://mainnet.infura.io/v3/a8ab43a04ce044de988a838d92f478a7
2025-08-08 08:23:11 - balance_service - ERROR - خطا در استفاده از API جایگزین 8: HTTPSConnectionPool(host='api.tronstation.io', port=443): Max retries exceeded with url: /v1/accounts/TDgK9bqbRMhe3z6R5AMH8RW21dq9b8npmc/tokens (Caused by NameResolutionError("<urllib3.connection.HTTPSConnection object at 0x7f410570f6a0>: Failed to resolve 'api.tronstation.io' ([Errno -2] Name or service not known)"))
2025-08-08 09:20:19 - balance_service - ERROR - Error getting simple user balance: (mysql.connector.errors.OperationalError) MySQL Connection not available.
[SQL: SELECT users.`UserID` AS `users_UserID`, users.`ID` AS `users_ID`, users.`Email` AS `users_Email`, users.`CreatedAt` AS `users_CreatedAt`, users.`UpdatedAt` AS `users_UpdatedAt`, users.`Device` AS `users_Device`, users.`IP` AS `users_IP` 
FROM users 
WHERE users.`UserID` = %(UserID_1)s 
 LIMIT %(param_1)s]
[parameters: [{}]]
(Background on this error at: https://sqlalche.me/e/20/e3q8)
2025-08-08 09:20:20 - balance_service - ERROR - Error getting simple user balance: (mysql.connector.errors.OperationalError) MySQL Connection not available.
[SQL: SELECT users.`UserID` AS `users_UserID`, users.`ID` AS `users_ID`, users.`Email` AS `users_Email`, users.`CreatedAt` AS `users_CreatedAt`, users.`UpdatedAt` AS `users_UpdatedAt`, users.`Device` AS `users_Device`, users.`IP` AS `users_IP` 
FROM users 
WHERE users.`UserID` = %(UserID_1)s 
 LIMIT %(param_1)s]
[parameters: [{}]]
(Background on this error at: https://sqlalche.me/e/20/e3q8)
2025-08-08 09:20:20 - balance_service - ERROR - Error getting simple user balance: (mysql.connector.errors.DatabaseError) 2003 (HY000): Can't connect to MySQL server on 'localhost:3306' (111)
(Background on this error at: https://sqlalche.me/e/20/4xp6)
2025-08-08 10:59:34 - balance_service - ERROR - Error getting simple user balance: (mysql.connector.errors.OperationalError) MySQL Connection not available.
[SQL: SELECT users.`UserID` AS `users_UserID`, users.`ID` AS `users_ID`, users.`Email` AS `users_Email`, users.`CreatedAt` AS `users_CreatedAt`, users.`UpdatedAt` AS `users_UpdatedAt`, users.`Device` AS `users_Device`, users.`IP` AS `users_IP` 
FROM users 
WHERE users.`UserID` = %(UserID_1)s 
 LIMIT %(param_1)s]
[parameters: [{}]]
(Background on this error at: https://sqlalche.me/e/20/e3q8)
2025-08-08 15:01:21 - balance_service - ERROR - Error getting simple user balance: (mysql.connector.errors.DatabaseError) 2003 (HY000): Can't connect to MySQL server on 'localhost:3306' (111)
(Background on this error at: https://sqlalche.me/e/20/4xp6)
2025-08-08 15:01:38 - balance_service - ERROR - Error getting simple user balance: (mysql.connector.errors.DatabaseError) 2003 (HY000): Can't connect to MySQL server on 'localhost:3306' (111)
(Background on this error at: https://sqlalche.me/e/20/4xp6)
2025-08-08 15:01:39 - balance_service - ERROR - Error getting simple user balance: (mysql.connector.errors.DatabaseError) 2003 (HY000): Can't connect to MySQL server on 'localhost:3306' (111)
(Background on this error at: https://sqlalche.me/e/20/4xp6)
2025-08-08 15:01:39 - balance_service - ERROR - Error getting simple user balance: (mysql.connector.errors.DatabaseError) 2003 (HY000): Can't connect to MySQL server on 'localhost:3306' (111)
(Background on this error at: https://sqlalche.me/e/20/4xp6)
2025-08-08 17:13:20 - balance_service - ERROR - Error getting simple user balance: (mysql.connector.errors.OperationalError) MySQL Connection not available.
[SQL: SELECT users.`UserID` AS `users_UserID`, users.`ID` AS `users_ID`, users.`Email` AS `users_Email`, users.`CreatedAt` AS `users_CreatedAt`, users.`UpdatedAt` AS `users_UpdatedAt`, users.`Device` AS `users_Device`, users.`IP` AS `users_IP` 
FROM users 
WHERE users.`UserID` = %(UserID_1)s 
 LIMIT %(param_1)s]
[parameters: [{}]]
(Background on this error at: https://sqlalche.me/e/20/e3q8)
2025-08-08 17:13:21 - balance_service - ERROR - Error getting simple user balance: (mysql.connector.errors.DatabaseError) 2003 (HY000): Can't connect to MySQL server on 'localhost:3306' (111)
(Background on this error at: https://sqlalche.me/e/20/4xp6)
2025-08-08 17:46:23 - balance_service - ERROR - Error getting simple user balance: (mysql.connector.errors.DatabaseError) 2003 (HY000): Can't connect to MySQL server on 'localhost:3306' (111)
(Background on this error at: https://sqlalche.me/e/20/4xp6)
2025-08-08 17:46:23 - balance_service - ERROR - Error getting simple user balance: (mysql.connector.errors.DatabaseError) 2003 (HY000): Can't connect to MySQL server on 'localhost:3306' (111)
(Background on this error at: https://sqlalche.me/e/20/4xp6)
2025-08-08 17:46:23 - balance_service - ERROR - Error getting simple user balance: (mysql.connector.errors.DatabaseError) 2003 (HY000): Can't connect to MySQL server on 'localhost:3306' (111)
(Background on this error at: https://sqlalche.me/e/20/4xp6)
2025-08-08 17:46:24 - balance_service - ERROR - Error getting simple user balance: (mysql.connector.errors.DatabaseError) 2003 (HY000): Can't connect to MySQL server on 'localhost:3306' (111)
(Background on this error at: https://sqlalche.me/e/20/4xp6)
2025-08-08 17:46:24 - balance_service - ERROR - Error getting simple user balance: (mysql.connector.errors.DatabaseError) 2003 (HY000): Can't connect to MySQL server on 'localhost:3306' (111)
(Background on this error at: https://sqlalche.me/e/20/4xp6)
2025-08-08 22:04:43 - balance_service - WARNING - No native currency found for blockchain Bitcoin
2025-08-08 22:04:43 - balance_service - WARNING - No native currency found for blockchain Avalanche
2025-08-08 22:04:43 - balance_service - WARNING - No native currency found for blockchain Arbitrum
2025-08-08 22:04:43 - balance_service - WARNING - No native currency found for blockchain Polkadot
2025-08-08 22:04:44 - balance_service - WARNING - خطا در دریافت موجودی TRC20 با API اصلی: 404 - {"timestamp":"2025-08-08T22:04:44.560+00:00","status":404,"error":"Not Found","path":"/v1/accounts/TGmrcS5cTiMy3iqwc7nLLghEd3tp5w7WL4/tokens"}
2025-08-08 22:04:44 - balance_service - WARNING - خطا در دریافت موجودی TRC20 با API اصلی: 404 - {"timestamp":"2025-08-08T22:04:44.850+00:00","status":404,"error":"Not Found","path":"/v1/accounts/TGmrcS5cTiMy3iqwc7nLLghEd3tp5w7WL4/tokens"}
2025-08-08 22:04:45 - balance_service - WARNING - خطا در دریافت موجودی TRC20 با API اصلی: 404 - {"timestamp":"2025-08-08T22:04:45.270+00:00","status":404,"error":"Not Found","path":"/v1/accounts/TGmrcS5cTiMy3iqwc7nLLghEd3tp5w7WL4/tokens"}
2025-08-08 22:04:45 - balance_service - ERROR - Error getting EVM token balance on Avalanche: when sending a str, it must be a hex string. Got: 'FvwEAhmxKfeiG8SnEvq42hc6whRyY3EFYAvebMqDNDGCgxN5Z'
Traceback (most recent call last):
  File "/www/wwwroot/coinceeper.com/CC/services/balance_service.py", line 157, in get_token_balance
    address=Web3.to_checksum_address(contract_address),
  File "/www/wwwroot/coinceeper.com/CC/venv/lib64/python3.9/site-packages/web3/main.py", line 268, in to_checksum_address
    return to_checksum_address(value)
  File "/www/wwwroot/coinceeper.com/CC/venv/lib64/python3.9/site-packages/eth_utils/address.py", line 129, in to_checksum_address
    norm_address = to_normalized_address(value)
  File "/www/wwwroot/coinceeper.com/CC/venv/lib64/python3.9/site-packages/eth_utils/address.py", line 73, in to_normalized_address
    hex_address = hexstr_if_str(to_hex, value).lower()
  File "/www/wwwroot/coinceeper.com/CC/venv/lib64/python3.9/site-packages/eth_utils/conversions.py", line 195, in hexstr_if_str
    raise ValueError(
ValueError: when sending a str, it must be a hex string. Got: 'FvwEAhmxKfeiG8SnEvq42hc6whRyY3EFYAvebMqDNDGCgxN5Z'
2025-08-08 22:04:46 - balance_service - ERROR - خطا در استفاده از API جایگزین 8: HTTPSConnectionPool(host='api.tronstation.io', port=443): Max retries exceeded with url: /v1/accounts/TGmrcS5cTiMy3iqwc7nLLghEd3tp5w7WL4/tokens (Caused by NameResolutionError("<urllib3.connection.HTTPSConnection object at 0x7f4125ae9730>: Failed to resolve 'api.tronstation.io' ([Errno -2] Name or service not known)"))
2025-08-08 22:04:46 - balance_service - ERROR - خطا در استفاده از API جایگزین 8: HTTPSConnectionPool(host='api.tronstation.io', port=443): Max retries exceeded with url: /v1/accounts/TGmrcS5cTiMy3iqwc7nLLghEd3tp5w7WL4/tokens (Caused by NameResolutionError("<urllib3.connection.HTTPSConnection object at 0x7f4125c50a00>: Failed to resolve 'api.tronstation.io' ([Errno -2] Name or service not known)"))
2025-08-08 22:04:47 - balance_service - ERROR - خطا در استفاده از API جایگزین 8: HTTPSConnectionPool(host='api.tronstation.io', port=443): Max retries exceeded with url: /v1/accounts/TGmrcS5cTiMy3iqwc7nLLghEd3tp5w7WL4/tokens (Caused by NameResolutionError("<urllib3.connection.HTTPSConnection object at 0x7f4125d12040>: Failed to resolve 'api.tronstation.io' ([Errno -2] Name or service not known)"))
2025-08-08 22:04:47 - balance_service - WARNING - Error getting token decimals, using default 18: 429 Client Error: Too Many Requests for url: https://mainnet.infura.io/v3/a8ab43a04ce044de988a838d92f478a7
2025-08-08 22:04:49 - balance_service - WARNING - Error getting token decimals, using default 18: 429 Client Error: Too Many Requests for url: https://mainnet.infura.io/v3/a8ab43a04ce044de988a838d92f478a7
2025-08-09 00:10:59 - balance_service - WARNING - No native currency found for blockchain Bitcoin
2025-08-09 00:10:59 - balance_service - WARNING - No native currency found for blockchain Avalanche
2025-08-09 00:10:59 - balance_service - WARNING - No native currency found for blockchain Arbitrum
2025-08-09 00:10:59 - balance_service - WARNING - No native currency found for blockchain Polkadot
2025-08-09 00:11:00 - balance_service - WARNING - خطا در دریافت موجودی TRC20 با API اصلی: 404 - {"timestamp":"2025-08-09T00:10:59.956+00:00","status":404,"error":"Not Found","path":"/v1/accounts/TDQhb7siHunrLgKY2sZrT2TR4pYyDug8qJ/tokens"}
2025-08-09 00:11:00 - balance_service - WARNING - خطا در دریافت موجودی TRC20 با API اصلی: 404 - {"timestamp":"2025-08-09T00:11:00.225+00:00","status":404,"error":"Not Found","path":"/v1/accounts/TDQhb7siHunrLgKY2sZrT2TR4pYyDug8qJ/tokens"}
2025-08-09 00:11:00 - balance_service - ERROR - Error getting EVM token balance on Avalanche: when sending a str, it must be a hex string. Got: 'FvwEAhmxKfeiG8SnEvq42hc6whRyY3EFYAvebMqDNDGCgxN5Z'
Traceback (most recent call last):
  File "/www/wwwroot/coinceeper.com/CC/services/balance_service.py", line 157, in get_token_balance
    address=Web3.to_checksum_address(contract_address),
  File "/www/wwwroot/coinceeper.com/CC/venv/lib64/python3.9/site-packages/web3/main.py", line 268, in to_checksum_address
    return to_checksum_address(value)
  File "/www/wwwroot/coinceeper.com/CC/venv/lib64/python3.9/site-packages/eth_utils/address.py", line 129, in to_checksum_address
    norm_address = to_normalized_address(value)
  File "/www/wwwroot/coinceeper.com/CC/venv/lib64/python3.9/site-packages/eth_utils/address.py", line 73, in to_normalized_address
    hex_address = hexstr_if_str(to_hex, value).lower()
  File "/www/wwwroot/coinceeper.com/CC/venv/lib64/python3.9/site-packages/eth_utils/conversions.py", line 195, in hexstr_if_str
    raise ValueError(
ValueError: when sending a str, it must be a hex string. Got: 'FvwEAhmxKfeiG8SnEvq42hc6whRyY3EFYAvebMqDNDGCgxN5Z'
2025-08-09 00:11:00 - balance_service - WARNING - خطا در دریافت موجودی TRC20 با API اصلی: 404 - {"timestamp":"2025-08-09T00:11:00.769+00:00","status":404,"error":"Not Found","path":"/v1/accounts/TDQhb7siHunrLgKY2sZrT2TR4pYyDug8qJ/tokens"}
2025-08-09 00:11:01 - balance_service - ERROR - خطا در استفاده از API جایگزین 8: HTTPSConnectionPool(host='api.tronstation.io', port=443): Max retries exceeded with url: /v1/accounts/TDQhb7siHunrLgKY2sZrT2TR4pYyDug8qJ/tokens (Caused by NameResolutionError("<urllib3.connection.HTTPSConnection object at 0x7f4125941820>: Failed to resolve 'api.tronstation.io' ([Errno -2] Name or service not known)"))
2025-08-09 00:11:02 - balance_service - ERROR - خطا در استفاده از API جایگزین 8: HTTPSConnectionPool(host='api.tronstation.io', port=443): Max retries exceeded with url: /v1/accounts/TDQhb7siHunrLgKY2sZrT2TR4pYyDug8qJ/tokens (Caused by NameResolutionError("<urllib3.connection.HTTPSConnection object at 0x7f4125bf88b0>: Failed to resolve 'api.tronstation.io' ([Errno -2] Name or service not known)"))
2025-08-09 00:11:02 - balance_service - ERROR - خطا در استفاده از API جایگزین 8: HTTPSConnectionPool(host='api.tronstation.io', port=443): Max retries exceeded with url: /v1/accounts/TDQhb7siHunrLgKY2sZrT2TR4pYyDug8qJ/tokens (Caused by NameResolutionError("<urllib3.connection.HTTPSConnection object at 0x7f4125bf8a60>: Failed to resolve 'api.tronstation.io' ([Errno -2] Name or service not known)"))
2025-08-09 05:30:38 - balance_service - ERROR - Error getting simple user balance: (mysql.connector.errors.DatabaseError) 2003 (HY000): Can't connect to MySQL server on 'localhost:3306' (111)
(Background on this error at: https://sqlalche.me/e/20/4xp6)
2025-08-09 05:30:39 - balance_service - ERROR - Error getting simple user balance: (mysql.connector.errors.DatabaseError) 2003 (HY000): Can't connect to MySQL server on 'localhost:3306' (111)
(Background on this error at: https://sqlalche.me/e/20/4xp6)
2025-08-09 05:30:39 - balance_service - ERROR - Error getting simple user balance: (mysql.connector.errors.DatabaseError) 2003 (HY000): Can't connect to MySQL server on 'localhost:3306' (111)
(Background on this error at: https://sqlalche.me/e/20/4xp6)
2025-08-09 07:42:39 - balance_service - ERROR - Error getting simple user balance: (mysql.connector.errors.OperationalError) MySQL Connection not available.
[SQL: SELECT users.`UserID` AS `users_UserID`, users.`ID` AS `users_ID`, users.`Email` AS `users_Email`, users.`CreatedAt` AS `users_CreatedAt`, users.`UpdatedAt` AS `users_UpdatedAt`, users.`Device` AS `users_Device`, users.`IP` AS `users_IP` 
FROM users 
WHERE users.`UserID` = %(UserID_1)s 
 LIMIT %(param_1)s]
[parameters: [{}]]
(Background on this error at: https://sqlalche.me/e/20/e3q8)
2025-08-09 07:42:41 - balance_service - ERROR - Error getting simple user balance: (mysql.connector.errors.DatabaseError) 2003 (HY000): Can't connect to MySQL server on 'localhost:3306' (111)
(Background on this error at: https://sqlalche.me/e/20/4xp6)
2025-08-09 09:31:28 - balance_service - WARNING - No native currency found for blockchain Bitcoin
2025-08-09 09:31:28 - balance_service - WARNING - No native currency found for blockchain Avalanche
2025-08-09 09:31:28 - balance_service - WARNING - No native currency found for blockchain Arbitrum
2025-08-09 09:31:28 - balance_service - WARNING - No native currency found for blockchain Polkadot
2025-08-09 09:31:28 - balance_service - WARNING - خطا در دریافت موجودی TRC20 با API اصلی: 404 - {"timestamp":"2025-08-09T09:31:28.773+00:00","status":404,"error":"Not Found","path":"/v1/accounts/TPn8AaXbgyUu5RwMVjruqnZibrBoTPz2wb/tokens"}
2025-08-09 09:31:29 - balance_service - WARNING - خطا در دریافت موجودی TRC20 با API اصلی: 404 - {"timestamp":"2025-08-09T09:31:29.091+00:00","status":404,"error":"Not Found","path":"/v1/accounts/TPn8AaXbgyUu5RwMVjruqnZibrBoTPz2wb/tokens"}
2025-08-09 09:31:29 - balance_service - ERROR - Error getting EVM token balance on Avalanche: when sending a str, it must be a hex string. Got: 'FvwEAhmxKfeiG8SnEvq42hc6whRyY3EFYAvebMqDNDGCgxN5Z'
Traceback (most recent call last):
  File "/www/wwwroot/coinceeper.com/CC/services/balance_service.py", line 157, in get_token_balance
    address=Web3.to_checksum_address(contract_address),
  File "/www/wwwroot/coinceeper.com/CC/venv/lib64/python3.9/site-packages/web3/main.py", line 268, in to_checksum_address
    return to_checksum_address(value)
  File "/www/wwwroot/coinceeper.com/CC/venv/lib64/python3.9/site-packages/eth_utils/address.py", line 129, in to_checksum_address
    norm_address = to_normalized_address(value)
  File "/www/wwwroot/coinceeper.com/CC/venv/lib64/python3.9/site-packages/eth_utils/address.py", line 73, in to_normalized_address
    hex_address = hexstr_if_str(to_hex, value).lower()
  File "/www/wwwroot/coinceeper.com/CC/venv/lib64/python3.9/site-packages/eth_utils/conversions.py", line 195, in hexstr_if_str
    raise ValueError(
ValueError: when sending a str, it must be a hex string. Got: 'FvwEAhmxKfeiG8SnEvq42hc6whRyY3EFYAvebMqDNDGCgxN5Z'
2025-08-09 09:31:29 - balance_service - WARNING - خطا در دریافت موجودی TRC20 با API اصلی: 404 - {"timestamp":"2025-08-09T09:31:29.520+00:00","status":404,"error":"Not Found","path":"/v1/accounts/TPn8AaXbgyUu5RwMVjruqnZibrBoTPz2wb/tokens"}
2025-08-09 09:31:30 - balance_service - ERROR - خطا در استفاده از API جایگزین 8: HTTPSConnectionPool(host='api.tronstation.io', port=443): Max retries exceeded with url: /v1/accounts/TPn8AaXbgyUu5RwMVjruqnZibrBoTPz2wb/tokens (Caused by NameResolutionError("<urllib3.connection.HTTPSConnection object at 0x7f4125b88b20>: Failed to resolve 'api.tronstation.io' ([Errno -2] Name or service not known)"))
2025-08-09 09:31:31 - balance_service - ERROR - خطا در استفاده از API جایگزین 8: HTTPSConnectionPool(host='api.tronstation.io', port=443): Max retries exceeded with url: /v1/accounts/TPn8AaXbgyUu5RwMVjruqnZibrBoTPz2wb/tokens (Caused by NameResolutionError("<urllib3.connection.HTTPSConnection object at 0x7f4125ab6cd0>: Failed to resolve 'api.tronstation.io' ([Errno -2] Name or service not known)"))
2025-08-09 09:31:31 - balance_service - ERROR - خطا در استفاده از API جایگزین 8: HTTPSConnectionPool(host='api.tronstation.io', port=443): Max retries exceeded with url: /v1/accounts/TPn8AaXbgyUu5RwMVjruqnZibrBoTPz2wb/tokens (Caused by NameResolutionError("<urllib3.connection.HTTPSConnection object at 0x7f4125ba5f10>: Failed to resolve 'api.tronstation.io' ([Errno -2] Name or service not known)"))
2025-08-09 10:42:59 - balance_service - WARNING - No native currency found for blockchain Bitcoin
2025-08-09 10:42:59 - balance_service - WARNING - No native currency found for blockchain Avalanche
2025-08-09 10:42:59 - balance_service - WARNING - No native currency found for blockchain Arbitrum
2025-08-09 10:42:59 - balance_service - WARNING - No native currency found for blockchain Polkadot
2025-08-09 10:43:00 - balance_service - WARNING - خطا در دریافت موجودی TRC20 با API اصلی: 404 - {"timestamp":"2025-08-09T10:43:00.008+00:00","status":404,"error":"Not Found","path":"/v1/accounts/TPn8AaXbgyUu5RwMVjruqnZibrBoTPz2wb/tokens"}
2025-08-09 10:43:00 - balance_service - WARNING - خطا در دریافت موجودی TRC20 با API اصلی: 404 - {"timestamp":"2025-08-09T10:43:00.468+00:00","status":404,"error":"Not Found","path":"/v1/accounts/TPn8AaXbgyUu5RwMVjruqnZibrBoTPz2wb/tokens"}
2025-08-09 10:43:00 - balance_service - ERROR - Error getting EVM token balance on Avalanche: when sending a str, it must be a hex string. Got: 'FvwEAhmxKfeiG8SnEvq42hc6whRyY3EFYAvebMqDNDGCgxN5Z'
Traceback (most recent call last):
  File "/www/wwwroot/coinceeper.com/CC/services/balance_service.py", line 157, in get_token_balance
    address=Web3.to_checksum_address(contract_address),
  File "/www/wwwroot/coinceeper.com/CC/venv/lib64/python3.9/site-packages/web3/main.py", line 268, in to_checksum_address
    return to_checksum_address(value)
  File "/www/wwwroot/coinceeper.com/CC/venv/lib64/python3.9/site-packages/eth_utils/address.py", line 129, in to_checksum_address
    norm_address = to_normalized_address(value)
  File "/www/wwwroot/coinceeper.com/CC/venv/lib64/python3.9/site-packages/eth_utils/address.py", line 73, in to_normalized_address
    hex_address = hexstr_if_str(to_hex, value).lower()
  File "/www/wwwroot/coinceeper.com/CC/venv/lib64/python3.9/site-packages/eth_utils/conversions.py", line 195, in hexstr_if_str
    raise ValueError(
ValueError: when sending a str, it must be a hex string. Got: 'FvwEAhmxKfeiG8SnEvq42hc6whRyY3EFYAvebMqDNDGCgxN5Z'
2025-08-09 10:43:00 - balance_service - WARNING - خطا در دریافت موجودی TRC20 با API اصلی: 404 - {"timestamp":"2025-08-09T10:43:00.753+00:00","status":404,"error":"Not Found","path":"/v1/accounts/TPn8AaXbgyUu5RwMVjruqnZibrBoTPz2wb/tokens"}
2025-08-09 10:43:01 - balance_service - ERROR - خطا در استفاده از API جایگزین 8: HTTPSConnectionPool(host='api.tronstation.io', port=443): Max retries exceeded with url: /v1/accounts/TPn8AaXbgyUu5RwMVjruqnZibrBoTPz2wb/tokens (Caused by NameResolutionError("<urllib3.connection.HTTPSConnection object at 0x7f41263722b0>: Failed to resolve 'api.tronstation.io' ([Errno -2] Name or service not known)"))
2025-08-09 10:43:02 - balance_service - ERROR - خطا در استفاده از API جایگزین 8: HTTPSConnectionPool(host='api.tronstation.io', port=443): Max retries exceeded with url: /v1/accounts/TPn8AaXbgyUu5RwMVjruqnZibrBoTPz2wb/tokens (Caused by NameResolutionError("<urllib3.connection.HTTPSConnection object at 0x7f41265e5190>: Failed to resolve 'api.tronstation.io' ([Errno -2] Name or service not known)"))
2025-08-09 10:43:02 - balance_service - ERROR - خطا در استفاده از API جایگزین 8: HTTPSConnectionPool(host='api.tronstation.io', port=443): Max retries exceeded with url: /v1/accounts/TPn8AaXbgyUu5RwMVjruqnZibrBoTPz2wb/tokens (Caused by NameResolutionError("<urllib3.connection.HTTPSConnection object at 0x7f41268c8610>: Failed to resolve 'api.tronstation.io' ([Errno -2] Name or service not known)"))
2025-08-09 10:44:01 - balance_service - WARNING - No native currency found for blockchain Bitcoin
2025-08-09 10:44:01 - balance_service - WARNING - No native currency found for blockchain Avalanche
2025-08-09 10:44:01 - balance_service - WARNING - No native currency found for blockchain Arbitrum
2025-08-09 10:44:01 - balance_service - WARNING - No native currency found for blockchain Polkadot
2025-08-09 10:44:02 - balance_service - WARNING - خطا در دریافت موجودی TRC20 با API اصلی: 404 - {"timestamp":"2025-08-09T10:44:02.149+00:00","status":404,"error":"Not Found","path":"/v1/accounts/TPn8AaXbgyUu5RwMVjruqnZibrBoTPz2wb/tokens"}
2025-08-09 10:44:02 - balance_service - WARNING - خطا در دریافت موجودی TRC20 با API اصلی: 404 - {"timestamp":"2025-08-09T10:44:02.401+00:00","status":404,"error":"Not Found","path":"/v1/accounts/TPn8AaXbgyUu5RwMVjruqnZibrBoTPz2wb/tokens"}
2025-08-09 10:44:02 - balance_service - WARNING - خطا در دریافت موجودی TRC20 با API اصلی: 404 - {"timestamp":"2025-08-09T10:44:02.765+00:00","status":404,"error":"Not Found","path":"/v1/accounts/TPn8AaXbgyUu5RwMVjruqnZibrBoTPz2wb/tokens"}
2025-08-09 10:44:02 - balance_service - ERROR - Error getting EVM token balance on Avalanche: when sending a str, it must be a hex string. Got: 'FvwEAhmxKfeiG8SnEvq42hc6whRyY3EFYAvebMqDNDGCgxN5Z'
Traceback (most recent call last):
  File "/www/wwwroot/coinceeper.com/CC/services/balance_service.py", line 157, in get_token_balance
    address=Web3.to_checksum_address(contract_address),
  File "/www/wwwroot/coinceeper.com/CC/venv/lib64/python3.9/site-packages/web3/main.py", line 268, in to_checksum_address
    return to_checksum_address(value)
  File "/www/wwwroot/coinceeper.com/CC/venv/lib64/python3.9/site-packages/eth_utils/address.py", line 129, in to_checksum_address
    norm_address = to_normalized_address(value)
  File "/www/wwwroot/coinceeper.com/CC/venv/lib64/python3.9/site-packages/eth_utils/address.py", line 73, in to_normalized_address
    hex_address = hexstr_if_str(to_hex, value).lower()
  File "/www/wwwroot/coinceeper.com/CC/venv/lib64/python3.9/site-packages/eth_utils/conversions.py", line 195, in hexstr_if_str
    raise ValueError(
ValueError: when sending a str, it must be a hex string. Got: 'FvwEAhmxKfeiG8SnEvq42hc6whRyY3EFYAvebMqDNDGCgxN5Z'
2025-08-09 10:44:03 - balance_service - ERROR - خطا در استفاده از API جایگزین 8: HTTPSConnectionPool(host='api.tronstation.io', port=443): Max retries exceeded with url: /v1/accounts/TPn8AaXbgyUu5RwMVjruqnZibrBoTPz2wb/tokens (Caused by NameResolutionError("<urllib3.connection.HTTPSConnection object at 0x7f4126445370>: Failed to resolve 'api.tronstation.io' ([Errno -2] Name or service not known)"))
2025-08-09 10:44:04 - balance_service - ERROR - خطا در استفاده از API جایگزین 8: HTTPSConnectionPool(host='api.tronstation.io', port=443): Max retries exceeded with url: /v1/accounts/TPn8AaXbgyUu5RwMVjruqnZibrBoTPz2wb/tokens (Caused by NameResolutionError("<urllib3.connection.HTTPSConnection object at 0x7f4126463d00>: Failed to resolve 'api.tronstation.io' ([Errno -2] Name or service not known)"))
2025-08-09 10:44:04 - balance_service - WARNING - Error getting token decimals, using default 18: 429 Client Error: Too Many Requests for url: https://mainnet.infura.io/v3/a8ab43a04ce044de988a838d92f478a7
2025-08-09 10:44:04 - balance_service - ERROR - خطا در استفاده از API جایگزین 8: HTTPSConnectionPool(host='api.tronstation.io', port=443): Max retries exceeded with url: /v1/accounts/TPn8AaXbgyUu5RwMVjruqnZibrBoTPz2wb/tokens (Caused by NameResolutionError("<urllib3.connection.HTTPSConnection object at 0x7f412644f3a0>: Failed to resolve 'api.tronstation.io' ([Errno -2] Name or service not known)"))
2025-08-09 10:54:09 - balance_service - WARNING - No native currency found for blockchain Bitcoin
2025-08-09 10:54:09 - balance_service - WARNING - No native currency found for blockchain Avalanche
2025-08-09 10:54:09 - balance_service - WARNING - No native currency found for blockchain Arbitrum
2025-08-09 10:54:09 - balance_service - WARNING - No native currency found for blockchain Polkadot
2025-08-09 10:54:10 - balance_service - WARNING - خطا در دریافت موجودی TRC20 با API اصلی: 404 - {"timestamp":"2025-08-09T10:54:10.221+00:00","status":404,"error":"Not Found","path":"/v1/accounts/TUYUVEB2FqDHReafyTtmovUMURP2jmhR6m/tokens"}
2025-08-09 10:54:10 - balance_service - WARNING - خطا در دریافت موجودی TRC20 با API اصلی: 404 - {"timestamp":"2025-08-09T10:54:10.453+00:00","status":404,"error":"Not Found","path":"/v1/accounts/TUYUVEB2FqDHReafyTtmovUMURP2jmhR6m/tokens"}
2025-08-09 10:54:10 - balance_service - ERROR - Error getting EVM token balance on Avalanche: when sending a str, it must be a hex string. Got: 'FvwEAhmxKfeiG8SnEvq42hc6whRyY3EFYAvebMqDNDGCgxN5Z'
Traceback (most recent call last):
  File "/www/wwwroot/coinceeper.com/CC/services/balance_service.py", line 157, in get_token_balance
    address=Web3.to_checksum_address(contract_address),
  File "/www/wwwroot/coinceeper.com/CC/venv/lib64/python3.9/site-packages/web3/main.py", line 268, in to_checksum_address
    return to_checksum_address(value)
  File "/www/wwwroot/coinceeper.com/CC/venv/lib64/python3.9/site-packages/eth_utils/address.py", line 129, in to_checksum_address
    norm_address = to_normalized_address(value)
  File "/www/wwwroot/coinceeper.com/CC/venv/lib64/python3.9/site-packages/eth_utils/address.py", line 73, in to_normalized_address
    hex_address = hexstr_if_str(to_hex, value).lower()
  File "/www/wwwroot/coinceeper.com/CC/venv/lib64/python3.9/site-packages/eth_utils/conversions.py", line 195, in hexstr_if_str
    raise ValueError(
ValueError: when sending a str, it must be a hex string. Got: 'FvwEAhmxKfeiG8SnEvq42hc6whRyY3EFYAvebMqDNDGCgxN5Z'
2025-08-09 10:54:10 - balance_service - WARNING - خطا در دریافت موجودی TRC20 با API اصلی: 404 - {"timestamp":"2025-08-09T10:54:10.922+00:00","status":404,"error":"Not Found","path":"/v1/accounts/TUYUVEB2FqDHReafyTtmovUMURP2jmhR6m/tokens"}
2025-08-09 10:54:11 - balance_service - ERROR - خطا در استفاده از API جایگزین 8: HTTPSConnectionPool(host='api.tronstation.io', port=443): Max retries exceeded with url: /v1/accounts/TUYUVEB2FqDHReafyTtmovUMURP2jmhR6m/tokens (Caused by NameResolutionError("<urllib3.connection.HTTPSConnection object at 0x7f41264cbca0>: Failed to resolve 'api.tronstation.io' ([Errno -2] Name or service not known)"))
2025-08-09 10:54:12 - balance_service - ERROR - خطا در استفاده از API جایگزین 8: HTTPSConnectionPool(host='api.tronstation.io', port=443): Max retries exceeded with url: /v1/accounts/TUYUVEB2FqDHReafyTtmovUMURP2jmhR6m/tokens (Caused by NameResolutionError("<urllib3.connection.HTTPSConnection object at 0x7f412646b070>: Failed to resolve 'api.tronstation.io' ([Errno -2] Name or service not known)"))
2025-08-09 10:54:12 - balance_service - ERROR - خطا در استفاده از API جایگزین 8: HTTPSConnectionPool(host='api.tronstation.io', port=443): Max retries exceeded with url: /v1/accounts/TUYUVEB2FqDHReafyTtmovUMURP2jmhR6m/tokens (Caused by NameResolutionError("<urllib3.connection.HTTPSConnection object at 0x7f41264e7a30>: Failed to resolve 'api.tronstation.io' ([Errno -2] Name or service not known)"))
2025-08-09 10:55:46 - balance_service - WARNING - No native currency found for blockchain Bitcoin
2025-08-09 10:55:46 - balance_service - WARNING - No native currency found for blockchain Avalanche
2025-08-09 10:55:46 - balance_service - WARNING - No native currency found for blockchain Arbitrum
2025-08-09 10:55:46 - balance_service - WARNING - No native currency found for blockchain Polkadot
2025-08-09 10:55:47 - balance_service - WARNING - خطا در دریافت موجودی TRC20 با API اصلی: 404 - {"timestamp":"2025-08-09T10:55:47.372+00:00","status":404,"error":"Not Found","path":"/v1/accounts/TAmoVWHrr9JMDWxwztLKsscZGXmtFKotqF/tokens"}
2025-08-09 10:55:47 - balance_service - WARNING - خطا در دریافت موجودی TRC20 با API اصلی: 404 - {"timestamp":"2025-08-09T10:55:47.583+00:00","status":404,"error":"Not Found","path":"/v1/accounts/TAmoVWHrr9JMDWxwztLKsscZGXmtFKotqF/tokens"}
2025-08-09 10:55:47 - balance_service - ERROR - Error getting EVM token balance on Avalanche: when sending a str, it must be a hex string. Got: 'FvwEAhmxKfeiG8SnEvq42hc6whRyY3EFYAvebMqDNDGCgxN5Z'
Traceback (most recent call last):
  File "/www/wwwroot/coinceeper.com/CC/services/balance_service.py", line 157, in get_token_balance
    address=Web3.to_checksum_address(contract_address),
  File "/www/wwwroot/coinceeper.com/CC/venv/lib64/python3.9/site-packages/web3/main.py", line 268, in to_checksum_address
    return to_checksum_address(value)
  File "/www/wwwroot/coinceeper.com/CC/venv/lib64/python3.9/site-packages/eth_utils/address.py", line 129, in to_checksum_address
    norm_address = to_normalized_address(value)
  File "/www/wwwroot/coinceeper.com/CC/venv/lib64/python3.9/site-packages/eth_utils/address.py", line 73, in to_normalized_address
    hex_address = hexstr_if_str(to_hex, value).lower()
  File "/www/wwwroot/coinceeper.com/CC/venv/lib64/python3.9/site-packages/eth_utils/conversions.py", line 195, in hexstr_if_str
    raise ValueError(
ValueError: when sending a str, it must be a hex string. Got: 'FvwEAhmxKfeiG8SnEvq42hc6whRyY3EFYAvebMqDNDGCgxN5Z'
2025-08-09 10:55:48 - balance_service - WARNING - خطا در دریافت موجودی TRC20 با API اصلی: 404 - {"timestamp":"2025-08-09T10:55:48.078+00:00","status":404,"error":"Not Found","path":"/v1/accounts/TAmoVWHrr9JMDWxwztLKsscZGXmtFKotqF/tokens"}
2025-08-09 10:55:48 - balance_service - ERROR - خطا در استفاده از API جایگزین 8: HTTPSConnectionPool(host='api.tronstation.io', port=443): Max retries exceeded with url: /v1/accounts/TAmoVWHrr9JMDWxwztLKsscZGXmtFKotqF/tokens (Caused by NameResolutionError("<urllib3.connection.HTTPSConnection object at 0x7f4125c26b50>: Failed to resolve 'api.tronstation.io' ([Errno -2] Name or service not known)"))
2025-08-09 10:55:49 - balance_service - ERROR - خطا در استفاده از API جایگزین 8: HTTPSConnectionPool(host='api.tronstation.io', port=443): Max retries exceeded with url: /v1/accounts/TAmoVWHrr9JMDWxwztLKsscZGXmtFKotqF/tokens (Caused by NameResolutionError("<urllib3.connection.HTTPSConnection object at 0x7f4125cfa8b0>: Failed to resolve 'api.tronstation.io' ([Errno -2] Name or service not known)"))
2025-08-09 10:55:49 - balance_service - ERROR - خطا در استفاده از API جایگزین 8: HTTPSConnectionPool(host='api.tronstation.io', port=443): Max retries exceeded with url: /v1/accounts/TAmoVWHrr9JMDWxwztLKsscZGXmtFKotqF/tokens (Caused by NameResolutionError("<urllib3.connection.HTTPSConnection object at 0x7f4125e1d5e0>: Failed to resolve 'api.tronstation.io' ([Errno -2] Name or service not known)"))
2025-08-09 10:56:07 - balance_service - WARNING - No native currency found for blockchain Bitcoin
2025-08-09 10:56:07 - balance_service - WARNING - No native currency found for blockchain Avalanche
2025-08-09 10:56:07 - balance_service - WARNING - No native currency found for blockchain Arbitrum
2025-08-09 10:56:07 - balance_service - WARNING - No native currency found for blockchain Polkadot
2025-08-09 10:56:08 - balance_service - WARNING - خطا در دریافت موجودی TRC20 با API اصلی: 404 - {"timestamp":"2025-08-09T10:56:08.302+00:00","status":404,"error":"Not Found","path":"/v1/accounts/TC4wrP54p18JibkLX16hkXgVSQG1aZuuLz/tokens"}
2025-08-09 10:56:08 - balance_service - WARNING - خطا در دریافت موجودی TRC20 با API اصلی: 404 - {"timestamp":"2025-08-09T10:56:08.516+00:00","status":404,"error":"Not Found","path":"/v1/accounts/TC4wrP54p18JibkLX16hkXgVSQG1aZuuLz/tokens"}
2025-08-09 10:56:09 - balance_service - ERROR - Error getting EVM token balance on Avalanche: when sending a str, it must be a hex string. Got: 'FvwEAhmxKfeiG8SnEvq42hc6whRyY3EFYAvebMqDNDGCgxN5Z'
Traceback (most recent call last):
  File "/www/wwwroot/coinceeper.com/CC/services/balance_service.py", line 157, in get_token_balance
    address=Web3.to_checksum_address(contract_address),
  File "/www/wwwroot/coinceeper.com/CC/venv/lib64/python3.9/site-packages/web3/main.py", line 268, in to_checksum_address
    return to_checksum_address(value)
  File "/www/wwwroot/coinceeper.com/CC/venv/lib64/python3.9/site-packages/eth_utils/address.py", line 129, in to_checksum_address
    norm_address = to_normalized_address(value)
  File "/www/wwwroot/coinceeper.com/CC/venv/lib64/python3.9/site-packages/eth_utils/address.py", line 73, in to_normalized_address
    hex_address = hexstr_if_str(to_hex, value).lower()
  File "/www/wwwroot/coinceeper.com/CC/venv/lib64/python3.9/site-packages/eth_utils/conversions.py", line 195, in hexstr_if_str
    raise ValueError(
ValueError: when sending a str, it must be a hex string. Got: 'FvwEAhmxKfeiG8SnEvq42hc6whRyY3EFYAvebMqDNDGCgxN5Z'
2025-08-09 10:56:09 - balance_service - WARNING - خطا در دریافت موجودی TRC20 با API اصلی: 404 - {"timestamp":"2025-08-09T10:56:09.011+00:00","status":404,"error":"Not Found","path":"/v1/accounts/TC4wrP54p18JibkLX16hkXgVSQG1aZuuLz/tokens"}
2025-08-09 10:56:09 - balance_service - ERROR - خطا در استفاده از API جایگزین 8: HTTPSConnectionPool(host='api.tronstation.io', port=443): Max retries exceeded with url: /v1/accounts/TC4wrP54p18JibkLX16hkXgVSQG1aZuuLz/tokens (Caused by NameResolutionError("<urllib3.connection.HTTPSConnection object at 0x7f41265cb220>: Failed to resolve 'api.tronstation.io' ([Errno -2] Name or service not known)"))
2025-08-09 10:56:10 - balance_service - ERROR - خطا در استفاده از API جایگزین 8: HTTPSConnectionPool(host='api.tronstation.io', port=443): Max retries exceeded with url: /v1/accounts/TC4wrP54p18JibkLX16hkXgVSQG1aZuuLz/tokens (Caused by NameResolutionError("<urllib3.connection.HTTPSConnection object at 0x7f412429f4c0>: Failed to resolve 'api.tronstation.io' ([Errno -2] Name or service not known)"))
2025-08-09 10:56:10 - balance_service - ERROR - خطا در استفاده از API جایگزین 8: HTTPSConnectionPool(host='api.tronstation.io', port=443): Max retries exceeded with url: /v1/accounts/TC4wrP54p18JibkLX16hkXgVSQG1aZuuLz/tokens (Caused by NameResolutionError("<urllib3.connection.HTTPSConnection object at 0x7f4124271730>: Failed to resolve 'api.tronstation.io' ([Errno -2] Name or service not known)"))
2025-08-09 10:56:23 - balance_service - WARNING - No native currency found for blockchain Bitcoin
2025-08-09 10:56:23 - balance_service - WARNING - No native currency found for blockchain Avalanche
2025-08-09 10:56:23 - balance_service - WARNING - No native currency found for blockchain Arbitrum
2025-08-09 10:56:23 - balance_service - WARNING - No native currency found for blockchain Polkadot
2025-08-09 10:56:24 - balance_service - WARNING - خطا در دریافت موجودی TRC20 با API اصلی: 404 - {"timestamp":"2025-08-09T10:56:24.516+00:00","status":404,"error":"Not Found","path":"/v1/accounts/TC4wrP54p18JibkLX16hkXgVSQG1aZuuLz/tokens"}
2025-08-09 10:56:24 - balance_service - WARNING - خطا در دریافت موجودی TRC20 با API اصلی: 404 - {"timestamp":"2025-08-09T10:56:24.757+00:00","status":404,"error":"Not Found","path":"/v1/accounts/TC4wrP54p18JibkLX16hkXgVSQG1aZuuLz/tokens"}
2025-08-09 10:56:25 - balance_service - ERROR - Error getting EVM token balance on Avalanche: when sending a str, it must be a hex string. Got: 'FvwEAhmxKfeiG8SnEvq42hc6whRyY3EFYAvebMqDNDGCgxN5Z'
Traceback (most recent call last):
  File "/www/wwwroot/coinceeper.com/CC/services/balance_service.py", line 157, in get_token_balance
    address=Web3.to_checksum_address(contract_address),
  File "/www/wwwroot/coinceeper.com/CC/venv/lib64/python3.9/site-packages/web3/main.py", line 268, in to_checksum_address
    return to_checksum_address(value)
  File "/www/wwwroot/coinceeper.com/CC/venv/lib64/python3.9/site-packages/eth_utils/address.py", line 129, in to_checksum_address
    norm_address = to_normalized_address(value)
  File "/www/wwwroot/coinceeper.com/CC/venv/lib64/python3.9/site-packages/eth_utils/address.py", line 73, in to_normalized_address
    hex_address = hexstr_if_str(to_hex, value).lower()
  File "/www/wwwroot/coinceeper.com/CC/venv/lib64/python3.9/site-packages/eth_utils/conversions.py", line 195, in hexstr_if_str
    raise ValueError(
ValueError: when sending a str, it must be a hex string. Got: 'FvwEAhmxKfeiG8SnEvq42hc6whRyY3EFYAvebMqDNDGCgxN5Z'
2025-08-09 10:56:25 - balance_service - WARNING - خطا در دریافت موجودی TRC20 با API اصلی: 404 - {"timestamp":"2025-08-09T10:56:25.427+00:00","status":404,"error":"Not Found","path":"/v1/accounts/TC4wrP54p18JibkLX16hkXgVSQG1aZuuLz/tokens"}
2025-08-09 10:56:26 - balance_service - ERROR - خطا در استفاده از API جایگزین 8: HTTPSConnectionPool(host='api.tronstation.io', port=443): Max retries exceeded with url: /v1/accounts/TC4wrP54p18JibkLX16hkXgVSQG1aZuuLz/tokens (Caused by NameResolutionError("<urllib3.connection.HTTPSConnection object at 0x7f41262d5070>: Failed to resolve 'api.tronstation.io' ([Errno -2] Name or service not known)"))
2025-08-09 10:56:26 - balance_service - ERROR - خطا در استفاده از API جایگزین 8: HTTPSConnectionPool(host='api.tronstation.io', port=443): Max retries exceeded with url: /v1/accounts/TC4wrP54p18JibkLX16hkXgVSQG1aZuuLz/tokens (Caused by NameResolutionError("<urllib3.connection.HTTPSConnection object at 0x7f4124254d90>: Failed to resolve 'api.tronstation.io' ([Errno -2] Name or service not known)"))
2025-08-09 10:56:27 - balance_service - ERROR - خطا در استفاده از API جایگزین 8: HTTPSConnectionPool(host='api.tronstation.io', port=443): Max retries exceeded with url: /v1/accounts/TC4wrP54p18JibkLX16hkXgVSQG1aZuuLz/tokens (Caused by NameResolutionError("<urllib3.connection.HTTPSConnection object at 0x7f41242647f0>: Failed to resolve 'api.tronstation.io' ([Errno -2] Name or service not known)"))
2025-08-09 10:56:31 - balance_service - WARNING - No native currency found for blockchain Bitcoin
2025-08-09 10:56:31 - balance_service - WARNING - No native currency found for blockchain Avalanche
2025-08-09 10:56:31 - balance_service - WARNING - No native currency found for blockchain Arbitrum
2025-08-09 10:56:31 - balance_service - WARNING - No native currency found for blockchain Polkadot
2025-08-09 10:56:32 - balance_service - WARNING - خطا در دریافت موجودی TRC20 با API اصلی: 404 - {"timestamp":"2025-08-09T10:56:31.978+00:00","status":404,"error":"Not Found","path":"/v1/accounts/TC4wrP54p18JibkLX16hkXgVSQG1aZuuLz/tokens"}
2025-08-09 10:56:32 - balance_service - WARNING - خطا در دریافت موجودی TRC20 با API اصلی: 404 - {"timestamp":"2025-08-09T10:56:32.238+00:00","status":404,"error":"Not Found","path":"/v1/accounts/TC4wrP54p18JibkLX16hkXgVSQG1aZuuLz/tokens"}
2025-08-09 10:56:32 - balance_service - WARNING - خطا در دریافت موجودی TRC20 با API اصلی: 404 - {"timestamp":"2025-08-09T10:56:32.880+00:00","status":404,"error":"Not Found","path":"/v1/accounts/TC4wrP54p18JibkLX16hkXgVSQG1aZuuLz/tokens"}
2025-08-09 10:56:32 - balance_service - ERROR - Error getting EVM token balance on Avalanche: when sending a str, it must be a hex string. Got: 'FvwEAhmxKfeiG8SnEvq42hc6whRyY3EFYAvebMqDNDGCgxN5Z'
Traceback (most recent call last):
  File "/www/wwwroot/coinceeper.com/CC/services/balance_service.py", line 157, in get_token_balance
    address=Web3.to_checksum_address(contract_address),
  File "/www/wwwroot/coinceeper.com/CC/venv/lib64/python3.9/site-packages/web3/main.py", line 268, in to_checksum_address
    return to_checksum_address(value)
  File "/www/wwwroot/coinceeper.com/CC/venv/lib64/python3.9/site-packages/eth_utils/address.py", line 129, in to_checksum_address
    norm_address = to_normalized_address(value)
  File "/www/wwwroot/coinceeper.com/CC/venv/lib64/python3.9/site-packages/eth_utils/address.py", line 73, in to_normalized_address
    hex_address = hexstr_if_str(to_hex, value).lower()
  File "/www/wwwroot/coinceeper.com/CC/venv/lib64/python3.9/site-packages/eth_utils/conversions.py", line 195, in hexstr_if_str
    raise ValueError(
ValueError: when sending a str, it must be a hex string. Got: 'FvwEAhmxKfeiG8SnEvq42hc6whRyY3EFYAvebMqDNDGCgxN5Z'
2025-08-09 10:56:33 - balance_service - ERROR - خطا در استفاده از API جایگزین 8: HTTPSConnectionPool(host='api.tronstation.io', port=443): Max retries exceeded with url: /v1/accounts/TC4wrP54p18JibkLX16hkXgVSQG1aZuuLz/tokens (Caused by NameResolutionError("<urllib3.connection.HTTPSConnection object at 0x7f4125c65850>: Failed to resolve 'api.tronstation.io' ([Errno -2] Name or service not known)"))
2025-08-09 10:56:34 - balance_service - ERROR - خطا در استفاده از API جایگزین 8: HTTPSConnectionPool(host='api.tronstation.io', port=443): Max retries exceeded with url: /v1/accounts/TC4wrP54p18JibkLX16hkXgVSQG1aZuuLz/tokens (Caused by NameResolutionError("<urllib3.connection.HTTPSConnection object at 0x7f4125cd6c70>: Failed to resolve 'api.tronstation.io' ([Errno -2] Name or service not known)"))
2025-08-09 10:56:34 - balance_service - ERROR - خطا در استفاده از API جایگزین 8: HTTPSConnectionPool(host='api.tronstation.io', port=443): Max retries exceeded with url: /v1/accounts/TC4wrP54p18JibkLX16hkXgVSQG1aZuuLz/tokens (Caused by NameResolutionError("<urllib3.connection.HTTPSConnection object at 0x7f4125d18400>: Failed to resolve 'api.tronstation.io' ([Errno -2] Name or service not known)"))
2025-08-09 10:56:49 - balance_service - WARNING - No native currency found for blockchain Bitcoin
2025-08-09 10:56:49 - balance_service - WARNING - No native currency found for blockchain Avalanche
2025-08-09 10:56:49 - balance_service - WARNING - No native currency found for blockchain Arbitrum
2025-08-09 10:56:49 - balance_service - WARNING - No native currency found for blockchain Polkadot
2025-08-09 10:56:49 - balance_service - WARNING - خطا در دریافت موجودی TRC20 با API اصلی: 404 - {"timestamp":"2025-08-09T10:56:49.692+00:00","status":404,"error":"Not Found","path":"/v1/accounts/TC4wrP54p18JibkLX16hkXgVSQG1aZuuLz/tokens"}
2025-08-09 10:56:49 - balance_service - WARNING - خطا در دریافت موجودی TRC20 با API اصلی: 404 - {"timestamp":"2025-08-09T10:56:49.888+00:00","status":404,"error":"Not Found","path":"/v1/accounts/TC4wrP54p18JibkLX16hkXgVSQG1aZuuLz/tokens"}
2025-08-09 10:56:50 - balance_service - ERROR - Error getting EVM token balance on Avalanche: when sending a str, it must be a hex string. Got: 'FvwEAhmxKfeiG8SnEvq42hc6whRyY3EFYAvebMqDNDGCgxN5Z'
Traceback (most recent call last):
  File "/www/wwwroot/coinceeper.com/CC/services/balance_service.py", line 157, in get_token_balance
    address=Web3.to_checksum_address(contract_address),
  File "/www/wwwroot/coinceeper.com/CC/venv/lib64/python3.9/site-packages/web3/main.py", line 268, in to_checksum_address
    return to_checksum_address(value)
  File "/www/wwwroot/coinceeper.com/CC/venv/lib64/python3.9/site-packages/eth_utils/address.py", line 129, in to_checksum_address
    norm_address = to_normalized_address(value)
  File "/www/wwwroot/coinceeper.com/CC/venv/lib64/python3.9/site-packages/eth_utils/address.py", line 73, in to_normalized_address
    hex_address = hexstr_if_str(to_hex, value).lower()
  File "/www/wwwroot/coinceeper.com/CC/venv/lib64/python3.9/site-packages/eth_utils/conversions.py", line 195, in hexstr_if_str
    raise ValueError(
ValueError: when sending a str, it must be a hex string. Got: 'FvwEAhmxKfeiG8SnEvq42hc6whRyY3EFYAvebMqDNDGCgxN5Z'
2025-08-09 10:56:50 - balance_service - WARNING - خطا در دریافت موجودی TRC20 با API اصلی: 404 - {"timestamp":"2025-08-09T10:56:50.366+00:00","status":404,"error":"Not Found","path":"/v1/accounts/TC4wrP54p18JibkLX16hkXgVSQG1aZuuLz/tokens"}
2025-08-09 10:56:51 - balance_service - ERROR - خطا در استفاده از API جایگزین 8: HTTPSConnectionPool(host='api.tronstation.io', port=443): Max retries exceeded with url: /v1/accounts/TC4wrP54p18JibkLX16hkXgVSQG1aZuuLz/tokens (Caused by NameResolutionError("<urllib3.connection.HTTPSConnection object at 0x7f4125c37460>: Failed to resolve 'api.tronstation.io' ([Errno -2] Name or service not known)"))
2025-08-09 10:56:51 - balance_service - ERROR - خطا در استفاده از API جایگزین 8: HTTPSConnectionPool(host='api.tronstation.io', port=443): Max retries exceeded with url: /v1/accounts/TC4wrP54p18JibkLX16hkXgVSQG1aZuuLz/tokens (Caused by NameResolutionError("<urllib3.connection.HTTPSConnection object at 0x7f4125add880>: Failed to resolve 'api.tronstation.io' ([Errno -2] Name or service not known)"))
2025-08-09 10:56:52 - balance_service - ERROR - خطا در استفاده از API جایگزین 8: HTTPSConnectionPool(host='api.tronstation.io', port=443): Max retries exceeded with url: /v1/accounts/TC4wrP54p18JibkLX16hkXgVSQG1aZuuLz/tokens (Caused by NameResolutionError("<urllib3.connection.HTTPSConnection object at 0x7f4125ccb8b0>: Failed to resolve 'api.tronstation.io' ([Errno -2] Name or service not known)"))
2025-08-09 11:05:53 - balance_service - WARNING - No native currency found for blockchain Bitcoin
2025-08-09 11:05:53 - balance_service - WARNING - No native currency found for blockchain Avalanche
2025-08-09 11:05:53 - balance_service - WARNING - No native currency found for blockchain Arbitrum
2025-08-09 11:05:53 - balance_service - WARNING - No native currency found for blockchain Polkadot
2025-08-09 11:05:54 - balance_service - WARNING - خطا در دریافت موجودی TRC20 با API اصلی: 404 - {"timestamp":"2025-08-09T11:05:54.482+00:00","status":404,"error":"Not Found","path":"/v1/accounts/TG8HDw96H4cRFnMUNBzJTVyiF1qdW4Nu36/tokens"}
2025-08-09 11:05:55 - balance_service - ERROR - Error getting EVM token balance on Avalanche: when sending a str, it must be a hex string. Got: 'FvwEAhmxKfeiG8SnEvq42hc6whRyY3EFYAvebMqDNDGCgxN5Z'
Traceback (most recent call last):
  File "/www/wwwroot/coinceeper.com/CC/services/balance_service.py", line 157, in get_token_balance
    address=Web3.to_checksum_address(contract_address),
  File "/www/wwwroot/coinceeper.com/CC/venv/lib64/python3.9/site-packages/web3/main.py", line 268, in to_checksum_address
    return to_checksum_address(value)
  File "/www/wwwroot/coinceeper.com/CC/venv/lib64/python3.9/site-packages/eth_utils/address.py", line 129, in to_checksum_address
    norm_address = to_normalized_address(value)
  File "/www/wwwroot/coinceeper.com/CC/venv/lib64/python3.9/site-packages/eth_utils/address.py", line 73, in to_normalized_address
    hex_address = hexstr_if_str(to_hex, value).lower()
  File "/www/wwwroot/coinceeper.com/CC/venv/lib64/python3.9/site-packages/eth_utils/conversions.py", line 195, in hexstr_if_str
    raise ValueError(
ValueError: when sending a str, it must be a hex string. Got: 'FvwEAhmxKfeiG8SnEvq42hc6whRyY3EFYAvebMqDNDGCgxN5Z'
2025-08-09 11:05:55 - balance_service - WARNING - خطا در دریافت موجودی TRC20 با API اصلی: 404 - {"timestamp":"2025-08-09T11:05:55.044+00:00","status":404,"error":"Not Found","path":"/v1/accounts/TG8HDw96H4cRFnMUNBzJTVyiF1qdW4Nu36/tokens"}
2025-08-09 11:05:55 - balance_service - WARNING - خطا در دریافت موجودی TRC20 با API اصلی: 404 - {"timestamp":"2025-08-09T11:05:55.277+00:00","status":404,"error":"Not Found","path":"/v1/accounts/TG8HDw96H4cRFnMUNBzJTVyiF1qdW4Nu36/tokens"}
2025-08-09 11:05:56 - balance_service - ERROR - خطا در استفاده از API جایگزین 8: HTTPSConnectionPool(host='api.tronstation.io', port=443): Max retries exceeded with url: /v1/accounts/TG8HDw96H4cRFnMUNBzJTVyiF1qdW4Nu36/tokens (Caused by NameResolutionError("<urllib3.connection.HTTPSConnection object at 0x7f41269270a0>: Failed to resolve 'api.tronstation.io' ([Errno -2] Name or service not known)"))
2025-08-09 11:05:57 - balance_service - ERROR - خطا در استفاده از API جایگزین 8: HTTPSConnectionPool(host='api.tronstation.io', port=443): Max retries exceeded with url: /v1/accounts/TG8HDw96H4cRFnMUNBzJTVyiF1qdW4Nu36/tokens (Caused by NameResolutionError("<urllib3.connection.HTTPSConnection object at 0x7f41268f3c70>: Failed to resolve 'api.tronstation.io' ([Errno -2] Name or service not known)"))
2025-08-09 11:05:57 - balance_service - ERROR - خطا در استفاده از API جایگزین 8: HTTPSConnectionPool(host='api.tronstation.io', port=443): Max retries exceeded with url: /v1/accounts/TG8HDw96H4cRFnMUNBzJTVyiF1qdW4Nu36/tokens (Caused by NameResolutionError("<urllib3.connection.HTTPSConnection object at 0x7f4127540880>: Failed to resolve 'api.tronstation.io' ([Errno -2] Name or service not known)"))
2025-08-09 11:09:43 - balance_service - WARNING - No native currency found for blockchain Bitcoin
2025-08-09 11:09:43 - balance_service - WARNING - No native currency found for blockchain Avalanche
2025-08-09 11:09:43 - balance_service - WARNING - No native currency found for blockchain Arbitrum
2025-08-09 11:09:43 - balance_service - WARNING - No native currency found for blockchain Polkadot
2025-08-09 11:09:46 - balance_service - WARNING - خطا در دریافت موجودی TRC20 با API اصلی: 404 - {"timestamp":"2025-08-09T11:09:46.603+00:00","status":404,"error":"Not Found","path":"/v1/accounts/TYBk7UXTsmQsmqParVt5nwUSCon5j8dhd8/tokens"}
2025-08-09 11:09:46 - balance_service - WARNING - خطا در دریافت موجودی TRC20 با API اصلی: 404 - {"timestamp":"2025-08-09T11:09:46.853+00:00","status":404,"error":"Not Found","path":"/v1/accounts/TYBk7UXTsmQsmqParVt5nwUSCon5j8dhd8/tokens"}
2025-08-09 11:09:47 - balance_service - WARNING - خطا در دریافت موجودی TRC20 با API اصلی: 404 - {"timestamp":"2025-08-09T11:09:47.336+00:00","status":404,"error":"Not Found","path":"/v1/accounts/TYBk7UXTsmQsmqParVt5nwUSCon5j8dhd8/tokens"}
2025-08-09 11:09:47 - balance_service - ERROR - Error getting EVM token balance on Avalanche: when sending a str, it must be a hex string. Got: 'FvwEAhmxKfeiG8SnEvq42hc6whRyY3EFYAvebMqDNDGCgxN5Z'
Traceback (most recent call last):
  File "/www/wwwroot/coinceeper.com/CC/services/balance_service.py", line 157, in get_token_balance
    address=Web3.to_checksum_address(contract_address),
  File "/www/wwwroot/coinceeper.com/CC/venv/lib64/python3.9/site-packages/web3/main.py", line 268, in to_checksum_address
    return to_checksum_address(value)
  File "/www/wwwroot/coinceeper.com/CC/venv/lib64/python3.9/site-packages/eth_utils/address.py", line 129, in to_checksum_address
    norm_address = to_normalized_address(value)
  File "/www/wwwroot/coinceeper.com/CC/venv/lib64/python3.9/site-packages/eth_utils/address.py", line 73, in to_normalized_address
    hex_address = hexstr_if_str(to_hex, value).lower()
  File "/www/wwwroot/coinceeper.com/CC/venv/lib64/python3.9/site-packages/eth_utils/conversions.py", line 195, in hexstr_if_str
    raise ValueError(
ValueError: when sending a str, it must be a hex string. Got: 'FvwEAhmxKfeiG8SnEvq42hc6whRyY3EFYAvebMqDNDGCgxN5Z'
2025-08-09 11:09:48 - balance_service - ERROR - خطا در استفاده از API جایگزین 8: HTTPSConnectionPool(host='api.tronstation.io', port=443): Max retries exceeded with url: /v1/accounts/TYBk7UXTsmQsmqParVt5nwUSCon5j8dhd8/tokens (Caused by NameResolutionError("<urllib3.connection.HTTPSConnection object at 0x7f412691d340>: Failed to resolve 'api.tronstation.io' ([Errno -2] Name or service not known)"))
2025-08-09 11:09:48 - balance_service - ERROR - خطا در استفاده از API جایگزین 8: HTTPSConnectionPool(host='api.tronstation.io', port=443): Max retries exceeded with url: /v1/accounts/TYBk7UXTsmQsmqParVt5nwUSCon5j8dhd8/tokens (Caused by NameResolutionError("<urllib3.connection.HTTPSConnection object at 0x7f4126698dc0>: Failed to resolve 'api.tronstation.io' ([Errno -2] Name or service not known)"))
2025-08-09 11:09:49 - balance_service - ERROR - خطا در استفاده از API جایگزین 8: HTTPSConnectionPool(host='api.tronstation.io', port=443): Max retries exceeded with url: /v1/accounts/TYBk7UXTsmQsmqParVt5nwUSCon5j8dhd8/tokens (Caused by NameResolutionError("<urllib3.connection.HTTPSConnection object at 0x7f41266b1fd0>: Failed to resolve 'api.tronstation.io' ([Errno -2] Name or service not known)"))
2025-08-09 16:36:47 - balance_service - WARNING - No native currency found for blockchain Bitcoin
2025-08-09 16:36:47 - balance_service - WARNING - No native currency found for blockchain Avalanche
2025-08-09 16:36:47 - balance_service - WARNING - No native currency found for blockchain Arbitrum
2025-08-09 16:36:47 - balance_service - WARNING - No native currency found for blockchain Polkadot
2025-08-09 16:36:48 - balance_service - WARNING - خطا در دریافت موجودی TRC20 با API اصلی: 404 - {"timestamp":"2025-08-09T16:36:48.548+00:00","status":404,"error":"Not Found","path":"/v1/accounts/TWMQdioCU5Jm55L64zJ5s9hve4vJ4ShVnm/tokens"}
2025-08-09 16:36:48 - balance_service - WARNING - خطا در دریافت موجودی TRC20 با API اصلی: 404 - {"timestamp":"2025-08-09T16:36:48.817+00:00","status":404,"error":"Not Found","path":"/v1/accounts/TWMQdioCU5Jm55L64zJ5s9hve4vJ4ShVnm/tokens"}
2025-08-09 16:36:49 - balance_service - ERROR - Error getting EVM token balance on Avalanche: when sending a str, it must be a hex string. Got: 'FvwEAhmxKfeiG8SnEvq42hc6whRyY3EFYAvebMqDNDGCgxN5Z'
Traceback (most recent call last):
  File "/www/wwwroot/coinceeper.com/CC/services/balance_service.py", line 157, in get_token_balance
    address=Web3.to_checksum_address(contract_address),
  File "/www/wwwroot/coinceeper.com/CC/venv/lib64/python3.9/site-packages/web3/main.py", line 268, in to_checksum_address
    return to_checksum_address(value)
  File "/www/wwwroot/coinceeper.com/CC/venv/lib64/python3.9/site-packages/eth_utils/address.py", line 129, in to_checksum_address
    norm_address = to_normalized_address(value)
  File "/www/wwwroot/coinceeper.com/CC/venv/lib64/python3.9/site-packages/eth_utils/address.py", line 73, in to_normalized_address
    hex_address = hexstr_if_str(to_hex, value).lower()
  File "/www/wwwroot/coinceeper.com/CC/venv/lib64/python3.9/site-packages/eth_utils/conversions.py", line 195, in hexstr_if_str
    raise ValueError(
ValueError: when sending a str, it must be a hex string. Got: 'FvwEAhmxKfeiG8SnEvq42hc6whRyY3EFYAvebMqDNDGCgxN5Z'
2025-08-09 16:36:49 - balance_service - WARNING - خطا در دریافت موجودی TRC20 با API اصلی: 404 - {"timestamp":"2025-08-09T16:36:49.314+00:00","status":404,"error":"Not Found","path":"/v1/accounts/TWMQdioCU5Jm55L64zJ5s9hve4vJ4ShVnm/tokens"}
2025-08-09 16:36:50 - balance_service - ERROR - خطا در استفاده از API جایگزین 8: HTTPSConnectionPool(host='api.tronstation.io', port=443): Max retries exceeded with url: /v1/accounts/TWMQdioCU5Jm55L64zJ5s9hve4vJ4ShVnm/tokens (Caused by NameResolutionError("<urllib3.connection.HTTPSConnection object at 0x7f4125d22220>: Failed to resolve 'api.tronstation.io' ([Errno -2] Name or service not known)"))
2025-08-09 16:36:50 - balance_service - ERROR - خطا در استفاده از API جایگزین 8: HTTPSConnectionPool(host='api.tronstation.io', port=443): Max retries exceeded with url: /v1/accounts/TWMQdioCU5Jm55L64zJ5s9hve4vJ4ShVnm/tokens (Caused by NameResolutionError("<urllib3.connection.HTTPSConnection object at 0x7f4125c78f70>: Failed to resolve 'api.tronstation.io' ([Errno -2] Name or service not known)"))
2025-08-09 16:36:51 - balance_service - ERROR - خطا در استفاده از API جایگزین 8: HTTPSConnectionPool(host='api.tronstation.io', port=443): Max retries exceeded with url: /v1/accounts/TWMQdioCU5Jm55L64zJ5s9hve4vJ4ShVnm/tokens (Caused by NameResolutionError("<urllib3.connection.HTTPSConnection object at 0x7f4125c99c10>: Failed to resolve 'api.tronstation.io' ([Errno -2] Name or service not known)"))
2025-08-09 18:57:14 - balance_service - WARNING - No native currency found for blockchain Bitcoin
2025-08-09 18:57:14 - balance_service - WARNING - No native currency found for blockchain Avalanche
2025-08-09 18:57:14 - balance_service - WARNING - No native currency found for blockchain Arbitrum
2025-08-09 18:57:14 - balance_service - WARNING - No native currency found for blockchain Polkadot
2025-08-09 18:57:15 - balance_service - WARNING - خطا در دریافت موجودی TRC20 با API اصلی: 404 - {"timestamp":"2025-08-09T18:57:14.975+00:00","status":404,"error":"Not Found","path":"/v1/accounts/TXmd62JTE3LkE2zJNvC6oaABdDcC7AkSbC/tokens"}
2025-08-09 18:57:15 - balance_service - WARNING - خطا در دریافت موجودی TRC20 با API اصلی: 404 - {"timestamp":"2025-08-09T18:57:15.211+00:00","status":404,"error":"Not Found","path":"/v1/accounts/TXmd62JTE3LkE2zJNvC6oaABdDcC7AkSbC/tokens"}
2025-08-09 18:57:15 - balance_service - ERROR - Error getting EVM token balance on Avalanche: when sending a str, it must be a hex string. Got: 'FvwEAhmxKfeiG8SnEvq42hc6whRyY3EFYAvebMqDNDGCgxN5Z'
Traceback (most recent call last):
  File "/www/wwwroot/coinceeper.com/CC/services/balance_service.py", line 157, in get_token_balance
    address=Web3.to_checksum_address(contract_address),
  File "/www/wwwroot/coinceeper.com/CC/venv/lib64/python3.9/site-packages/web3/main.py", line 268, in to_checksum_address
    return to_checksum_address(value)
  File "/www/wwwroot/coinceeper.com/CC/venv/lib64/python3.9/site-packages/eth_utils/address.py", line 129, in to_checksum_address
    norm_address = to_normalized_address(value)
  File "/www/wwwroot/coinceeper.com/CC/venv/lib64/python3.9/site-packages/eth_utils/address.py", line 73, in to_normalized_address
    hex_address = hexstr_if_str(to_hex, value).lower()
  File "/www/wwwroot/coinceeper.com/CC/venv/lib64/python3.9/site-packages/eth_utils/conversions.py", line 195, in hexstr_if_str
    raise ValueError(
ValueError: when sending a str, it must be a hex string. Got: 'FvwEAhmxKfeiG8SnEvq42hc6whRyY3EFYAvebMqDNDGCgxN5Z'
2025-08-09 18:57:16 - balance_service - WARNING - خطا در دریافت موجودی TRC20 با API اصلی: 404 - {"timestamp":"2025-08-09T18:57:15.943+00:00","status":404,"error":"Not Found","path":"/v1/accounts/TXmd62JTE3LkE2zJNvC6oaABdDcC7AkSbC/tokens"}
2025-08-09 18:57:16 - balance_service - ERROR - خطا در استفاده از API جایگزین 8: HTTPSConnectionPool(host='api.tronstation.io', port=443): Max retries exceeded with url: /v1/accounts/TXmd62JTE3LkE2zJNvC6oaABdDcC7AkSbC/tokens (Caused by NameResolutionError("<urllib3.connection.HTTPSConnection object at 0x7f41259cf070>: Failed to resolve 'api.tronstation.io' ([Errno -2] Name or service not known)"))
2025-08-09 18:57:17 - balance_service - ERROR - خطا در استفاده از API جایگزین 8: HTTPSConnectionPool(host='api.tronstation.io', port=443): Max retries exceeded with url: /v1/accounts/TXmd62JTE3LkE2zJNvC6oaABdDcC7AkSbC/tokens (Caused by NameResolutionError("<urllib3.connection.HTTPSConnection object at 0x7f41259d60d0>: Failed to resolve 'api.tronstation.io' ([Errno -2] Name or service not known)"))
2025-08-09 18:57:17 - balance_service - ERROR - خطا در استفاده از API جایگزین 8: HTTPSConnectionPool(host='api.tronstation.io', port=443): Max retries exceeded with url: /v1/accounts/TXmd62JTE3LkE2zJNvC6oaABdDcC7AkSbC/tokens (Caused by NameResolutionError("<urllib3.connection.HTTPSConnection object at 0x7f41259cf280>: Failed to resolve 'api.tronstation.io' ([Errno -2] Name or service not known)"))
2025-08-09 19:26:27 - balance_service - ERROR - Error getting simple user balance: (mysql.connector.errors.DatabaseError) 2003 (HY000): Can't connect to MySQL server on 'localhost:3306' (111)
(Background on this error at: https://sqlalche.me/e/20/4xp6)
2025-08-09 19:26:27 - balance_service - ERROR - Error getting simple user balance: (mysql.connector.errors.DatabaseError) 2003 (HY000): Can't connect to MySQL server on 'localhost:3306' (111)
(Background on this error at: https://sqlalche.me/e/20/4xp6)
2025-08-09 19:26:27 - balance_service - ERROR - Error getting simple user balance: (mysql.connector.errors.DatabaseError) 2003 (HY000): Can't connect to MySQL server on 'localhost:3306' (111)
(Background on this error at: https://sqlalche.me/e/20/4xp6)
2025-08-09 20:18:20 - balance_service - WARNING - No native currency found for blockchain Bitcoin
2025-08-09 20:18:20 - balance_service - WARNING - No native currency found for blockchain Avalanche
2025-08-09 20:18:20 - balance_service - WARNING - No native currency found for blockchain Arbitrum
2025-08-09 20:18:20 - balance_service - WARNING - No native currency found for blockchain Polkadot
2025-08-09 20:18:21 - balance_service - WARNING - خطا در دریافت موجودی TRC20 با API اصلی: 404 - {"timestamp":"2025-08-09T20:18:21.221+00:00","status":404,"error":"Not Found","path":"/v1/accounts/TG49DR3VoBL6tAgC4zfjypAorZMVKMiPjG/tokens"}
2025-08-09 20:18:21 - balance_service - WARNING - خطا در دریافت موجودی TRC20 با API اصلی: 404 - {"timestamp":"2025-08-09T20:18:21.484+00:00","status":404,"error":"Not Found","path":"/v1/accounts/TG49DR3VoBL6tAgC4zfjypAorZMVKMiPjG/tokens"}
2025-08-09 20:18:21 - balance_service - ERROR - Error getting EVM token balance on Avalanche: when sending a str, it must be a hex string. Got: 'FvwEAhmxKfeiG8SnEvq42hc6whRyY3EFYAvebMqDNDGCgxN5Z'
Traceback (most recent call last):
  File "/www/wwwroot/coinceeper.com/CC/services/balance_service.py", line 157, in get_token_balance
    address=Web3.to_checksum_address(contract_address),
  File "/www/wwwroot/coinceeper.com/CC/venv/lib64/python3.9/site-packages/web3/main.py", line 268, in to_checksum_address
    return to_checksum_address(value)
  File "/www/wwwroot/coinceeper.com/CC/venv/lib64/python3.9/site-packages/eth_utils/address.py", line 129, in to_checksum_address
    norm_address = to_normalized_address(value)
  File "/www/wwwroot/coinceeper.com/CC/venv/lib64/python3.9/site-packages/eth_utils/address.py", line 73, in to_normalized_address
    hex_address = hexstr_if_str(to_hex, value).lower()
  File "/www/wwwroot/coinceeper.com/CC/venv/lib64/python3.9/site-packages/eth_utils/conversions.py", line 195, in hexstr_if_str
    raise ValueError(
ValueError: when sending a str, it must be a hex string. Got: 'FvwEAhmxKfeiG8SnEvq42hc6whRyY3EFYAvebMqDNDGCgxN5Z'
2025-08-09 20:18:21 - balance_service - WARNING - خطا در دریافت موجودی TRC20 با API اصلی: 404 - {"timestamp":"2025-08-09T20:18:21.939+00:00","status":404,"error":"Not Found","path":"/v1/accounts/TG49DR3VoBL6tAgC4zfjypAorZMVKMiPjG/tokens"}
2025-08-09 20:18:22 - balance_service - ERROR - خطا در استفاده از API جایگزین 8: HTTPSConnectionPool(host='api.tronstation.io', port=443): Max retries exceeded with url: /v1/accounts/TG49DR3VoBL6tAgC4zfjypAorZMVKMiPjG/tokens (Caused by NameResolutionError("<urllib3.connection.HTTPSConnection object at 0x7f41267a50d0>: Failed to resolve 'api.tronstation.io' ([Errno -2] Name or service not known)"))
2025-08-09 20:18:23 - balance_service - ERROR - خطا در استفاده از API جایگزین 8: HTTPSConnectionPool(host='api.tronstation.io', port=443): Max retries exceeded with url: /v1/accounts/TG49DR3VoBL6tAgC4zfjypAorZMVKMiPjG/tokens (Caused by NameResolutionError("<urllib3.connection.HTTPSConnection object at 0x7f4126799ee0>: Failed to resolve 'api.tronstation.io' ([Errno -2] Name or service not known)"))
2025-08-09 20:18:23 - balance_service - ERROR - خطا در استفاده از API جایگزین 8: HTTPSConnectionPool(host='api.tronstation.io', port=443): Max retries exceeded with url: /v1/accounts/TG49DR3VoBL6tAgC4zfjypAorZMVKMiPjG/tokens (Caused by NameResolutionError("<urllib3.connection.HTTPSConnection object at 0x7f412678c160>: Failed to resolve 'api.tronstation.io' ([Errno -2] Name or service not known)"))
2025-08-10 06:42:17 - balance_service - WARNING - No native currency found for blockchain Bitcoin
2025-08-10 06:42:17 - balance_service - WARNING - No native currency found for blockchain Avalanche
2025-08-10 06:42:17 - balance_service - WARNING - No native currency found for blockchain Arbitrum
2025-08-10 06:42:17 - balance_service - WARNING - No native currency found for blockchain Polkadot
2025-08-10 06:42:18 - balance_service - WARNING - خطا در دریافت موجودی TRC20 با API اصلی: 404 - {"timestamp":"2025-08-10T06:42:18.651+00:00","status":404,"error":"Not Found","path":"/v1/accounts/TFMpNDb7925qYBcZiwPjywpoDhemCAH9Qo/tokens"}
2025-08-10 06:42:18 - balance_service - WARNING - خطا در دریافت موجودی TRC20 با API اصلی: 404 - {"timestamp":"2025-08-10T06:42:18.932+00:00","status":404,"error":"Not Found","path":"/v1/accounts/TFMpNDb7925qYBcZiwPjywpoDhemCAH9Qo/tokens"}
2025-08-10 06:42:19 - balance_service - ERROR - Error getting EVM token balance on Avalanche: when sending a str, it must be a hex string. Got: 'FvwEAhmxKfeiG8SnEvq42hc6whRyY3EFYAvebMqDNDGCgxN5Z'
Traceback (most recent call last):
  File "/www/wwwroot/coinceeper.com/CC/services/balance_service.py", line 157, in get_token_balance
    address=Web3.to_checksum_address(contract_address),
  File "/www/wwwroot/coinceeper.com/CC/venv/lib64/python3.9/site-packages/web3/main.py", line 268, in to_checksum_address
    return to_checksum_address(value)
  File "/www/wwwroot/coinceeper.com/CC/venv/lib64/python3.9/site-packages/eth_utils/address.py", line 129, in to_checksum_address
    norm_address = to_normalized_address(value)
  File "/www/wwwroot/coinceeper.com/CC/venv/lib64/python3.9/site-packages/eth_utils/address.py", line 73, in to_normalized_address
    hex_address = hexstr_if_str(to_hex, value).lower()
  File "/www/wwwroot/coinceeper.com/CC/venv/lib64/python3.9/site-packages/eth_utils/conversions.py", line 195, in hexstr_if_str
    raise ValueError(
ValueError: when sending a str, it must be a hex string. Got: 'FvwEAhmxKfeiG8SnEvq42hc6whRyY3EFYAvebMqDNDGCgxN5Z'
2025-08-10 06:42:19 - balance_service - WARNING - خطا در دریافت موجودی TRC20 با API اصلی: 404 - {"timestamp":"2025-08-10T06:42:19.587+00:00","status":404,"error":"Not Found","path":"/v1/accounts/TFMpNDb7925qYBcZiwPjywpoDhemCAH9Qo/tokens"}
2025-08-10 06:42:20 - balance_service - ERROR - خطا در استفاده از API جایگزین 8: HTTPSConnectionPool(host='api.tronstation.io', port=443): Max retries exceeded with url: /v1/accounts/TFMpNDb7925qYBcZiwPjywpoDhemCAH9Qo/tokens (Caused by NameResolutionError("<urllib3.connection.HTTPSConnection object at 0x7f4126880c40>: Failed to resolve 'api.tronstation.io' ([Errno -2] Name or service not known)"))
2025-08-10 06:42:20 - balance_service - ERROR - خطا در استفاده از API جایگزین 8: HTTPSConnectionPool(host='api.tronstation.io', port=443): Max retries exceeded with url: /v1/accounts/TFMpNDb7925qYBcZiwPjywpoDhemCAH9Qo/tokens (Caused by NameResolutionError("<urllib3.connection.HTTPSConnection object at 0x7f410571dd90>: Failed to resolve 'api.tronstation.io' ([Errno -2] Name or service not known)"))
2025-08-10 06:42:21 - balance_service - ERROR - خطا در استفاده از API جایگزین 8: HTTPSConnectionPool(host='api.tronstation.io', port=443): Max retries exceeded with url: /v1/accounts/TFMpNDb7925qYBcZiwPjywpoDhemCAH9Qo/tokens (Caused by NameResolutionError("<urllib3.connection.HTTPSConnection object at 0x7f412755c6d0>: Failed to resolve 'api.tronstation.io' ([Errno -2] Name or service not known)"))
2025-08-10 07:05:19 - balance_service - WARNING - No native currency found for blockchain Bitcoin
2025-08-10 07:05:19 - balance_service - WARNING - No native currency found for blockchain Avalanche
2025-08-10 07:05:19 - balance_service - WARNING - No native currency found for blockchain Arbitrum
2025-08-10 07:05:19 - balance_service - WARNING - No native currency found for blockchain Polkadot
2025-08-10 07:05:20 - balance_service - WARNING - خطا در دریافت موجودی TRC20 با API اصلی: 404 - {"timestamp":"2025-08-10T07:05:20.065+00:00","status":404,"error":"Not Found","path":"/v1/accounts/TZE2LfUkwazvvUHaGo8YCxjJTCokStLiqC/tokens"}
2025-08-10 07:05:20 - balance_service - WARNING - خطا در دریافت موجودی TRC20 با API اصلی: 404 - {"timestamp":"2025-08-10T07:05:20.331+00:00","status":404,"error":"Not Found","path":"/v1/accounts/TZE2LfUkwazvvUHaGo8YCxjJTCokStLiqC/tokens"}
2025-08-10 07:05:21 - balance_service - ERROR - Error getting EVM token balance on Avalanche: when sending a str, it must be a hex string. Got: 'FvwEAhmxKfeiG8SnEvq42hc6whRyY3EFYAvebMqDNDGCgxN5Z'
Traceback (most recent call last):
  File "/www/wwwroot/coinceeper.com/CC/services/balance_service.py", line 157, in get_token_balance
    address=Web3.to_checksum_address(contract_address),
  File "/www/wwwroot/coinceeper.com/CC/venv/lib64/python3.9/site-packages/web3/main.py", line 268, in to_checksum_address
    return to_checksum_address(value)
  File "/www/wwwroot/coinceeper.com/CC/venv/lib64/python3.9/site-packages/eth_utils/address.py", line 129, in to_checksum_address
    norm_address = to_normalized_address(value)
  File "/www/wwwroot/coinceeper.com/CC/venv/lib64/python3.9/site-packages/eth_utils/address.py", line 73, in to_normalized_address
    hex_address = hexstr_if_str(to_hex, value).lower()
  File "/www/wwwroot/coinceeper.com/CC/venv/lib64/python3.9/site-packages/eth_utils/conversions.py", line 195, in hexstr_if_str
    raise ValueError(
ValueError: when sending a str, it must be a hex string. Got: 'FvwEAhmxKfeiG8SnEvq42hc6whRyY3EFYAvebMqDNDGCgxN5Z'
2025-08-10 07:05:21 - balance_service - WARNING - خطا در دریافت موجودی TRC20 با API اصلی: 404 - {"timestamp":"2025-08-10T07:05:21.219+00:00","status":404,"error":"Not Found","path":"/v1/accounts/TZE2LfUkwazvvUHaGo8YCxjJTCokStLiqC/tokens"}
2025-08-10 07:05:21 - balance_service - ERROR - خطا در استفاده از API جایگزین 8: HTTPSConnectionPool(host='api.tronstation.io', port=443): Max retries exceeded with url: /v1/accounts/TZE2LfUkwazvvUHaGo8YCxjJTCokStLiqC/tokens (Caused by NameResolutionError("<urllib3.connection.HTTPSConnection object at 0x7f4126260a60>: Failed to resolve 'api.tronstation.io' ([Errno -2] Name or service not known)"))
2025-08-10 07:05:22 - balance_service - ERROR - خطا در استفاده از API جایگزین 8: HTTPSConnectionPool(host='api.tronstation.io', port=443): Max retries exceeded with url: /v1/accounts/TZE2LfUkwazvvUHaGo8YCxjJTCokStLiqC/tokens (Caused by NameResolutionError("<urllib3.connection.HTTPSConnection object at 0x7f4126621070>: Failed to resolve 'api.tronstation.io' ([Errno -2] Name or service not known)"))
2025-08-10 07:05:23 - balance_service - ERROR - خطا در استفاده از API جایگزین 8: HTTPSConnectionPool(host='api.tronstation.io', port=443): Max retries exceeded with url: /v1/accounts/TZE2LfUkwazvvUHaGo8YCxjJTCokStLiqC/tokens (Caused by NameResolutionError("<urllib3.connection.HTTPSConnection object at 0x7f4126609160>: Failed to resolve 'api.tronstation.io' ([Errno -2] Name or service not known)"))
2025-08-10 07:05:23 - balance_service - WARNING - Error getting token decimals, using default 18: 429 Client Error: Too Many Requests for url: https://mainnet.infura.io/v3/a8ab43a04ce044de988a838d92f478a7
2025-08-10 07:06:32 - balance_service - WARNING - No native currency found for blockchain Bitcoin
2025-08-10 07:06:32 - balance_service - WARNING - No native currency found for blockchain Avalanche
2025-08-10 07:06:32 - balance_service - WARNING - No native currency found for blockchain Arbitrum
2025-08-10 07:06:32 - balance_service - WARNING - No native currency found for blockchain Polkadot
2025-08-10 07:06:33 - balance_service - WARNING - خطا در دریافت موجودی TRC20 با API اصلی: 404 - {"timestamp":"2025-08-10T07:06:33.017+00:00","status":404,"error":"Not Found","path":"/v1/accounts/TF42jaJSYhxYFxwEWvdoUFiYnLgZJWJEye/tokens"}
2025-08-10 07:06:33 - balance_service - WARNING - خطا در دریافت موجودی TRC20 با API اصلی: 404 - {"timestamp":"2025-08-10T07:06:33.253+00:00","status":404,"error":"Not Found","path":"/v1/accounts/TF42jaJSYhxYFxwEWvdoUFiYnLgZJWJEye/tokens"}
2025-08-10 07:06:33 - balance_service - ERROR - Error getting EVM token balance on Avalanche: when sending a str, it must be a hex string. Got: 'FvwEAhmxKfeiG8SnEvq42hc6whRyY3EFYAvebMqDNDGCgxN5Z'
Traceback (most recent call last):
  File "/www/wwwroot/coinceeper.com/CC/services/balance_service.py", line 157, in get_token_balance
    address=Web3.to_checksum_address(contract_address),
  File "/www/wwwroot/coinceeper.com/CC/venv/lib64/python3.9/site-packages/web3/main.py", line 268, in to_checksum_address
    return to_checksum_address(value)
  File "/www/wwwroot/coinceeper.com/CC/venv/lib64/python3.9/site-packages/eth_utils/address.py", line 129, in to_checksum_address
    norm_address = to_normalized_address(value)
  File "/www/wwwroot/coinceeper.com/CC/venv/lib64/python3.9/site-packages/eth_utils/address.py", line 73, in to_normalized_address
    hex_address = hexstr_if_str(to_hex, value).lower()
  File "/www/wwwroot/coinceeper.com/CC/venv/lib64/python3.9/site-packages/eth_utils/conversions.py", line 195, in hexstr_if_str
    raise ValueError(
ValueError: when sending a str, it must be a hex string. Got: 'FvwEAhmxKfeiG8SnEvq42hc6whRyY3EFYAvebMqDNDGCgxN5Z'
2025-08-10 07:06:33 - balance_service - WARNING - خطا در دریافت موجودی TRC20 با API اصلی: 404 - {"timestamp":"2025-08-10T07:06:33.921+00:00","status":404,"error":"Not Found","path":"/v1/accounts/TF42jaJSYhxYFxwEWvdoUFiYnLgZJWJEye/tokens"}
2025-08-10 07:06:34 - balance_service - ERROR - خطا در استفاده از API جایگزین 8: HTTPSConnectionPool(host='api.tronstation.io', port=443): Max retries exceeded with url: /v1/accounts/TF42jaJSYhxYFxwEWvdoUFiYnLgZJWJEye/tokens (Caused by NameResolutionError("<urllib3.connection.HTTPSConnection object at 0x7f41267f9d90>: Failed to resolve 'api.tronstation.io' ([Errno -2] Name or service not known)"))
2025-08-10 07:06:35 - balance_service - ERROR - خطا در استفاده از API جایگزین 8: HTTPSConnectionPool(host='api.tronstation.io', port=443): Max retries exceeded with url: /v1/accounts/TF42jaJSYhxYFxwEWvdoUFiYnLgZJWJEye/tokens (Caused by NameResolutionError("<urllib3.connection.HTTPSConnection object at 0x7f41263cce20>: Failed to resolve 'api.tronstation.io' ([Errno -2] Name or service not known)"))
2025-08-10 07:06:35 - balance_service - ERROR - خطا در استفاده از API جایگزین 8: HTTPSConnectionPool(host='api.tronstation.io', port=443): Max retries exceeded with url: /v1/accounts/TF42jaJSYhxYFxwEWvdoUFiYnLgZJWJEye/tokens (Caused by NameResolutionError("<urllib3.connection.HTTPSConnection object at 0x7f41263ab070>: Failed to resolve 'api.tronstation.io' ([Errno -2] Name or service not known)"))
2025-08-10 11:17:11 - balance_service - WARNING - No native currency found for blockchain Bitcoin
2025-08-10 11:17:11 - balance_service - WARNING - No native currency found for blockchain Avalanche
2025-08-10 11:17:11 - balance_service - WARNING - No native currency found for blockchain Arbitrum
2025-08-10 11:17:11 - balance_service - WARNING - No native currency found for blockchain Polkadot
2025-08-10 11:17:11 - balance_service - WARNING - خطا در دریافت موجودی TRC20 با API اصلی: 404 - {"timestamp":"2025-08-10T11:17:11.726+00:00","status":404,"error":"Not Found","path":"/v1/accounts/TUZhHuiCLXR4xDoWeSHByrapWQzHNXM216/tokens"}
2025-08-10 11:17:12 - balance_service - WARNING - خطا در دریافت موجودی TRC20 با API اصلی: 404 - {"timestamp":"2025-08-10T11:17:11.989+00:00","status":404,"error":"Not Found","path":"/v1/accounts/TUZhHuiCLXR4xDoWeSHByrapWQzHNXM216/tokens"}
2025-08-10 11:17:12 - balance_service - ERROR - Error getting EVM token balance on Avalanche: when sending a str, it must be a hex string. Got: 'FvwEAhmxKfeiG8SnEvq42hc6whRyY3EFYAvebMqDNDGCgxN5Z'
Traceback (most recent call last):
  File "/www/wwwroot/coinceeper.com/CC/services/balance_service.py", line 157, in get_token_balance
    address=Web3.to_checksum_address(contract_address),
  File "/www/wwwroot/coinceeper.com/CC/venv/lib64/python3.9/site-packages/web3/main.py", line 268, in to_checksum_address
    return to_checksum_address(value)
  File "/www/wwwroot/coinceeper.com/CC/venv/lib64/python3.9/site-packages/eth_utils/address.py", line 129, in to_checksum_address
    norm_address = to_normalized_address(value)
  File "/www/wwwroot/coinceeper.com/CC/venv/lib64/python3.9/site-packages/eth_utils/address.py", line 73, in to_normalized_address
    hex_address = hexstr_if_str(to_hex, value).lower()
  File "/www/wwwroot/coinceeper.com/CC/venv/lib64/python3.9/site-packages/eth_utils/conversions.py", line 195, in hexstr_if_str
    raise ValueError(
ValueError: when sending a str, it must be a hex string. Got: 'FvwEAhmxKfeiG8SnEvq42hc6whRyY3EFYAvebMqDNDGCgxN5Z'
2025-08-10 11:17:12 - balance_service - WARNING - خطا در دریافت موجودی TRC20 با API اصلی: 404 - {"timestamp":"2025-08-10T11:17:12.487+00:00","status":404,"error":"Not Found","path":"/v1/accounts/TUZhHuiCLXR4xDoWeSHByrapWQzHNXM216/tokens"}
2025-08-10 11:17:13 - balance_service - ERROR - خطا در استفاده از API جایگزین 8: HTTPSConnectionPool(host='api.tronstation.io', port=443): Max retries exceeded with url: /v1/accounts/TUZhHuiCLXR4xDoWeSHByrapWQzHNXM216/tokens (Caused by NameResolutionError("<urllib3.connection.HTTPSConnection object at 0x7f4125becb20>: Failed to resolve 'api.tronstation.io' ([Errno -2] Name or service not known)"))
2025-08-10 11:17:14 - balance_service - ERROR - خطا در استفاده از API جایگزین 8: HTTPSConnectionPool(host='api.tronstation.io', port=443): Max retries exceeded with url: /v1/accounts/TUZhHuiCLXR4xDoWeSHByrapWQzHNXM216/tokens (Caused by NameResolutionError("<urllib3.connection.HTTPSConnection object at 0x7f4125e7e130>: Failed to resolve 'api.tronstation.io' ([Errno -2] Name or service not known)"))
2025-08-10 11:17:14 - balance_service - ERROR - خطا در استفاده از API جایگزین 8: HTTPSConnectionPool(host='api.tronstation.io', port=443): Max retries exceeded with url: /v1/accounts/TUZhHuiCLXR4xDoWeSHByrapWQzHNXM216/tokens (Caused by NameResolutionError("<urllib3.connection.HTTPSConnection object at 0x7f4125bd1d60>: Failed to resolve 'api.tronstation.io' ([Errno -2] Name or service not known)"))
2025-08-10 11:17:33 - balance_service - WARNING - No native currency found for blockchain Bitcoin
2025-08-10 11:17:33 - balance_service - WARNING - No native currency found for blockchain Avalanche
2025-08-10 11:17:33 - balance_service - WARNING - No native currency found for blockchain Arbitrum
2025-08-10 11:17:33 - balance_service - WARNING - No native currency found for blockchain Polkadot
2025-08-10 11:17:34 - balance_service - WARNING - خطا در دریافت موجودی TRC20 با API اصلی: 404 - {"timestamp":"2025-08-10T11:17:34.628+00:00","status":404,"error":"Not Found","path":"/v1/accounts/TMEatgtb6F98jnprJuGgmR8vixEy9ZEV6o/tokens"}
2025-08-10 11:17:34 - balance_service - WARNING - خطا در دریافت موجودی TRC20 با API اصلی: 404 - {"timestamp":"2025-08-10T11:17:34.837+00:00","status":404,"error":"Not Found","path":"/v1/accounts/TMEatgtb6F98jnprJuGgmR8vixEy9ZEV6o/tokens"}
2025-08-10 11:17:35 - balance_service - ERROR - Error getting EVM token balance on Avalanche: when sending a str, it must be a hex string. Got: 'FvwEAhmxKfeiG8SnEvq42hc6whRyY3EFYAvebMqDNDGCgxN5Z'
Traceback (most recent call last):
  File "/www/wwwroot/coinceeper.com/CC/services/balance_service.py", line 157, in get_token_balance
    address=Web3.to_checksum_address(contract_address),
  File "/www/wwwroot/coinceeper.com/CC/venv/lib64/python3.9/site-packages/web3/main.py", line 268, in to_checksum_address
    return to_checksum_address(value)
  File "/www/wwwroot/coinceeper.com/CC/venv/lib64/python3.9/site-packages/eth_utils/address.py", line 129, in to_checksum_address
    norm_address = to_normalized_address(value)
  File "/www/wwwroot/coinceeper.com/CC/venv/lib64/python3.9/site-packages/eth_utils/address.py", line 73, in to_normalized_address
    hex_address = hexstr_if_str(to_hex, value).lower()
  File "/www/wwwroot/coinceeper.com/CC/venv/lib64/python3.9/site-packages/eth_utils/conversions.py", line 195, in hexstr_if_str
    raise ValueError(
ValueError: when sending a str, it must be a hex string. Got: 'FvwEAhmxKfeiG8SnEvq42hc6whRyY3EFYAvebMqDNDGCgxN5Z'
2025-08-10 11:17:35 - balance_service - WARNING - خطا در دریافت موجودی TRC20 با API اصلی: 404 - {"timestamp":"2025-08-10T11:17:35.238+00:00","status":404,"error":"Not Found","path":"/v1/accounts/TMEatgtb6F98jnprJuGgmR8vixEy9ZEV6o/tokens"}
2025-08-10 11:17:36 - balance_service - ERROR - خطا در استفاده از API جایگزین 8: HTTPSConnectionPool(host='api.tronstation.io', port=443): Max retries exceeded with url: /v1/accounts/TMEatgtb6F98jnprJuGgmR8vixEy9ZEV6o/tokens (Caused by NameResolutionError("<urllib3.connection.HTTPSConnection object at 0x7f412673c5b0>: Failed to resolve 'api.tronstation.io' ([Errno -2] Name or service not known)"))
2025-08-10 11:17:36 - balance_service - ERROR - خطا در استفاده از API جایگزین 8: HTTPSConnectionPool(host='api.tronstation.io', port=443): Max retries exceeded with url: /v1/accounts/TMEatgtb6F98jnprJuGgmR8vixEy9ZEV6o/tokens (Caused by NameResolutionError("<urllib3.connection.HTTPSConnection object at 0x7f41265e9940>: Failed to resolve 'api.tronstation.io' ([Errno -2] Name or service not known)"))
2025-08-10 11:17:37 - balance_service - ERROR - خطا در استفاده از API جایگزین 8: HTTPSConnectionPool(host='api.tronstation.io', port=443): Max retries exceeded with url: /v1/accounts/TMEatgtb6F98jnprJuGgmR8vixEy9ZEV6o/tokens (Caused by NameResolutionError("<urllib3.connection.HTTPSConnection object at 0x7f4126216ca0>: Failed to resolve 'api.tronstation.io' ([Errno -2] Name or service not known)"))
