2025-08-08 05:22:04 - NCCPRICE - DEBUG - Logger initialized for NCCPRICE at level DEBUG
2025-08-08 05:22:04 - NCCPRICE - INFO - 📊 راه‌اندازی ماژول شبیه‌ساز قیمت NCC
2025-08-08 05:22:04 - NCCPRICE - INFO - 🔍 جستجوی توکن‌های NCC در دیتابیس...
2025-08-08 05:22:04 - NCCPRICE - INFO - ✅ توکن NCC با آیدی 8517 یافت شد - شناسه ارز: 8517
2025-08-08 05:22:04 - NCCPRICE - INFO - ✅ توکن NCC با آیدی 8519 یافت شد - شناسه ارز: 8519
2025-08-08 05:22:04 - NCCPRICE - INFO - ✅ تعداد 2 توکن NCC یافت شد: [8517, 8519]
2025-08-08 05:22:04 - NCCPRICE - INFO - 🔄 ریست کردن شبیه‌ساز قیمت NCC به حالت اولیه...
2025-08-08 05:22:04 - NCCPRICE - INFO - 🗑️ 16 رکورد قیمت قبلی برای NCC با شناسه 8517 حذف شد
2025-08-08 05:22:04 - NCCPRICE - INFO - 🗑️ 16 رکورد قیمت قبلی برای NCC با شناسه 8519 حذف شد
2025-08-08 05:22:04 - NCCPRICE - INFO - NCC_CURRENCY_IDS at start: [8517, 8519]
2025-08-08 05:22:04 - NCCPRICE - INFO - Trying to update price for currency_id: 8517
2025-08-08 05:22:04 - NCCPRICE - DEBUG - ✅ [ID: 8517] رکورد قیمت جدید NCC به USD ایجاد شد
2025-08-08 05:22:04 - NCCPRICE - DEBUG - ✅ [ID: 8517] رکورد قیمت جدید NCC به CAD ایجاد شد
2025-08-08 05:22:04 - NCCPRICE - DEBUG - ✅ [ID: 8517] رکورد قیمت جدید NCC به AUD ایجاد شد
2025-08-08 05:22:04 - NCCPRICE - DEBUG - ✅ [ID: 8517] رکورد قیمت جدید NCC به GBP ایجاد شد
2025-08-08 05:22:04 - NCCPRICE - DEBUG - ✅ [ID: 8517] رکورد قیمت جدید NCC به EUR ایجاد شد
2025-08-08 05:22:04 - NCCPRICE - DEBUG - ✅ [ID: 8517] رکورد قیمت جدید NCC به KWD ایجاد شد
2025-08-08 05:22:04 - NCCPRICE - DEBUG - ✅ [ID: 8517] رکورد قیمت جدید NCC به TRY ایجاد شد
2025-08-08 05:22:04 - NCCPRICE - DEBUG - ✅ [ID: 8517] رکورد قیمت جدید NCC به SAR ایجاد شد
2025-08-08 05:22:04 - NCCPRICE - DEBUG - ✅ [ID: 8517] رکورد قیمت جدید NCC به CNY ایجاد شد
2025-08-08 05:22:04 - NCCPRICE - DEBUG - ✅ [ID: 8517] رکورد قیمت جدید NCC به KRW ایجاد شد
2025-08-08 05:22:04 - NCCPRICE - DEBUG - ✅ [ID: 8517] رکورد قیمت جدید NCC به JPY ایجاد شد
2025-08-08 05:22:04 - NCCPRICE - DEBUG - ✅ [ID: 8517] رکورد قیمت جدید NCC به INR ایجاد شد
2025-08-08 05:22:04 - NCCPRICE - DEBUG - ✅ [ID: 8517] رکورد قیمت جدید NCC به RUB ایجاد شد
2025-08-08 05:22:04 - NCCPRICE - DEBUG - ✅ [ID: 8517] رکورد قیمت جدید NCC به IQD ایجاد شد
2025-08-08 05:22:04 - NCCPRICE - DEBUG - ✅ [ID: 8517] رکورد قیمت جدید NCC به TND ایجاد شد
2025-08-08 05:22:04 - NCCPRICE - DEBUG - ✅ [ID: 8517] رکورد قیمت جدید NCC به BHD ایجاد شد
2025-08-08 05:22:04 - NCCPRICE - INFO - Trying to update price for currency_id: 8519
2025-08-08 05:22:04 - NCCPRICE - DEBUG - ✅ [ID: 8519] رکورد قیمت جدید NCC به USD ایجاد شد
2025-08-08 05:22:04 - NCCPRICE - DEBUG - ✅ [ID: 8519] رکورد قیمت جدید NCC به CAD ایجاد شد
2025-08-08 05:22:04 - NCCPRICE - DEBUG - ✅ [ID: 8519] رکورد قیمت جدید NCC به AUD ایجاد شد
2025-08-08 05:22:04 - NCCPRICE - DEBUG - ✅ [ID: 8519] رکورد قیمت جدید NCC به GBP ایجاد شد
2025-08-08 05:22:04 - NCCPRICE - DEBUG - ✅ [ID: 8519] رکورد قیمت جدید NCC به EUR ایجاد شد
2025-08-08 05:22:04 - NCCPRICE - DEBUG - ✅ [ID: 8519] رکورد قیمت جدید NCC به KWD ایجاد شد
2025-08-08 05:22:04 - NCCPRICE - DEBUG - ✅ [ID: 8519] رکورد قیمت جدید NCC به TRY ایجاد شد
2025-08-08 05:22:04 - NCCPRICE - DEBUG - ✅ [ID: 8519] رکورد قیمت جدید NCC به SAR ایجاد شد
2025-08-08 05:22:04 - NCCPRICE - DEBUG - ✅ [ID: 8519] رکورد قیمت جدید NCC به CNY ایجاد شد
2025-08-08 05:22:04 - NCCPRICE - DEBUG - ✅ [ID: 8519] رکورد قیمت جدید NCC به KRW ایجاد شد
2025-08-08 05:22:04 - NCCPRICE - DEBUG - ✅ [ID: 8519] رکورد قیمت جدید NCC به JPY ایجاد شد
2025-08-08 05:22:04 - NCCPRICE - DEBUG - ✅ [ID: 8519] رکورد قیمت جدید NCC به INR ایجاد شد
2025-08-08 05:22:04 - NCCPRICE - DEBUG - ✅ [ID: 8519] رکورد قیمت جدید NCC به RUB ایجاد شد
2025-08-08 05:22:04 - NCCPRICE - DEBUG - ✅ [ID: 8519] رکورد قیمت جدید NCC به IQD ایجاد شد
2025-08-08 05:22:04 - NCCPRICE - DEBUG - ✅ [ID: 8519] رکورد قیمت جدید NCC به TND ایجاد شد
2025-08-08 05:22:04 - NCCPRICE - DEBUG - ✅ [ID: 8519] رکورد قیمت جدید NCC به BHD ایجاد شد
2025-08-08 05:22:04 - NCCPRICE - INFO - ✅ الگوریتم کانال صعودی ریست شد - شروع: $0.22 → هدف: $0.80 (9 ماه)
2025-08-08 05:27:37 - NCCPRICE - DEBUG - Logger initialized for NCCPRICE at level DEBUG
2025-08-08 05:27:37 - NCCPRICE - INFO - 📊 راه‌اندازی ماژول شبیه‌ساز قیمت NCC
2025-08-08 05:27:37 - NCCPRICE - INFO - 🔍 جستجوی توکن‌های NCC در دیتابیس...
2025-08-08 05:27:37 - NCCPRICE - INFO - ✅ توکن NCC با آیدی 8517 یافت شد - شناسه ارز: 8517
2025-08-08 05:27:37 - NCCPRICE - INFO - ✅ توکن NCC با آیدی 8519 یافت شد - شناسه ارز: 8519
2025-08-08 05:27:37 - NCCPRICE - INFO - ✅ تعداد 2 توکن NCC یافت شد: [8517, 8519]
2025-08-08 05:27:37 - NCCPRICE - INFO - 🔄 ریست کردن شبیه‌ساز قیمت NCC به حالت اولیه...
2025-08-08 05:27:37 - NCCPRICE - INFO - 🗑️ 16 رکورد قیمت قبلی برای NCC با شناسه 8517 حذف شد
2025-08-08 05:27:37 - NCCPRICE - INFO - 🗑️ 16 رکورد قیمت قبلی برای NCC با شناسه 8519 حذف شد
2025-08-08 05:27:37 - NCCPRICE - INFO - NCC_CURRENCY_IDS at start: [8517, 8519]
2025-08-08 05:27:37 - NCCPRICE - INFO - Trying to update price for currency_id: 8517
2025-08-08 05:27:37 - NCCPRICE - DEBUG - ✅ [ID: 8517] رکورد قیمت جدید NCC به USD ایجاد شد
2025-08-08 05:27:37 - NCCPRICE - DEBUG - ✅ [ID: 8517] رکورد قیمت جدید NCC به CAD ایجاد شد
2025-08-08 05:27:37 - NCCPRICE - DEBUG - ✅ [ID: 8517] رکورد قیمت جدید NCC به AUD ایجاد شد
2025-08-08 05:27:37 - NCCPRICE - DEBUG - ✅ [ID: 8517] رکورد قیمت جدید NCC به GBP ایجاد شد
2025-08-08 05:27:37 - NCCPRICE - DEBUG - ✅ [ID: 8517] رکورد قیمت جدید NCC به EUR ایجاد شد
2025-08-08 05:27:37 - NCCPRICE - DEBUG - ✅ [ID: 8517] رکورد قیمت جدید NCC به KWD ایجاد شد
2025-08-08 05:27:37 - NCCPRICE - DEBUG - ✅ [ID: 8517] رکورد قیمت جدید NCC به TRY ایجاد شد
2025-08-08 05:27:37 - NCCPRICE - DEBUG - ✅ [ID: 8517] رکورد قیمت جدید NCC به SAR ایجاد شد
2025-08-08 05:27:37 - NCCPRICE - DEBUG - ✅ [ID: 8517] رکورد قیمت جدید NCC به CNY ایجاد شد
2025-08-08 05:27:37 - NCCPRICE - DEBUG - ✅ [ID: 8517] رکورد قیمت جدید NCC به KRW ایجاد شد
2025-08-08 05:27:37 - NCCPRICE - DEBUG - ✅ [ID: 8517] رکورد قیمت جدید NCC به JPY ایجاد شد
2025-08-08 05:27:37 - NCCPRICE - DEBUG - ✅ [ID: 8517] رکورد قیمت جدید NCC به INR ایجاد شد
2025-08-08 05:27:37 - NCCPRICE - DEBUG - ✅ [ID: 8517] رکورد قیمت جدید NCC به RUB ایجاد شد
2025-08-08 05:27:37 - NCCPRICE - DEBUG - ✅ [ID: 8517] رکورد قیمت جدید NCC به IQD ایجاد شد
2025-08-08 05:27:37 - NCCPRICE - DEBUG - ✅ [ID: 8517] رکورد قیمت جدید NCC به TND ایجاد شد
2025-08-08 05:27:37 - NCCPRICE - DEBUG - ✅ [ID: 8517] رکورد قیمت جدید NCC به BHD ایجاد شد
2025-08-08 05:27:37 - NCCPRICE - INFO - Trying to update price for currency_id: 8519
2025-08-08 05:27:37 - NCCPRICE - DEBUG - ✅ [ID: 8519] رکورد قیمت جدید NCC به USD ایجاد شد
2025-08-08 05:27:37 - NCCPRICE - DEBUG - ✅ [ID: 8519] رکورد قیمت جدید NCC به CAD ایجاد شد
2025-08-08 05:27:37 - NCCPRICE - DEBUG - ✅ [ID: 8519] رکورد قیمت جدید NCC به AUD ایجاد شد
2025-08-08 05:27:37 - NCCPRICE - DEBUG - ✅ [ID: 8519] رکورد قیمت جدید NCC به GBP ایجاد شد
2025-08-08 05:27:37 - NCCPRICE - DEBUG - ✅ [ID: 8519] رکورد قیمت جدید NCC به EUR ایجاد شد
2025-08-08 05:27:37 - NCCPRICE - DEBUG - ✅ [ID: 8519] رکورد قیمت جدید NCC به KWD ایجاد شد
2025-08-08 05:27:37 - NCCPRICE - DEBUG - ✅ [ID: 8519] رکورد قیمت جدید NCC به TRY ایجاد شد
2025-08-08 05:27:37 - NCCPRICE - DEBUG - ✅ [ID: 8519] رکورد قیمت جدید NCC به SAR ایجاد شد
2025-08-08 05:27:37 - NCCPRICE - DEBUG - ✅ [ID: 8519] رکورد قیمت جدید NCC به CNY ایجاد شد
2025-08-08 05:27:37 - NCCPRICE - DEBUG - ✅ [ID: 8519] رکورد قیمت جدید NCC به KRW ایجاد شد
2025-08-08 05:27:37 - NCCPRICE - DEBUG - ✅ [ID: 8519] رکورد قیمت جدید NCC به JPY ایجاد شد
2025-08-08 05:27:37 - NCCPRICE - DEBUG - ✅ [ID: 8519] رکورد قیمت جدید NCC به INR ایجاد شد
2025-08-08 05:27:37 - NCCPRICE - DEBUG - ✅ [ID: 8519] رکورد قیمت جدید NCC به RUB ایجاد شد
2025-08-08 05:27:37 - NCCPRICE - DEBUG - ✅ [ID: 8519] رکورد قیمت جدید NCC به IQD ایجاد شد
2025-08-08 05:27:37 - NCCPRICE - DEBUG - ✅ [ID: 8519] رکورد قیمت جدید NCC به TND ایجاد شد
2025-08-08 05:27:37 - NCCPRICE - DEBUG - ✅ [ID: 8519] رکورد قیمت جدید NCC به BHD ایجاد شد
2025-08-08 05:27:37 - NCCPRICE - INFO - ✅ الگوریتم کانال صعودی ریست شد - شروع: $0.22 → هدف: $0.80 (9 ماه)
2025-08-08 05:32:18 - NCCPRICE - DEBUG - Logger initialized for NCCPRICE at level DEBUG
2025-08-08 05:32:18 - NCCPRICE - INFO - 📊 راه‌اندازی ماژول شبیه‌ساز قیمت NCC
2025-08-08 05:32:18 - NCCPRICE - INFO - 🔍 جستجوی توکن‌های NCC در دیتابیس...
2025-08-08 05:32:18 - NCCPRICE - INFO - ✅ توکن NCC با آیدی 8517 یافت شد - شناسه ارز: 8517
2025-08-08 05:32:18 - NCCPRICE - INFO - ✅ توکن NCC با آیدی 8519 یافت شد - شناسه ارز: 8519
2025-08-08 05:32:18 - NCCPRICE - INFO - ✅ تعداد 2 توکن NCC یافت شد: [8517, 8519]
2025-08-08 05:32:18 - NCCPRICE - INFO - 🔄 ریست کردن شبیه‌ساز قیمت NCC به حالت اولیه...
2025-08-08 05:32:18 - NCCPRICE - INFO - 🗑️ 16 رکورد قیمت قبلی برای NCC با شناسه 8517 حذف شد
2025-08-08 05:32:18 - NCCPRICE - INFO - 🗑️ 16 رکورد قیمت قبلی برای NCC با شناسه 8519 حذف شد
2025-08-08 05:32:18 - NCCPRICE - INFO - NCC_CURRENCY_IDS at start: [8517, 8519]
2025-08-08 05:32:18 - NCCPRICE - INFO - Trying to update price for currency_id: 8517
2025-08-08 05:32:18 - NCCPRICE - DEBUG - ✅ [ID: 8517] رکورد قیمت جدید NCC به USD ایجاد شد
2025-08-08 05:32:18 - NCCPRICE - DEBUG - ✅ [ID: 8517] رکورد قیمت جدید NCC به CAD ایجاد شد
2025-08-08 05:32:18 - NCCPRICE - DEBUG - ✅ [ID: 8517] رکورد قیمت جدید NCC به AUD ایجاد شد
2025-08-08 05:32:18 - NCCPRICE - DEBUG - ✅ [ID: 8517] رکورد قیمت جدید NCC به GBP ایجاد شد
2025-08-08 05:32:18 - NCCPRICE - DEBUG - ✅ [ID: 8517] رکورد قیمت جدید NCC به EUR ایجاد شد
2025-08-08 05:32:18 - NCCPRICE - DEBUG - ✅ [ID: 8517] رکورد قیمت جدید NCC به KWD ایجاد شد
2025-08-08 05:32:18 - NCCPRICE - DEBUG - ✅ [ID: 8517] رکورد قیمت جدید NCC به TRY ایجاد شد
2025-08-08 05:32:18 - NCCPRICE - DEBUG - ✅ [ID: 8517] رکورد قیمت جدید NCC به SAR ایجاد شد
2025-08-08 05:32:18 - NCCPRICE - DEBUG - ✅ [ID: 8517] رکورد قیمت جدید NCC به CNY ایجاد شد
2025-08-08 05:32:18 - NCCPRICE - DEBUG - ✅ [ID: 8517] رکورد قیمت جدید NCC به KRW ایجاد شد
2025-08-08 05:32:18 - NCCPRICE - DEBUG - ✅ [ID: 8517] رکورد قیمت جدید NCC به JPY ایجاد شد
2025-08-08 05:32:18 - NCCPRICE - DEBUG - ✅ [ID: 8517] رکورد قیمت جدید NCC به INR ایجاد شد
2025-08-08 05:32:18 - NCCPRICE - DEBUG - ✅ [ID: 8517] رکورد قیمت جدید NCC به RUB ایجاد شد
2025-08-08 05:32:18 - NCCPRICE - DEBUG - ✅ [ID: 8517] رکورد قیمت جدید NCC به IQD ایجاد شد
2025-08-08 05:32:18 - NCCPRICE - DEBUG - ✅ [ID: 8517] رکورد قیمت جدید NCC به TND ایجاد شد
2025-08-08 05:32:18 - NCCPRICE - DEBUG - ✅ [ID: 8517] رکورد قیمت جدید NCC به BHD ایجاد شد
2025-08-08 05:32:18 - NCCPRICE - INFO - Trying to update price for currency_id: 8519
2025-08-08 05:32:18 - NCCPRICE - DEBUG - ✅ [ID: 8519] رکورد قیمت جدید NCC به USD ایجاد شد
2025-08-08 05:32:18 - NCCPRICE - DEBUG - ✅ [ID: 8519] رکورد قیمت جدید NCC به CAD ایجاد شد
2025-08-08 05:32:18 - NCCPRICE - DEBUG - ✅ [ID: 8519] رکورد قیمت جدید NCC به AUD ایجاد شد
2025-08-08 05:32:18 - NCCPRICE - DEBUG - ✅ [ID: 8519] رکورد قیمت جدید NCC به GBP ایجاد شد
2025-08-08 05:32:18 - NCCPRICE - DEBUG - ✅ [ID: 8519] رکورد قیمت جدید NCC به EUR ایجاد شد
2025-08-08 05:32:18 - NCCPRICE - DEBUG - ✅ [ID: 8519] رکورد قیمت جدید NCC به KWD ایجاد شد
2025-08-08 05:32:18 - NCCPRICE - DEBUG - ✅ [ID: 8519] رکورد قیمت جدید NCC به TRY ایجاد شد
2025-08-08 05:32:18 - NCCPRICE - DEBUG - ✅ [ID: 8519] رکورد قیمت جدید NCC به SAR ایجاد شد
2025-08-08 05:32:18 - NCCPRICE - DEBUG - ✅ [ID: 8519] رکورد قیمت جدید NCC به CNY ایجاد شد
2025-08-08 05:32:18 - NCCPRICE - DEBUG - ✅ [ID: 8519] رکورد قیمت جدید NCC به KRW ایجاد شد
2025-08-08 05:32:18 - NCCPRICE - DEBUG - ✅ [ID: 8519] رکورد قیمت جدید NCC به JPY ایجاد شد
2025-08-08 05:32:18 - NCCPRICE - DEBUG - ✅ [ID: 8519] رکورد قیمت جدید NCC به INR ایجاد شد
2025-08-08 05:32:18 - NCCPRICE - DEBUG - ✅ [ID: 8519] رکورد قیمت جدید NCC به RUB ایجاد شد
2025-08-08 05:32:18 - NCCPRICE - DEBUG - ✅ [ID: 8519] رکورد قیمت جدید NCC به IQD ایجاد شد
2025-08-08 05:32:18 - NCCPRICE - DEBUG - ✅ [ID: 8519] رکورد قیمت جدید NCC به TND ایجاد شد
2025-08-08 05:32:18 - NCCPRICE - DEBUG - ✅ [ID: 8519] رکورد قیمت جدید NCC به BHD ایجاد شد
2025-08-08 05:32:18 - NCCPRICE - INFO - ✅ الگوریتم کانال صعودی ریست شد - شروع: $0.22 → هدف: $0.80 (9 ماه)
2025-08-08 05:46:49 - NCCPRICE - DEBUG - Logger initialized for NCCPRICE at level DEBUG
2025-08-08 05:46:49 - NCCPRICE - INFO - 📊 راه‌اندازی ماژول شبیه‌ساز قیمت NCC
2025-08-08 05:46:49 - NCCPRICE - INFO - 🔍 جستجوی توکن‌های NCC در دیتابیس...
2025-08-08 05:46:50 - NCCPRICE - INFO - ✅ توکن NCC با آیدی 8517 یافت شد - شناسه ارز: 8517
2025-08-08 05:46:50 - NCCPRICE - INFO - ✅ توکن NCC با آیدی 8519 یافت شد - شناسه ارز: 8519
2025-08-08 05:46:50 - NCCPRICE - INFO - ✅ تعداد 2 توکن NCC یافت شد: [8517, 8519]
2025-08-08 05:46:50 - NCCPRICE - INFO - 🔄 ریست کردن شبیه‌ساز قیمت NCC به حالت اولیه...
2025-08-08 05:46:50 - NCCPRICE - INFO - 🗑️ 16 رکورد قیمت قبلی برای NCC با شناسه 8517 حذف شد
2025-08-08 05:46:50 - NCCPRICE - INFO - 🗑️ 16 رکورد قیمت قبلی برای NCC با شناسه 8519 حذف شد
2025-08-08 05:46:50 - NCCPRICE - INFO - NCC_CURRENCY_IDS at start: [8517, 8519]
2025-08-08 05:46:50 - NCCPRICE - INFO - Trying to update price for currency_id: 8517
2025-08-08 05:46:50 - NCCPRICE - DEBUG - ✅ [ID: 8517] رکورد قیمت جدید NCC به USD ایجاد شد
2025-08-08 05:46:50 - NCCPRICE - DEBUG - ✅ [ID: 8517] رکورد قیمت جدید NCC به CAD ایجاد شد
2025-08-08 05:46:50 - NCCPRICE - DEBUG - ✅ [ID: 8517] رکورد قیمت جدید NCC به AUD ایجاد شد
2025-08-08 05:46:50 - NCCPRICE - DEBUG - ✅ [ID: 8517] رکورد قیمت جدید NCC به GBP ایجاد شد
2025-08-08 05:46:50 - NCCPRICE - DEBUG - ✅ [ID: 8517] رکورد قیمت جدید NCC به EUR ایجاد شد
2025-08-08 05:46:50 - NCCPRICE - DEBUG - ✅ [ID: 8517] رکورد قیمت جدید NCC به KWD ایجاد شد
2025-08-08 05:46:50 - NCCPRICE - DEBUG - ✅ [ID: 8517] رکورد قیمت جدید NCC به TRY ایجاد شد
2025-08-08 05:46:50 - NCCPRICE - DEBUG - ✅ [ID: 8517] رکورد قیمت جدید NCC به SAR ایجاد شد
2025-08-08 05:46:50 - NCCPRICE - DEBUG - ✅ [ID: 8517] رکورد قیمت جدید NCC به CNY ایجاد شد
2025-08-08 05:46:50 - NCCPRICE - DEBUG - ✅ [ID: 8517] رکورد قیمت جدید NCC به KRW ایجاد شد
2025-08-08 05:46:50 - NCCPRICE - DEBUG - ✅ [ID: 8517] رکورد قیمت جدید NCC به JPY ایجاد شد
2025-08-08 05:46:50 - NCCPRICE - DEBUG - ✅ [ID: 8517] رکورد قیمت جدید NCC به INR ایجاد شد
2025-08-08 05:46:50 - NCCPRICE - DEBUG - ✅ [ID: 8517] رکورد قیمت جدید NCC به RUB ایجاد شد
2025-08-08 05:46:50 - NCCPRICE - DEBUG - ✅ [ID: 8517] رکورد قیمت جدید NCC به IQD ایجاد شد
2025-08-08 05:46:50 - NCCPRICE - DEBUG - ✅ [ID: 8517] رکورد قیمت جدید NCC به TND ایجاد شد
2025-08-08 05:46:50 - NCCPRICE - DEBUG - ✅ [ID: 8517] رکورد قیمت جدید NCC به BHD ایجاد شد
2025-08-08 05:46:50 - NCCPRICE - INFO - Trying to update price for currency_id: 8519
2025-08-08 05:46:50 - NCCPRICE - DEBUG - ✅ [ID: 8519] رکورد قیمت جدید NCC به USD ایجاد شد
2025-08-08 05:46:50 - NCCPRICE - DEBUG - ✅ [ID: 8519] رکورد قیمت جدید NCC به CAD ایجاد شد
2025-08-08 05:46:50 - NCCPRICE - DEBUG - ✅ [ID: 8519] رکورد قیمت جدید NCC به AUD ایجاد شد
2025-08-08 05:46:50 - NCCPRICE - DEBUG - ✅ [ID: 8519] رکورد قیمت جدید NCC به GBP ایجاد شد
2025-08-08 05:46:50 - NCCPRICE - DEBUG - ✅ [ID: 8519] رکورد قیمت جدید NCC به EUR ایجاد شد
2025-08-08 05:46:50 - NCCPRICE - DEBUG - ✅ [ID: 8519] رکورد قیمت جدید NCC به KWD ایجاد شد
2025-08-08 05:46:50 - NCCPRICE - DEBUG - ✅ [ID: 8519] رکورد قیمت جدید NCC به TRY ایجاد شد
2025-08-08 05:46:50 - NCCPRICE - DEBUG - ✅ [ID: 8519] رکورد قیمت جدید NCC به SAR ایجاد شد
2025-08-08 05:46:50 - NCCPRICE - DEBUG - ✅ [ID: 8519] رکورد قیمت جدید NCC به CNY ایجاد شد
2025-08-08 05:46:50 - NCCPRICE - DEBUG - ✅ [ID: 8519] رکورد قیمت جدید NCC به KRW ایجاد شد
2025-08-08 05:46:50 - NCCPRICE - DEBUG - ✅ [ID: 8519] رکورد قیمت جدید NCC به JPY ایجاد شد
2025-08-08 05:46:50 - NCCPRICE - DEBUG - ✅ [ID: 8519] رکورد قیمت جدید NCC به INR ایجاد شد
2025-08-08 05:46:50 - NCCPRICE - DEBUG - ✅ [ID: 8519] رکورد قیمت جدید NCC به RUB ایجاد شد
2025-08-08 05:46:50 - NCCPRICE - DEBUG - ✅ [ID: 8519] رکورد قیمت جدید NCC به IQD ایجاد شد
2025-08-08 05:46:50 - NCCPRICE - DEBUG - ✅ [ID: 8519] رکورد قیمت جدید NCC به TND ایجاد شد
2025-08-08 05:46:50 - NCCPRICE - DEBUG - ✅ [ID: 8519] رکورد قیمت جدید NCC به BHD ایجاد شد
2025-08-08 05:46:50 - NCCPRICE - INFO - ✅ الگوریتم کانال صعودی ریست شد - شروع: $0.22 → هدف: $0.80 (9 ماه)
2025-08-08 05:55:41 - NCCPRICE - DEBUG - Logger initialized for NCCPRICE at level DEBUG
2025-08-08 05:55:41 - NCCPRICE - INFO - 📊 راه‌اندازی ماژول شبیه‌ساز قیمت NCC
2025-08-08 05:55:41 - NCCPRICE - INFO - 🔍 جستجوی توکن‌های NCC در دیتابیس...
2025-08-08 05:55:41 - NCCPRICE - INFO - ✅ توکن NCC با آیدی 8517 یافت شد - شناسه ارز: 8517
2025-08-08 05:55:41 - NCCPRICE - INFO - ✅ توکن NCC با آیدی 8519 یافت شد - شناسه ارز: 8519
2025-08-08 05:55:41 - NCCPRICE - INFO - ✅ تعداد 2 توکن NCC یافت شد: [8517, 8519]
2025-08-08 05:55:41 - NCCPRICE - INFO - 🔄 ریست کردن شبیه‌ساز قیمت NCC به حالت اولیه...
2025-08-08 05:55:41 - NCCPRICE - INFO - 🗑️ 16 رکورد قیمت قبلی برای NCC با شناسه 8517 حذف شد
2025-08-08 05:55:41 - NCCPRICE - INFO - 🗑️ 16 رکورد قیمت قبلی برای NCC با شناسه 8519 حذف شد
2025-08-08 05:55:41 - NCCPRICE - INFO - NCC_CURRENCY_IDS at start: [8517, 8519]
2025-08-08 05:55:41 - NCCPRICE - INFO - Trying to update price for currency_id: 8517
2025-08-08 05:55:41 - NCCPRICE - DEBUG - ✅ [ID: 8517] رکورد قیمت جدید NCC به USD ایجاد شد
2025-08-08 05:55:41 - NCCPRICE - DEBUG - ✅ [ID: 8517] رکورد قیمت جدید NCC به CAD ایجاد شد
2025-08-08 05:55:41 - NCCPRICE - DEBUG - ✅ [ID: 8517] رکورد قیمت جدید NCC به AUD ایجاد شد
2025-08-08 05:55:41 - NCCPRICE - DEBUG - ✅ [ID: 8517] رکورد قیمت جدید NCC به GBP ایجاد شد
2025-08-08 05:55:41 - NCCPRICE - DEBUG - ✅ [ID: 8517] رکورد قیمت جدید NCC به EUR ایجاد شد
2025-08-08 05:55:41 - NCCPRICE - DEBUG - ✅ [ID: 8517] رکورد قیمت جدید NCC به KWD ایجاد شد
2025-08-08 05:55:41 - NCCPRICE - DEBUG - ✅ [ID: 8517] رکورد قیمت جدید NCC به TRY ایجاد شد
2025-08-08 05:55:41 - NCCPRICE - DEBUG - ✅ [ID: 8517] رکورد قیمت جدید NCC به SAR ایجاد شد
2025-08-08 05:55:41 - NCCPRICE - DEBUG - ✅ [ID: 8517] رکورد قیمت جدید NCC به CNY ایجاد شد
2025-08-08 05:55:41 - NCCPRICE - DEBUG - ✅ [ID: 8517] رکورد قیمت جدید NCC به KRW ایجاد شد
2025-08-08 05:55:41 - NCCPRICE - DEBUG - ✅ [ID: 8517] رکورد قیمت جدید NCC به JPY ایجاد شد
2025-08-08 05:55:41 - NCCPRICE - DEBUG - ✅ [ID: 8517] رکورد قیمت جدید NCC به INR ایجاد شد
2025-08-08 05:55:41 - NCCPRICE - DEBUG - ✅ [ID: 8517] رکورد قیمت جدید NCC به RUB ایجاد شد
2025-08-08 05:55:41 - NCCPRICE - DEBUG - ✅ [ID: 8517] رکورد قیمت جدید NCC به IQD ایجاد شد
2025-08-08 05:55:41 - NCCPRICE - DEBUG - ✅ [ID: 8517] رکورد قیمت جدید NCC به TND ایجاد شد
2025-08-08 05:55:41 - NCCPRICE - DEBUG - ✅ [ID: 8517] رکورد قیمت جدید NCC به BHD ایجاد شد
2025-08-08 05:55:41 - NCCPRICE - INFO - Trying to update price for currency_id: 8519
2025-08-08 05:55:41 - NCCPRICE - DEBUG - ✅ [ID: 8519] رکورد قیمت جدید NCC به USD ایجاد شد
2025-08-08 05:55:41 - NCCPRICE - DEBUG - ✅ [ID: 8519] رکورد قیمت جدید NCC به CAD ایجاد شد
2025-08-08 05:55:41 - NCCPRICE - DEBUG - ✅ [ID: 8519] رکورد قیمت جدید NCC به AUD ایجاد شد
2025-08-08 05:55:41 - NCCPRICE - DEBUG - ✅ [ID: 8519] رکورد قیمت جدید NCC به GBP ایجاد شد
2025-08-08 05:55:41 - NCCPRICE - DEBUG - ✅ [ID: 8519] رکورد قیمت جدید NCC به EUR ایجاد شد
2025-08-08 05:55:41 - NCCPRICE - DEBUG - ✅ [ID: 8519] رکورد قیمت جدید NCC به KWD ایجاد شد
2025-08-08 05:55:41 - NCCPRICE - DEBUG - ✅ [ID: 8519] رکورد قیمت جدید NCC به TRY ایجاد شد
2025-08-08 05:55:41 - NCCPRICE - DEBUG - ✅ [ID: 8519] رکورد قیمت جدید NCC به SAR ایجاد شد
2025-08-08 05:55:41 - NCCPRICE - DEBUG - ✅ [ID: 8519] رکورد قیمت جدید NCC به CNY ایجاد شد
2025-08-08 05:55:41 - NCCPRICE - DEBUG - ✅ [ID: 8519] رکورد قیمت جدید NCC به KRW ایجاد شد
2025-08-08 05:55:41 - NCCPRICE - DEBUG - ✅ [ID: 8519] رکورد قیمت جدید NCC به JPY ایجاد شد
2025-08-08 05:55:41 - NCCPRICE - DEBUG - ✅ [ID: 8519] رکورد قیمت جدید NCC به INR ایجاد شد
2025-08-08 05:55:41 - NCCPRICE - DEBUG - ✅ [ID: 8519] رکورد قیمت جدید NCC به RUB ایجاد شد
2025-08-08 05:55:41 - NCCPRICE - DEBUG - ✅ [ID: 8519] رکورد قیمت جدید NCC به IQD ایجاد شد
2025-08-08 05:55:41 - NCCPRICE - DEBUG - ✅ [ID: 8519] رکورد قیمت جدید NCC به TND ایجاد شد
2025-08-08 05:55:41 - NCCPRICE - DEBUG - ✅ [ID: 8519] رکورد قیمت جدید NCC به BHD ایجاد شد
2025-08-08 05:55:41 - NCCPRICE - INFO - ✅ الگوریتم کانال صعودی ریست شد - شروع: $0.22 → هدف: $0.80 (9 ماه)
2025-08-08 06:35:46 - NCCPRICE - DEBUG - Logger initialized for NCCPRICE at level DEBUG
2025-08-08 06:35:46 - NCCPRICE - INFO - 📊 راه‌اندازی ماژول شبیه‌ساز قیمت NCC
2025-08-08 06:35:46 - NCCPRICE - INFO - 🔍 جستجوی توکن‌های NCC در دیتابیس...
2025-08-08 06:35:46 - NCCPRICE - INFO - ✅ توکن NCC با آیدی 8517 یافت شد - شناسه ارز: 8517
2025-08-08 06:35:46 - NCCPRICE - INFO - ✅ توکن NCC با آیدی 8519 یافت شد - شناسه ارز: 8519
2025-08-08 06:35:46 - NCCPRICE - INFO - ✅ تعداد 2 توکن NCC یافت شد: [8517, 8519]
2025-08-08 06:35:46 - NCCPRICE - INFO - 🔄 ریست کردن شبیه‌ساز قیمت NCC به حالت اولیه...
2025-08-08 06:35:46 - NCCPRICE - INFO - 🗑️ 16 رکورد قیمت قبلی برای NCC با شناسه 8517 حذف شد
2025-08-08 06:35:46 - NCCPRICE - INFO - 🗑️ 16 رکورد قیمت قبلی برای NCC با شناسه 8519 حذف شد
2025-08-08 06:35:46 - NCCPRICE - INFO - NCC_CURRENCY_IDS at start: [8517, 8519]
2025-08-08 06:35:46 - NCCPRICE - INFO - Trying to update price for currency_id: 8517
2025-08-08 06:35:46 - NCCPRICE - DEBUG - ✅ [ID: 8517] رکورد قیمت جدید NCC به USD ایجاد شد
2025-08-08 06:35:46 - NCCPRICE - DEBUG - ✅ [ID: 8517] رکورد قیمت جدید NCC به CAD ایجاد شد
2025-08-08 06:35:46 - NCCPRICE - DEBUG - ✅ [ID: 8517] رکورد قیمت جدید NCC به AUD ایجاد شد
2025-08-08 06:35:46 - NCCPRICE - DEBUG - ✅ [ID: 8517] رکورد قیمت جدید NCC به GBP ایجاد شد
2025-08-08 06:35:46 - NCCPRICE - DEBUG - ✅ [ID: 8517] رکورد قیمت جدید NCC به EUR ایجاد شد
2025-08-08 06:35:46 - NCCPRICE - DEBUG - ✅ [ID: 8517] رکورد قیمت جدید NCC به KWD ایجاد شد
2025-08-08 06:35:46 - NCCPRICE - DEBUG - ✅ [ID: 8517] رکورد قیمت جدید NCC به TRY ایجاد شد
2025-08-08 06:35:46 - NCCPRICE - DEBUG - ✅ [ID: 8517] رکورد قیمت جدید NCC به SAR ایجاد شد
2025-08-08 06:35:46 - NCCPRICE - DEBUG - ✅ [ID: 8517] رکورد قیمت جدید NCC به CNY ایجاد شد
2025-08-08 06:35:46 - NCCPRICE - DEBUG - ✅ [ID: 8517] رکورد قیمت جدید NCC به KRW ایجاد شد
2025-08-08 06:35:46 - NCCPRICE - DEBUG - ✅ [ID: 8517] رکورد قیمت جدید NCC به JPY ایجاد شد
2025-08-08 06:35:46 - NCCPRICE - DEBUG - ✅ [ID: 8517] رکورد قیمت جدید NCC به INR ایجاد شد
2025-08-08 06:35:46 - NCCPRICE - DEBUG - ✅ [ID: 8517] رکورد قیمت جدید NCC به RUB ایجاد شد
2025-08-08 06:35:46 - NCCPRICE - DEBUG - ✅ [ID: 8517] رکورد قیمت جدید NCC به IQD ایجاد شد
2025-08-08 06:35:46 - NCCPRICE - DEBUG - ✅ [ID: 8517] رکورد قیمت جدید NCC به TND ایجاد شد
2025-08-08 06:35:46 - NCCPRICE - DEBUG - ✅ [ID: 8517] رکورد قیمت جدید NCC به BHD ایجاد شد
2025-08-08 06:35:46 - NCCPRICE - INFO - Trying to update price for currency_id: 8519
2025-08-08 06:35:46 - NCCPRICE - DEBUG - ✅ [ID: 8519] رکورد قیمت جدید NCC به USD ایجاد شد
2025-08-08 06:35:46 - NCCPRICE - DEBUG - ✅ [ID: 8519] رکورد قیمت جدید NCC به CAD ایجاد شد
2025-08-08 06:35:46 - NCCPRICE - DEBUG - ✅ [ID: 8519] رکورد قیمت جدید NCC به AUD ایجاد شد
2025-08-08 06:35:46 - NCCPRICE - DEBUG - ✅ [ID: 8519] رکورد قیمت جدید NCC به GBP ایجاد شد
2025-08-08 06:35:46 - NCCPRICE - DEBUG - ✅ [ID: 8519] رکورد قیمت جدید NCC به EUR ایجاد شد
2025-08-08 06:35:46 - NCCPRICE - DEBUG - ✅ [ID: 8519] رکورد قیمت جدید NCC به KWD ایجاد شد
2025-08-08 06:35:46 - NCCPRICE - DEBUG - ✅ [ID: 8519] رکورد قیمت جدید NCC به TRY ایجاد شد
2025-08-08 06:35:46 - NCCPRICE - DEBUG - ✅ [ID: 8519] رکورد قیمت جدید NCC به SAR ایجاد شد
2025-08-08 06:35:46 - NCCPRICE - DEBUG - ✅ [ID: 8519] رکورد قیمت جدید NCC به CNY ایجاد شد
2025-08-08 06:35:46 - NCCPRICE - DEBUG - ✅ [ID: 8519] رکورد قیمت جدید NCC به KRW ایجاد شد
2025-08-08 06:35:46 - NCCPRICE - DEBUG - ✅ [ID: 8519] رکورد قیمت جدید NCC به JPY ایجاد شد
2025-08-08 06:35:46 - NCCPRICE - DEBUG - ✅ [ID: 8519] رکورد قیمت جدید NCC به INR ایجاد شد
2025-08-08 06:35:46 - NCCPRICE - DEBUG - ✅ [ID: 8519] رکورد قیمت جدید NCC به RUB ایجاد شد
2025-08-08 06:35:46 - NCCPRICE - DEBUG - ✅ [ID: 8519] رکورد قیمت جدید NCC به IQD ایجاد شد
2025-08-08 06:35:46 - NCCPRICE - DEBUG - ✅ [ID: 8519] رکورد قیمت جدید NCC به TND ایجاد شد
2025-08-08 06:35:46 - NCCPRICE - DEBUG - ✅ [ID: 8519] رکورد قیمت جدید NCC به BHD ایجاد شد
2025-08-08 06:35:46 - NCCPRICE - INFO - ✅ الگوریتم کانال صعودی ریست شد - شروع: $0.22 → هدف: $0.80 (9 ماه)
