2025-08-08 05:22:04 - reset_ncc_simulator - DEBUG - Logger initialized for reset_ncc_simulator at level DEBUG
2025-08-08 05:22:04 - reset_ncc_simulator - INFO - ==================== شروع ریست شبیه‌ساز قیمت NCC ====================
2025-08-08 05:22:04 - reset_ncc_simulator - INFO - ✅ شبیه‌ساز قیمت NCC با موفقیت ریست شد
2025-08-08 05:22:04 - reset_ncc_simulator - INFO - 🎯 هر دو توکن NCC (8517 و 8519) حالا قیمت 5 سنت ($0.05) دارند
2025-08-08 05:22:04 - reset_ncc_simulator - INFO - ==================== پایان ریست شبیه‌ساز قیمت NCC ====================
2025-08-08 05:27:37 - reset_ncc_simulator - DEBUG - Logger initialized for reset_ncc_simulator at level DEBUG
2025-08-08 05:27:37 - reset_ncc_simulator - INFO - ==================== شروع ریست شبیه‌ساز قیمت NCC ====================
2025-08-08 05:27:37 - reset_ncc_simulator - INFO - ✅ شبیه‌ساز قیمت NCC با موفقیت ریست شد
2025-08-08 05:27:37 - reset_ncc_simulator - INFO - 🎯 هر دو توکن NCC (8517 و 8519) حالا قیمت 22 سنت ($0.22) دارند
2025-08-08 05:27:37 - reset_ncc_simulator - INFO - 🚀 الگوریتم طبیعی با نوسانات شروع شد - هدف 80 سنت در 9 ماه
2025-08-08 05:27:37 - reset_ncc_simulator - INFO - ==================== پایان ریست شبیه‌ساز قیمت NCC ====================
2025-08-08 05:32:18 - reset_ncc_simulator - DEBUG - Logger initialized for reset_ncc_simulator at level DEBUG
2025-08-08 05:32:18 - reset_ncc_simulator - INFO - ==================== شروع ریست شبیه‌ساز قیمت NCC ====================
2025-08-08 05:32:18 - reset_ncc_simulator - INFO - ✅ شبیه‌ساز قیمت NCC با موفقیت ریست شد
2025-08-08 05:32:18 - reset_ncc_simulator - INFO - 🎯 هر دو توکن NCC (8517 و 8519) حالا قیمت 22 سنت ($0.22) دارند
2025-08-08 05:32:18 - reset_ncc_simulator - INFO - 🚀 الگوریتم طبیعی با نوسانات شروع شد - هدف 80 سنت در 9 ماه
2025-08-08 05:32:18 - reset_ncc_simulator - INFO - ==================== پایان ریست شبیه‌ساز قیمت NCC ====================
2025-08-08 05:46:49 - reset_ncc_simulator - DEBUG - Logger initialized for reset_ncc_simulator at level DEBUG
2025-08-08 05:46:49 - reset_ncc_simulator - INFO - ==================== شروع ریست شبیه‌ساز قیمت NCC ====================
2025-08-08 05:46:50 - reset_ncc_simulator - INFO - ✅ شبیه‌ساز قیمت NCC با موفقیت ریست شد
2025-08-08 05:46:50 - reset_ncc_simulator - INFO - 🎯 هر دو توکن NCC (8517 و 8519) حالا قیمت 22 سنت ($0.22) دارند
2025-08-08 05:46:50 - reset_ncc_simulator - INFO - 🚀 الگوریتم طبیعی با نوسانات شروع شد - هدف 80 سنت در 9 ماه
2025-08-08 05:46:50 - reset_ncc_simulator - INFO - ==================== پایان ریست شبیه‌ساز قیمت NCC ====================
2025-08-08 05:55:41 - reset_ncc_simulator - DEBUG - Logger initialized for reset_ncc_simulator at level DEBUG
2025-08-08 05:55:41 - reset_ncc_simulator - INFO - ==================== شروع ریست شبیه‌ساز قیمت NCC ====================
2025-08-08 05:55:41 - reset_ncc_simulator - INFO - ✅ شبیه‌ساز قیمت NCC با موفقیت ریست شد
2025-08-08 05:55:41 - reset_ncc_simulator - INFO - 🎯 هر دو توکن NCC (8517 و 8519) حالا قیمت 22 سنت ($0.22) دارند
2025-08-08 05:55:41 - reset_ncc_simulator - INFO - 🚀 الگوریتم طبیعی با نوسانات شروع شد - هدف 80 سنت در 9 ماه
2025-08-08 05:55:41 - reset_ncc_simulator - INFO - ==================== پایان ریست شبیه‌ساز قیمت NCC ====================
2025-08-08 06:35:46 - reset_ncc_simulator - DEBUG - Logger initialized for reset_ncc_simulator at level DEBUG
2025-08-08 06:35:46 - reset_ncc_simulator - INFO - ==================== شروع ریست شبیه‌ساز قیمت NCC ====================
2025-08-08 06:35:46 - reset_ncc_simulator - INFO - ✅ شبیه‌ساز قیمت NCC با موفقیت ریست شد
2025-08-08 06:35:46 - reset_ncc_simulator - INFO - 🎯 هر دو توکن NCC (8517 و 8519) حالا قیمت 22 سنت ($0.22) دارند
2025-08-08 06:35:46 - reset_ncc_simulator - INFO - 🚀 الگوریتم طبیعی با نوسانات شروع شد - هدف 80 سنت در 9 ماه
2025-08-08 06:35:46 - reset_ncc_simulator - INFO - ==================== پایان ریست شبیه‌ساز قیمت NCC ====================
