2025-08-15 00:00:36 - import_wallet - DEBUG - Logger initialized for import_wallet at level DEBUG
2025-08-15 00:00:36 - import_wallet - INFO - Initializing wallet import module
2025-08-15 00:00:36 - import_wallet - DEBUG - Logger initialized for import_wallet at level DEBUG
2025-08-15 00:00:36 - import_wallet - INFO - Initializing wallet import module
2025-08-15 12:48:01 - import_wallet - WARNING - Validation error in import_wallet: Mnemonic must contain 12, 18, or 24 words
2025-08-15 12:58:35 - import_wallet - WARNING - Validation error in import_wallet: Mnemonic must contain 12, 18, or 24 words
2025-08-15 13:58:46 - import_wallet - DEBUG - Logger initialized for import_wallet at level DEBUG
2025-08-15 13:58:46 - import_wallet - INFO - Initializing wallet import module
2025-08-15 14:02:53 - import_wallet - DEBUG - Logger initialized for import_wallet at level DEBUG
2025-08-15 14:02:53 - import_wallet - INFO - Initializing wallet import module
2025-08-15 14:03:04 - import_wallet - DEBUG - Logger initialized for import_wallet at level DEBUG
2025-08-15 14:03:04 - import_wallet - INFO - Initializing wallet import module
2025-08-15 14:03:30 - import_wallet - DEBUG - Logger initialized for import_wallet at level DEBUG
2025-08-15 14:03:30 - import_wallet - INFO - Initializing wallet import module
2025-08-15 14:03:58 - import_wallet - DEBUG - Logger initialized for import_wallet at level DEBUG
2025-08-15 14:03:58 - import_wallet - INFO - Initializing wallet import module
2025-08-15 14:04:40 - import_wallet - DEBUG - Logger initialized for import_wallet at level DEBUG
2025-08-15 14:04:40 - import_wallet - INFO - Initializing wallet import module
2025-08-15 14:05:08 - import_wallet - DEBUG - Logger initialized for import_wallet at level DEBUG
2025-08-15 14:05:08 - import_wallet - INFO - Initializing wallet import module
2025-08-15 14:05:29 - import_wallet - DEBUG - Logger initialized for import_wallet at level DEBUG
2025-08-15 14:05:29 - import_wallet - INFO - Initializing wallet import module
2025-08-15 14:05:51 - import_wallet - DEBUG - Logger initialized for import_wallet at level DEBUG
2025-08-15 14:05:51 - import_wallet - INFO - Initializing wallet import module
2025-08-15 19:32:10 - import_wallet - DEBUG - Logger initialized for import_wallet at level DEBUG
2025-08-15 19:32:10 - import_wallet - INFO - Initializing wallet import module
2025-08-15 19:53:05 - import_wallet - DEBUG - Logger initialized for import_wallet at level DEBUG
2025-08-15 19:53:05 - import_wallet - INFO - Initializing wallet import module
2025-08-15 19:53:19 - import_wallet - DEBUG - Logger initialized for import_wallet at level DEBUG
2025-08-15 19:53:19 - import_wallet - INFO - Initializing wallet import module
2025-08-15 19:54:23 - import_wallet - DEBUG - Logger initialized for import_wallet at level DEBUG
2025-08-15 19:54:23 - import_wallet - INFO - Initializing wallet import module
2025-08-16 20:04:59 - import_wallet - WARNING - Invalid mnemonic phrase provided
2025-08-16 20:05:11 - import_wallet - WARNING - Invalid mnemonic phrase provided
2025-08-16 20:05:20 - import_wallet - WARNING - Invalid mnemonic phrase provided
2025-08-18 19:44:26 - import_wallet - WARNING - Validation error in import_wallet: Mnemonic must contain 12, 18, or 24 words
2025-08-18 20:03:50 - import_wallet - WARNING - Invalid mnemonic phrase provided
2025-08-18 20:16:13 - import_wallet - WARNING - Invalid mnemonic phrase provided
2025-08-18 20:28:18 - import_wallet - WARNING - Invalid mnemonic phrase provided
2025-08-19 07:42:47 - import_wallet - WARNING - Invalid mnemonic phrase provided
2025-08-19 07:42:55 - import_wallet - WARNING - Invalid mnemonic phrase provided
2025-08-19 10:20:11 - import_wallet - WARNING - Validation error in import_wallet: Mnemonic must be at least 12 characters
2025-08-19 12:56:44 - import_wallet - WARNING - Validation error in import_wallet: Mnemonic must be at least 12 characters
2025-08-22 07:34:24 - import_wallet - WARNING - Invalid mnemonic phrase provided
