2025-08-15 00:00:36 - transaction_storage - DEBUG - Logger initialized for transaction_storage at level DEBUG
2025-08-15 00:00:36 - transaction_storage - INFO - Attempting Redis connection - URL: redis://localhost:6379, Host: localhost, Port: 6379, DB: 0
2025-08-15 00:00:36 - transaction_storage - INFO - Trying Redis connection method: No Auth
2025-08-15 00:00:36 - transaction_storage - DEBUG - Logger initialized for transaction_storage at level DEBUG
2025-08-15 00:00:36 - transaction_storage - INFO - Attempting Redis connection - URL: redis://localhost:6379, Host: localhost, Port: 6379, DB: 0
2025-08-15 00:00:36 - transaction_storage - INFO - Trying Redis connection method: No Auth
2025-08-15 00:00:36 - transaction_storage - INFO - Redis connection successful using No Auth: True
2025-08-15 00:00:36 - transaction_storage - INFO - Redis connection successful using No Auth: True
2025-08-15 00:00:36 - transaction_storage - INFO - Using Redis storage for transactions
2025-08-15 00:00:36 - transaction_storage - INFO - Using Redis storage for transactions
2025-08-15 13:58:46 - transaction_storage - DEBUG - Logger initialized for transaction_storage at level DEBUG
2025-08-15 13:58:46 - transaction_storage - INFO - Attempting Redis connection - URL: redis://localhost:6379, Host: localhost, Port: 6379, DB: 0
2025-08-15 13:58:46 - transaction_storage - INFO - Trying Redis connection method: No Auth
2025-08-15 13:58:46 - transaction_storage - INFO - Redis connection successful using No Auth: True
2025-08-15 13:58:46 - transaction_storage - INFO - Using Redis storage for transactions
2025-08-15 14:02:54 - transaction_storage - DEBUG - Logger initialized for transaction_storage at level DEBUG
2025-08-15 14:02:54 - transaction_storage - INFO - Attempting Redis connection - URL: redis://localhost:6379, Host: localhost, Port: 6379, DB: 0
2025-08-15 14:02:54 - transaction_storage - INFO - Trying Redis connection method: No Auth
2025-08-15 14:02:54 - transaction_storage - INFO - Redis connection successful using No Auth: True
2025-08-15 14:02:54 - transaction_storage - INFO - Using Redis storage for transactions
2025-08-15 14:03:04 - transaction_storage - DEBUG - Logger initialized for transaction_storage at level DEBUG
2025-08-15 14:03:04 - transaction_storage - INFO - Attempting Redis connection - URL: redis://localhost:6379, Host: localhost, Port: 6379, DB: 0
2025-08-15 14:03:04 - transaction_storage - INFO - Trying Redis connection method: No Auth
2025-08-15 14:03:04 - transaction_storage - INFO - Redis connection successful using No Auth: True
2025-08-15 14:03:04 - transaction_storage - INFO - Using Redis storage for transactions
2025-08-15 14:03:30 - transaction_storage - DEBUG - Logger initialized for transaction_storage at level DEBUG
2025-08-15 14:03:30 - transaction_storage - INFO - Attempting Redis connection - URL: redis://localhost:6379, Host: localhost, Port: 6379, DB: 0
2025-08-15 14:03:30 - transaction_storage - INFO - Trying Redis connection method: No Auth
2025-08-15 14:03:30 - transaction_storage - INFO - Redis connection successful using No Auth: True
2025-08-15 14:03:30 - transaction_storage - INFO - Using Redis storage for transactions
2025-08-15 14:03:58 - transaction_storage - DEBUG - Logger initialized for transaction_storage at level DEBUG
2025-08-15 14:03:58 - transaction_storage - INFO - Attempting Redis connection - URL: redis://localhost:6379, Host: localhost, Port: 6379, DB: 0
2025-08-15 14:03:58 - transaction_storage - INFO - Trying Redis connection method: No Auth
2025-08-15 14:03:58 - transaction_storage - INFO - Redis connection successful using No Auth: True
2025-08-15 14:03:58 - transaction_storage - INFO - Using Redis storage for transactions
2025-08-15 14:04:40 - transaction_storage - DEBUG - Logger initialized for transaction_storage at level DEBUG
2025-08-15 14:04:40 - transaction_storage - INFO - Attempting Redis connection - URL: redis://localhost:6379, Host: localhost, Port: 6379, DB: 0
2025-08-15 14:04:40 - transaction_storage - INFO - Trying Redis connection method: No Auth
2025-08-15 14:04:40 - transaction_storage - INFO - Redis connection successful using No Auth: True
2025-08-15 14:04:40 - transaction_storage - INFO - Using Redis storage for transactions
2025-08-15 14:05:08 - transaction_storage - DEBUG - Logger initialized for transaction_storage at level DEBUG
2025-08-15 14:05:08 - transaction_storage - INFO - Attempting Redis connection - URL: redis://localhost:6379, Host: localhost, Port: 6379, DB: 0
2025-08-15 14:05:08 - transaction_storage - INFO - Trying Redis connection method: No Auth
2025-08-15 14:05:08 - transaction_storage - INFO - Redis connection successful using No Auth: True
2025-08-15 14:05:08 - transaction_storage - INFO - Using Redis storage for transactions
2025-08-15 14:05:29 - transaction_storage - DEBUG - Logger initialized for transaction_storage at level DEBUG
2025-08-15 14:05:29 - transaction_storage - INFO - Attempting Redis connection - URL: redis://localhost:6379, Host: localhost, Port: 6379, DB: 0
2025-08-15 14:05:29 - transaction_storage - INFO - Trying Redis connection method: No Auth
2025-08-15 14:05:29 - transaction_storage - INFO - Redis connection successful using No Auth: True
2025-08-15 14:05:29 - transaction_storage - INFO - Using Redis storage for transactions
2025-08-15 14:05:51 - transaction_storage - DEBUG - Logger initialized for transaction_storage at level DEBUG
2025-08-15 14:05:51 - transaction_storage - INFO - Attempting Redis connection - URL: redis://localhost:6379, Host: localhost, Port: 6379, DB: 0
2025-08-15 14:05:51 - transaction_storage - INFO - Trying Redis connection method: No Auth
2025-08-15 14:05:51 - transaction_storage - INFO - Redis connection successful using No Auth: True
2025-08-15 14:05:51 - transaction_storage - INFO - Using Redis storage for transactions
2025-08-15 19:32:10 - transaction_storage - DEBUG - Logger initialized for transaction_storage at level DEBUG
2025-08-15 19:32:10 - transaction_storage - INFO - Attempting Redis connection - URL: redis://localhost:6379, Host: localhost, Port: 6379, DB: 0
2025-08-15 19:32:10 - transaction_storage - INFO - Trying Redis connection method: No Auth
2025-08-15 19:32:10 - transaction_storage - INFO - Redis connection successful using No Auth: True
2025-08-15 19:32:10 - transaction_storage - INFO - Using Redis storage for transactions
2025-08-15 19:53:05 - transaction_storage - DEBUG - Logger initialized for transaction_storage at level DEBUG
2025-08-15 19:53:05 - transaction_storage - INFO - Attempting Redis connection - URL: redis://localhost:6379, Host: localhost, Port: 6379, DB: 0
2025-08-15 19:53:05 - transaction_storage - INFO - Trying Redis connection method: No Auth
2025-08-15 19:53:05 - transaction_storage - INFO - Redis connection successful using No Auth: True
2025-08-15 19:53:05 - transaction_storage - INFO - Using Redis storage for transactions
2025-08-15 19:53:19 - transaction_storage - DEBUG - Logger initialized for transaction_storage at level DEBUG
2025-08-15 19:53:19 - transaction_storage - INFO - Attempting Redis connection - URL: redis://localhost:6379, Host: localhost, Port: 6379, DB: 0
2025-08-15 19:53:19 - transaction_storage - INFO - Trying Redis connection method: No Auth
2025-08-15 19:53:19 - transaction_storage - INFO - Redis connection successful using No Auth: True
2025-08-15 19:53:19 - transaction_storage - INFO - Using Redis storage for transactions
2025-08-15 19:54:23 - transaction_storage - DEBUG - Logger initialized for transaction_storage at level DEBUG
2025-08-15 19:54:23 - transaction_storage - INFO - Attempting Redis connection - URL: redis://localhost:6379, Host: localhost, Port: 6379, DB: 0
2025-08-15 19:54:23 - transaction_storage - INFO - Trying Redis connection method: No Auth
2025-08-15 19:54:23 - transaction_storage - INFO - Redis connection successful using No Auth: True
2025-08-15 19:54:23 - transaction_storage - INFO - Using Redis storage for transactions
